05-01 18:53:12.191 17695 17818 I HWUI    : Davey! duration=854ms; Flags=0, FrameTimelineVsyncId=241619, IntendedVsync=8373771427905, Vsync=8373871427895, InputEventId=-162192125, HandleInputStart=8373883479866, AnimationStart=8373883499783, PerformTraversalsStart=8373947665408, DrawStart=8373968786616, FrameDeadline=8373788094571, FrameStartTime=8373878388783, FrameInterval=16666665, WorkloadTarget=16666666, SyncQueued=8374058490700, SyncStart=8374058939616, IssueDrawCommandsStart=8374063873283, SwapBuffers=8374573810867, FrameCompleted=8374626092700, DequeueBufferDuration=6625, QueueBufferDuration=14887208, GpuCompleted=8374626009117, SwapBuffersCompleted=8374626092700, DisplayPresentTime=0, CommandSubmissionCompleted=8374573810867, 
05-01 18:53:12.203   521 17806 E EmulatedRequestProcessor: ApplyOverrideZoom: awbRegions needs to be specified for overriding zoom
05-01 18:53:12.229   521 17806 E EmulatedRequestProcessor: ApplyOverrideZoom: awbRegions needs to be specified for overriding zoom
05-01 18:53:12.279   521 17806 E EmulatedRequestProcessor: ApplyOverrideZoom: awbRegions needs to be specified for overriding zoom
05-01 18:53:12.481   521 17806 E EmulatedRequestProcessor: ApplyOverrideZoom: awbRegions needs to be specified for overriding zoom
05-01 18:53:12.514   521 17806 E EmulatedRequestProcessor: ApplyOverrideZoom: awbRegions needs to be specified for overriding zoom
05-01 18:53:12.570   521 17806 E EmulatedRequestProcessor: ApplyOverrideZoom: awbRegions needs to be specified for overriding zoom
05-01 18:53:12.615   521 17806 E EmulatedRequestProcessor: ApplyOverrideZoom: awbRegions needs to be specified for overriding zoom
05-01 18:53:12.739   521 17806 E EmulatedRequestProcessor: ApplyOverrideZoom: awbRegions needs to be specified for overriding zoom
05-01 18:53:12.812   521 17806 E EmulatedRequestProcessor: ApplyOverrideZoom: awbRegions needs to be specified for overriding zoom
05-01 18:53:12.860   521 17806 E EmulatedRequestProcessor: ApplyOverrideZoom: awbRegions needs to be specified for overriding zoom
05-01 18:53:12.894   521 17814 W GCH_PendingRequestsTracker: WaitAndTrackAcquiredBuffers: Waiting to acquire buffer timed out.
05-01 18:53:12.894   521 17814 W GCH_CameraDeviceSession: RequestStreamBuffers: Waiting until available buffer failed: Connection timed out(-110)
05-01 18:53:12.894   521 17814 W StreamBufferCacheManager: Refill: Failed to acquire buffer for stream 1, error 1
05-01 18:53:12.894   521 17814 I StreamBufferCacheManager: Refill: No buffer available or max buffer exceeded for stream 1. Will retry for next request or when refilling other streams.
05-01 18:53:12.896   521 17806 E EmulatedRequestProcessor: ApplyOverrideZoom: awbRegions needs to be specified for overriding zoom
05-01 18:53:12.959   521 17806 E EmulatedRequestProcessor: ApplyOverrideZoom: awbRegions needs to be specified for overriding zoom
05-01 18:53:13.049   521 17806 E EmulatedRequestProcessor: ApplyOverrideZoom: awbRegions needs to be specified for overriding zoom
05-01 18:53:13.082   521 17806 E EmulatedRequestProcessor: ApplyOverrideZoom: awbRegions needs to be specified for overriding zoom
05-01 18:53:13.115   521 17806 E EmulatedRequestProcessor: ApplyOverrideZoom: awbRegions needs to be specified for overriding zoom
05-01 18:53:13.225   521 17806 E EmulatedRequestProcessor: ApplyOverrideZoom: awbRegions needs to be specified for overriding zoom
05-01 18:53:13.248   521 17806 E EmulatedRequestProcessor: ApplyOverrideZoom: awbRegions needs to be specified for overriding zoom
05-01 18:53:13.291   521 17806 E EmulatedRequestProcessor: ApplyOverrideZoom: awbRegions needs to be specified for overriding zoom
05-01 18:53:13.408   521 17806 E EmulatedRequestProcessor: ApplyOverrideZoom: awbRegions needs to be specified for overriding zoom
05-01 18:53:13.425   521 17806 E EmulatedRequestProcessor: ApplyOverrideZoom: awbRegions needs to be specified for overriding zoom
05-01 18:53:13.520   521 17806 E EmulatedRequestProcessor: ApplyOverrideZoom: awbRegions needs to be specified for overriding zoom
05-01 18:53:13.537   521 17806 E EmulatedRequestProcessor: ApplyOverrideZoom: awbRegions needs to be specified for overriding zoom
05-01 18:53:13.634   521 17806 E EmulatedRequestProcessor: ApplyOverrideZoom: awbRegions needs to be specified for overriding zoom
05-01 18:53:13.718   521 17806 E EmulatedRequestProcessor: ApplyOverrideZoom: awbRegions needs to be specified for overriding zoom
05-01 18:53:13.773   521 17806 E EmulatedRequestProcessor: ApplyOverrideZoom: awbRegions needs to be specified for overriding zoom
05-01 18:53:13.798   521 17806 E EmulatedRequestProcessor: ApplyOverrideZoom: awbRegions needs to be specified for overriding zoom
05-01 18:53:13.833   521 17806 E EmulatedRequestProcessor: ApplyOverrideZoom: awbRegions needs to be specified for overriding zoom
05-01 18:53:13.886   521 17806 E EmulatedRequestProcessor: ApplyOverrideZoom: awbRegions needs to be specified for overriding zoom
05-01 18:53:13.941   521 17806 E EmulatedRequestProcessor: ApplyOverrideZoom: awbRegions needs to be specified for overriding zoom
05-01 18:53:14.005   521 17806 E EmulatedRequestProcessor: ApplyOverrideZoom: awbRegions needs to be specified for overriding zoom
05-01 18:53:14.064   521 17806 E EmulatedRequestProcessor: ApplyOverrideZoom: awbRegions needs to be specified for overriding zoom
05-01 18:53:14.134   521 17806 E EmulatedRequestProcessor: ApplyOverrideZoom: awbRegions needs to be specified for overriding zoom
05-01 18:53:14.192   521 17806 E EmulatedRequestProcessor: ApplyOverrideZoom: awbRegions needs to be specified for overriding zoom
05-01 18:53:14.248   521 17806 E EmulatedRequestProcessor: ApplyOverrideZoom: awbRegions needs to be specified for overriding zoom
05-01 18:53:14.313   521 17806 E EmulatedRequestProcessor: ApplyOverrideZoom: awbRegions needs to be specified for overriding zoom
05-01 18:53:14.377   521 17806 E EmulatedRequestProcessor: ApplyOverrideZoom: awbRegions needs to be specified for overriding zoom
05-01 18:53:14.493   521 17806 E EmulatedRequestProcessor: ApplyOverrideZoom: awbRegions needs to be specified for overriding zoom
05-01 18:53:14.568  2599  2796 I HalDevMgr: bestIfaceCreationProposal is null, requestIface=STA, existingIface=[name=wlan0 type=STA]
05-01 18:53:14.628   521 17806 E EmulatedRequestProcessor: ApplyOverrideZoom: awbRegions needs to be specified for overriding zoom
05-01 18:53:14.689   521 17806 E EmulatedRequestProcessor: ApplyOverrideZoom: awbRegions needs to be specified for overriding zoom
05-01 18:53:14.890   521 17806 E EmulatedRequestProcessor: ApplyOverrideZoom: awbRegions needs to be specified for overriding zoom
05-01 18:53:14.950   521 17806 E EmulatedRequestProcessor: ApplyOverrideZoom: awbRegions needs to be specified for overriding zoom
05-01 18:53:14.972   521 17806 E EmulatedRequestProcessor: ApplyOverrideZoom: awbRegions needs to be specified for overriding zoom
05-01 18:53:15.032   521 17806 E EmulatedRequestProcessor: ApplyOverrideZoom: awbRegions needs to be specified for overriding zoom
05-01 18:53:15.061   521 17806 E EmulatedRequestProcessor: ApplyOverrideZoom: awbRegions needs to be specified for overriding zoom
05-01 18:53:15.093   521 17806 E EmulatedRequestProcessor: ApplyOverrideZoom: awbRegions needs to be specified for overriding zoom
05-01 18:53:15.146   521 17806 E EmulatedRequestProcessor: ApplyOverrideZoom: awbRegions needs to be specified for overriding zoom
05-01 18:53:15.188   521 17806 E EmulatedRequestProcessor: ApplyOverrideZoom: awbRegions needs to be specified for overriding zoom
05-01 18:53:15.282   521 17806 E EmulatedRequestProcessor: ApplyOverrideZoom: awbRegions needs to be specified for overriding zoom
05-01 18:53:15.370   521 17806 E EmulatedRequestProcessor: ApplyOverrideZoom: awbRegions needs to be specified for overriding zoom
05-01 18:53:15.456   521 17806 E EmulatedRequestProcessor: ApplyOverrideZoom: awbRegions needs to be specified for overriding zoom
05-01 18:53:15.573   521 17806 E EmulatedRequestProcessor: ApplyOverrideZoom: awbRegions needs to be specified for overriding zoom
05-01 18:53:15.640   521 17806 E EmulatedRequestProcessor: ApplyOverrideZoom: awbRegions needs to be specified for overriding zoom
05-01 18:53:15.701   521 17806 E EmulatedRequestProcessor: ApplyOverrideZoom: awbRegions needs to be specified for overriding zoom
05-01 18:53:15.774   521 17806 E EmulatedRequestProcessor: ApplyOverrideZoom: awbRegions needs to be specified for overriding zoom
05-01 18:53:15.815   521 17806 E EmulatedRequestProcessor: ApplyOverrideZoom: awbRegions needs to be specified for overriding zoom
05-01 18:53:15.928   521 17806 E EmulatedRequestProcessor: ApplyOverrideZoom: awbRegions needs to be specified for overriding zoom
05-01 18:53:15.969   521 17806 E EmulatedRequestProcessor: ApplyOverrideZoom: awbRegions needs to be specified for overriding zoom
05-01 18:53:16.005   521 17806 E EmulatedRequestProcessor: ApplyOverrideZoom: awbRegions needs to be specified for overriding zoom
05-01 18:53:16.052   521 17806 E EmulatedRequestProcessor: ApplyOverrideZoom: awbRegions needs to be specified for overriding zoom
05-01 18:53:16.105   521 17806 E EmulatedRequestProcessor: ApplyOverrideZoom: awbRegions needs to be specified for overriding zoom
05-01 18:53:16.175   521 17806 E EmulatedRequestProcessor: ApplyOverrideZoom: awbRegions needs to be specified for overriding zoom
05-01 18:53:16.255   521 17806 E EmulatedRequestProcessor: ApplyOverrideZoom: awbRegions needs to be specified for overriding zoom
05-01 18:53:16.294   521 17806 E EmulatedRequestProcessor: ApplyOverrideZoom: awbRegions needs to be specified for overriding zoom
05-01 18:53:16.332   521 17806 E EmulatedRequestProcessor: ApplyOverrideZoom: awbRegions needs to be specified for overriding zoom
05-01 18:53:16.375   521 17806 E EmulatedRequestProcessor: ApplyOverrideZoom: awbRegions needs to be specified for overriding zoom
05-01 18:53:16.473   521 17806 E EmulatedRequestProcessor: ApplyOverrideZoom: awbRegions needs to be specified for overriding zoom
05-01 18:53:16.602   521 17806 E EmulatedRequestProcessor: ApplyOverrideZoom: awbRegions needs to be specified for overriding zoom
05-01 18:53:16.653   521 17806 E EmulatedRequestProcessor: ApplyOverrideZoom: awbRegions needs to be specified for overriding zoom
05-01 18:53:16.700   521 17806 E EmulatedRequestProcessor: ApplyOverrideZoom: awbRegions needs to be specified for overriding zoom
05-01 18:53:16.789   521 17806 E EmulatedRequestProcessor: ApplyOverrideZoom: awbRegions needs to be specified for overriding zoom
05-01 18:53:16.827   521 17806 E EmulatedRequestProcessor: ApplyOverrideZoom: awbRegions needs to be specified for overriding zoom
05-01 18:53:16.862   521 17806 E EmulatedRequestProcessor: ApplyOverrideZoom: awbRegions needs to be specified for overriding zoom
05-01 18:53:17.004   521 17806 E EmulatedRequestProcessor: ApplyOverrideZoom: awbRegions needs to be specified for overriding zoom
05-01 18:53:17.073   521 17806 E EmulatedRequestProcessor: ApplyOverrideZoom: awbRegions needs to be specified for overriding zoom
05-01 18:53:17.103   521 17806 E EmulatedRequestProcessor: ApplyOverrideZoom: awbRegions needs to be specified for overriding zoom
05-01 18:53:17.165   521 17806 E EmulatedRequestProcessor: ApplyOverrideZoom: awbRegions needs to be specified for overriding zoom
05-01 18:53:17.205   521 17806 E EmulatedRequestProcessor: ApplyOverrideZoom: awbRegions needs to be specified for overriding zoom
05-01 18:53:17.273   521 17814 W GCH_PendingRequestsTracker: WaitAndTrackAcquiredBuffers: Waiting to acquire buffer timed out.
05-01 18:53:17.273   521 17814 W GCH_CameraDeviceSession: RequestStreamBuffers: Waiting until available buffer failed: Connection timed out(-110)
05-01 18:53:17.273   521 17814 W StreamBufferCacheManager: Refill: Failed to acquire buffer for stream 1, error 1
05-01 18:53:17.273   521 17814 I StreamBufferCacheManager: Refill: No buffer available or max buffer exceeded for stream 1. Will retry for next request or when refilling other streams.
05-01 18:53:17.318   521 17806 E EmulatedRequestProcessor: ApplyOverrideZoom: awbRegions needs to be specified for overriding zoom
05-01 18:53:17.368   521 17806 E EmulatedRequestProcessor: ApplyOverrideZoom: awbRegions needs to be specified for overriding zoom
05-01 18:53:17.474   521 17806 E EmulatedRequestProcessor: ApplyOverrideZoom: awbRegions needs to be specified for overriding zoom
05-01 18:53:17.496   521 17806 E EmulatedRequestProcessor: ApplyOverrideZoom: awbRegions needs to be specified for overriding zoom
05-01 18:53:17.561   521 17806 E EmulatedRequestProcessor: ApplyOverrideZoom: awbRegions needs to be specified for overriding zoom
05-01 18:53:17.608  2599  3706 W libbinder.IPCThreadState: Sending oneway calls to frozen process.
05-01 18:53:17.648  3054  3142 D SatelliteController: iisInCarrierRoamingNbIotNtn: satellite is disabled
05-01 18:53:17.719   521 17806 E EmulatedRequestProcessor: ApplyOverrideZoom: awbRegions needs to be specified for overriding zoom
05-01 18:53:17.791  2599  2796 I HalDevMgr: bestIfaceCreationProposal is null, requestIface=STA, existingIface=[name=wlan0 type=STA]
05-01 18:53:17.801  3054  3142 D SatelliteController: getCarrierRoamingNtnConnectType: Falling back to global carrier config connect type: 0
05-01 18:53:17.809   527   547 E libbinder.IPCThreadState: binder thread pool (1 threads) starved for 124 ms
05-01 18:53:17.937   521 17806 E EmulatedRequestProcessor: ApplyOverrideZoom: awbRegions needs to be specified for overriding zoom
05-01 18:53:17.971   521 17806 E EmulatedRequestProcessor: ApplyOverrideZoom: awbRegions needs to be specified for overriding zoom
05-01 18:53:18.060   521 17806 E EmulatedRequestProcessor: ApplyOverrideZoom: awbRegions needs to be specified for overriding zoom
05-01 18:53:18.099 17855 17855 W libbinder.BackendUnifiedServiceManager: Thread Pool max thread count is 0. Cannot cache binder as linkToDeath cannot be implemented. serviceName: package
05-01 18:53:18.276   521 17806 E EmulatedRequestProcessor: ApplyOverrideZoom: awbRegions needs to be specified for overriding zoom
05-01 18:53:18.372   521 17806 E EmulatedRequestProcessor: ApplyOverrideZoom: awbRegions needs to be specified for overriding zoom
05-01 18:53:18.449   521 17806 E EmulatedRequestProcessor: ApplyOverrideZoom: awbRegions needs to be specified for overriding zoom
05-01 18:53:18.698   521 17806 E EmulatedRequestProcessor: ApplyOverrideZoom: awbRegions needs to be specified for overriding zoom
05-01 18:53:18.787   521 17806 E EmulatedRequestProcessor: ApplyOverrideZoom: awbRegions needs to be specified for overriding zoom
05-01 18:53:18.837   521 17806 E EmulatedRequestProcessor: ApplyOverrideZoom: awbRegions needs to be specified for overriding zoom
05-01 18:53:18.870   521 17814 W GCH_PendingRequestsTracker: WaitAndTrackAcquiredBuffers: Waiting to acquire buffer timed out.
05-01 18:53:18.870   521 17814 W GCH_CameraDeviceSession: RequestStreamBuffers: Waiting until available buffer failed: Connection timed out(-110)
05-01 18:53:18.870   521 17814 W StreamBufferCacheManager: Refill: Failed to acquire buffer for stream 1, error 1
05-01 18:53:18.870   521 17814 I StreamBufferCacheManager: Refill: No buffer available or max buffer exceeded for stream 1. Will retry for next request or when refilling other streams.
05-01 18:53:18.915   521 17806 E EmulatedRequestProcessor: ApplyOverrideZoom: awbRegions needs to be specified for overriding zoom
05-01 18:53:18.968   521 17806 E EmulatedRequestProcessor: ApplyOverrideZoom: awbRegions needs to be specified for overriding zoom
05-01 18:53:19.066  3046  7501 I artd    : GetBestInfo: odex next to the dex file (/data/app/~~9zdI27-KZDEvVC_7GO9BLQ==/com.google.android.gms-zDijJikcKxb1i4ibdVh7KA==/oat/arm64/base.odex) is kOatUpToDate with filter 'speed-profile' executable 'false'
05-01 18:53:19.077   521 17806 E EmulatedRequestProcessor: ApplyOverrideZoom: awbRegions needs to be specified for overriding zoom
05-01 18:53:19.140   521 17806 E EmulatedRequestProcessor: ApplyOverrideZoom: awbRegions needs to be specified for overriding zoom
05-01 18:53:19.193   521 17806 E EmulatedRequestProcessor: ApplyOverrideZoom: awbRegions needs to be specified for overriding zoom
05-01 18:53:19.201  3046  7501 I artd    : GetBestInfo: odex next to the dex file (/data/app/~~9zdI27-KZDEvVC_7GO9BLQ==/com.google.android.gms-zDijJikcKxb1i4ibdVh7KA==/oat/arm64/split_AdsDynamite_installtime.odex) is kOatUpToDate with filter 'speed' executable 'false'
05-01 18:53:19.247  3046  7501 I artd    : GetBestInfo: odex next to the dex file (/data/app/~~9zdI27-KZDEvVC_7GO9BLQ==/com.google.android.gms-zDijJikcKxb1i4ibdVh7KA==/oat/arm64/split_CronetDynamite_installtime.odex) is kOatUpToDate with filter 'speed' executable 'false'
05-01 18:53:19.262   521 17806 E EmulatedRequestProcessor: ApplyOverrideZoom: awbRegions needs to be specified for overriding zoom
05-01 18:53:19.294  3046  7501 I artd    : GetBestInfo: odex next to the dex file (/data/app/~~9zdI27-KZDEvVC_7GO9BLQ==/com.google.android.gms-zDijJikcKxb1i4ibdVh7KA==/oat/arm64/split_DynamiteLoader_installtime.odex) is kOatUpToDate with filter 'speed' executable 'false'
05-01 18:53:19.315  3046  7501 I artd    : GetBestInfo: odex next to the dex file (/data/app/~~9zdI27-KZDEvVC_7GO9BLQ==/com.google.android.gms-zDijJikcKxb1i4ibdVh7KA==/oat/arm64/split_DynamiteModulesA_installtime.odex) is kOatUpToDate with filter 'speed' executable 'false'
05-01 18:53:19.340  3046  7501 I artd    : GetBestInfo: odex next to the dex file (/data/app/~~9zdI27-KZDEvVC_7GO9BLQ==/com.google.android.gms-zDijJikcKxb1i4ibdVh7KA==/oat/arm64/split_DynamiteModulesC_installtime.odex) is kOatUpToDate with filter 'speed' executable 'false'
05-01 18:53:19.405   521 17806 E EmulatedRequestProcessor: ApplyOverrideZoom: awbRegions needs to be specified for overriding zoom
05-01 18:53:19.407  3046  7501 I artd    : GetBestInfo: odex next to the dex file (/data/app/~~9zdI27-KZDEvVC_7GO9BLQ==/com.google.android.gms-zDijJikcKxb1i4ibdVh7KA==/oat/arm64/split_GoogleCertificates_installtime.odex) is kOatUpToDate with filter 'speed' executable 'false'
05-01 18:53:19.429   521 17806 E EmulatedRequestProcessor: ApplyOverrideZoom: awbRegions needs to be specified for overriding zoom
05-01 18:53:19.449  3046  3046 I artd    : GetBestInfo: odex next to the dex file (/data/app/~~9zdI27-KZDEvVC_7GO9BLQ==/com.google.android.gms-zDijJikcKxb1i4ibdVh7KA==/oat/arm64/split_MapsDynamite_installtime.odex) is kOatUpToDate with filter 'speed' executable 'false'
05-01 18:53:19.471   521 17806 E EmulatedRequestProcessor: ApplyOverrideZoom: awbRegions needs to be specified for overriding zoom
05-01 18:53:19.472  3046  3046 I artd    : GetBestInfo: odex next to the dex file (/data/app/~~9zdI27-KZDEvVC_7GO9BLQ==/com.google.android.gms-zDijJikcKxb1i4ibdVh7KA==/oat/arm64/split_MeasurementDynamite_installtime.odex) is kOatUpToDate with filter 'speed' executable 'false'
05-01 18:53:19.476  3046  7501 I artd    : GetBestInfo: /data/user_de/0/com.google.android.gms/app_chimera/m/00000024/dl-MlkitOcrCommon.optional_261332100400.apk has no usable artifacts
05-01 18:53:19.477  3046  3046 I artd    : GetBestInfo: /data/user_de/0/com.google.android.gms/app_chimera/m/00000001/CronetDynamite.apk has no usable artifacts
05-01 18:53:19.477  3046  3046 I artd    : GetBestInfo: /data/user_de/0/com.google.android.gms/app_chimera/m/00000002/DynamiteLoader.apk has no usable artifacts
05-01 18:53:19.480  3046  3046 W artd    : Could not get dex checksums for location /data/app/~~3fBXho8HaymPEUVbuDbDyw==/com.google.android.gms-lP3FhbDqyEae3o3ITSwEOg==/base.apk, fd=-1
05-01 18:53:19.484  3046  7501 W artd    : Could not get dex checksums for location /data/app/~~3fBXho8HaymPEUVbuDbDyw==/com.google.android.gms-lP3FhbDqyEae3o3ITSwEOg==/base.apk, fd=-1
05-01 18:53:19.484  3046  7501 I artd    : GetBestInfo: /data/user_de/0/com.google.android.gms/app_chimera/m/00000005/GoogleCertificates.apk has no usable artifacts
05-01 18:53:19.485  3046  7501 W artd    : Could not get dex checksums for location /data/app/~~3fBXho8HaymPEUVbuDbDyw==/com.google.android.gms-lP3FhbDqyEae3o3ITSwEOg==/base.apk, fd=-1
05-01 18:53:19.512  3046  3046 I artd    : GetBestInfo: /data/user_de/0/com.google.android.gms/app_chimera/m/0000000c/dl-PlayCloudSearch.optional_253434100000.apk has no usable artifacts
05-01 18:53:19.513  3046  7501 W artd    : Could not get dex checksums for location /data/app/~~3fBXho8HaymPEUVbuDbDyw==/com.google.android.gms-lP3FhbDqyEae3o3ITSwEOg==/base.apk, fd=-1
05-01 18:53:19.515  3046  7501 W artd    : Could not get dex checksums for location /data/app/~~3fBXho8HaymPEUVbuDbDyw==/com.google.android.gms-lP3FhbDqyEae3o3ITSwEOg==/base.apk, fd=-1
05-01 18:53:19.516  3046  3046 W artd    : Could not get dex checksums for location /data/app/~~3fBXho8HaymPEUVbuDbDyw==/com.google.android.gms-lP3FhbDqyEae3o3ITSwEOg==/base.apk, fd=-1
05-01 18:53:19.519   521 17806 E EmulatedRequestProcessor: ApplyOverrideZoom: awbRegions needs to be specified for overriding zoom
05-01 18:53:19.526  3046  7501 I artd    : GetBestInfo: /data/user_de/0/com.google.android.gms/app_chimera/m/00000009/dl-Appsearch.optional_253434100400.apk has no usable artifacts
05-01 18:53:19.535  3046  7501 I artd    : GetBestInfo: /data/user_de/0/com.google.android.gms/app_chimera/m/0000001f/dl-MlkitBarcodeUi.optional_261332100400.apk has no usable artifacts
05-01 18:53:19.554  3046  3046 I artd    : GetBestInfo: vdex next to the dex file (/data/user/0/com.google.android.gms/app_dg_cache/C979021594972B0BA2D39F27BF33D93C4B1302BC/oat/arm64/the.vdex) is kOatUpToDate with filter 'verify' executable 'false'
05-01 18:53:19.554  3046  3046 W artd    : Could not get dex checksums for location /data/app/~~3fBXho8HaymPEUVbuDbDyw==/com.google.android.gms-lP3FhbDqyEae3o3ITSwEOg==/base.apk, fd=-1
05-01 18:53:19.555  3046  3046 W artd    : Could not get dex checksums for location /data/app/~~3fBXho8HaymPEUVbuDbDyw==/com.google.android.gms-lP3FhbDqyEae3o3ITSwEOg==/base.apk, fd=-1
05-01 18:53:19.555   521 17806 E EmulatedRequestProcessor: ApplyOverrideZoom: awbRegions needs to be specified for overriding zoom
05-01 18:53:19.567  3046  3046 I artd    : GetBestInfo: /data/user_de/0/com.google.android.gms/app_chimera/m/0000001e/dl-VisionOcr.optional_261332100000.apk has no usable artifacts
05-01 18:53:19.571  3046  3046 I artd    : GetBestInfo: /data/user_de/0/com.google.android.gms/app_chimera/m/00000020/dl-PlayCloudSearch.optional_261332100000.apk has no usable artifacts
05-01 18:53:19.577  3046  3046 I artd    : GetBestInfo: vdex next to the dex file (/data/user/0/com.google.android.gms/app_dg_cache/707FFD883BF2A7896692338F9625CA52336E933B/oat/arm64/the.vdex) is kOatUpToDate with filter 'verify' executable 'false'
05-01 18:53:19.586  3046  3046 I artd    : GetBestInfo: /data/user_de/0/com.google.android.gms/app_chimera/m/00000019/dl-TfliteDynamiteDynamite.integ_252130102100400.apk has no usable artifacts
05-01 18:53:19.587  3046  3046 W artd    : Could not get dex checksums for location /data/app/~~3fBXho8HaymPEUVbuDbDyw==/com.google.android.gms-lP3FhbDqyEae3o3ITSwEOg==/base.apk, fd=-1
05-01 18:53:19.593  3046  3046 W artd    : Could not get dex checksums for location /data/app/~~dKAWhbpuAhXMPrgX8_uNaA==/com.android.vending-VlQnPVZ5qb-G_00QsqpjnQ==/base.apk, fd=-1
05-01 18:53:19.599   521 17806 E EmulatedRequestProcessor: ApplyOverrideZoom: awbRegions needs to be specified for overriding zoom
05-01 18:53:19.637  3046  3046 I artd    : GetBestInfo: /data/user_de/0/com.google.android.gms/app_chimera/m/00000021/dl-Appsearch.optional_261332100400.apk has no usable artifacts
05-01 18:53:19.671  3046  7501 I artd    : GetBestInfo: /data/user_de/0/com.google.android.gms/app_chimera/m/0000000b/dl-MlkitBarcodeUi.optional_253434100400.apk has no usable artifacts
05-01 18:53:19.701  2599  3706 W libbinder.Binder: Binder transaction to android.content.pm.IPackageManager code 1598311760 took 1600ms. Data bytes: 80 Reply bytes: 4 Flags: 16
05-01 18:53:19.724   521 17806 E EmulatedRequestProcessor: ApplyOverrideZoom: awbRegions needs to be specified for overriding zoom
05-01 18:53:19.748   521 17806 E EmulatedRequestProcessor: ApplyOverrideZoom: awbRegions needs to be specified for overriding zoom
05-01 18:53:19.785   521 17806 E EmulatedRequestProcessor: ApplyOverrideZoom: awbRegions needs to be specified for overriding zoom
05-01 18:53:19.820   521 17806 E EmulatedRequestProcessor: ApplyOverrideZoom: awbRegions needs to be specified for overriding zoom
05-01 18:53:19.861   521 17806 E EmulatedRequestProcessor: ApplyOverrideZoom: awbRegions needs to be specified for overriding zoom
05-01 18:53:19.906   521 17806 E EmulatedRequestProcessor: ApplyOverrideZoom: awbRegions needs to be specified for overriding zoom
05-01 18:53:19.999   521 17806 E EmulatedRequestProcessor: ApplyOverrideZoom: awbRegions needs to be specified for overriding zoom
05-01 18:53:20.009   521 17806 E EmulatedRequestProcessor: ApplyOverrideZoom: awbRegions needs to be specified for overriding zoom
05-01 18:53:20.048   521 17806 E EmulatedRequestProcessor: ApplyOverrideZoom: awbRegions needs to be specified for overriding zoom
05-01 18:53:20.085   521 17806 E EmulatedRequestProcessor: ApplyOverrideZoom: awbRegions needs to be specified for overriding zoom
05-01 18:53:20.132   521 17806 E EmulatedRequestProcessor: ApplyOverrideZoom: awbRegions needs to be specified for overriding zoom
05-01 18:53:20.162   521 17806 E EmulatedRequestProcessor: ApplyOverrideZoom: awbRegions needs to be specified for overriding zoom
05-01 18:53:20.271   521 17806 E EmulatedRequestProcessor: ApplyOverrideZoom: awbRegions needs to be specified for overriding zoom
05-01 18:53:20.308   521 17806 E EmulatedRequestProcessor: ApplyOverrideZoom: awbRegions needs to be specified for overriding zoom
05-01 18:53:20.354   521 17806 E EmulatedRequestProcessor: ApplyOverrideZoom: awbRegions needs to be specified for overriding zoom
05-01 18:53:20.427   521 17806 E EmulatedRequestProcessor: ApplyOverrideZoom: awbRegions needs to be specified for overriding zoom
05-01 18:53:20.472   521 17806 E EmulatedRequestProcessor: ApplyOverrideZoom: awbRegions needs to be specified for overriding zoom
05-01 18:53:20.518   521 17806 E EmulatedRequestProcessor: ApplyOverrideZoom: awbRegions needs to be specified for overriding zoom
05-01 18:53:20.565   521 17806 E EmulatedRequestProcessor: ApplyOverrideZoom: awbRegions needs to be specified for overriding zoom
05-01 18:53:20.605   521 17806 E EmulatedRequestProcessor: ApplyOverrideZoom: awbRegions needs to be specified for overriding zoom
05-01 18:53:20.650   521 17806 E EmulatedRequestProcessor: ApplyOverrideZoom: awbRegions needs to be specified for overriding zoom
05-01 18:53:20.690   521 17806 E EmulatedRequestProcessor: ApplyOverrideZoom: awbRegions needs to be specified for overriding zoom
05-01 18:53:20.738   521 17806 E EmulatedRequestProcessor: ApplyOverrideZoom: awbRegions needs to be specified for overriding zoom
05-01 18:53:20.774   521 17806 E EmulatedRequestProcessor: ApplyOverrideZoom: awbRegions needs to be specified for overriding zoom
05-01 18:53:20.831  2599  2796 I HalDevMgr: bestIfaceCreationProposal is null, requestIface=STA, existingIface=[name=wlan0 type=STA]
05-01 18:53:20.848   521 17806 E EmulatedRequestProcessor: ApplyOverrideZoom: awbRegions needs to be specified for overriding zoom
05-01 18:53:20.885   521 17806 E EmulatedRequestProcessor: ApplyOverrideZoom: awbRegions needs to be specified for overriding zoom
05-01 18:53:20.918   521 17806 E EmulatedRequestProcessor: ApplyOverrideZoom: awbRegions needs to be specified for overriding zoom
05-01 18:53:21.017   521 17806 E EmulatedRequestProcessor: ApplyOverrideZoom: awbRegions needs to be specified for overriding zoom
05-01 18:53:21.069   521 17806 E EmulatedRequestProcessor: ApplyOverrideZoom: awbRegions needs to be specified for overriding zoom
05-01 18:53:21.116   521 17806 E EmulatedRequestProcessor: ApplyOverrideZoom: awbRegions needs to be specified for overriding zoom
05-01 18:53:21.249   521 17806 E EmulatedRequestProcessor: ApplyOverrideZoom: awbRegions needs to be specified for overriding zoom
05-01 18:53:21.320   521 17806 E EmulatedRequestProcessor: ApplyOverrideZoom: awbRegions needs to be specified for overriding zoom
05-01 18:53:21.355   521 17806 E EmulatedRequestProcessor: ApplyOverrideZoom: awbRegions needs to be specified for overriding zoom
05-01 18:53:21.404   521 17806 E EmulatedRequestProcessor: ApplyOverrideZoom: awbRegions needs to be specified for overriding zoom
05-01 18:53:21.443   521 17814 W GCH_PendingRequestsTracker: WaitAndTrackAcquiredBuffers: Waiting to acquire buffer timed out.
05-01 18:53:21.443   521 17814 W GCH_CameraDeviceSession: RequestStreamBuffers: Waiting until available buffer failed: Connection timed out(-110)
05-01 18:53:21.443   521 17814 W StreamBufferCacheManager: Refill: Failed to acquire buffer for stream 1, error 1
05-01 18:53:21.443   521 17814 I StreamBufferCacheManager: Refill: No buffer available or max buffer exceeded for stream 1. Will retry for next request or when refilling other streams.
05-01 18:53:21.448   521 17806 E EmulatedRequestProcessor: ApplyOverrideZoom: awbRegions needs to be specified for overriding zoom
05-01 18:53:21.703   521 17806 E EmulatedRequestProcessor: ApplyOverrideZoom: awbRegions needs to be specified for overriding zoom
05-01 18:53:21.703   521 17806 E EmulatedRequestProcessor: ApplyOverrideZoom: awbRegions needs to be specified for overriding zoom
05-01 18:53:21.703   521 17806 E EmulatedRequestProcessor: ApplyOverrideZoom: awbRegions needs to be specified for overriding zoom
05-01 18:53:21.725   521 17806 E EmulatedRequestProcessor: ApplyOverrideZoom: awbRegions needs to be specified for overriding zoom
05-01 18:53:21.771   521 17806 E EmulatedRequestProcessor: ApplyOverrideZoom: awbRegions needs to be specified for overriding zoom
05-01 18:53:21.809   521 17806 E EmulatedRequestProcessor: ApplyOverrideZoom: awbRegions needs to be specified for overriding zoom
05-01 18:53:21.849   521 17806 E EmulatedRequestProcessor: ApplyOverrideZoom: awbRegions needs to be specified for overriding zoom
05-01 18:53:21.896   521 17806 E EmulatedRequestProcessor: ApplyOverrideZoom: awbRegions needs to be specified for overriding zoom
05-01 18:53:21.922   521 17806 E EmulatedRequestProcessor: ApplyOverrideZoom: awbRegions needs to be specified for overriding zoom
05-01 18:53:21.955   521 17806 E EmulatedRequestProcessor: ApplyOverrideZoom: awbRegions needs to be specified for overriding zoom
05-01 18:53:22.002   521 17806 E EmulatedRequestProcessor: ApplyOverrideZoom: awbRegions needs to be specified for overriding zoom
05-01 18:53:22.093   521 17806 E EmulatedRequestProcessor: ApplyOverrideZoom: awbRegions needs to be specified for overriding zoom
05-01 18:53:22.150   521 17806 E EmulatedRequestProcessor: ApplyOverrideZoom: awbRegions needs to be specified for overriding zoom
05-01 18:53:22.191   521 17806 E EmulatedRequestProcessor: ApplyOverrideZoom: awbRegions needs to be specified for overriding zoom
05-01 18:53:22.236   521 17806 E EmulatedRequestProcessor: ApplyOverrideZoom: awbRegions needs to be specified for overriding zoom
05-01 18:53:22.271   521 17806 E EmulatedRequestProcessor: ApplyOverrideZoom: awbRegions needs to be specified for overriding zoom
05-01 18:53:22.313   521 17806 E EmulatedRequestProcessor: ApplyOverrideZoom: awbRegions needs to be specified for overriding zoom
05-01 18:53:22.357   521 17806 E EmulatedRequestProcessor: ApplyOverrideZoom: awbRegions needs to be specified for overriding zoom
05-01 18:53:22.399   521 17806 E EmulatedRequestProcessor: ApplyOverrideZoom: awbRegions needs to be specified for overriding zoom
05-01 18:53:22.436   521 17806 E EmulatedRequestProcessor: ApplyOverrideZoom: awbRegions needs to be specified for overriding zoom
05-01 18:53:22.477   521 17806 E EmulatedRequestProcessor: ApplyOverrideZoom: awbRegions needs to be specified for overriding zoom
05-01 18:53:22.519   521 17806 E EmulatedRequestProcessor: ApplyOverrideZoom: awbRegions needs to be specified for overriding zoom
05-01 18:53:22.557   521 17806 E EmulatedRequestProcessor: ApplyOverrideZoom: awbRegions needs to be specified for overriding zoom
05-01 18:53:22.590   521 17806 E EmulatedRequestProcessor: ApplyOverrideZoom: awbRegions needs to be specified for overriding zoom
05-01 18:53:22.638   521 17806 E EmulatedRequestProcessor: ApplyOverrideZoom: awbRegions needs to be specified for overriding zoom
05-01 18:53:22.673   521 17806 E EmulatedRequestProcessor: ApplyOverrideZoom: awbRegions needs to be specified for overriding zoom
05-01 18:53:22.745   521 17806 E EmulatedRequestProcessor: ApplyOverrideZoom: awbRegions needs to be specified for overriding zoom
05-01 18:53:22.823   521 17806 E EmulatedRequestProcessor: ApplyOverrideZoom: awbRegions needs to be specified for overriding zoom
05-01 18:53:22.895   521 17806 E EmulatedRequestProcessor: ApplyOverrideZoom: awbRegions needs to be specified for overriding zoom
05-01 18:53:22.931   521 17806 E EmulatedRequestProcessor: ApplyOverrideZoom: awbRegions needs to be specified for overriding zoom
05-01 18:53:22.979   521 17806 E EmulatedRequestProcessor: ApplyOverrideZoom: awbRegions needs to be specified for overriding zoom
05-01 18:53:23.023   521 17806 E EmulatedRequestProcessor: ApplyOverrideZoom: awbRegions needs to be specified for overriding zoom
05-01 18:53:23.094   521 17806 E EmulatedRequestProcessor: ApplyOverrideZoom: awbRegions needs to be specified for overriding zoom
05-01 18:53:23.212   521 17814 W GCH_PendingRequestsTracker: WaitAndTrackAcquiredBuffers: Waiting to acquire buffer timed out.
05-01 18:53:23.213   521 17814 W GCH_CameraDeviceSession: RequestStreamBuffers: Waiting until available buffer failed: Connection timed out(-110)
05-01 18:53:23.213   521 17814 W StreamBufferCacheManager: Refill: Failed to acquire buffer for stream 1, error 1
05-01 18:53:23.213   521 17814 I StreamBufferCacheManager: Refill: No buffer available or max buffer exceeded for stream 1. Will retry for next request or when refilling other streams.
05-01 18:53:23.239   521 17806 E EmulatedRequestProcessor: ApplyOverrideZoom: awbRegions needs to be specified for overriding zoom
05-01 18:53:23.275   521 17806 E EmulatedRequestProcessor: ApplyOverrideZoom: awbRegions needs to be specified for overriding zoom
05-01 18:53:23.316   521 17806 E EmulatedRequestProcessor: ApplyOverrideZoom: awbRegions needs to be specified for overriding zoom
05-01 18:53:23.390   521 17806 E EmulatedRequestProcessor: ApplyOverrideZoom: awbRegions needs to be specified for overriding zoom
05-01 18:53:23.470   521 17806 E EmulatedRequestProcessor: ApplyOverrideZoom: awbRegions needs to be specified for overriding zoom
05-01 18:53:23.486   521 17806 E EmulatedRequestProcessor: ApplyOverrideZoom: awbRegions needs to be specified for overriding zoom
05-01 18:53:23.569   521 17806 E EmulatedRequestProcessor: ApplyOverrideZoom: awbRegions needs to be specified for overriding zoom
05-01 18:53:23.624   521 17806 E EmulatedRequestProcessor: ApplyOverrideZoom: awbRegions needs to be specified for overriding zoom
05-01 18:53:23.870   521 17806 E EmulatedRequestProcessor: ApplyOverrideZoom: awbRegions needs to be specified for overriding zoom
05-01 18:53:23.959   521 17806 E EmulatedRequestProcessor: ApplyOverrideZoom: awbRegions needs to be specified for overriding zoom
05-01 18:53:24.036   521 17806 E EmulatedRequestProcessor: ApplyOverrideZoom: awbRegions needs to be specified for overriding zoom
05-01 18:53:24.460   521 17806 E EmulatedRequestProcessor: ApplyOverrideZoom: awbRegions needs to be specified for overriding zoom
05-01 18:53:24.755   527   547 E libbinder.IPCThreadState: binder thread pool (1 threads) starved for 133 ms
05-01 18:53:25.030   521 17806 E EmulatedRequestProcessor: ApplyOverrideZoom: awbRegions needs to be specified for overriding zoom
05-01 18:53:25.036   527   547 E libbinder.IPCThreadState: binder thread pool (1 threads) starved for 193 ms
05-01 18:53:25.114   521 17806 E EmulatedRequestProcessor: ApplyOverrideZoom: awbRegions needs to be specified for overriding zoom
05-01 18:53:25.114   521 17806 E EmulatedRequestProcessor: ApplyOverrideZoom: awbRegions needs to be specified for overriding zoom
05-01 18:53:25.119  2599  2796 I HalDevMgr: bestIfaceCreationProposal is null, requestIface=STA, existingIface=[name=wlan0 type=STA]
05-01 18:53:25.139   521 17806 E EmulatedRequestProcessor: ApplyOverrideZoom: awbRegions needs to be specified for overriding zoom
05-01 18:53:25.384   521 17806 E EmulatedRequestProcessor: ApplyOverrideZoom: awbRegions needs to be specified for overriding zoom
05-01 18:53:25.423 17695 17830 I HWUI    : Davey! duration=1356ms; Flags=0, FrameTimelineVsyncId=244425, IntendedVsync=8386521415283, Vsync=8386538081948, InputEventId=0, HandleInputStart=8386541665289, AnimationStart=8386541668331, PerformTraversalsStart=8387221113248, DrawStart=8387221767123, FrameDeadline=8386538081949, FrameStartTime=8386541650206, FrameInterval=16666665, WorkloadTarget=16666666, SyncQueued=8387486488373, SyncStart=8387486612206, IssueDrawCommandsStart=8387567512373, SwapBuffers=8387580731998, FrameCompleted=8387877579040, DequeueBufferDuration=5167, QueueBufferDuration=2529917, GpuCompleted=8387877579040, SwapBuffersCompleted=8387680528414, DisplayPresentTime=0, CommandSubmissionCompleted=8387580731998, 
05-01 18:53:25.419   521 17806 E EmulatedRequestProcessor: ApplyOverrideZoom: awbRegions needs to be specified for overriding zoom
05-01 18:53:25.481   521 17806 E EmulatedRequestProcessor: ApplyOverrideZoom: awbRegions needs to be specified for overriding zoom
05-01 18:53:25.547   521 17806 E EmulatedRequestProcessor: ApplyOverrideZoom: awbRegions needs to be specified for overriding zoom
05-01 18:53:25.597   521 17806 E EmulatedRequestProcessor: ApplyOverrideZoom: awbRegions needs to be specified for overriding zoom
05-01 18:53:25.662   521 17806 E EmulatedRequestProcessor: ApplyOverrideZoom: awbRegions needs to be specified for overriding zoom
05-01 18:53:25.733   521 17806 E EmulatedRequestProcessor: ApplyOverrideZoom: awbRegions needs to be specified for overriding zoom
05-01 18:53:25.772   521 17806 E EmulatedRequestProcessor: ApplyOverrideZoom: awbRegions needs to be specified for overriding zoom
05-01 18:53:25.877   521 17806 E EmulatedRequestProcessor: ApplyOverrideZoom: awbRegions needs to be specified for overriding zoom
05-01 18:53:25.923   521 17806 E EmulatedRequestProcessor: ApplyOverrideZoom: awbRegions needs to be specified for overriding zoom
05-01 18:53:25.994   521 17806 E EmulatedRequestProcessor: ApplyOverrideZoom: awbRegions needs to be specified for overriding zoom
05-01 18:53:26.045   521 17806 E EmulatedRequestProcessor: ApplyOverrideZoom: awbRegions needs to be specified for overriding zoom
05-01 18:53:26.079   521 17806 E EmulatedRequestProcessor: ApplyOverrideZoom: awbRegions needs to be specified for overriding zoom
05-01 18:53:26.144   521 17806 E EmulatedRequestProcessor: ApplyOverrideZoom: awbRegions needs to be specified for overriding zoom
05-01 18:53:26.182   521 17806 E EmulatedRequestProcessor: ApplyOverrideZoom: awbRegions needs to be specified for overriding zoom
05-01 18:53:26.235   521 17806 E EmulatedRequestProcessor: ApplyOverrideZoom: awbRegions needs to be specified for overriding zoom
05-01 18:53:26.350   521 17806 E EmulatedRequestProcessor: ApplyOverrideZoom: awbRegions needs to be specified for overriding zoom
05-01 18:53:26.370   521 17806 E EmulatedRequestProcessor: ApplyOverrideZoom: awbRegions needs to be specified for overriding zoom
05-01 18:53:26.402   521 17806 E EmulatedRequestProcessor: ApplyOverrideZoom: awbRegions needs to be specified for overriding zoom
05-01 18:53:26.455   521 17806 E EmulatedRequestProcessor: ApplyOverrideZoom: awbRegions needs to be specified for overriding zoom
05-01 18:53:26.505   521 17806 E EmulatedRequestProcessor: ApplyOverrideZoom: awbRegions needs to be specified for overriding zoom
05-01 18:53:26.688   521 17806 E EmulatedRequestProcessor: ApplyOverrideZoom: awbRegions needs to be specified for overriding zoom
05-01 18:53:26.698   521 17806 E EmulatedRequestProcessor: ApplyOverrideZoom: awbRegions needs to be specified for overriding zoom
05-01 18:53:26.720 17695 17705 I HWUI    : Davey! duration=720ms; Flags=0, FrameTimelineVsyncId=244629, IntendedVsync=8388454753075, Vsync=8388671419720, InputEventId=-826305826, HandleInputStart=8388688883415, AnimationStart=8388688889332, PerformTraversalsStart=8389058853957, DrawStart=8389058994623, FrameDeadline=8388571415182, FrameStartTime=8388682315040, FrameInterval=16666665, WorkloadTarget=16666666, SyncQueued=8389151521499, SyncStart=8389151928540, IssueDrawCommandsStart=8389152410124, SwapBuffers=8389166548415, FrameCompleted=8389175395749, DequeueBufferDuration=4250, QueueBufferDuration=619500, GpuCompleted=8389175395749, SwapBuffersCompleted=8389169888957, DisplayPresentTime=0, CommandSubmissionCompleted=8389166548415, 
05-01 18:53:26.754   521 17806 E EmulatedRequestProcessor: ApplyOverrideZoom: awbRegions needs to be specified for overriding zoom
05-01 18:53:26.804   521 17806 E EmulatedRequestProcessor: ApplyOverrideZoom: awbRegions needs to be specified for overriding zoom
05-01 18:53:26.881   521 17806 E EmulatedRequestProcessor: ApplyOverrideZoom: awbRegions needs to be specified for overriding zoom
05-01 18:53:27.005   521 17806 E EmulatedRequestProcessor: ApplyOverrideZoom: awbRegions needs to be specified for overriding zoom
05-01 18:53:27.039   521 17806 E EmulatedRequestProcessor: ApplyOverrideZoom: awbRegions needs to be specified for overriding zoom
05-01 18:53:27.074   521 17806 E EmulatedRequestProcessor: ApplyOverrideZoom: awbRegions needs to be specified for overriding zoom
05-01 18:53:27.112   521 17806 E EmulatedRequestProcessor: ApplyOverrideZoom: awbRegions needs to be specified for overriding zoom
05-01 18:53:27.152   521 17806 E EmulatedRequestProcessor: ApplyOverrideZoom: awbRegions needs to be specified for overriding zoom
05-01 18:53:27.213   521 17806 E EmulatedRequestProcessor: ApplyOverrideZoom: awbRegions needs to be specified for overriding zoom
05-01 18:53:27.249   521 17806 E EmulatedRequestProcessor: ApplyOverrideZoom: awbRegions needs to be specified for overriding zoom
05-01 18:53:27.283   521 17806 E EmulatedRequestProcessor: ApplyOverrideZoom: awbRegions needs to be specified for overriding zoom
05-01 18:53:27.319   521 17806 E EmulatedRequestProcessor: ApplyOverrideZoom: awbRegions needs to be specified for overriding zoom
05-01 18:53:27.351   521 17806 E EmulatedRequestProcessor: ApplyOverrideZoom: awbRegions needs to be specified for overriding zoom
05-01 18:53:27.391   521 17806 E EmulatedRequestProcessor: ApplyOverrideZoom: awbRegions needs to be specified for overriding zoom
05-01 18:53:27.458   521 17806 E EmulatedRequestProcessor: ApplyOverrideZoom: awbRegions needs to be specified for overriding zoom
05-01 18:53:27.516   521 17806 E EmulatedRequestProcessor: ApplyOverrideZoom: awbRegions needs to be specified for overriding zoom
05-01 18:53:27.579  3054  3142 D SatelliteController: iisInCarrierRoamingNbIotNtn: satellite is disabled
05-01 18:53:27.624  2599  3706 W libbinder.IPCThreadState: Sending oneway calls to frozen process.
05-01 18:53:27.613   521 17806 E EmulatedRequestProcessor: ApplyOverrideZoom: awbRegions needs to be specified for overriding zoom
05-01 18:53:27.650  3054  3142 D SatelliteController: getCarrierRoamingNtnConnectType: Falling back to global carrier config connect type: 0
05-01 18:53:27.653   521 17806 E EmulatedRequestProcessor: ApplyOverrideZoom: awbRegions needs to be specified for overriding zoom
05-01 18:53:27.734   521 17806 E EmulatedRequestProcessor: ApplyOverrideZoom: awbRegions needs to be specified for overriding zoom
05-01 18:53:27.787   521 17806 E EmulatedRequestProcessor: ApplyOverrideZoom: awbRegions needs to be specified for overriding zoom
05-01 18:53:27.825   521 17806 E EmulatedRequestProcessor: ApplyOverrideZoom: awbRegions needs to be specified for overriding zoom
05-01 18:53:27.858   521 17806 E EmulatedRequestProcessor: ApplyOverrideZoom: awbRegions needs to be specified for overriding zoom
05-01 18:53:27.934   521 17806 E EmulatedRequestProcessor: ApplyOverrideZoom: awbRegions needs to be specified for overriding zoom
05-01 18:53:27.948 17871 17871 W libbinder.BackendUnifiedServiceManager: Thread Pool max thread count is 0. Cannot cache binder as linkToDeath cannot be implemented. serviceName: package
05-01 18:53:27.973   521 17806 E EmulatedRequestProcessor: ApplyOverrideZoom: awbRegions needs to be specified for overriding zoom
05-01 18:53:28.031   521 17806 E EmulatedRequestProcessor: ApplyOverrideZoom: awbRegions needs to be specified for overriding zoom
05-01 18:53:28.092   521 17806 E EmulatedRequestProcessor: ApplyOverrideZoom: awbRegions needs to be specified for overriding zoom
05-01 18:53:28.186   521 17806 E EmulatedRequestProcessor: ApplyOverrideZoom: awbRegions needs to be specified for overriding zoom
05-01 18:53:28.279   521 17806 E EmulatedRequestProcessor: ApplyOverrideZoom: awbRegions needs to be specified for overriding zoom
05-01 18:53:28.310   521 17806 E EmulatedRequestProcessor: ApplyOverrideZoom: awbRegions needs to be specified for overriding zoom
05-01 18:53:28.341   521 17806 E EmulatedRequestProcessor: ApplyOverrideZoom: awbRegions needs to be specified for overriding zoom
05-01 18:53:28.375   521 17806 E EmulatedRequestProcessor: ApplyOverrideZoom: awbRegions needs to be specified for overriding zoom
05-01 18:53:28.375  2599  2796 I HalDevMgr: bestIfaceCreationProposal is null, requestIface=STA, existingIface=[name=wlan0 type=STA]
05-01 18:53:28.428   521 17806 E EmulatedRequestProcessor: ApplyOverrideZoom: awbRegions needs to be specified for overriding zoom
05-01 18:53:28.460   521 17806 E EmulatedRequestProcessor: ApplyOverrideZoom: awbRegions needs to be specified for overriding zoom
05-01 18:53:28.518   521 17806 E EmulatedRequestProcessor: ApplyOverrideZoom: awbRegions needs to be specified for overriding zoom
05-01 18:53:28.616  3046  7501 I artd    : GetBestInfo: odex next to the dex file (/data/app/~~9zdI27-KZDEvVC_7GO9BLQ==/com.google.android.gms-zDijJikcKxb1i4ibdVh7KA==/oat/arm64/base.odex) is kOatUpToDate with filter 'speed-profile' executable 'false'
05-01 18:53:28.621   521 17806 E EmulatedRequestProcessor: ApplyOverrideZoom: awbRegions needs to be specified for overriding zoom
05-01 18:53:28.623  3046  7501 I artd    : GetBestInfo: odex next to the dex file (/data/app/~~9zdI27-KZDEvVC_7GO9BLQ==/com.google.android.gms-zDijJikcKxb1i4ibdVh7KA==/oat/arm64/split_AdsDynamite_installtime.odex) is kOatUpToDate with filter 'speed' executable 'false'
05-01 18:53:28.630  3046  7501 I artd    : GetBestInfo: odex next to the dex file (/data/app/~~9zdI27-KZDEvVC_7GO9BLQ==/com.google.android.gms-zDijJikcKxb1i4ibdVh7KA==/oat/arm64/split_CronetDynamite_installtime.odex) is kOatUpToDate with filter 'speed' executable 'false'
05-01 18:53:28.646  3046  3046 I artd    : GetBestInfo: odex next to the dex file (/data/app/~~9zdI27-KZDEvVC_7GO9BLQ==/com.google.android.gms-zDijJikcKxb1i4ibdVh7KA==/oat/arm64/split_DynamiteLoader_installtime.odex) is kOatUpToDate with filter 'speed' executable 'false'
05-01 18:53:28.659   521 17806 E EmulatedRequestProcessor: ApplyOverrideZoom: awbRegions needs to be specified for overriding zoom
05-01 18:53:28.668  3046  3046 I artd    : GetBestInfo: odex next to the dex file (/data/app/~~9zdI27-KZDEvVC_7GO9BLQ==/com.google.android.gms-zDijJikcKxb1i4ibdVh7KA==/oat/arm64/split_DynamiteModulesA_installtime.odex) is kOatUpToDate with filter 'speed' executable 'false'
05-01 18:53:28.683  3046  3046 I artd    : GetBestInfo: odex next to the dex file (/data/app/~~9zdI27-KZDEvVC_7GO9BLQ==/com.google.android.gms-zDijJikcKxb1i4ibdVh7KA==/oat/arm64/split_DynamiteModulesC_installtime.odex) is kOatUpToDate with filter 'speed' executable 'false'
05-01 18:53:28.688  3046  7501 I artd    : GetBestInfo: odex next to the dex file (/data/app/~~9zdI27-KZDEvVC_7GO9BLQ==/com.google.android.gms-zDijJikcKxb1i4ibdVh7KA==/oat/arm64/split_GoogleCertificates_installtime.odex) is kOatUpToDate with filter 'speed' executable 'false'
05-01 18:53:28.704   521 17806 E EmulatedRequestProcessor: ApplyOverrideZoom: awbRegions needs to be specified for overriding zoom
05-01 18:53:28.720  3046  3046 I artd    : GetBestInfo: odex next to the dex file (/data/app/~~9zdI27-KZDEvVC_7GO9BLQ==/com.google.android.gms-zDijJikcKxb1i4ibdVh7KA==/oat/arm64/split_MapsDynamite_installtime.odex) is kOatUpToDate with filter 'speed' executable 'false'
05-01 18:53:28.732  3046  3046 I artd    : GetBestInfo: odex next to the dex file (/data/app/~~9zdI27-KZDEvVC_7GO9BLQ==/com.google.android.gms-zDijJikcKxb1i4ibdVh7KA==/oat/arm64/split_MeasurementDynamite_installtime.odex) is kOatUpToDate with filter 'speed' executable 'false'
05-01 18:53:28.734   521 17806 E EmulatedRequestProcessor: ApplyOverrideZoom: awbRegions needs to be specified for overriding zoom
05-01 18:53:28.803   521 17806 E EmulatedRequestProcessor: ApplyOverrideZoom: awbRegions needs to be specified for overriding zoom
05-01 18:53:28.835  3046  3046 I artd    : GetBestInfo: /data/user_de/0/com.google.android.gms/app_chimera/m/00000024/dl-MlkitOcrCommon.optional_261332100400.apk has no usable artifacts
05-01 18:53:28.840  3046  7501 I artd    : GetBestInfo: /data/user_de/0/com.google.android.gms/app_chimera/m/00000001/CronetDynamite.apk has no usable artifacts
05-01 18:53:28.858   521 17806 E EmulatedRequestProcessor: ApplyOverrideZoom: awbRegions needs to be specified for overriding zoom
