05-01 18:04:27.219  4522  4522 I native  : I0000 00:00:1777655067.219926    4522 compact_fst.cc:20] Loading FST from "/data/user_de/0/com.google.android.tts/files/superpacks/en-us/en-us-x-multi-seanet-r83/../en-us-x-multi-r83/g2p_m3_syls0_stress0_en-US.fst" ...
05-01 18:04:27.223  3046  3052 I artd    : GetBestInfo: vdex next to the dex file (/data/user/0/com.google.android.gms/app_dg_cache/707FFD883BF2A7896692338F9625CA52336E933B/oat/arm64/the.vdex) is kOatUpToDate with filter 'verify' executable 'false'
05-01 18:04:27.226  3046  3052 I artd    : GetBestInfo: /data/user_de/0/com.google.android.gms/app_chimera/m/00000019/dl-TfliteDynamiteDynamite.integ_252130102100400.apk has no usable artifacts
05-01 18:04:27.227  3046  3052 W artd    : Could not get dex checksums for location /data/app/~~3fBXho8HaymPEUVbuDbDyw==/com.google.android.gms-lP3FhbDqyEae3o3ITSwEOg==/base.apk, fd=-1
05-01 18:04:27.228  3046  3052 W artd    : Could not get dex checksums for location /data/app/~~dKAWhbpuAhXMPrgX8_uNaA==/com.android.vending-VlQnPVZ5qb-G_00QsqpjnQ==/base.apk, fd=-1
05-01 18:04:27.231  3046  7501 I artd    : GetBestInfo: /data/user_de/0/com.google.android.gms/app_chimera/m/00000021/dl-Appsearch.optional_261332100400.apk has no usable artifacts
05-01 18:04:27.234  3046  7501 I artd    : GetBestInfo: /data/user_de/0/com.google.android.gms/app_chimera/m/0000000b/dl-MlkitBarcodeUi.optional_253434100400.apk has no usable artifacts
05-01 18:04:27.371  4522  4522 I native  : I0000 00:00:1777655067.371181    4522 decoder.cc:51] G2P FST loaded (56 graphemes and 41 phonemes).
05-01 18:04:27.388  4522  4522 I native  : I0000 00:00:1777655067.388760    4522 android_resource_loader.cc:100] Built resource learned_fst_g2p_mapper
05-01 18:04:27.389  4522  4522 I native  : I0000 00:00:1777655067.389071    4522 android_resource_loader.cc:116] Loaded resource:learned_fst_g2p_mapper
05-01 18:04:27.390  4522  4522 I native  : I0000 00:00:1777655067.390459    4522 android_resource_loader.cc:100] Built resource spelling_normalizer
05-01 18:04:27.390  4522  4522 I native  : I0000 00:00:1777655067.390502    4522 android_resource_loader.cc:116] Loaded resource:spelling_normalizer
05-01 18:04:27.679  4522  4522 I native  : I0000 00:00:1777655067.679847    4522 android_resource_loader.cc:100] Built resource token_resolver_algo
05-01 18:04:27.680  4522  4522 I native  : I0000 00:00:1777655067.680052    4522 android_resource_loader.cc:116] Loaded resource:token_resolver_algo
05-01 18:04:27.680  4522  4522 I native  : I0000 00:00:1777655067.680095    4522 android_resource_loader.cc:100] Built resource utf8_utils
05-01 18:04:27.680  4522  4522 I native  : I0000 00:00:1777655067.680110    4522 android_resource_loader.cc:116] Loaded resource:utf8_utils
05-01 18:04:27.680  4522  4522 I native  : I0000 00:00:1777655067.680176    4522 android_resource_loader.cc:100] Built resource lexical_classifier
05-01 18:04:27.680  4522  4522 I native  : I0000 00:00:1777655067.680193    4522 android_resource_loader.cc:116] Loaded resource:lexical_classifier
05-01 18:04:27.680  4522  4522 I native  : I0000 00:00:1777655067.680304    4522 data_source.cc:95] Opening data source "/data/user_de/0/com.google.android.tts/files/superpacks/en-us/en-us-x-multi-seanet-r83/universal_carrier_pigeon_config.binarypb" (as: FILE) ...
05-01 18:04:27.681  4522  4522 I native  : I0000 00:00:1777655067.680956    4522 data_source.cc:99] ... Opened data source "/data/user_de/0/com.google.android.tts/files/superpacks/en-us/en-us-x-multi-seanet-r83/universal_carrier_pigeon_config.binarypb" of size 52
05-01 18:04:27.682  4522  4522 I native  : I0000 00:00:1777655067.682370    4522 data_source.cc:95] Opening data source "/data/user_de/0/com.google.android.tts/files/superpacks/en-us/en-us-x-multi-seanet-r83/universal_carrier_pigeon_model.tflite" (as: FILE) ...
05-01 18:04:27.682  4522  4522 I native  : I0000 00:00:1777655067.682494    4522 data_source.cc:99] ... Opened data source "/data/user_de/0/com.google.android.tts/files/superpacks/en-us/en-us-x-multi-seanet-r83/universal_carrier_pigeon_model.tflite" of size 638952
05-01 18:04:27.710  4522  4522 I native  : I0000 00:00:1777655067.710811    4522 android_resource_loader.cc:100] Built resource carrier_pigeon_algo
05-01 18:04:27.711  4522  4522 I native  : I0000 00:00:1777655067.711046    4522 android_resource_loader.cc:116] Loaded resource:carrier_pigeon_algo
05-01 18:04:27.711  4522  4522 I native  : I0000 00:00:1777655067.711092    4522 android_resource_loader.cc:100] Built resource icu_transliterator
05-01 18:04:27.711  4522  4522 I native  : I0000 00:00:1777655067.711104    4522 android_resource_loader.cc:116] Loaded resource:icu_transliterator
05-01 18:04:27.711  4522  4522 I native  : I0000 00:00:1777655067.711130    4522 data_source.cc:95] Opening data source "/data/user_de/0/com.google.android.tts/files/superpacks/en-us/en-us-x-multi-seanet-r83/../en-us-x-multi-r83/variant_overrides_en_us.pb" (as: FILE) ...
05-01 18:04:27.711  4522  4522 I native  : I0000 00:00:1777655067.711191    4522 data_source.cc:99] ... Opened data source "/data/user_de/0/com.google.android.tts/files/superpacks/en-us/en-us-x-multi-seanet-r83/../en-us-x-multi-r83/variant_overrides_en_us.pb" of size 1525
05-01 18:04:27.711  4522  4522 I native  : I0000 00:00:1777655067.711757    4522 android_resource_loader.cc:100] Built resource variant_overrides
05-01 18:04:27.711  4522  4522 I native  : I0000 00:00:1777655067.711818    4522 android_resource_loader.cc:116] Loaded resource:variant_overrides
05-01 18:04:27.711  4522  4522 I native  : I0000 00:00:1777655067.711834    4522 data_source.cc:95] Opening data source "/data/user_de/0/com.google.android.tts/files/superpacks/en-us/en-us-x-multi-seanet-r83/../en-us-x-multi-r83/variant_selection_model_en_us_embedded.bin" (as: MEMORY) ...
05-01 18:04:27.711  4522  4522 I native  : I0000 00:00:1777655067.711886    4522 data_source.cc:99] ... Opened data source "/data/user_de/0/com.google.android.tts/files/superpacks/en-us/en-us-x-multi-seanet-r83/../en-us-x-multi-r83/variant_selection_model_en_us_embedded.bin" of size 221608
05-01 18:04:27.711  4522  4522 I native  : I0000 00:00:1777655067.711927    4522 android_resource_loader.cc:100] Built resource variant_selection_model_data_resource
05-01 18:04:27.711  4522  4522 I native  : I0000 00:00:1777655067.711979    4522 android_resource_loader.cc:116] Loaded resource:variant_selection_model_data_resource
05-01 18:04:27.751  4522  4522 I native  : I0000 00:00:1777655067.751922    4522 select_variants.cc:128] Word with override has only one variant: her
05-01 18:04:27.752  4522  4522 I native  : I0000 00:00:1777655067.752370    4522 android_resource_loader.cc:100] Built resource select_variants_algo
05-01 18:04:27.752  4522  4522 I native  : I0000 00:00:1777655067.752412    4522 android_resource_loader.cc:116] Loaded resource:select_variants_algo
05-01 18:04:27.752  4522  4522 I native  : I0000 00:00:1777655067.752471    4522 data_source.cc:95] Opening data source "/data/user_de/0/com.google.android.tts/files/superpacks/en-us/en-us-x-multi-seanet-r83/../en-us-x-multi-r83/us_verbalization_capabilities.pb" (as: FILE) ...
05-01 18:04:27.752  4522  4522 I native  : I0000 00:00:1777655067.752576    4522 data_source.cc:99] ... Opened data source "/data/user_de/0/com.google.android.tts/files/superpacks/en-us/en-us-x-multi-seanet-r83/../en-us-x-multi-r83/us_verbalization_capabilities.pb" of size 5224
05-01 18:04:27.755  4522  4522 I native  : I0000 00:00:1777655067.755217    4522 android_resource_loader.cc:100] Built resource verbalization_capabilities
05-01 18:04:27.755  4522  4522 I native  : I0000 00:00:1777655067.755693    4522 android_resource_loader.cc:116] Loaded resource:verbalization_capabilities
05-01 18:04:27.755  4522  4522 I native  : I0000 00:00:1777655067.755755    4522 data_source.cc:95] Opening data source "/data/user_de/0/com.google.android.tts/files/superpacks/en-us/en-us-x-multi-seanet-r83/../en-us-x-multi-r83/verbalize_embedded_android.far" (as: FILE) ...
05-01 18:04:27.755  4522  4522 I native  : I0000 00:00:1777655067.755804    4522 data_source.cc:99] ... Opened data source "/data/user_de/0/com.google.android.tts/files/superpacks/en-us/en-us-x-multi-seanet-r83/../en-us-x-multi-r83/verbalize_embedded_android.far" of size 2342559
05-01 18:04:27.807  4522  4522 I native  : I0000 00:00:1777655067.807697    4522 android_resource_loader.cc:100] Built resource verbalize_grm_fst
05-01 18:04:27.807  4522  4522 I native  : I0000 00:00:1777655067.807863    4522 android_resource_loader.cc:116] Loaded resource:verbalize_grm_fst
05-01 18:04:27.807  4522  4522 I native  : I0000 00:00:1777655067.807920    4522 android_resource_loader.cc:100] Built resource speller_algo
05-01 18:04:27.807  4522  4522 I native  : I0000 00:00:1777655067.807934    4522 android_resource_loader.cc:116] Loaded resource:speller_algo
05-01 18:04:27.816  4522  4522 I native  : I0000 00:00:1777655067.816570    4522 android_resource_loader.cc:100] Built resource verbalize_grm_algo
05-01 18:04:27.816  4522  4522 I native  : I0000 00:00:1777655067.816721    4522 android_resource_loader.cc:116] Loaded resource:verbalize_grm_algo
05-01 18:04:27.817  4522  4522 I native  : I0000 00:00:1777655067.817806    4522 voice_params_resource.cc:33] Voice information: MessageLite at 0xb400007b11487720
05-01 18:04:27.817  4522  4522 I native  : I0000 00:00:1777655067.817942    4522 android_resource_loader.cc:100] Built resource voice_params
05-01 18:04:27.817  4522  4522 I native  : I0000 00:00:1777655067.817962    4522 android_resource_loader.cc:116] Loaded resource:voice_params
05-01 18:04:27.866  4522  4522 I native  : I0000 00:00:1777655067.865949    4522 android_resource_loader.cc:100] Built resource word_resolver_algo
05-01 18:04:27.866  4522  4522 I native  : I0000 00:00:1777655067.866052    4522 android_resource_loader.cc:116] Loaded resource:word_resolver_algo
05-01 18:04:27.866  4522  4522 I native  : I0000 00:00:1777655067.866191    4522 data_source.cc:95] Opening data source "/data/user_de/0/com.google.android.tts/files/superpacks/en-us/en-us-x-multi-seanet-r83/../en-us-x-multi-r83/xsampa_to_tts_to-en_us.far" (as: FILE) ...
05-01 18:04:27.866  4522  4522 I native  : I0000 00:00:1777655067.866293    4522 data_source.cc:99] ... Opened data source "/data/user_de/0/com.google.android.tts/files/superpacks/en-us/en-us-x-multi-seanet-r83/../en-us-x-multi-r83/xsampa_to_tts_to-en_us.far" of size 22132
05-01 18:04:27.867  4522  4522 I native  : I0000 00:00:1777655067.867728    4522 android_resource_loader.cc:100] Built resource xsampa_to_tts_phoneme_mapper
05-01 18:04:27.867  4522  4522 I native  : I0000 00:00:1777655067.867834    4522 android_resource_loader.cc:116] Loaded resource:xsampa_to_tts_phoneme_mapper
05-01 18:04:27.867  4522  4522 I native  : I0000 00:00:1777655067.867868    4522 local_pipeline_runner.cc:49] Done loading all resources from: {/data/user_de/0/com.google.android.tts/files/superpacks/en-us/en-us-x-multi-seanet-r83}
05-01 18:04:27.900  4522  4522 I ComposerWrapperImpl: Done initializing en-us-x-iog-seanet-embedded
05-01 18:04:27.934  2599  2599 D TextToSpeechManagerPerUserService: Connected successfully to TTS engine: com.google.android.tts
05-01 18:04:27.940 13250 13288 I TextToSpeech: Connected to TTS engine
05-01 18:04:28.097  3054  3142 D SatelliteController: iisInCarrierRoamingNbIotNtn: satellite is disabled
05-01 18:04:28.099 13250 13255 W com.signbridge: userfaultfd: MOVE ioctl seems unsupported: Connection timed out
05-01 18:04:28.100  2599  2952 W libbinder.IPCThreadState: Sending oneway calls to frozen process.
05-01 18:04:28.161  3054  3142 D SatelliteController: getCarrierRoamingNtnConnectType: Falling back to global carrier config connect type: 0
05-01 18:04:28.187 13250 13255 I com.signbridge: Background concurrent mark compact GC freed 2665KB AllocSpace bytes, 0(0B) LOS objects, 49% free, 3827KB/7655KB, paused 127us,2.977ms total 240.716ms
05-01 18:04:28.223  2599  2796 I HalDevMgr: bestIfaceCreationProposal is null, requestIface=STA, existingIface=[name=wlan0 type=STA]
05-01 18:04:28.498  4522  7818 I GoogleTTSServiceImpl: currentLocale = en-US
05-01 18:04:28.861  4522  7818 I GoogleTTSServiceImpl: For default lang en-us is name en-US-language (en-us-x-iog-server)
05-01 18:04:28.862 13250 13310 I TextToSpeech: Setting up the connection to TTS engine...
05-01 18:04:29.236  4522  7818 I GoogleTTSServiceImpl: currentLocale = en-NG
05-01 18:04:29.239  4522  7818 I GoogleTTSServiceImpl: currentLocale = en-NG
05-01 18:04:29.241  4522  7818 I GoogleTTSServiceImpl: For default lang en-ng is name en-NG-language (en-ng-x-tfn-server)
05-01 18:04:29.246  4522  7818 I GoogleTTSServiceImpl: currentLocale = en-NG
05-01 18:04:29.646 13250 13255 I com.signbridge: Background young concurrent mark compact GC freed 4888KB AllocSpace bytes, 0(0B) LOS objects, 41% free, 4443KB/7655KB, paused 809us,5.320ms total 254.770ms
05-01 18:04:29.685  2599  2682 W libbinder.IPCThreadState: Sending oneway calls to frozen process.
05-01 18:04:29.719  4522 13293 I VoiceDataManager: Already downloading en-ng, ignoring async download request...
05-01 18:04:29.719  4522 13293 I LocalSynthesizer: Attempting to load synthesizer for voice: en-us-x-hol-seanet-embedded
05-01 18:04:29.719  4522 13293 I LocalSynthesizer: Voice en-us-x-hol-seanet-embedded is already supported by loaded synthesizer en-us-x-multi.
05-01 18:04:29.720  4522 13293 I ComposerWrapperImpl: Skipping initialization, can already run voice en-us-x-hol-seanet-embedded.
05-01 18:04:29.762  2599  2682 W libbinder.IPCThreadState: Sending oneway calls to frozen process.
05-01 18:04:30.505  3593  5874 I cn_CronetUrlRequestContext: destroyNativeStreamLocked org.chromium.net.impl.CronetBidirectionalStream@b3e31f8
05-01 18:04:31.259  2599  2796 I HalDevMgr: bestIfaceCreationProposal is null, requestIface=STA, existingIface=[name=wlan0 type=STA]
05-01 18:04:31.749  2599  2742 D ActivityManager: freezing 3593 com.google.android.gms
05-01 18:04:31.795  2599  2742 D ActivityManager: freezing 5036 com.google.android.adservices.api
05-01 18:04:32.472  2599  2802 D InetDiagMessage: Destroyed 0 sockets, proto=IPPROTO_TCP, family=AF_INET, states=14
05-01 18:04:32.473  2599  2802 D InetDiagMessage: Destroyed 0 sockets, proto=IPPROTO_TCP, family=AF_INET6, states=14
05-01 18:04:32.473  2599  2802 D InetDiagMessage: Destroyed live tcp sockets for uids={10202} in 1ms
05-01 18:04:32.662  2599  2682 W libbinder.IPCThreadState: Sending oneway calls to frozen process.
05-01 18:04:34.277  2599  2796 I HalDevMgr: bestIfaceCreationProposal is null, requestIface=STA, existingIface=[name=wlan0 type=STA]
05-01 18:04:36.750 13314 13314 W libbinder.BackendUnifiedServiceManager: Thread Pool max thread count is 0. Cannot cache binder as linkToDeath cannot be implemented. serviceName: package
05-01 18:04:36.892  3046  7501 I artd    : GetBestInfo: odex next to the dex file (/data/app/~~9zdI27-KZDEvVC_7GO9BLQ==/com.google.android.gms-zDijJikcKxb1i4ibdVh7KA==/oat/arm64/base.odex) is kOatUpToDate with filter 'speed-profile' executable 'false'
05-01 18:04:36.906  3046  7501 I artd    : GetBestInfo: odex next to the dex file (/data/app/~~9zdI27-KZDEvVC_7GO9BLQ==/com.google.android.gms-zDijJikcKxb1i4ibdVh7KA==/oat/arm64/split_AdsDynamite_installtime.odex) is kOatUpToDate with filter 'speed' executable 'false'
05-01 18:04:36.919  3046  7501 I artd    : GetBestInfo: odex next to the dex file (/data/app/~~9zdI27-KZDEvVC_7GO9BLQ==/com.google.android.gms-zDijJikcKxb1i4ibdVh7KA==/oat/arm64/split_CronetDynamite_installtime.odex) is kOatUpToDate with filter 'speed' executable 'false'
05-01 18:04:36.923  3046  7501 I artd    : GetBestInfo: odex next to the dex file (/data/app/~~9zdI27-KZDEvVC_7GO9BLQ==/com.google.android.gms-zDijJikcKxb1i4ibdVh7KA==/oat/arm64/split_DynamiteLoader_installtime.odex) is kOatUpToDate with filter 'speed' executable 'false'
05-01 18:04:36.932  3046  7501 I artd    : GetBestInfo: odex next to the dex file (/data/app/~~9zdI27-KZDEvVC_7GO9BLQ==/com.google.android.gms-zDijJikcKxb1i4ibdVh7KA==/oat/arm64/split_DynamiteModulesA_installtime.odex) is kOatUpToDate with filter 'speed' executable 'false'
05-01 18:04:36.946  3046  7501 I artd    : GetBestInfo: odex next to the dex file (/data/app/~~9zdI27-KZDEvVC_7GO9BLQ==/com.google.android.gms-zDijJikcKxb1i4ibdVh7KA==/oat/arm64/split_DynamiteModulesC_installtime.odex) is kOatUpToDate with filter 'speed' executable 'false'
05-01 18:04:36.951  3046  7501 I artd    : GetBestInfo: odex next to the dex file (/data/app/~~9zdI27-KZDEvVC_7GO9BLQ==/com.google.android.gms-zDijJikcKxb1i4ibdVh7KA==/oat/arm64/split_GoogleCertificates_installtime.odex) is kOatUpToDate with filter 'speed' executable 'false'
05-01 18:04:36.954  3046  7501 I artd    : GetBestInfo: odex next to the dex file (/data/app/~~9zdI27-KZDEvVC_7GO9BLQ==/com.google.android.gms-zDijJikcKxb1i4ibdVh7KA==/oat/arm64/split_MapsDynamite_installtime.odex) is kOatUpToDate with filter 'speed' executable 'false'
05-01 18:04:36.964  3046  7501 I artd    : GetBestInfo: odex next to the dex file (/data/app/~~9zdI27-KZDEvVC_7GO9BLQ==/com.google.android.gms-zDijJikcKxb1i4ibdVh7KA==/oat/arm64/split_MeasurementDynamite_installtime.odex) is kOatUpToDate with filter 'speed' executable 'false'
05-01 18:04:36.968  3046  7501 I artd    : GetBestInfo: /data/user_de/0/com.google.android.gms/app_chimera/m/00000024/dl-MlkitOcrCommon.optional_261332100400.apk has no usable artifacts
05-01 18:04:36.969  3046  7501 I artd    : GetBestInfo: /data/user_de/0/com.google.android.gms/app_chimera/m/00000001/CronetDynamite.apk has no usable artifacts
05-01 18:04:36.970  3046  7501 I artd    : GetBestInfo: /data/user_de/0/com.google.android.gms/app_chimera/m/00000002/DynamiteLoader.apk has no usable artifacts
05-01 18:04:36.971  3046  7501 W artd    : Could not get dex checksums for location /data/app/~~3fBXho8HaymPEUVbuDbDyw==/com.google.android.gms-lP3FhbDqyEae3o3ITSwEOg==/base.apk, fd=-1
05-01 18:04:36.975  3046  7501 W artd    : Could not get dex checksums for location /data/app/~~3fBXho8HaymPEUVbuDbDyw==/com.google.android.gms-lP3FhbDqyEae3o3ITSwEOg==/base.apk, fd=-1
05-01 18:04:36.978  3046  7501 I artd    : GetBestInfo: /data/user_de/0/com.google.android.gms/app_chimera/m/00000005/GoogleCertificates.apk has no usable artifacts
05-01 18:04:36.978  3046  7501 W artd    : Could not get dex checksums for location /data/app/~~3fBXho8HaymPEUVbuDbDyw==/com.google.android.gms-lP3FhbDqyEae3o3ITSwEOg==/base.apk, fd=-1
05-01 18:04:36.984  3046  7501 I artd    : GetBestInfo: /data/user_de/0/com.google.android.gms/app_chimera/m/0000000c/dl-PlayCloudSearch.optional_253434100000.apk has no usable artifacts
05-01 18:04:36.985  3046  7501 W artd    : Could not get dex checksums for location /data/app/~~3fBXho8HaymPEUVbuDbDyw==/com.google.android.gms-lP3FhbDqyEae3o3ITSwEOg==/base.apk, fd=-1
05-01 18:04:36.986  3046  7501 W artd    : Could not get dex checksums for location /data/app/~~3fBXho8HaymPEUVbuDbDyw==/com.google.android.gms-lP3FhbDqyEae3o3ITSwEOg==/base.apk, fd=-1
05-01 18:04:36.988  3046  7501 W artd    : Could not get dex checksums for location /data/app/~~3fBXho8HaymPEUVbuDbDyw==/com.google.android.gms-lP3FhbDqyEae3o3ITSwEOg==/base.apk, fd=-1
05-01 18:04:36.991  3046  7501 I artd    : GetBestInfo: /data/user_de/0/com.google.android.gms/app_chimera/m/00000009/dl-Appsearch.optional_253434100400.apk has no usable artifacts
05-01 18:04:36.993  3046  7501 I artd    : GetBestInfo: /data/user_de/0/com.google.android.gms/app_chimera/m/0000001f/dl-MlkitBarcodeUi.optional_261332100400.apk has no usable artifacts
05-01 18:04:36.998  3046  7501 I artd    : GetBestInfo: vdex next to the dex file (/data/user/0/com.google.android.gms/app_dg_cache/C979021594972B0BA2D39F27BF33D93C4B1302BC/oat/arm64/the.vdex) is kOatUpToDate with filter 'verify' executable 'false'
05-01 18:04:37.000  3046  7501 W artd    : Could not get dex checksums for location /data/app/~~3fBXho8HaymPEUVbuDbDyw==/com.google.android.gms-lP3FhbDqyEae3o3ITSwEOg==/base.apk, fd=-1
05-01 18:04:37.001  3046  7501 W artd    : Could not get dex checksums for location /data/app/~~3fBXho8HaymPEUVbuDbDyw==/com.google.android.gms-lP3FhbDqyEae3o3ITSwEOg==/base.apk, fd=-1
05-01 18:04:37.011  3046  7501 I artd    : GetBestInfo: /data/user_de/0/com.google.android.gms/app_chimera/m/0000001e/dl-VisionOcr.optional_261332100000.apk has no usable artifacts
05-01 18:04:37.034  3046  7501 I artd    : GetBestInfo: /data/user_de/0/com.google.android.gms/app_chimera/m/00000020/dl-PlayCloudSearch.optional_261332100000.apk has no usable artifacts
05-01 18:04:37.067  3046  7501 I artd    : GetBestInfo: vdex next to the dex file (/data/user/0/com.google.android.gms/app_dg_cache/707FFD883BF2A7896692338F9625CA52336E933B/oat/arm64/the.vdex) is kOatUpToDate with filter 'verify' executable 'false'
05-01 18:04:37.080  3046  7501 I artd    : GetBestInfo: /data/user_de/0/com.google.android.gms/app_chimera/m/00000019/dl-TfliteDynamiteDynamite.integ_252130102100400.apk has no usable artifacts
05-01 18:04:37.084  3046  7501 W artd    : Could not get dex checksums for location /data/app/~~3fBXho8HaymPEUVbuDbDyw==/com.google.android.gms-lP3FhbDqyEae3o3ITSwEOg==/base.apk, fd=-1
05-01 18:04:37.098  3046  7501 W artd    : Could not get dex checksums for location /data/app/~~dKAWhbpuAhXMPrgX8_uNaA==/com.android.vending-VlQnPVZ5qb-G_00QsqpjnQ==/base.apk, fd=-1
05-01 18:04:37.141  3046  7501 I artd    : GetBestInfo: /data/user_de/0/com.google.android.gms/app_chimera/m/00000021/dl-Appsearch.optional_261332100400.apk has no usable artifacts
05-01 18:04:37.156  3046  7501 I artd    : GetBestInfo: /data/user_de/0/com.google.android.gms/app_chimera/m/0000000b/dl-MlkitBarcodeUi.optional_253434100400.apk has no usable artifacts
05-01 18:04:37.293  2599  2796 I HalDevMgr: bestIfaceCreationProposal is null, requestIface=STA, existingIface=[name=wlan0 type=STA]
05-01 18:04:38.098  3054  3142 D SatelliteController: iisInCarrierRoamingNbIotNtn: satellite is disabled
05-01 18:04:38.100  3054  3142 D SatelliteController: getCarrierRoamingNtnConnectType: Falling back to global carrier config connect type: 0
05-01 18:04:38.100  2599  3697 W libbinder.IPCThreadState: Sending oneway calls to frozen process.
05-01 18:04:40.324  2599  2796 I HalDevMgr: bestIfaceCreationProposal is null, requestIface=STA, existingIface=[name=wlan0 type=STA]
05-01 18:04:43.338  2599  2796 I HalDevMgr: bestIfaceCreationProposal is null, requestIface=STA, existingIface=[name=wlan0 type=STA]
05-01 18:04:46.366  2599  2796 I HalDevMgr: bestIfaceCreationProposal is null, requestIface=STA, existingIface=[name=wlan0 type=STA]
05-01 18:04:46.685 13325 13325 D AndroidRuntime: >>>>>> START com.android.internal.os.RuntimeInit uid 2000 <<<<<<
05-01 18:04:46.707 13325 13325 I AndroidRuntime: Using default boot image
05-01 18:04:46.708 13325 13325 I AndroidRuntime: Leaving lock profiling enabled
05-01 18:04:46.715 13325 13325 I app_process: Using CollectorTypeCMC GC.
05-01 18:04:46.751 13326 13326 W libbinder.BackendUnifiedServiceManager: Thread Pool max thread count is 0. Cannot cache binder as linkToDeath cannot be implemented. serviceName: package
05-01 18:04:47.022  3046  3052 I artd    : GetBestInfo: odex next to the dex file (/data/app/~~9zdI27-KZDEvVC_7GO9BLQ==/com.google.android.gms-zDijJikcKxb1i4ibdVh7KA==/oat/arm64/base.odex) is kOatUpToDate with filter 'speed-profile' executable 'false'
05-01 18:04:47.028  3046  3052 I artd    : GetBestInfo: odex next to the dex file (/data/app/~~9zdI27-KZDEvVC_7GO9BLQ==/com.google.android.gms-zDijJikcKxb1i4ibdVh7KA==/oat/arm64/split_AdsDynamite_installtime.odex) is kOatUpToDate with filter 'speed' executable 'false'
05-01 18:04:47.033  3046  3052 I artd    : GetBestInfo: odex next to the dex file (/data/app/~~9zdI27-KZDEvVC_7GO9BLQ==/com.google.android.gms-zDijJikcKxb1i4ibdVh7KA==/oat/arm64/split_CronetDynamite_installtime.odex) is kOatUpToDate with filter 'speed' executable 'false'
05-01 18:04:47.045  3046  3052 I artd    : GetBestInfo: odex next to the dex file (/data/app/~~9zdI27-KZDEvVC_7GO9BLQ==/com.google.android.gms-zDijJikcKxb1i4ibdVh7KA==/oat/arm64/split_DynamiteLoader_installtime.odex) is kOatUpToDate with filter 'speed' executable 'false'
05-01 18:04:47.051  3046  7501 I artd    : GetBestInfo: odex next to the dex file (/data/app/~~9zdI27-KZDEvVC_7GO9BLQ==/com.google.android.gms-zDijJikcKxb1i4ibdVh7KA==/oat/arm64/split_DynamiteModulesA_installtime.odex) is kOatUpToDate with filter 'speed' executable 'false'
05-01 18:04:47.055  3046  7501 I artd    : GetBestInfo: odex next to the dex file (/data/app/~~9zdI27-KZDEvVC_7GO9BLQ==/com.google.android.gms-zDijJikcKxb1i4ibdVh7KA==/oat/arm64/split_DynamiteModulesC_installtime.odex) is kOatUpToDate with filter 'speed' executable 'false'
05-01 18:04:47.066  3046  7501 I artd    : GetBestInfo: odex next to the dex file (/data/app/~~9zdI27-KZDEvVC_7GO9BLQ==/com.google.android.gms-zDijJikcKxb1i4ibdVh7KA==/oat/arm64/split_GoogleCertificates_installtime.odex) is kOatUpToDate with filter 'speed' executable 'false'
05-01 18:04:47.070  3046  7501 I artd    : GetBestInfo: odex next to the dex file (/data/app/~~9zdI27-KZDEvVC_7GO9BLQ==/com.google.android.gms-zDijJikcKxb1i4ibdVh7KA==/oat/arm64/split_MapsDynamite_installtime.odex) is kOatUpToDate with filter 'speed' executable 'false'
05-01 18:04:47.076  3046  7501 I artd    : GetBestInfo: odex next to the dex file (/data/app/~~9zdI27-KZDEvVC_7GO9BLQ==/com.google.android.gms-zDijJikcKxb1i4ibdVh7KA==/oat/arm64/split_MeasurementDynamite_installtime.odex) is kOatUpToDate with filter 'speed' executable 'false'
05-01 18:04:47.084  3046  7501 I artd    : GetBestInfo: /data/user_de/0/com.google.android.gms/app_chimera/m/00000024/dl-MlkitOcrCommon.optional_261332100400.apk has no usable artifacts
05-01 18:04:47.086  3046  7501 I artd    : GetBestInfo: /data/user_de/0/com.google.android.gms/app_chimera/m/00000001/CronetDynamite.apk has no usable artifacts
05-01 18:04:47.087  3046  7501 I artd    : GetBestInfo: /data/user_de/0/com.google.android.gms/app_chimera/m/00000002/DynamiteLoader.apk has no usable artifacts
05-01 18:04:47.088  3046  7501 W artd    : Could not get dex checksums for location /data/app/~~3fBXho8HaymPEUVbuDbDyw==/com.google.android.gms-lP3FhbDqyEae3o3ITSwEOg==/base.apk, fd=-1
05-01 18:04:47.090  3046  7501 W artd    : Could not get dex checksums for location /data/app/~~3fBXho8HaymPEUVbuDbDyw==/com.google.android.gms-lP3FhbDqyEae3o3ITSwEOg==/base.apk, fd=-1
05-01 18:04:47.092  3046  7501 I artd    : GetBestInfo: /data/user_de/0/com.google.android.gms/app_chimera/m/00000005/GoogleCertificates.apk has no usable artifacts
05-01 18:04:47.093  3046  7501 W artd    : Could not get dex checksums for location /data/app/~~3fBXho8HaymPEUVbuDbDyw==/com.google.android.gms-lP3FhbDqyEae3o3ITSwEOg==/base.apk, fd=-1
05-01 18:04:47.099  3046  7501 I artd    : GetBestInfo: /data/user_de/0/com.google.android.gms/app_chimera/m/0000000c/dl-PlayCloudSearch.optional_253434100000.apk has no usable artifacts
05-01 18:04:47.101  3046  7501 W artd    : Could not get dex checksums for location /data/app/~~3fBXho8HaymPEUVbuDbDyw==/com.google.android.gms-lP3FhbDqyEae3o3ITSwEOg==/base.apk, fd=-1
05-01 18:04:47.112  3046  7501 W artd    : Could not get dex checksums for location /data/app/~~3fBXho8HaymPEUVbuDbDyw==/com.google.android.gms-lP3FhbDqyEae3o3ITSwEOg==/base.apk, fd=-1
05-01 18:04:47.115  3046  7501 W artd    : Could not get dex checksums for location /data/app/~~3fBXho8HaymPEUVbuDbDyw==/com.google.android.gms-lP3FhbDqyEae3o3ITSwEOg==/base.apk, fd=-1
05-01 18:04:47.119  3046  7501 I artd    : GetBestInfo: /data/user_de/0/com.google.android.gms/app_chimera/m/00000009/dl-Appsearch.optional_253434100400.apk has no usable artifacts
05-01 18:04:47.122  3046  7501 I artd    : GetBestInfo: /data/user_de/0/com.google.android.gms/app_chimera/m/0000001f/dl-MlkitBarcodeUi.optional_261332100400.apk has no usable artifacts
05-01 18:04:47.129  3046  7501 I artd    : GetBestInfo: vdex next to the dex file (/data/user/0/com.google.android.gms/app_dg_cache/C979021594972B0BA2D39F27BF33D93C4B1302BC/oat/arm64/the.vdex) is kOatUpToDate with filter 'verify' executable 'false'
05-01 18:04:47.132  3046  7501 W artd    : Could not get dex checksums for location /data/app/~~3fBXho8HaymPEUVbuDbDyw==/com.google.android.gms-lP3FhbDqyEae3o3ITSwEOg==/base.apk, fd=-1
05-01 18:04:47.136  3046  7501 W artd    : Could not get dex checksums for location /data/app/~~3fBXho8HaymPEUVbuDbDyw==/com.google.android.gms-lP3FhbDqyEae3o3ITSwEOg==/base.apk, fd=-1
05-01 18:04:47.139  3046  7501 I artd    : GetBestInfo: /data/user_de/0/com.google.android.gms/app_chimera/m/0000001e/dl-VisionOcr.optional_261332100000.apk has no usable artifacts
05-01 18:04:47.145  3046  7501 I artd    : GetBestInfo: /data/user_de/0/com.google.android.gms/app_chimera/m/00000020/dl-PlayCloudSearch.optional_261332100000.apk has no usable artifacts
05-01 18:04:47.150  3046  7501 I artd    : GetBestInfo: vdex next to the dex file (/data/user/0/com.google.android.gms/app_dg_cache/707FFD883BF2A7896692338F9625CA52336E933B/oat/arm64/the.vdex) is kOatUpToDate with filter 'verify' executable 'false'
05-01 18:04:47.154  3046  7501 I artd    : GetBestInfo: /data/user_de/0/com.google.android.gms/app_chimera/m/00000019/dl-TfliteDynamiteDynamite.integ_252130102100400.apk has no usable artifacts
05-01 18:04:47.155  3046  7501 W artd    : Could not get dex checksums for location /data/app/~~3fBXho8HaymPEUVbuDbDyw==/com.google.android.gms-lP3FhbDqyEae3o3ITSwEOg==/base.apk, fd=-1
05-01 18:04:47.157  3046  7501 W artd    : Could not get dex checksums for location /data/app/~~dKAWhbpuAhXMPrgX8_uNaA==/com.android.vending-VlQnPVZ5qb-G_00QsqpjnQ==/base.apk, fd=-1
05-01 18:04:47.172  3046  7501 I artd    : GetBestInfo: /data/user_de/0/com.google.android.gms/app_chimera/m/00000021/dl-Appsearch.optional_261332100400.apk has no usable artifacts
05-01 18:04:47.191  3046  7501 I artd    : GetBestInfo: /data/user_de/0/com.google.android.gms/app_chimera/m/0000000b/dl-MlkitBarcodeUi.optional_253434100400.apk has no usable artifacts
05-01 18:04:47.790 13325 13325 D nativeloader: InitDefaultPublicLibraries for_preload=1: libandroid.so:libaaudio.so:libamidi.so:libbinder_ndk.so:libc.so:libcamera2ndk.so:libdl.so:libEGL.so:libGLESv1_CM.so:libGLESv2.so:libGLESv3.so:libicu.so:libicui18n.so:libicuuc.so:libjnigraphics.so:liblog.so:libmediandk.so:libm.so:libnativehelper.so:libnativewindow.so:libOpenMAXAL.so:libOpenSLES.so:libRS.so:libstdc++.so:libsync.so:libvulkan.so:libwebviewchromium_plat_support.so:libz.so
05-01 18:04:47.819 13325 13325 D nativeloader: Load libicu_jni.so using APEX ns com_android_art for caller /apex/com.android.art/javalib/core-oj.jar: ok
05-01 18:04:47.820 13325 13325 D app_process: u_setTimeZoneFilesDirectory("/apex/com.android.tzdata/etc/tz/versioned/9/icu") succeeded. 
05-01 18:04:47.820 13325 13325 D app_process: I18n APEX ICU file found: /apex/com.android.i18n/etc/icu/icudt76l.dat
05-01 18:04:47.831 13325 13325 D nativeloader: Load libjavacore.so using APEX ns com_android_art for caller /apex/com.android.art/javalib/core-oj.jar: ok
05-01 18:04:47.833 13325 13325 D nativeloader: Load libopenjdk.so using APEX ns com_android_art for caller /apex/com.android.art/javalib/core-oj.jar: ok
05-01 18:04:47.836 13325 13325 I app_process: Priority-to-niceness mapping: 19, 16, 13, 10, 0, -2, -4, -5, -6, -8
05-01 18:04:47.837 13325 13325 W app_process: ClassLoaderContext shared library size mismatch. Expected=2, found=0 (PCL[]{PCL[/system/framework/android.test.base.jar*1947731759]#PCL[/system/framework/android.test.mock.jar*3673435773]} | PCL[])
05-01 18:04:47.844 13325 13325 W app_process: ClassLoaderContext classpath size mismatch. expected=0, found=1 (PCL[]{PCL[/system/framework/android.test.runner.jar*3527284906]{PCL[/system/framework/android.test.base.jar*1947731759]#PCL[/system/framework/android.test.mock.jar*3673435773]}#PCL[/system/framework/android.test.base.jar*1947731759]} | PCL[/system/framework/android.test.runner.jar*3527284906])
05-01 18:04:47.921 13325 13325 D nativeloader: Load libframework-connectivity-tiramisu-jni.so using APEX ns com_android_tethering for caller /apex/com.android.tethering/javalib/framework-connectivity-t.jar: ok
05-01 18:04:47.923 13325 13325 D AndroidRuntime: Calling main entry com.android.commands.uiautomator.Launcher
05-01 18:04:47.936 13325 13325 I AconfigPackage: android.media.swcodec.flags is mapped to com.android.media.swcodec
05-01 18:04:47.936 13325 13325 I AconfigPackage: com.android.permission.flags is mapped to com.android.permission
05-01 18:04:47.936 13325 13325 I AconfigPackage: com.android.permissioncontroller.flags is mapped to com.android.permission
05-01 18:04:47.936 13325 13325 I AconfigPackage: com.android.icu is mapped to com.android.i18n
05-01 18:04:47.937 13325 13325 I AconfigPackage: com.android.appsearch.flags is mapped to com.android.appsearch
05-01 18:04:47.937 13325 13325 I AconfigPackage: android.uprobestats.mainline.flags is mapped to com.android.uprobestats
05-01 18:04:47.937 13325 13325 I AconfigPackage: com.android.crashrecovery.flags is mapped to com.android.crashrecovery
05-01 18:04:47.938 13325 13325 I AconfigPackage: android.provider.flags is mapped to com.android.configinfrastructure
05-01 18:04:47.938 13325 13325 I AconfigPackage: com.android.server.deviceconfig is mapped to com.android.configinfrastructure
05-01 18:04:47.938 13325 13325 I AconfigPackage: com.android.art.flags is mapped to com.android.art
05-01 18:04:47.938 13325 13325 I AconfigPackage: com.android.art.rw.flags is mapped to com.android.art
05-01 18:04:47.938 13325 13325 I AconfigPackage: com.android.libcore is mapped to com.android.art
05-01 18:04:47.938 13325 13325 I AconfigPackage: com.android.telephony.flags is mapped to com.android.telephonycore
05-01 18:04:47.939 13325 13325 I AconfigPackage: com.android.media.extractor.flags is mapped to com.android.media
05-01 18:04:47.939 13325 13325 I AconfigPackage: com.android.media.mainline.flags is mapped to com.android.media
05-01 18:04:47.940 13325 13325 I AconfigPackage: com.android.wifi.flags is mapped to com.android.wifi
05-01 18:04:47.940 13325 13325 I AconfigPackage: com.android.org.conscrypt.flags is mapped to com.android.conscrypt
05-01 18:04:47.940 13325 13325 I AconfigPackage: com.android.org.conscrypt.net.flags is mapped to com.android.conscrypt
05-01 18:04:47.940 13325 13325 I AconfigPackage: com.android.healthfitness.flags is mapped to com.android.healthfitness
05-01 18:04:47.943 13325 13325 I AconfigPackage: com.android.ipsec.flags is mapped to com.android.ipsec
05-01 18:04:47.943 13325 13325 I AconfigPackage: com.android.nfc.module.flags is mapped to com.android.nfcservices
05-01 18:04:47.944 13325 13325 I AconfigPackage: com.android.adservices.ondevicepersonalization.flags is mapped to com.android.ondevicepersonalization
05-01 18:04:47.944 13325 13325 I AconfigPackage: com.android.adbd.flags is mapped to com.android.adbd
05-01 18:04:47.945 13325 13325 I AconfigPackage: com.android.bluetooth.flags is mapped to com.android.bt
05-01 18:04:47.946 13325 13325 I AconfigPackage: com.android.devicelock.flags is mapped to com.android.devicelock
05-01 18:04:47.947 13325 13325 I AconfigPackage: android.os.profiling is mapped to com.android.profiling
05-01 18:04:47.947 13325 13325 I AconfigPackage: android.os.profiling.anomaly.flags is mapped to com.android.profiling
05-01 18:04:47.947 13325 13325 I AconfigPackage: com.android.os.statsd.flags is mapped to com.android.os.statsd
05-01 18:04:47.947 13325 13325 I AconfigPackage: com.android.rkpd.flags is mapped to com.android.rkpd
05-01 18:04:47.947 13325 13325 I AconfigPackage: com.android.cellbroadcastreceiver.flags is mapped to com.android.cellbroadcast
05-01 18:04:47.948 13325 13325 I AconfigPackage: com.android.adservices.flags is mapped to com.android.adservices
05-01 18:04:47.948 13325 13325 I AconfigPackage: com.android.sdksandbox.flags is mapped to com.android.adservices
05-01 18:04:47.948 13325 13325 I AconfigPackage: com.android.uwb.flags is mapped to com.android.uwb
05-01 18:04:47.948 13325 13325 I AconfigPackage: com.android.ranging.flags is mapped to com.android.uwb
05-01 18:04:47.948 13325 13325 I AconfigPackage: android.graphics.pdf.flags is mapped to com.android.mediaprovider
05-01 18:04:47.948 13325 13325 I AconfigPackage: com.android.providers.media.flags is mapped to com.android.mediaprovider
05-01 18:04:47.948 13325 13325 I AconfigPackage: android.graphics.pdf.flags.readonly is mapped to com.android.mediaprovider
05-01 18:04:47.949 13325 13325 I AconfigPackage: com.android.tethering.mainline.beta is mapped to com.android.tethering
05-01 18:04:47.949 13325 13325 I AconfigPackage: android.net.http is mapped to com.android.tethering
05-01 18:04:47.949 13325 13325 I AconfigPackage: com.android.tethering.readonly.flags is mapped to com.android.tethering
05-01 18:04:47.949 13325 13325 I AconfigPackage: android.net.vcn is mapped to com.android.tethering
05-01 18:04:47.949 13325 13325 I AconfigPackage: com.android.net.flags is mapped to com.android.tethering
05-01 18:04:47.949 13325 13325 I AconfigPackage: com.android.tethering.beta.test is mapped to com.android.tethering
05-01 18:04:47.949 13325 13325 I AconfigPackage: com.android.nearby.flags is mapped to com.android.tethering
05-01 18:04:47.949 13325 13325 I AconfigPackage: com.android.net.ct.flags is mapped to com.android.tethering
05-01 18:04:47.949 13325 13325 I AconfigPackage: com.android.net.thread.flags is mapped to com.android.tethering
05-01 18:04:47.949 13325 13325 I AconfigPackage: com.android.system.virtualmachine.flags is mapped to com.android.virt
05-01 18:04:47.949 13325 13325 E FeatureFlagsImplExport: android.os.flagging.AconfigStorageReadException: ERROR_PACKAGE_NOT_FOUND: package android.xr cannot be found on the device
05-01 18:04:47.952 13325 13325 D UiAutomationConnection: Created on user UserHandle{0}
05-01 18:04:47.952 13325 13325 I UiAutomation: Initialized for user 0 on display 0
05-01 18:04:47.952 13325 13325 W UiAutomation: Created with deprecatead constructor, assumes DEFAULT_DISPLAY
05-01 18:04:47.957  2599  3697 D AccessibilityManagerService: changeCurrentUserForTestAutomationIfNeededLocked(0): ignoring because device doesn't support visible background users
05-01 18:04:47.958  2599  3697 I UiAutomationManager: Registering UiTestAutomationService (id=com.android.server.accessibility/UiAutomation, flags=0x0) when called by user 0
05-01 18:04:47.959  2599  3697 V AccessibilityManagerService: onUserStateChangedLocked for userId: 0, forceUpdate: false
05-01 18:04:47.961  2599  3697 V AccessibilityUserState: updateShortcutTargets: type:accessibility_shortcut_target_service, current:{}, new:{}
05-01 18:04:47.961  2599  3697 V AccessibilityUserState: updateShortcutTargets: type:accessibility_button_targets, current:{}, new:{}
05-01 18:04:47.961  2599  3697 V AccessibilityUserState: updateShortcutTargets: type:accessibility_gesture_targets, current:{}, new:{}
05-01 18:04:47.961  2599  3697 V AccessibilityUserState: updateShortcutTargets: type:accessibility_qs_targets, current:{}, new:{}
05-01 18:04:47.961  2599  3697 V AccessibilityUserState: updateShortcutTargets: type:accessibility_key_gesture_targets, current:{}, new:{}
05-01 18:04:47.961  2599  3697 W MagnificationConnectionManager: requestConnection duplicated request: connect=false, mConnectionState=DISCONNECTED
05-01 18:04:47.967  3482  4183 I AiAiEcho: Settings changed for uri: content://settings/secure/accessibility_enabled
05-01 18:04:47.970  2599  2599 W libbinder.IPCThreadState: Sending oneway calls to frozen process.
05-01 18:04:47.971  2599  2599 W libbinder.IPCThreadState: Sending oneway calls to frozen process.
05-01 18:04:47.971  2599  2599 W libbinder.IPCThreadState: Sending oneway calls to frozen process.
05-01 18:04:47.971  2599  2599 W libbinder.IPCThreadState: Sending oneway calls to frozen process.
05-01 18:04:47.994  2599  2599 W libbinder.IPCThreadState: Sending oneway calls to frozen process.
05-01 18:04:47.994  2599  2599 W libbinder.IPCThreadState: Sending oneway calls to frozen process.
05-01 18:04:47.994  2599  2599 W libbinder.IPCThreadState: Sending oneway calls to frozen process.
05-01 18:04:47.994  2599  2599 W libbinder.IPCThreadState: Sending oneway calls to frozen process.
05-01 18:04:47.996  2599  2599 W libbinder.IPCThreadState: Sending oneway calls to frozen process.
05-01 18:04:47.996  2599  2599 W libbinder.IPCThreadState: Sending oneway calls to frozen process.
05-01 18:04:47.996  2599  2599 W libbinder.IPCThreadState: Sending oneway calls to frozen process.
05-01 18:04:47.996  2599  2599 W libbinder.IPCThreadState: Sending oneway calls to frozen process.
05-01 18:04:48.000  2599  2599 D BatterySaverPolicy: accessibility changed to true, updating policy.
05-01 18:04:48.000  2599  3697 V AccessibilityManagerService: onUserStateChangedLocked for userId: 0, forceUpdate: false
05-01 18:04:48.001  2599  3697 V AccessibilityUserState: updateShortcutTargets: type:accessibility_shortcut_target_service, current:{}, new:{}
05-01 18:04:48.001  2599  3697 V AccessibilityUserState: updateShortcutTargets: type:accessibility_button_targets, current:{}, new:{}
05-01 18:04:48.001  2599  3697 V AccessibilityUserState: updateShortcutTargets: type:accessibility_gesture_targets, current:{}, new:{}
05-01 18:04:48.001  2599  3697 V AccessibilityUserState: updateShortcutTargets: type:accessibility_qs_targets, current:{}, new:{}
05-01 18:04:48.001  2599  3697 V AccessibilityUserState: updateShortcutTargets: type:accessibility_key_gesture_targets, current:{}, new:{}
05-01 18:04:48.001  2599  3697 W MagnificationConnectionManager: requestConnection duplicated request: connect=false, mConnectionState=DISCONNECTED
05-01 18:04:48.003  2599  2599 W libbinder.IPCThreadState: Sending oneway calls to frozen process.
05-01 18:04:48.003  2599  2599 W libbinder.IPCThreadState: Sending oneway calls to frozen process.
05-01 18:04:48.003  2599  2599 W libbinder.IPCThreadState: Sending oneway calls to frozen process.
05-01 18:04:48.003  2599  2599 W libbinder.IPCThreadState: Sending oneway calls to frozen process.
05-01 18:04:48.023  2599  2599 W libbinder.IPCThreadState: Sending oneway calls to frozen process.
05-01 18:04:48.023  2599  2599 W libbinder.IPCThreadState: Sending oneway calls to frozen process.
05-01 18:04:48.023  2599  2599 W libbinder.IPCThreadState: Sending oneway calls to frozen process.
05-01 18:04:48.023  2599  2599 W libbinder.IPCThreadState: Sending oneway calls to frozen process.
05-01 18:04:48.033  2599  2614 D AccessibilityManagerService: .getAccessibilityShortcutTargets {shortcutType=32, userId=0}
05-01 18:04:48.048  3482  4183 I AiAiEcho: Settings changed for uri: content://settings/secure/accessibility_enabled
05-01 18:04:48.049  3482  3713 I AiAiEcho: Predicting[0]:  [CONTEXT sampling_count=5 ]
05-01 18:04:48.049  3482  3713 I AiAiEcho: EchoTargets: 
05-01 18:04:48.049  3482  3713 I AiAiEcho: Filtered by AiAi flag check: 
05-01 18:04:48.049  3482  3713 I AiAiEcho: [CONTEXT ratelimit_period="10 SECONDS" ]
05-01 18:04:48.052  3482  3713 I AiAiEcho: #remoteViewsTwiddler: feature disabled.
05-01 18:04:48.053  3482  3713 I AiAiEcho: Predicting[0]:  [CONTEXT sampling_count=5 ]
05-01 18:04:48.053  3482  3713 I AiAiEcho: EchoTargets: 
05-01 18:04:48.053  3482  3713 I AiAiEcho: Filtered by AiAi flag check: 
05-01 18:04:48.053  3482  3713 I AiAiEcho: [CONTEXT ratelimit_period="10 SECONDS" ]
05-01 18:04:48.054  3482  3713 I AiAiEcho: #remoteViewsTwiddler: feature disabled.
05-01 18:04:48.054  3482  3713 I AiAiEcho: Predicting[0]:  [CONTEXT sampling_count=5 ]
05-01 18:04:48.054  3482  3713 I AiAiEcho: EchoTargets: 
05-01 18:04:48.054  3482  3713 I AiAiEcho: Filtered by AiAi flag check: 
05-01 18:04:48.054  3482  3713 I AiAiEcho: [CONTEXT ratelimit_period="10 SECONDS" ]
05-01 18:04:48.054  3482  3713 I AiAiEcho: #remoteViewsTwiddler: feature disabled.
05-01 18:04:48.054  3482  3713 I AiAiEcho: Predicting[0]:  [CONTEXT sampling_count=5 ]
05-01 18:04:48.054  3482  3713 I AiAiEcho: EchoTargets: 
05-01 18:04:48.054  3482  3713 I AiAiEcho: Filtered by AiAi flag check: 
05-01 18:04:48.054  3482  3713 I AiAiEcho: [CONTEXT ratelimit_period="10 SECONDS" ]
05-01 18:04:48.054  3482  3713 I AiAiEcho: #remoteViewsTwiddler: feature disabled.
05-01 18:04:48.054  3482  3713 I AiAiEcho: Predicting[0]:  [CONTEXT sampling_count=5 ]
05-01 18:04:48.054  3482  3713 I AiAiEcho: EchoTargets: 
05-01 18:04:48.054  3482  3713 I AiAiEcho: Filtered by AiAi flag check: 
05-01 18:04:48.054  3482  3713 I AiAiEcho: [CONTEXT ratelimit_period="10 SECONDS" ]
05-01 18:04:48.054  3482  3713 I AiAiEcho: #remoteViewsTwiddler: feature disabled.
05-01 18:04:48.055  3482  3713 I AiAiEcho: Predicting[0]:  [CONTEXT sampling_count=5 ]
05-01 18:04:48.055  3482  3713 I AiAiEcho: EchoTargets: 
05-01 18:04:48.055  3482  3713 I AiAiEcho: Filtered by AiAi flag check: 
05-01 18:04:48.055  3482  3713 I AiAiEcho: [CONTEXT ratelimit_period="10 SECONDS" ]
05-01 18:04:48.055  3482  3713 I AiAiEcho: #remoteViewsTwiddler: feature disabled.
05-01 18:04:48.057  3482  3713 I AiAiEcho: #postPredictionTargets: Sending updates to UISurface ambientcue with targets# 0 (types=[])
05-01 18:04:48.059  3482  3713 I AiAiEcho: #postPredictionTargets: Sending updates to UISurface home with targets# 0 (types=[])
05-01 18:04:48.059  2896  3022 I AmbientCueRepository: Receiving SmartSpace targets # 0
05-01 18:04:48.059  3482  3713 I AiAiEcho: #postPredictionTargets: Sending updates to UISurface lockscreen with targets# 0 (types=[])
05-01 18:04:48.060  3482  3713 I AiAiEcho: #postPredictionTargets: Sending updates to UISurface ambientcue with targets# 0 (types=[])
05-01 18:04:48.061  3482  3713 I AiAiEcho: #postPredictionTargets: Sending updates to UISurface home with targets# 0 (types=[])
05-01 18:04:48.065  2896  3022 I AmbientCueRepository: Receiving SmartSpace targets # 0
05-01 18:04:48.065  3482  3713 I AiAiEcho: #postPredictionTargets: Sending updates to UISurface lockscreen with targets# 0 (types=[])
05-01 18:04:48.076  2896  2896 W SsPagerDots: Total number of pages invalid: 0. Assuming 1 page.
05-01 18:04:48.076  2896  2896 W SsPagerDots: Total number of pages invalid: 0. Assuming 1 page.
05-01 18:04:48.094  3054  3142 D SatelliteController: iisInCarrierRoamingNbIotNtn: satellite is disabled
05-01 18:04:48.094  3054  3142 D SatelliteController: getCarrierRoamingNtnConnectType: Falling back to global carrier config connect type: 0
05-01 18:04:48.095  2599  3228 W libbinder.IPCThreadState: Sending oneway calls to frozen process.
05-01 18:04:48.266  2599  2742 D ActivityManager: freezing 4199 com.google.android.apps.wellbeing
05-01 18:04:48.275  2599  2802 D InetDiagMessage: Destroyed 0 sockets, proto=IPPROTO_TCP, family=AF_INET, states=14
05-01 18:04:48.275  2599  2802 D InetDiagMessage: Destroyed 0 sockets, proto=IPPROTO_TCP, family=AF_INET6, states=14
05-01 18:04:48.275  2599  2802 D InetDiagMessage: Destroyed live tcp sockets for uids={10159} in 1ms
05-01 18:04:49.150 13325 13325 W AccessibilityNodeInfoDumper: Fetch time: 65ms
05-01 18:04:49.155  2599  3228 V AccessibilityManagerService: onUserStateChangedLocked for userId: 0, forceUpdate: false
05-01 18:04:49.159  2599  3228 V AccessibilityUserState: updateShortcutTargets: type:accessibility_shortcut_target_service, current:{}, new:{}
05-01 18:04:49.159  2599  3228 V AccessibilityUserState: updateShortcutTargets: type:accessibility_button_targets, current:{}, new:{}
05-01 18:04:49.159  2599  3228 V AccessibilityUserState: updateShortcutTargets: type:accessibility_gesture_targets, current:{}, new:{}
05-01 18:04:49.159  2599  3228 V AccessibilityUserState: updateShortcutTargets: type:accessibility_qs_targets, current:{}, new:{}
05-01 18:04:49.159  2599  3228 V AccessibilityUserState: updateShortcutTargets: type:accessibility_key_gesture_targets, current:{}, new:{}
05-01 18:04:49.159  2599  3228 W MagnificationConnectionManager: requestConnection duplicated request: connect=false, mConnectionState=DISCONNECTED
05-01 18:04:49.159  2599  3228 D AccessibilityManagerService: restoreCurrentUserForTestAutomationIfNeededLocked(): ignoring because device doesn't support visible background users
05-01 18:04:49.159  2599  2599 W libbinder.IPCThreadState: Sending oneway calls to frozen process.
05-01 18:04:49.159  2599  2599 W libbinder.IPCThreadState: Sending oneway calls to frozen process.
05-01 18:04:49.159  2599  2599 W libbinder.IPCThreadState: Sending oneway calls to frozen process.
05-01 18:04:49.160  2599  2599 W libbinder.IPCThreadState: Sending oneway calls to frozen process.
05-01 18:04:49.160  2599  2599 W libbinder.IPCThreadState: Sending oneway calls to frozen process.
05-01 18:04:49.164  3482  6830 I AiAiEcho: Settings changed for uri: content://settings/secure/accessibility_enabled
05-01 18:04:49.164 13325 13337 W libbinder.IPCThreadState: call to talkWithDriver in joinThreadPool returned error: -9 (Bad file descriptor), FD: -1
05-01 18:04:49.166  2599  2599 W libbinder.IPCThreadState: Sending oneway calls to frozen process.
05-01 18:04:49.166  2599  2599 W libbinder.IPCThreadState: Sending oneway calls to frozen process.
05-01 18:04:49.166  2599  2599 W libbinder.IPCThreadState: Sending oneway calls to frozen process.
05-01 18:04:49.166  2599  2599 W libbinder.IPCThreadState: Sending oneway calls to frozen process.
05-01 18:04:49.166 13325 13340 W libbinder.IPCThreadState: call to talkWithDriver in joinThreadPool returned error: -9 (Bad file descriptor), FD: -1
05-01 18:04:49.166  2599  2599 W libbinder.IPCThreadState: Sending oneway calls to frozen process.
05-01 18:04:49.166  2599  2599 W libbinder.IPCThreadState: Sending oneway calls to frozen process.
05-01 18:04:49.166  2599  2599 W libbinder.IPCThreadState: Sending oneway calls to frozen process.
