05-01 17:22:03.197  2599  3705 W libbinder.Binder: Binder transaction to android.window.ITaskSnapshotManager code 1 took 1250ms. Data bytes: 104 Reply bytes: 448 Flags: 18
05-01 17:22:03.213  2599  3705 W WindowManager: takeTaskSnapshot: taskId=50 not found or not visible
05-01 17:22:03.231  3066  3066 D b/417220811: invalidateLoadedTasks - previous requestLoadId: -1
05-01 17:22:03.325  2526  2526 D Zygote  : Forked child process 10191
05-01 17:22:03.326  2599  2684 W ActivityManager: Slow operation: 3131ms so far, now at startProcess: returned from zygote!
05-01 17:22:03.326  2599  2684 W ActivityManager: Slow operation: 3131ms so far, now at startProcess: done updating battery stats
05-01 17:22:03.327  2599  2684 W ActivityManager: Slow operation: 3131ms so far, now at startProcess: building log message
05-01 17:22:03.327  2599  2684 I ActivityManager: Start proc 10191:com.signbridge/u0a234 for next-top-activity {com.signbridge/com.signbridge.MainActivity}
05-01 17:22:03.327  2599  2684 W ActivityManager: Slow operation: 3131ms so far, now at startProcess: starting to update pids map
05-01 17:22:03.327  2599  2684 W ActivityManager: Slow operation: 3132ms so far, now at startProcess: done updating pids map
05-01 17:22:03.545  3593  3593 D BoundBrokerSvc: onUnbind: Intent { act=com.google.android.gms.feedback.internal.IFeedbackService dat=chimera-action:/... xflg=0x4 cmp=com.google.android.gms/.chimera.GmsBoundBrokerService }
05-01 17:22:03.553  2896  2967 V WindowManagerShell: Transition animation finished (aborted=false), notifying core (#29) android.os.BinderProxy@8c90bf6@0
05-01 17:22:03.678  2599  2619 W Looper  : Slow dispatch took 115ms android.ui app=system_server main=false group=TOP_APP h=com.android.server.am.ActivityManagerService$UiHandler c=com.android.server.am.UidObserverController$$ExternalSyntheticLambda0@57d0042 m=0
05-01 17:22:03.698  2599  2618 V WindowManager: Finish Transition (#29): created at 05-01 17:21:59.248 collect-started=0.12ms request-sent=483.038ms started=2382.322ms ready=3481.869ms sent=3555.568ms commit=323.175ms finished=4432.338ms
05-01 17:22:03.731  2896  2967 V WindowManagerShell: Track 0 became idle
05-01 17:22:03.731  2896  2967 V WindowManagerShell: All active transition animations finished
05-01 17:22:03.865  2599  2742 D ActivityManager: freezing 5567 com.android.vending:background
05-01 17:22:03.879 10191 10191 I Zygote  : Process 10191 created for com.signbridge
05-01 17:22:03.879 10191 10191 I com.signbridge: Late-enabling -Xcheck:jni
05-01 17:22:03.947  2599  2802 D InetDiagMessage: Destroyed 0 sockets, proto=IPPROTO_TCP, family=AF_INET, states=14
05-01 17:22:03.950  2599  2802 D InetDiagMessage: Destroyed 0 sockets, proto=IPPROTO_TCP, family=AF_INET6, states=14
05-01 17:22:03.950  2599  2802 D InetDiagMessage: Destroyed live tcp sockets for uids={10153} in 32ms
05-01 17:22:04.044  3066  3066 D VRI[NexusLauncherActivity]: visibilityChanged oldVisibility=true newVisibility=false
05-01 17:22:04.110  3066  3066 D NexusLauncherModelDelegate: notifySmartspaceEvent: SmartspaceTargetEvent{mSmartspaceTarget=null, mSmartspaceActionId='null', mEventType=7}
05-01 17:22:04.166  2896  3196 D WallpaperService: onVisibilityChanged(false): com.android.systemui.wallpapers.ImageWallpaper$CanvasEngine@a55e8a6
05-01 17:22:04.374 10191 10191 I com.signbridge: Using CollectorTypeCMC GC.
05-01 17:22:04.578   563   621 I adbd    : jdwp connection from 10191
05-01 17:22:04.777 10191 10191 D nativeloader: Load libframework-connectivity-tiramisu-jni.so using APEX ns com_android_tethering for caller /apex/com.android.tethering/javalib/framework-connectivity-t.jar: ok
05-01 17:22:05.070  2599  3681 W libbinder.IPCThreadState: Sending oneway calls to frozen process.
05-01 17:22:05.073  3054  3142 D SatelliteController: iisInCarrierRoamingNbIotNtn: satellite is disabled
05-01 17:22:05.215  3054  3142 D SatelliteController: getCarrierRoamingNtnConnectType: Falling back to global carrier config connect type: 0
05-01 17:22:05.604  2599  2976 W ActivityManager: Slow operation: 60ms so far, now at attachApplicationLocked: before bindApplication
05-01 17:22:05.618  2599  2976 W ActivityManager: Slow operation: 74ms so far, now at attachApplicationLocked: immediately before bindApplication
05-01 17:22:05.645  2599  2976 W ActivityManager: Slow operation: 100ms so far, now at attachApplicationLocked: immediately after bindApplication
05-01 17:22:05.650  2599  2976 W ActivityManager: Slow operation: 106ms so far, now at attachApplicationLocked: after updateLruProcessLocked
05-01 17:22:05.668  2599  2848 D BackgroundInstallControlService: Package event received: 0
05-01 17:22:05.679  2599  2848 D BackgroundInstallControlService: Package event received: 0
05-01 17:22:05.710  2599  2976 W ActivityManager: Slow operation: 165ms so far, now at attachApplicationLocked: after updateOomAdjLocked
05-01 17:22:05.795  2599  2742 D ActivityManager: freezing 3301 com.google.android.permissioncontroller
05-01 17:22:05.796  2599  2796 I HalDevMgr: bestIfaceCreationProposal is null, requestIface=STA, existingIface=[name=wlan0 type=STA]
05-01 17:22:06.015  2599  2802 D InetDiagMessage: Destroyed 0 sockets, proto=IPPROTO_TCP, family=AF_INET, states=14
05-01 17:22:06.016  2599  2802 D InetDiagMessage: Destroyed 0 sockets, proto=IPPROTO_TCP, family=AF_INET6, states=14
05-01 17:22:06.016  2599  2802 D InetDiagMessage: Destroyed live tcp sockets for uids={10212} in 2ms
05-01 17:22:06.269 10191 10191 D ApplicationLoaders: Returning zygote-cached class loader: /system_ext/framework/androidx.window.extensions.jar
05-01 17:22:06.273 10191 10191 D ApplicationLoaders: Returning zygote-cached class loader: /system_ext/framework/androidx.window.sidecar.jar
05-01 17:22:07.346 10207 10207 W libbinder.BackendUnifiedServiceManager: Thread Pool max thread count is 0. Cannot cache binder as linkToDeath cannot be implemented. serviceName: package
05-01 17:22:07.962  2599  2609 W system_server: Suspending all threads took: 27.502ms
05-01 17:22:07.981  3593  5874 I cn_CronetUrlRequestContext: destroyNativeStreamLocked org.chromium.net.impl.CronetBidirectionalStream@46c19e5
05-01 17:22:08.100  3046  3052 I artd    : GetBestInfo: odex next to the dex file (/data/app/~~9zdI27-KZDEvVC_7GO9BLQ==/com.google.android.gms-zDijJikcKxb1i4ibdVh7KA==/oat/arm64/base.odex) is kOatUpToDate with filter 'speed-profile' executable 'false'
05-01 17:22:08.145  3046  3052 I artd    : GetBestInfo: odex next to the dex file (/data/app/~~9zdI27-KZDEvVC_7GO9BLQ==/com.google.android.gms-zDijJikcKxb1i4ibdVh7KA==/oat/arm64/split_AdsDynamite_installtime.odex) is kOatUpToDate with filter 'speed' executable 'false'
05-01 17:22:08.217  3046  3051 I artd    : GetBestInfo: odex next to the dex file (/data/app/~~9zdI27-KZDEvVC_7GO9BLQ==/com.google.android.gms-zDijJikcKxb1i4ibdVh7KA==/oat/arm64/split_CronetDynamite_installtime.odex) is kOatUpToDate with filter 'speed' executable 'false'
05-01 17:22:08.233  3046  3052 I artd    : GetBestInfo: odex next to the dex file (/data/app/~~9zdI27-KZDEvVC_7GO9BLQ==/com.google.android.gms-zDijJikcKxb1i4ibdVh7KA==/oat/arm64/split_DynamiteLoader_installtime.odex) is kOatUpToDate with filter 'speed' executable 'false'
05-01 17:22:08.328  3046  3051 I artd    : GetBestInfo: odex next to the dex file (/data/app/~~9zdI27-KZDEvVC_7GO9BLQ==/com.google.android.gms-zDijJikcKxb1i4ibdVh7KA==/oat/arm64/split_DynamiteModulesA_installtime.odex) is kOatUpToDate with filter 'speed' executable 'false'
05-01 17:22:08.345  3046  3051 I artd    : GetBestInfo: odex next to the dex file (/data/app/~~9zdI27-KZDEvVC_7GO9BLQ==/com.google.android.gms-zDijJikcKxb1i4ibdVh7KA==/oat/arm64/split_DynamiteModulesC_installtime.odex) is kOatUpToDate with filter 'speed' executable 'false'
05-01 17:22:08.364  3046  3051 I artd    : GetBestInfo: odex next to the dex file (/data/app/~~9zdI27-KZDEvVC_7GO9BLQ==/com.google.android.gms-zDijJikcKxb1i4ibdVh7KA==/oat/arm64/split_GoogleCertificates_installtime.odex) is kOatUpToDate with filter 'speed' executable 'false'
05-01 17:22:08.394  3046  3052 I artd    : GetBestInfo: odex next to the dex file (/data/app/~~9zdI27-KZDEvVC_7GO9BLQ==/com.google.android.gms-zDijJikcKxb1i4ibdVh7KA==/oat/arm64/split_MapsDynamite_installtime.odex) is kOatUpToDate with filter 'speed' executable 'false'
05-01 17:22:08.400  3046  3051 I artd    : GetBestInfo: odex next to the dex file (/data/app/~~9zdI27-KZDEvVC_7GO9BLQ==/com.google.android.gms-zDijJikcKxb1i4ibdVh7KA==/oat/arm64/split_MeasurementDynamite_installtime.odex) is kOatUpToDate with filter 'speed' executable 'false'
05-01 17:22:08.409  3046  3052 I artd    : GetBestInfo: /data/user_de/0/com.google.android.gms/app_chimera/m/00000024/dl-MlkitOcrCommon.optional_261332100400.apk has no usable artifacts
05-01 17:22:08.411  3046  3051 I artd    : GetBestInfo: /data/user_de/0/com.google.android.gms/app_chimera/m/00000001/CronetDynamite.apk has no usable artifacts
05-01 17:22:08.411  3046  3051 I artd    : GetBestInfo: /data/user_de/0/com.google.android.gms/app_chimera/m/00000002/DynamiteLoader.apk has no usable artifacts
05-01 17:22:08.418  3046  3052 W artd    : Could not get dex checksums for location /data/app/~~3fBXho8HaymPEUVbuDbDyw==/com.google.android.gms-lP3FhbDqyEae3o3ITSwEOg==/base.apk, fd=-1
05-01 17:22:08.418  3046  3051 W artd    : Could not get dex checksums for location /data/app/~~3fBXho8HaymPEUVbuDbDyw==/com.google.android.gms-lP3FhbDqyEae3o3ITSwEOg==/base.apk, fd=-1
05-01 17:22:08.443  3046  3052 I artd    : GetBestInfo: /data/user_de/0/com.google.android.gms/app_chimera/m/00000005/GoogleCertificates.apk has no usable artifacts
05-01 17:22:08.443  3046  3052 W artd    : Could not get dex checksums for location /data/app/~~3fBXho8HaymPEUVbuDbDyw==/com.google.android.gms-lP3FhbDqyEae3o3ITSwEOg==/base.apk, fd=-1
05-01 17:22:08.474  3046  3046 I artd    : GetBestInfo: /data/user_de/0/com.google.android.gms/app_chimera/m/0000000c/dl-PlayCloudSearch.optional_253434100000.apk has no usable artifacts
05-01 17:22:08.475  3046  3051 W artd    : Could not get dex checksums for location /data/app/~~3fBXho8HaymPEUVbuDbDyw==/com.google.android.gms-lP3FhbDqyEae3o3ITSwEOg==/base.apk, fd=-1
05-01 17:22:08.484  3046  3046 W artd    : Could not get dex checksums for location /data/app/~~3fBXho8HaymPEUVbuDbDyw==/com.google.android.gms-lP3FhbDqyEae3o3ITSwEOg==/base.apk, fd=-1
05-01 17:22:08.498  3046  3051 W artd    : Could not get dex checksums for location /data/app/~~3fBXho8HaymPEUVbuDbDyw==/com.google.android.gms-lP3FhbDqyEae3o3ITSwEOg==/base.apk, fd=-1
05-01 17:22:08.509  3046  3051 I artd    : GetBestInfo: /data/user_de/0/com.google.android.gms/app_chimera/m/00000009/dl-Appsearch.optional_253434100400.apk has no usable artifacts
05-01 17:22:08.529  3046  3051 I artd    : GetBestInfo: /data/user_de/0/com.google.android.gms/app_chimera/m/0000001f/dl-MlkitBarcodeUi.optional_261332100400.apk has no usable artifacts
05-01 17:22:08.538  3046  3046 I artd    : GetBestInfo: vdex next to the dex file (/data/user/0/com.google.android.gms/app_dg_cache/C979021594972B0BA2D39F27BF33D93C4B1302BC/oat/arm64/the.vdex) is kOatUpToDate with filter 'verify' executable 'false'
05-01 17:22:08.539  3046  3051 W artd    : Could not get dex checksums for location /data/app/~~3fBXho8HaymPEUVbuDbDyw==/com.google.android.gms-lP3FhbDqyEae3o3ITSwEOg==/base.apk, fd=-1
05-01 17:22:08.546  3046  3046 W artd    : Could not get dex checksums for location /data/app/~~3fBXho8HaymPEUVbuDbDyw==/com.google.android.gms-lP3FhbDqyEae3o3ITSwEOg==/base.apk, fd=-1
05-01 17:22:08.568  3046  3051 I artd    : GetBestInfo: /data/user_de/0/com.google.android.gms/app_chimera/m/0000001e/dl-VisionOcr.optional_261332100000.apk has no usable artifacts
05-01 17:22:08.596  3046  3046 I artd    : GetBestInfo: /data/user_de/0/com.google.android.gms/app_chimera/m/00000020/dl-PlayCloudSearch.optional_261332100000.apk has no usable artifacts
05-01 17:22:08.611  3046  3051 I artd    : GetBestInfo: vdex next to the dex file (/data/user/0/com.google.android.gms/app_dg_cache/707FFD883BF2A7896692338F9625CA52336E933B/oat/arm64/the.vdex) is kOatUpToDate with filter 'verify' executable 'false'
05-01 17:22:08.625  3046  3046 I artd    : GetBestInfo: /data/user_de/0/com.google.android.gms/app_chimera/m/00000019/dl-TfliteDynamiteDynamite.integ_252130102100400.apk has no usable artifacts
05-01 17:22:08.626  3046  3051 W artd    : Could not get dex checksums for location /data/app/~~3fBXho8HaymPEUVbuDbDyw==/com.google.android.gms-lP3FhbDqyEae3o3ITSwEOg==/base.apk, fd=-1
05-01 17:22:08.627  3046  3051 W artd    : Could not get dex checksums for location /data/app/~~dKAWhbpuAhXMPrgX8_uNaA==/com.android.vending-VlQnPVZ5qb-G_00QsqpjnQ==/base.apk, fd=-1
05-01 17:22:08.630  2599  2802 D InetDiagMessage: Destroyed 0 sockets, proto=IPPROTO_TCP, family=AF_INET, states=14
05-01 17:22:08.630  2599  2802 D InetDiagMessage: Destroyed 0 sockets, proto=IPPROTO_TCP, family=AF_INET6, states=14
05-01 17:22:08.630  2599  2802 D InetDiagMessage: Destroyed live tcp sockets for uids={10202} in 2ms
05-01 17:22:08.634  3046  3052 I artd    : GetBestInfo: /data/user_de/0/com.google.android.gms/app_chimera/m/00000021/dl-Appsearch.optional_261332100400.apk has no usable artifacts
05-01 17:22:08.635  2599  2802 D InetDiagMessage: Destroyed 0 sockets, proto=IPPROTO_TCP, family=AF_INET, states=14
05-01 17:22:08.636  2599  2802 D InetDiagMessage: Destroyed 0 sockets, proto=IPPROTO_TCP, family=AF_INET6, states=14
05-01 17:22:08.636  2599  2802 D InetDiagMessage: Destroyed live tcp sockets for uids={20202} in 2ms
05-01 17:22:08.652  3046  3046 I artd    : GetBestInfo: /data/user_de/0/com.google.android.gms/app_chimera/m/0000000b/dl-MlkitBarcodeUi.optional_253434100400.apk has no usable artifacts
05-01 17:22:08.753  2599  2952 W libbinder.Binder: Binder transaction to android.content.pm.IPackageManager code 1598311760 took 1405ms. Data bytes: 80 Reply bytes: 4 Flags: 16
05-01 17:22:08.962  2599  2796 I HalDevMgr: bestIfaceCreationProposal is null, requestIface=STA, existingIface=[name=wlan0 type=STA]
05-01 17:22:08.979  2599  2609 I system_server: Background young concurrent mark compact GC freed 20MB AllocSpace bytes, 12(364KB) LOS objects, 38% free, 38MB/62MB, paused 124.905ms,17.860ms total 1.549s
05-01 17:22:09.476 10191 10191 D nativeloader: Configuring clns-9 for other apk /data/app/~~jKPjPK3QWDjg0X6quWtLdg==/com.signbridge-0o1z9zvjt_b8bOGcstorcQ==/base.apk. target_sdk_version=36, uses_libraries=, library_path=/data/app/~~jKPjPK3QWDjg0X6quWtLdg==/com.signbridge-0o1z9zvjt_b8bOGcstorcQ==/lib/arm64:/data/app/~~jKPjPK3QWDjg0X6quWtLdg==/com.signbridge-0o1z9zvjt_b8bOGcstorcQ==/base.apk!/lib/arm64-v8a, permitted_path=/data:/mnt/expand:/data/user/0/com.signbridge
05-01 17:22:09.538 10191 10191 V GraphicsEnvironment: Currently set values for:
05-01 17:22:09.540 10191 10191 V GraphicsEnvironment:   angle_gl_driver_selection_pkgs=[]
05-01 17:22:09.540 10191 10191 V GraphicsEnvironment:   angle_gl_driver_selection_values=[]
05-01 17:22:09.540 10191 10191 V GraphicsEnvironment: com.signbridge is not listed in per-application setting
05-01 17:22:09.543 10191 10191 V GraphicsEnvironment: ANGLE allowlist from config: com.dreamgames.royalmatch com.dts.freefiremax com.dxx.firenow com.gramgames.mergedragons com.ludo.king com.mojang.minecraftpe com.my.defense com.nintendo.zaka com.os.airforce com.playrix.fishdomdd.gplay io.teslatech.callbreak jp.konami.prospia net.peakgames.toonblast
05-01 17:22:09.543 10191 10191 V GraphicsEnvironment: No special selections for ANGLE, returning default driver choice
05-01 17:22:09.543 10191 10191 V GraphicsEnvironment: Neither updatable production driver nor prerelease driver is supported.
05-01 17:22:09.636  2599  2621 W ActivityTaskManager: Launch timeout has expired, giving up wake lock!
05-01 17:22:09.826  2599  2848 D BackgroundInstallControlService: Package event received: 0
05-01 17:22:09.832  2599  2732 V Configuration: Updating configuration, locales updated from [] to [en_US]
05-01 17:22:09.832  2599  2732 V Configuration: Updating configuration, locales updated from [] to [en_US]
05-01 17:22:09.832  2599  2732 V Configuration: Updating configuration, locales updated from [] to [en_US]
05-01 17:22:09.832  2599  2732 V Configuration: Updating configuration, locales updated from [] to [en_US]
05-01 17:22:09.833  2599  2732 V Configuration: Updating configuration, locales updated from [] to [en_US]
05-01 17:22:09.833  2599  2732 V Configuration: Updating configuration, locales updated from [] to [en_US]
05-01 17:22:09.834  2599  2848 D BackgroundInstallControlService: Package event received: 0
05-01 17:22:09.877 10191 10212 I DisplayManager: Choreographer implicitly registered for the refresh rate.
05-01 17:22:09.979 10191 10191 D DesktopExperienceFlags: Toggle override initialized to: false
05-01 17:22:10.047 10191 10191 E ashmem  : Pinning is deprecated since Android Q. Please use trim or other methods.
05-01 17:22:10.141  4139  4143 W .gms.persistent: Suspending all threads took: 6.794ms
05-01 17:22:10.238 10191 10212 I GFXSTREAM: [eglDisplay.cpp(297)] Opening libGLESv1_CM_emulation.so
05-01 17:22:10.246 10191 10212 I GFXSTREAM: [eglDisplay.cpp(297)] Opening libGLESv2_emulation.so
05-01 17:22:10.267 10191 10191 D CompatChangeReporter: Compat change id reported: 377864165; UID 10234; state: ENABLED
05-01 17:22:10.271 10191 10191 D DesktopModeFlags: Toggle override initialized to: OVERRIDE_UNSET
05-01 17:22:10.356 10191 10212 W HWUI    : Failed to choose config with EGL_SWAP_BEHAVIOR_PRESERVED, retrying without...
05-01 17:22:10.364 10191 10212 W HWUI    : Failed to initialize 101010-2 format, error = EGL_SUCCESS
05-01 17:22:11.301 10191 10191 W HWUI    : Unknown dataspace 0
05-01 17:22:11.322  3054  3058 W m.android.phone: Suspending all threads took: 6.910ms
05-01 17:22:11.528 10191 10191 D WindowOnBackDispatcher: setTopOnBackInvokedCallback (unwrapped): android.app.Activity$$ExternalSyntheticLambda0@4987e23
05-01 17:22:11.565  2599  2952 D CoreBackPreview: Window{5ff3030 u0 com.signbridge/com.signbridge.MainActivity}: Setting back callback OnBackInvokedCallbackInfo{mCallback=android.window.IOnBackInvokedCallback$Stub$Proxy@34479cf, mPriority=-1, mIsAnimationCallback=false, mOverrideBehavior=0}
05-01 17:22:11.978  2599  2796 I HalDevMgr: bestIfaceCreationProposal is null, requestIface=STA, existingIface=[name=wlan0 type=STA]
05-01 17:22:12.956 10191 10191 I com.signbridge: hiddenapi: Accessing hidden method Landroid/os/SystemProperties;->addChangeCallback(Ljava/lang/Runnable;)V (runtime_flags=0, domain=platform, api=unsupported) from Landroidx/compose/ui/platform/AndroidComposeView$Companion; (domain=app, TargetSdkVersion=36) using reflection: allowed
05-01 17:22:13.479 10191 10191 I TextToSpeech: Sucessfully bound to com.google.android.tts
05-01 17:22:13.495  2599  2952 D TextToSpeechManagerPerUserService: Trying to start connection to TTS engine: com.google.android.tts
05-01 17:22:13.541  2599  2848 D BackgroundInstallControlService: Package event received: 0
05-01 17:22:13.666  2599  2599 D ActivityManager: sync unfroze 4522 com.google.android.tts for 6
05-01 17:22:13.705  2599  2848 D BackgroundInstallControlService: Package event received: 0
05-01 17:22:13.797  2599  2599 W Looper  : Slow dispatch took 222ms main app=system_server main=true group=FOREGROUND h=android.os.Handler c=com.android.internal.infra.ServiceConnector$Impl$$ExternalSyntheticLambda2@f5ce106 m=0
05-01 17:22:13.799  2599  2599 W Looper  : Slow delivery took 235ms main app=system_server main=true group=FOREGROUND h=com.android.server.alarm.AlarmManagerService$AlarmHandler c=android.app.ActivityManager$2$$ExternalSyntheticLambda0@7bfd3c7 m=0
05-01 17:22:13.963  2599  2742 D ActivityManager: freezing 3593 com.google.android.gms
05-01 17:22:13.997  3457  3647 I egip    : (REDACTED) appOpsListener %s %s
05-01 17:22:14.011  2599  2599 W Looper  : Slow dispatch took 212ms main app=system_server main=true group=FOREGROUND h=android.os.Handler c=android.telecom.Logging.SessionManager$$ExternalSyntheticLambda2@fdc7a7 m=0
05-01 17:22:14.021  2599  2742 D ActivityManager: freezing 5036 com.google.android.adservices.api
05-01 17:22:14.059  3457  3647 I egip    : (REDACTED) Ignoring irrelevant audio permission changes for package %s
05-01 17:22:14.470 10191 10191 D VRI[MainActivity]: WindowInsets changed: 1080x2400 statusBars:[0,63,0,0] navigationBars:[0,0,0,63] mandatorySystemGestures:[0,63,0,84] 
05-01 17:22:14.612 10191 10191 I HWUI    : Using FreeType backend (prop=Auto)
05-01 17:22:15.012  2599  2796 I HalDevMgr: bestIfaceCreationProposal is null, requestIface=STA, existingIface=[name=wlan0 type=STA]
05-01 17:22:15.053   561   645 W libbinder.ServiceManagerCppClient: Permission failure: android.permission.ACCESS_SURFACE_FLINGER from uid=10234 pid=0
05-01 17:22:15.053   561   645 D libbinder.PermissionCache: checking android.permission.ACCESS_SURFACE_FLINGER for uid=10234 => denied (591 us)
05-01 17:22:15.055   561   645 W libbinder.ServiceManagerCppClient: Permission failure: android.permission.ROTATE_SURFACE_FLINGER from uid=10234 pid=0
05-01 17:22:15.055   561   645 D libbinder.PermissionCache: checking android.permission.ROTATE_SURFACE_FLINGER for uid=10234 => denied (2002 us)
05-01 17:22:15.056   561   645 W libbinder.ServiceManagerCppClient: Permission failure: android.permission.INTERNAL_SYSTEM_WINDOW from uid=10234 pid=0
05-01 17:22:15.056   561   645 D libbinder.PermissionCache: checking android.permission.INTERNAL_SYSTEM_WINDOW for uid=10234 => denied (768 us)
05-01 17:22:15.059 10220 10220 D AndroidRuntime: >>>>>> START com.android.internal.os.RuntimeInit uid 2000 <<<<<<
05-01 17:22:15.061 10191 10191 D nativeloader: Load libstats_jni.so using APEX ns com_android_os_statsd for caller /apex/com.android.os.statsd/javalib/framework-statsd.jar: ok
05-01 17:22:15.342 10220 10220 I AndroidRuntime: Using default boot image
05-01 17:22:15.342 10220 10220 I AndroidRuntime: Leaving lock profiling enabled
05-01 17:22:15.479 10220 10220 I app_process: Using CollectorTypeCMC GC.
05-01 17:22:15.495  3054  3142 D SatelliteController: iisInCarrierRoamingNbIotNtn: satellite is disabled
05-01 17:22:15.548  2599  3681 W libbinder.IPCThreadState: Sending oneway calls to frozen process.
05-01 17:22:15.563  4522  4522 I GoogleTtsServicePeer: Creating Google TTS service, version googletts.google-speech-apk_20260316.02_p0.884694279
05-01 17:22:15.622  3054  3142 D SatelliteController: getCarrierRoamingNtnConnectType: Falling back to global carrier config connect type: 0
05-01 17:22:15.833  4522  4522 I ExoPlayerImpl: Init 181d125 [AndroidXMedia3/1.10.0-rc02] [emu64a, sdk_gphone64_arm64, Google, 36]
05-01 17:22:16.554  4522  4522 I ExoPlayerImpl: Init 99d82fa [AndroidXMedia3/1.10.0-rc02] [emu64a, sdk_gphone64_arm64, Google, 36]
05-01 17:22:16.674 10191 10228 E SurfaceSyncGroup: Failed to receive transaction ready in 1000ms. Marking SurfaceSyncGroup(wmsSync-VRI[MainActivity]#0) as ready
05-01 17:22:16.676 10191 10228 E SurfaceSyncGroup: Failed to receive transaction ready in 1000ms. Marking SurfaceSyncGroup(VRI[MainActivity]#1) as ready
05-01 17:22:16.681  2599  3681 W libbinder.ServiceManagerCppClient: Permission failure: android.permission.ACCESS_SURFACE_FLINGER from uid=10234 pid=0
05-01 17:22:16.681  2599  3681 D libbinder.PermissionCache: checking android.permission.ACCESS_SURFACE_FLINGER for uid=10234 => denied (254 us)
05-01 17:22:16.681  2599  3681 W libbinder.ServiceManagerCppClient: Permission failure: android.permission.ROTATE_SURFACE_FLINGER from uid=10234 pid=0
05-01 17:22:16.681  2599  3681 D libbinder.PermissionCache: checking android.permission.ROTATE_SURFACE_FLINGER for uid=10234 => denied (31 us)
05-01 17:22:16.681  2599  3681 W libbinder.ServiceManagerCppClient: Permission failure: android.permission.INTERNAL_SYSTEM_WINDOW from uid=10234 pid=0
05-01 17:22:16.681  2599  3681 D libbinder.PermissionCache: checking android.permission.INTERNAL_SYSTEM_WINDOW for uid=10234 => denied (17 us)
05-01 17:22:17.031  2599  2618 I ActivityTaskManager: Displayed com.signbridge/.MainActivity for user 0: +17s786ms
05-01 17:22:17.032  2599  2618 W Looper  : Slow dispatch took 216ms android.fg app=system_server main=false group=FOREGROUND h=android.os.Handler c=com.android.server.wm.ActivityMetricsLogger$$ExternalSyntheticLambda0@ad7178c m=0
05-01 17:22:17.044  2599  2618 W Looper  : Slow delivery took 220ms android.fg app=system_server main=false group=FOREGROUND h=android.os.Handler c=com.android.server.wm.ActivityMetricsLogger$$ExternalSyntheticLambda8@909ded5 m=0
05-01 17:22:17.265 10235 10235 W libbinder.BackendUnifiedServiceManager: Thread Pool max thread count is 0. Cannot cache binder as linkToDeath cannot be implemented. serviceName: package
05-01 17:22:17.392  4522  4522 I VoiceDataManager: checkData: Refreshing list of all available voices...
05-01 17:22:17.917  2896  3011 I Choreographer: Skipped 31 frames!  The application may be doing too much work on its main thread.
05-01 17:22:18.062  2599  2796 I HalDevMgr: bestIfaceCreationProposal is null, requestIface=STA, existingIface=[name=wlan0 type=STA]
05-01 17:22:18.287  2896  4185 I HWUI    : Davey! duration=935ms; Flags=0, FrameTimelineVsyncId=32266, IntendedVsync=2919404968808, Vsync=2919721635443, InputEventId=0, HandleInputStart=2919733834015, AnimationStart=2919733835474, PerformTraversalsStart=2919761569099, DrawStart=2919779674474, FrameDeadline=2919421635474, FrameStartTime=2919727314557, FrameInterval=16666665, WorkloadTarget=16666666, SyncQueued=2919790262099, SyncStart=2919813021641, IssueDrawCommandsStart=2919850021891, SwapBuffers=2920192889641, FrameCompleted=2920363113057, DequeueBufferDuration=144959, QueueBufferDuration=14426500, GpuCompleted=2920362832432, SwapBuffersCompleted=2920363113057, DisplayPresentTime=28429466572030067, CommandSubmissionCompleted=2920192889641, 
05-01 17:22:18.553 10191 10191 I Choreographer: Skipped 378 frames!  The application may be doing too much work on its main thread.
05-01 17:22:19.324 10191 10244 W com.signbridge: Verification of void androidx.profileinstaller.ProfileInstaller.<clinit>() took 155.369ms (96.54 bytecodes/s) (0B arena alloc)
05-01 17:22:19.578 10191 10244 W com.signbridge: Verification of void androidx.profileinstaller.ProfileInstaller.writeProfile(android.content.Context, java.util.concurrent.Executor, androidx.profileinstaller.ProfileInstaller$DiagnosticsCallback, boolean) took 193.380ms (713.62 bytecodes/s) (0B arena alloc)
05-01 17:22:19.701  2599  2623 I Choreographer: Skipped 42 frames!  The application may be doing too much work on its main thread.
05-01 17:22:19.712  2599  2619 W Looper  : Slow dispatch took 447ms android.ui app=system_server main=false group=TOP_APP h=com.android.server.am.ActivityManagerService$UiHandler c=com.android.server.am.UidObserverController$$ExternalSyntheticLambda0@57d0042 m=0
05-01 17:22:19.714  2599  2952 W ContentProviderHelper: Slow operation: 286ms so far, now at getContentProviderImpl: after updateOomAdj
05-01 17:22:19.714  2599  2952 W ContentProviderHelper: Slow operation: 287ms so far, now at getContentProviderImpl: done!
05-01 17:22:19.730  2599  2760 I ImeTracker: com.signbridge:18f955c: onRequestHide at ORIGIN_SERVER reason HIDE_UNSPECIFIED_WINDOW fromUser false
05-01 17:22:19.736  2599  2599 W Looper  : Drained
05-01 17:22:20.045  2599  2619 W Looper  : Slow dispatch took 332ms android.ui app=system_server main=false group=TOP_APP h=com.android.server.am.ActivityManagerService$UiHandler c=com.android.server.am.UidObserverController$$ExternalSyntheticLambda0@57d0042 m=0
05-01 17:22:20.046  2599  2619 W Looper  : Slow delivery took 253ms android.ui app=system_server main=false group=TOP_APP h=com.android.server.am.ActivityManagerService$UiHandler c=com.android.server.am.UidObserverController$$ExternalSyntheticLambda0@57d0042 m=0
05-01 17:22:20.336 10191 10244 D ProfileInstaller: Installing profile for com.signbridge
05-01 17:22:20.359  2599  2621 W ProcessStats: Tracking association SourceState{37340e8 system/1000 BFgs #60610} whose proc state 4 is better than process ProcessState{d7996d0 com.google.android.tts/10165 pkg=com.google.android.tts} proc state 14 (1 skipped)
05-01 17:22:20.385 10191 10191 D InsetsController: hide(ime())
05-01 17:22:20.450 10191 10191 I ImeTracker: com.signbridge:18f955c: onCancelled at PHASE_CLIENT_ALREADY_HIDDEN
05-01 17:22:20.462  2528  2528 W libbinder.IPCThreadState: Sending oneway calls to frozen process.
05-01 17:22:20.462 10220 10220 D nativeloader: InitDefaultPublicLibraries for_preload=1: libandroid.so:libaaudio.so:libamidi.so:libbinder_ndk.so:libc.so:libcamera2ndk.so:libdl.so:libEGL.so:libGLESv1_CM.so:libGLESv2.so:libGLESv3.so:libicu.so:libicui18n.so:libicuuc.so:libjnigraphics.so:liblog.so:libmediandk.so:libm.so:libnativehelper.so:libnativewindow.so:libOpenMAXAL.so:libOpenSLES.so:libRS.so:libstdc++.so:libsync.so:libvulkan.so:libwebviewchromium_plat_support.so:libz.so
05-01 17:22:20.468  2528  2528 W libbinder.Binder: Binder transaction to android.app.IUidObserver code 4 took 1502ms. Data bytes: 88 Reply bytes: 0 Flags: 17
05-01 17:22:20.638  4139  4242 I FontLog : (REDACTED) Received query %s, URI %s
05-01 17:22:20.667  4139  4242 I FontLog : (REDACTED) Query [%s] resolved to %s
05-01 17:22:20.774 10220 10220 D nativeloader: Load libicu_jni.so using APEX ns com_android_art for caller /apex/com.android.art/javalib/core-oj.jar: ok
05-01 17:22:20.775 10220 10220 D app_process: u_setTimeZoneFilesDirectory("/apex/com.android.tzdata/etc/tz/versioned/9/icu") succeeded. 
05-01 17:22:20.775 10220 10220 D app_process: I18n APEX ICU file found: /apex/com.android.i18n/etc/icu/icudt76l.dat
05-01 17:22:20.788 10220 10220 D nativeloader: Load libjavacore.so using APEX ns com_android_art for caller /apex/com.android.art/javalib/core-oj.jar: ok
05-01 17:22:20.795 10220 10220 D nativeloader: Load libopenjdk.so using APEX ns com_android_art for caller /apex/com.android.art/javalib/core-oj.jar: ok
05-01 17:22:20.798  4139  4242 I FontLog : (REDACTED) Fetch %s end status %s
05-01 17:22:20.813 10220 10220 I app_process: Priority-to-niceness mapping: 19, 16, 13, 10, 0, -2, -4, -5, -6, -8
05-01 17:22:20.824  3066  3066 D BaseActivity: Launcher flags updated: [] -[state_started]
05-01 17:22:20.847 10220 10220 W app_process: ClassLoaderContext shared library size mismatch. Expected=2, found=0 (PCL[]{PCL[/system/framework/android.test.base.jar*1947731759]#PCL[/system/framework/android.test.mock.jar*3673435773]} | PCL[])
05-01 17:22:20.859  3066  3066 D BaseDepthController: setSurface:
05-01 17:22:20.859  3066  3066 D BaseDepthController: 	mWaitingOnSurfaceValidity: false
05-01 17:22:20.859  3066  3066 D BaseDepthController: 	mBaseSurface: null
05-01 17:22:20.871 10220 10220 W app_process: ClassLoaderContext classpath size mismatch. expected=0, found=1 (PCL[]{PCL[/system/framework/android.test.runner.jar*3527284906]{PCL[/system/framework/android.test.base.jar*1947731759]#PCL[/system/framework/android.test.mock.jar*3673435773]}#PCL[/system/framework/android.test.base.jar*1947731759]} | PCL[/system/framework/android.test.runner.jar*3527284906])
05-01 17:22:20.875  3046  3046 I artd    : GetBestInfo: odex next to the dex file (/data/app/~~9zdI27-KZDEvVC_7GO9BLQ==/com.google.android.gms-zDijJikcKxb1i4ibdVh7KA==/oat/arm64/base.odex) is kOatUpToDate with filter 'speed-profile' executable 'false'
05-01 17:22:20.894  4139  4242 I FontLog : (REDACTED) Pulling font file for id = %d, cache size = %d
05-01 17:22:20.907  3046  3046 I artd    : GetBestInfo: odex next to the dex file (/data/app/~~9zdI27-KZDEvVC_7GO9BLQ==/com.google.android.gms-zDijJikcKxb1i4ibdVh7KA==/oat/arm64/split_AdsDynamite_installtime.odex) is kOatUpToDate with filter 'speed' executable 'false'
05-01 17:22:20.911  4522  4689 I VoiceDataDownloader: getAvailableVoicesInfo en-us
05-01 17:22:20.911  3066  3066 D BaseDepthController: mSurface is null and mCurrentBlur is: 0
05-01 17:22:20.919  3046  3046 I artd    : GetBestInfo: odex next to the dex file (/data/app/~~9zdI27-KZDEvVC_7GO9BLQ==/com.google.android.gms-zDijJikcKxb1i4ibdVh7KA==/oat/arm64/split_CronetDynamite_installtime.odex) is kOatUpToDate with filter 'speed' executable 'false'
05-01 17:22:20.928  3046  3046 I artd    : GetBestInfo: odex next to the dex file (/data/app/~~9zdI27-KZDEvVC_7GO9BLQ==/com.google.android.gms-zDijJikcKxb1i4ibdVh7KA==/oat/arm64/split_DynamiteLoader_installtime.odex) is kOatUpToDate with filter 'speed' executable 'false'
05-01 17:22:20.966  3046  3046 I artd    : GetBestInfo: odex next to the dex file (/data/app/~~9zdI27-KZDEvVC_7GO9BLQ==/com.google.android.gms-zDijJikcKxb1i4ibdVh7KA==/oat/arm64/split_DynamiteModulesA_installtime.odex) is kOatUpToDate with filter 'speed' executable 'false'
05-01 17:22:20.995  4139  4242 I FontLog : (REDACTED) Pulling font file for id = %d, cache size = %d
05-01 17:22:21.004  3046  3046 I artd    : GetBestInfo: odex next to the dex file (/data/app/~~9zdI27-KZDEvVC_7GO9BLQ==/com.google.android.gms-zDijJikcKxb1i4ibdVh7KA==/oat/arm64/split_DynamiteModulesC_installtime.odex) is kOatUpToDate with filter 'speed' executable 'false'
05-01 17:22:21.026  3046  3046 I artd    : GetBestInfo: odex next to the dex file (/data/app/~~9zdI27-KZDEvVC_7GO9BLQ==/com.google.android.gms-zDijJikcKxb1i4ibdVh7KA==/oat/arm64/split_GoogleCertificates_installtime.odex) is kOatUpToDate with filter 'speed' executable 'false'
05-01 17:22:21.107  3046  3046 I artd    : GetBestInfo: odex next to the dex file (/data/app/~~9zdI27-KZDEvVC_7GO9BLQ==/com.google.android.gms-zDijJikcKxb1i4ibdVh7KA==/oat/arm64/split_MapsDynamite_installtime.odex) is kOatUpToDate with filter 'speed' executable 'false'
05-01 17:22:21.111  3066  3066 D LauncherStateManager: StateManager.goToState: fromState: Normal, toState: Normal, partial trace:
05-01 17:22:21.111  3066  3066 D LauncherStateManager: 	at com.android.launcher3.statemanager.StateManager.moveToRestState(go/retraceme f3a19d912c87c27267cfbc05ba0bc7b202ab72a6648bd76225f5f7e128d94583:6)
05-01 17:22:21.111  3066  3066 D LauncherStateManager: 	at com.android.launcher3.statemanager.StateManager.moveToRestState(go/retraceme f3a19d912c87c27267cfbc05ba0bc7b202ab72a6648bd76225f5f7e128d94583:2)
05-01 17:22:21.111  3066  3066 D LauncherStateManager: 	at com.android.launcher3.statemanager.StatefulActivity.onStop(go/retraceme f3a19d912c87c27267cfbc05ba0bc7b202ab72a6648bd76225f5f7e128d94583:32)
05-01 17:22:21.116  3046  3046 I artd    : GetBestInfo: odex next to the dex file (/data/app/~~9zdI27-KZDEvVC_7GO9BLQ==/com.google.android.gms-zDijJikcKxb1i4ibdVh7KA==/oat/arm64/split_MeasurementDynamite_installtime.odex) is kOatUpToDate with filter 'speed' executable 'false'
05-01 17:22:21.125  2599  2796 I HalDevMgr: bestIfaceCreationProposal is null, requestIface=STA, existingIface=[name=wlan0 type=STA]
05-01 17:22:21.125  3046  3046 I artd    : GetBestInfo: /data/user_de/0/com.google.android.gms/app_chimera/m/00000024/dl-MlkitOcrCommon.optional_261332100400.apk has no usable artifacts
05-01 17:22:21.126  3066  3066 D LauncherStateManager: StateManager.onRepeatStateSetAborted: state: Normal
05-01 17:22:21.126  3046  3046 I artd    : GetBestInfo: /data/user_de/0/com.google.android.gms/app_chimera/m/00000001/CronetDynamite.apk has no usable artifacts
05-01 17:22:21.126  3046  3046 I artd    : GetBestInfo: /data/user_de/0/com.google.android.gms/app_chimera/m/00000002/DynamiteLoader.apk has no usable artifacts
05-01 17:22:21.126  3046  3046 W artd    : Could not get dex checksums for location /data/app/~~3fBXho8HaymPEUVbuDbDyw==/com.google.android.gms-lP3FhbDqyEae3o3ITSwEOg==/base.apk, fd=-1
05-01 17:22:21.128  3046  3046 W artd    : Could not get dex checksums for location /data/app/~~3fBXho8HaymPEUVbuDbDyw==/com.google.android.gms-lP3FhbDqyEae3o3ITSwEOg==/base.apk, fd=-1
05-01 17:22:21.129  3046  3046 I artd    : GetBestInfo: /data/user_de/0/com.google.android.gms/app_chimera/m/00000005/GoogleCertificates.apk has no usable artifacts
05-01 17:22:21.129  3046  3046 W artd    : Could not get dex checksums for location /data/app/~~3fBXho8HaymPEUVbuDbDyw==/com.google.android.gms-lP3FhbDqyEae3o3ITSwEOg==/base.apk, fd=-1
05-01 17:22:21.162  3046  3046 I artd    : GetBestInfo: /data/user_de/0/com.google.android.gms/app_chimera/m/0000000c/dl-PlayCloudSearch.optional_253434100000.apk has no usable artifacts
05-01 17:22:21.163  3046  3046 W artd    : Could not get dex checksums for location /data/app/~~3fBXho8HaymPEUVbuDbDyw==/com.google.android.gms-lP3FhbDqyEae3o3ITSwEOg==/base.apk, fd=-1
05-01 17:22:21.226  3046  3046 W artd    : Could not get dex checksums for location /data/app/~~3fBXho8HaymPEUVbuDbDyw==/com.google.android.gms-lP3FhbDqyEae3o3ITSwEOg==/base.apk, fd=-1
05-01 17:22:21.247 10220 10220 D nativeloader: Load libframework-connectivity-tiramisu-jni.so using APEX ns com_android_tethering for caller /apex/com.android.tethering/javalib/framework-connectivity-t.jar: ok
05-01 17:22:21.251 10220 10220 D AndroidRuntime: Calling main entry com.android.commands.uiautomator.Launcher
05-01 17:22:21.260  3046  3046 W artd    : Could not get dex checksums for location /data/app/~~3fBXho8HaymPEUVbuDbDyw==/com.google.android.gms-lP3FhbDqyEae3o3ITSwEOg==/base.apk, fd=-1
05-01 17:22:21.269  3066  3066 D ActivityContext: hideKeyboard
05-01 17:22:21.271  3066  3066 D ActivityContext: isImeShown: false
05-01 17:22:21.312  3046  3046 I artd    : GetBestInfo: /data/user_de/0/com.google.android.gms/app_chimera/m/00000009/dl-Appsearch.optional_253434100400.apk has no usable artifacts
05-01 17:22:21.314  4522  4689 I VoiceGenerator: Cache cleared
05-01 17:22:21.314  4522  4689 I VoiceDataManager: Calling onVoicesDataChange: updated voices
05-01 17:22:21.314  4522  4689 I VoiceDataManager: Calling onVoicesDataChange: updated voices
05-01 17:22:21.315  4522  4689 I VoiceDataManager: Calling onVoicesDataChange: updated voices
05-01 17:22:21.352  3046  3046 I artd    : GetBestInfo: /data/user_de/0/com.google.android.gms/app_chimera/m/0000001f/dl-MlkitBarcodeUi.optional_261332100400.apk has no usable artifacts
05-01 17:22:21.389  2599  3696 I ImeTracker: system_server:61143fcb: onRequestHide at ORIGIN_SERVER reason IME_REQUESTED_CHANGED_LISTENER fromUser false
05-01 17:22:21.420  3066  3066 D StatsLog: LAUNCHER_ONSTOP
05-01 17:22:21.438  3046  3046 I artd    : GetBestInfo: vdex next to the dex file (/data/user/0/com.google.android.gms/app_dg_cache/C979021594972B0BA2D39F27BF33D93C4B1302BC/oat/arm64/the.vdex) is kOatUpToDate with filter 'verify' executable 'false'
05-01 17:22:21.461 10220 10220 I AconfigPackage: android.media.swcodec.flags is mapped to com.android.media.swcodec
05-01 17:22:21.462 10220 10220 I AconfigPackage: com.android.permission.flags is mapped to com.android.permission
05-01 17:22:21.462 10220 10220 I AconfigPackage: com.android.permissioncontroller.flags is mapped to com.android.permission
05-01 17:22:21.462 10220 10220 I AconfigPackage: com.android.icu is mapped to com.android.i18n
05-01 17:22:21.476 10220 10220 I AconfigPackage: com.android.appsearch.flags is mapped to com.android.appsearch
05-01 17:22:21.476 10220 10220 I AconfigPackage: android.uprobestats.mainline.flags is mapped to com.android.uprobestats
05-01 17:22:21.485 10220 10220 I AconfigPackage: com.android.crashrecovery.flags is mapped to com.android.crashrecovery
05-01 17:22:21.509  2599  2621 I ImeTracker: system_server:61143fcb: onCancelled at PHASE_SERVER_SHOULD_HIDE
05-01 17:22:21.517 10220 10220 I AconfigPackage: android.provider.flags is mapped to com.android.configinfrastructure
05-01 17:22:21.517 10220 10220 I AconfigPackage: com.android.server.deviceconfig is mapped to com.android.configinfrastructure
05-01 17:22:21.518 10220 10220 I AconfigPackage: com.android.art.flags is mapped to com.android.art
05-01 17:22:21.524 10220 10220 I AconfigPackage: com.android.art.rw.flags is mapped to com.android.art
05-01 17:22:21.524 10220 10220 I AconfigPackage: com.android.libcore is mapped to com.android.art
05-01 17:22:21.539 10220 10220 I AconfigPackage: com.android.telephony.flags is mapped to com.android.telephonycore
05-01 17:22:21.541 10220 10220 I AconfigPackage: com.android.media.extractor.flags is mapped to com.android.media
05-01 17:22:21.541 10220 10220 I AconfigPackage: com.android.media.mainline.flags is mapped to com.android.media
05-01 17:22:21.568 10220 10220 I AconfigPackage: com.android.wifi.flags is mapped to com.android.wifi
05-01 17:22:21.573 10220 10220 I AconfigPackage: com.android.org.conscrypt.flags is mapped to com.android.conscrypt
05-01 17:22:21.576 10220 10220 I AconfigPackage: com.android.org.conscrypt.net.flags is mapped to com.android.conscrypt
05-01 17:22:21.589 10220 10220 I AconfigPackage: com.android.healthfitness.flags is mapped to com.android.healthfitness
05-01 17:22:21.594 10220 10220 I AconfigPackage: com.android.ipsec.flags is mapped to com.android.ipsec
05-01 17:22:21.596 10220 10220 I AconfigPackage: com.android.nfc.module.flags is mapped to com.android.nfcservices
05-01 17:22:21.598 10220 10220 I AconfigPackage: com.android.adservices.ondevicepersonalization.flags is mapped to com.android.ondevicepersonalization
05-01 17:22:21.598  3342  3342 I GoogleInputMethodService: GoogleInputMethodService.onFinishInput():2186 
05-01 17:22:21.598 10220 10220 I AconfigPackage: com.android.adbd.flags is mapped to com.android.adbd
05-01 17:22:21.599 10220 10220 I AconfigPackage: com.android.bluetooth.flags is mapped to com.android.bt
05-01 17:22:21.615 10220 10220 I AconfigPackage: com.android.devicelock.flags is mapped to com.android.devicelock
05-01 17:22:21.641  3046  3046 W artd    : Could not get dex checksums for location /data/app/~~3fBXho8HaymPEUVbuDbDyw==/com.google.android.gms-lP3FhbDqyEae3o3ITSwEOg==/base.apk, fd=-1
05-01 17:22:21.660 10220 10220 I AconfigPackage: android.os.profiling is mapped to com.android.profiling
05-01 17:22:21.660 10220 10220 I AconfigPackage: android.os.profiling.anomaly.flags is mapped to com.android.profiling
05-01 17:22:21.683 10220 10220 I AconfigPackage: com.android.os.statsd.flags is mapped to com.android.os.statsd
05-01 17:22:21.688 10220 10220 I AconfigPackage: com.android.rkpd.flags is mapped to com.android.rkpd
05-01 17:22:21.700 10220 10220 I AconfigPackage: com.android.cellbroadcastreceiver.flags is mapped to com.android.cellbroadcast
05-01 17:22:21.712 10220 10220 I AconfigPackage: com.android.adservices.flags is mapped to com.android.adservices
05-01 17:22:21.712 10220 10220 I AconfigPackage: com.android.sdksandbox.flags is mapped to com.android.adservices
05-01 17:22:21.712 10220 10220 I AconfigPackage: com.android.uwb.flags is mapped to com.android.uwb
05-01 17:22:21.712 10220 10220 I AconfigPackage: com.android.ranging.flags is mapped to com.android.uwb
05-01 17:22:21.712 10220 10220 I AconfigPackage: android.graphics.pdf.flags is mapped to com.android.mediaprovider
05-01 17:22:21.712 10220 10220 I AconfigPackage: com.android.providers.media.flags is mapped to com.android.mediaprovider
05-01 17:22:21.712 10220 10220 I AconfigPackage: android.graphics.pdf.flags.readonly is mapped to com.android.mediaprovider
05-01 17:22:21.712 10220 10220 I AconfigPackage: com.android.tethering.mainline.beta is mapped to com.android.tethering
05-01 17:22:21.712 10220 10220 I AconfigPackage: android.net.http is mapped to com.android.tethering
05-01 17:22:21.712 10220 10220 I AconfigPackage: com.android.tethering.readonly.flags is mapped to com.android.tethering
05-01 17:22:21.712 10220 10220 I AconfigPackage: android.net.vcn is mapped to com.android.tethering
05-01 17:22:21.712 10220 10220 I AconfigPackage: com.android.net.flags is mapped to com.android.tethering
05-01 17:22:21.713 10220 10220 I AconfigPackage: com.android.tethering.beta.test is mapped to com.android.tethering
05-01 17:22:21.713 10220 10220 I AconfigPackage: com.android.nearby.flags is mapped to com.android.tethering
05-01 17:22:21.713 10220 10220 I AconfigPackage: com.android.net.ct.flags is mapped to com.android.tethering
05-01 17:22:21.713 10220 10220 I AconfigPackage: com.android.net.thread.flags is mapped to com.android.tethering
05-01 17:22:21.723 10220 10220 I AconfigPackage: com.android.system.virtualmachine.flags is mapped to com.android.virt
05-01 17:22:21.773 10220 10220 E FeatureFlagsImplExport: android.os.flagging.AconfigStorageReadException: ERROR_PACKAGE_NOT_FOUND: package android.xr cannot be found on the device
05-01 17:22:21.819  3046  3046 W artd    : Could not get dex checksums for location /data/app/~~3fBXho8HaymPEUVbuDbDyw==/com.google.android.gms-lP3FhbDqyEae3o3ITSwEOg==/base.apk, fd=-1
05-01 17:22:21.849 10220 10220 D UiAutomationConnection: Created on user UserHandle{0}
05-01 17:22:21.849 10220 10220 I UiAutomation: Initialized for user 0 on display 0
05-01 17:22:21.849 10220 10220 W UiAutomation: Created with deprecatead constructor, assumes DEFAULT_DISPLAY
05-01 17:22:21.858  3046  3046 I artd    : GetBestInfo: /data/user_de/0/com.google.android.gms/app_chimera/m/0000001e/dl-VisionOcr.optional_261332100000.apk has no usable artifacts
05-01 17:22:21.930  3046  3046 I artd    : GetBestInfo: /data/user_de/0/com.google.android.gms/app_chimera/m/00000020/dl-PlayCloudSearch.optional_261332100000.apk has no usable artifacts
05-01 17:22:21.964  3046  3046 I artd    : GetBestInfo: vdex next to the dex file (/data/user/0/com.google.android.gms/app_dg_cache/707FFD883BF2A7896692338F9625CA52336E933B/oat/arm64/the.vdex) is kOatUpToDate with filter 'verify' executable 'false'
05-01 17:22:21.968  3066  3066 D StatsLog: LAUNCHER_GOOGLE_SEARCH_RESTORE_LIST_SIZE_AFTER_ACTIVITY_RESTART
05-01 17:22:21.974  3066  3066 I Choreographer: Skipped 32 frames!  The application may be doing too much work on its main thread.
05-01 17:22:21.996  3046  3046 I artd    : GetBestInfo: /data/user_de/0/com.google.android.gms/app_chimera/m/00000019/dl-TfliteDynamiteDynamite.integ_252130102100400.apk has no usable artifacts
05-01 17:22:21.996  2599  3696 D AccessibilityManagerService: changeCurrentUserForTestAutomationIfNeededLocked(0): ignoring because device doesn't support visible background users
05-01 17:22:21.999  2599  3696 I UiAutomationManager: Registering UiTestAutomationService (id=com.android.server.accessibility/UiAutomation, flags=0x0) when called by user 0
05-01 17:22:22.026  2599  3696 V AccessibilityManagerService: onUserStateChangedLocked for userId: 0, forceUpdate: false
05-01 17:22:22.029  3046  3046 W artd    : Could not get dex checksums for location /data/app/~~3fBXho8HaymPEUVbuDbDyw==/com.google.android.gms-lP3FhbDqyEae3o3ITSwEOg==/base.apk, fd=-1
05-01 17:22:22.045  3046  3046 W artd    : Could not get dex checksums for location /data/app/~~dKAWhbpuAhXMPrgX8_uNaA==/com.android.vending-VlQnPVZ5qb-G_00QsqpjnQ==/base.apk, fd=-1
05-01 17:22:22.078  3342  3342 I Module  : DeviceLockedStatusModuleProvider$Module.updateDeviceLockedStatus():103 repeatCheckTimes = 0, locked = false
05-01 17:22:22.093  3342  3342 W NotificationCenter: NotificationCenter$NotificationQueue.notifyPendingNotificationsOnExecutor():877 Heavy notify work detected on UI thread: [nkd->huu, nkd->nje, nkd->gsj, nkd->kzi, nkd->kzi, nkd->kzi, nkd->mjd, nkd->kzi, nkd->kzi, nkd->lcb, nkd->niv, nkd->pcd, nkd->kzi, nkd->kwp, nkd->kzi, nkd->kzi, nkd->prl, nkd->kzi, nkd->kzi, nkd->kzi, nkd->gvh, nkd->kzi, nkd->kzi] takes 145ms
05-01 17:22:22.094  3046  3046 I artd    : GetBestInfo: /data/user_de/0/com.google.android.gms/app_chimera/m/00000021/dl-Appsearch.optional_261332100400.apk has no usable artifacts
05-01 17:22:22.108  3046  3046 I artd    : GetBestInfo: /data/user_de/0/com.google.android.gms/app_chimera/m/0000000b/dl-MlkitBarcodeUi.optional_253434100400.apk has no usable artifacts
05-01 17:22:22.122  3342  3342 I GoogleInputMethodService: GoogleInputMethodService.onStartInput():1444 onStartInput(EditorInfo{EditorInfo{packageName=com.signbridge, inputType=0, inputTypeString=NULL, enableLearning=false, autoCorrection=false, autoComplete=false, imeOptions=0, privateImeOptions=null, actionName=UNSPECIFIED, actionLabel=null, initialSelStart=-1, initialSelEnd=-1, initialCapsMode=0, label=null, fieldId=0, fieldName=null, extras=null, hintText=null, hintLocales=[]}}, false)
05-01 17:22:22.132  3342  3342 W AndroidIME: LatinIMEBase.updateInputViewCoverNavigation():326 Null input view, cannot update padding!
05-01 17:22:22.164  2599  3696 V AccessibilityUserState: updateShortcutTargets: type:accessibility_shortcut_target_service, current:{}, new:{}
05-01 17:22:22.240  3342  3342 I Module  : DeviceLockedStatusModuleProvider$Module.updateDeviceLockedStatus():103 repeatCheckTimes = 1, locked = false
05-01 17:22:22.257  2599  3696 V AccessibilityUserState: updateShortcutTargets: type:accessibility_button_targets, current:{}, new:{}
05-01 17:22:22.258  2599  3696 V AccessibilityUserState: updateShortcutTargets: type:accessibility_gesture_targets, current:{}, new:{}
05-01 17:22:22.258  2599  3696 V AccessibilityUserState: updateShortcutTargets: type:accessibility_qs_targets, current:{}, new:{}
05-01 17:22:22.258  2599  3696 V AccessibilityUserState: updateShortcutTargets: type:accessibility_key_gesture_targets, current:{}, new:{}
05-01 17:22:22.258  2599  3696 W MagnificationConnectionManager: requestConnection duplicated request: connect=false, mConnectionState=DISCONNECTED
05-01 17:22:22.283  2599  2619 W Looper  : Drained
05-01 17:22:22.256  3342  3342 W NotificationCenter: NotificationCenter$NotificationQueue.notifyPendingNotificationsOnExecutor():877 Heavy notify work detected on UI thread: [nkd->huu, nkd->nje, nkd->gsj, nkd->kzi, nkd->kzi, nkd->kzi, nkd->mjd, nkd->kzi, nkd->kzi, nkd->lcb, nkd->niv, nkd->pcd, nkd->kzi, nkd->kwp, nkd->kzi, nkd->kzi, nkd->prl, nkd->kzi, nkd->kzi, nkd->kzi, nkd->gvh, nkd->kzi, nkd->kzi] takes 94ms
