--------- beginning of system
05-01 17:10:05.187  2599  2619 W Looper  : Slow dispatch took 135ms android.ui app=system_server main=false group=TOP_APP h=com.android.server.am.ActivityManagerService$UiHandler c=com.android.server.am.UidObserverController$$ExternalSyntheticLambda0@57d0042 m=0
--------- beginning of main
05-01 17:10:05.202  2599  2796 I HalDevMgr: bestIfaceCreationProposal is null, requestIface=STA, existingIface=[name=wlan0 type=STA]
05-01 17:10:05.877  3054  3142 D SatelliteController: iisInCarrierRoamingNbIotNtn: satellite is disabled
05-01 17:10:05.878  3054  3142 D SatelliteController: getCarrierRoamingNtnConnectType: Falling back to global carrier config connect type: 0
05-01 17:10:06.001  3540  3680 W Looper  : Drained
05-01 17:10:06.333  3593  7312 W IcingInternalCorpora: Failed to get Person Indexable for url:content://com.android.contacts/contacts/21245, java.util.concurrent.TimeoutException: Timed out waiting for Task
05-01 17:10:06.755  2599  2975 W libbinder.IPCThreadState: Sending oneway calls to frozen process.
05-01 17:10:06.808  9321  9321 W libbinder.BackendUnifiedServiceManager: Thread Pool max thread count is 0. Cannot cache binder as linkToDeath cannot be implemented. serviceName: package
05-01 17:10:06.969  3046  3052 I artd    : GetBestInfo: odex next to the dex file (/data/app/~~9zdI27-KZDEvVC_7GO9BLQ==/com.google.android.gms-zDijJikcKxb1i4ibdVh7KA==/oat/arm64/base.odex) is kOatUpToDate with filter 'speed-profile' executable 'false'
05-01 17:10:06.977  3046  3046 I artd    : GetBestInfo: odex next to the dex file (/data/app/~~9zdI27-KZDEvVC_7GO9BLQ==/com.google.android.gms-zDijJikcKxb1i4ibdVh7KA==/oat/arm64/split_AdsDynamite_installtime.odex) is kOatUpToDate with filter 'speed' executable 'false'
05-01 17:10:06.979  3046  3052 I artd    : GetBestInfo: odex next to the dex file (/data/app/~~9zdI27-KZDEvVC_7GO9BLQ==/com.google.android.gms-zDijJikcKxb1i4ibdVh7KA==/oat/arm64/split_CronetDynamite_installtime.odex) is kOatUpToDate with filter 'speed' executable 'false'
05-01 17:10:06.983  3046  3052 I artd    : GetBestInfo: odex next to the dex file (/data/app/~~9zdI27-KZDEvVC_7GO9BLQ==/com.google.android.gms-zDijJikcKxb1i4ibdVh7KA==/oat/arm64/split_DynamiteLoader_installtime.odex) is kOatUpToDate with filter 'speed' executable 'false'
05-01 17:10:06.988  3046  3052 I artd    : GetBestInfo: odex next to the dex file (/data/app/~~9zdI27-KZDEvVC_7GO9BLQ==/com.google.android.gms-zDijJikcKxb1i4ibdVh7KA==/oat/arm64/split_DynamiteModulesA_installtime.odex) is kOatUpToDate with filter 'speed' executable 'false'
05-01 17:10:06.993  3046  3046 I artd    : GetBestInfo: odex next to the dex file (/data/app/~~9zdI27-KZDEvVC_7GO9BLQ==/com.google.android.gms-zDijJikcKxb1i4ibdVh7KA==/oat/arm64/split_DynamiteModulesC_installtime.odex) is kOatUpToDate with filter 'speed' executable 'false'
05-01 17:10:06.996  3046  3046 I artd    : GetBestInfo: odex next to the dex file (/data/app/~~9zdI27-KZDEvVC_7GO9BLQ==/com.google.android.gms-zDijJikcKxb1i4ibdVh7KA==/oat/arm64/split_GoogleCertificates_installtime.odex) is kOatUpToDate with filter 'speed' executable 'false'
05-01 17:10:07.000  3046  3052 I artd    : GetBestInfo: odex next to the dex file (/data/app/~~9zdI27-KZDEvVC_7GO9BLQ==/com.google.android.gms-zDijJikcKxb1i4ibdVh7KA==/oat/arm64/split_MapsDynamite_installtime.odex) is kOatUpToDate with filter 'speed' executable 'false'
05-01 17:10:07.007  3046  3052 I artd    : GetBestInfo: odex next to the dex file (/data/app/~~9zdI27-KZDEvVC_7GO9BLQ==/com.google.android.gms-zDijJikcKxb1i4ibdVh7KA==/oat/arm64/split_MeasurementDynamite_installtime.odex) is kOatUpToDate with filter 'speed' executable 'false'
05-01 17:10:07.167  3046  3052 I artd    : GetBestInfo: /data/user_de/0/com.google.android.gms/app_chimera/m/00000024/dl-MlkitOcrCommon.optional_261332100400.apk has no usable artifacts
05-01 17:10:07.283  3046  3052 I artd    : GetBestInfo: /data/user_de/0/com.google.android.gms/app_chimera/m/00000001/CronetDynamite.apk has no usable artifacts
05-01 17:10:07.643  3046  3052 I artd    : GetBestInfo: /data/user_de/0/com.google.android.gms/app_chimera/m/00000002/DynamiteLoader.apk has no usable artifacts
05-01 17:10:07.837  3046  3052 W artd    : Could not get dex checksums for location /data/app/~~3fBXho8HaymPEUVbuDbDyw==/com.google.android.gms-lP3FhbDqyEae3o3ITSwEOg==/base.apk, fd=-1
05-01 17:10:07.911  2599  2619 W Looper  : Slow dispatch took 134ms android.ui app=system_server main=false group=TOP_APP h=com.android.server.am.ActivityManagerService$UiHandler c=com.android.server.am.UidObserverController$$ExternalSyntheticLambda0@57d0042 m=0
05-01 17:10:07.938  3046  3052 W artd    : Could not get dex checksums for location /data/app/~~3fBXho8HaymPEUVbuDbDyw==/com.google.android.gms-lP3FhbDqyEae3o3ITSwEOg==/base.apk, fd=-1
05-01 17:10:07.944  3046  3052 I artd    : GetBestInfo: /data/user_de/0/com.google.android.gms/app_chimera/m/00000005/GoogleCertificates.apk has no usable artifacts
05-01 17:10:07.945  3046  3052 W artd    : Could not get dex checksums for location /data/app/~~3fBXho8HaymPEUVbuDbDyw==/com.google.android.gms-lP3FhbDqyEae3o3ITSwEOg==/base.apk, fd=-1
05-01 17:10:07.952  3046  3052 I artd    : GetBestInfo: /data/user_de/0/com.google.android.gms/app_chimera/m/0000000c/dl-PlayCloudSearch.optional_253434100000.apk has no usable artifacts
05-01 17:10:07.956  3046  3052 W artd    : Could not get dex checksums for location /data/app/~~3fBXho8HaymPEUVbuDbDyw==/com.google.android.gms-lP3FhbDqyEae3o3ITSwEOg==/base.apk, fd=-1
05-01 17:10:07.957  4522  9313 W eve     : Request failed for unknown reason, see exception: 
05-01 17:10:07.957  3046  3052 W artd    : Could not get dex checksums for location /data/app/~~3fBXho8HaymPEUVbuDbDyw==/com.google.android.gms-lP3FhbDqyEae3o3ITSwEOg==/base.apk, fd=-1
05-01 17:10:07.962  4522  4690 I SP      : Requesting download of URL https://redirector.gvt1.com/edgedl/android/tts/v26/en-ng/en-ng-x-multi-r50.zvoice to en-ng-x-multi-r50.zvoice.fetched (constraints: m:b:u:l)
05-01 17:10:07.963  4522  9313 W eve     : Request failed for unknown reason, see exception: 
05-01 17:10:07.967  4522  4690 I SP      : Requesting download of URL https://redirector.gvt1.com/edgedl/android/tts/v26/en-ng/en-ng-x-multi-seanet-r50.zvoice to en-ng-x-multi-seanet-r50.zvoice.fetched (constraints: m:b:u:l)
05-01 17:10:07.974  3046  3052 W artd    : Could not get dex checksums for location /data/app/~~3fBXho8HaymPEUVbuDbDyw==/com.google.android.gms-lP3FhbDqyEae3o3ITSwEOg==/base.apk, fd=-1
05-01 17:10:07.979  3046  3052 I artd    : GetBestInfo: /data/user_de/0/com.google.android.gms/app_chimera/m/00000009/dl-Appsearch.optional_253434100400.apk has no usable artifacts
05-01 17:10:07.984  3046  3052 I artd    : GetBestInfo: /data/user_de/0/com.google.android.gms/app_chimera/m/0000001f/dl-MlkitBarcodeUi.optional_261332100400.apk has no usable artifacts
05-01 17:10:07.992  3046  3052 I artd    : GetBestInfo: vdex next to the dex file (/data/user/0/com.google.android.gms/app_dg_cache/C979021594972B0BA2D39F27BF33D93C4B1302BC/oat/arm64/the.vdex) is kOatUpToDate with filter 'verify' executable 'false'
05-01 17:10:07.998  3046  3046 W artd    : Could not get dex checksums for location /data/app/~~3fBXho8HaymPEUVbuDbDyw==/com.google.android.gms-lP3FhbDqyEae3o3ITSwEOg==/base.apk, fd=-1
05-01 17:10:08.024  3046  3046 W artd    : Could not get dex checksums for location /data/app/~~3fBXho8HaymPEUVbuDbDyw==/com.google.android.gms-lP3FhbDqyEae3o3ITSwEOg==/base.apk, fd=-1
05-01 17:10:08.031  3046  3046 I artd    : GetBestInfo: /data/user_de/0/com.google.android.gms/app_chimera/m/0000001e/dl-VisionOcr.optional_261332100000.apk has no usable artifacts
05-01 17:10:08.035  3046  3046 I artd    : GetBestInfo: /data/user_de/0/com.google.android.gms/app_chimera/m/00000020/dl-PlayCloudSearch.optional_261332100000.apk has no usable artifacts
05-01 17:10:08.044  3046  3046 I artd    : GetBestInfo: vdex next to the dex file (/data/user/0/com.google.android.gms/app_dg_cache/707FFD883BF2A7896692338F9625CA52336E933B/oat/arm64/the.vdex) is kOatUpToDate with filter 'verify' executable 'false'
05-01 17:10:08.048  3046  3046 I artd    : GetBestInfo: /data/user_de/0/com.google.android.gms/app_chimera/m/00000019/dl-TfliteDynamiteDynamite.integ_252130102100400.apk has no usable artifacts
05-01 17:10:08.049  3046  3046 W artd    : Could not get dex checksums for location /data/app/~~3fBXho8HaymPEUVbuDbDyw==/com.google.android.gms-lP3FhbDqyEae3o3ITSwEOg==/base.apk, fd=-1
05-01 17:10:08.055  3046  3046 W artd    : Could not get dex checksums for location /data/app/~~dKAWhbpuAhXMPrgX8_uNaA==/com.android.vending-VlQnPVZ5qb-G_00QsqpjnQ==/base.apk, fd=-1
05-01 17:10:08.059  3046  3046 I artd    : GetBestInfo: /data/user_de/0/com.google.android.gms/app_chimera/m/00000021/dl-Appsearch.optional_261332100400.apk has no usable artifacts
05-01 17:10:08.062  3046  3046 I artd    : GetBestInfo: /data/user_de/0/com.google.android.gms/app_chimera/m/0000000b/dl-MlkitBarcodeUi.optional_253434100400.apk has no usable artifacts
05-01 17:10:08.087  2599  2991 W libbinder.Binder: Binder transaction to android.content.pm.IPackageManager code 1598311760 took 1245ms. Data bytes: 80 Reply bytes: 4 Flags: 16
05-01 17:10:08.228  2599  2796 I HalDevMgr: bestIfaceCreationProposal is null, requestIface=STA, existingIface=[name=wlan0 type=STA]
05-01 17:10:10.416  2599  2619 W Looper  : Slow dispatch took 129ms android.ui app=system_server main=false group=TOP_APP h=com.android.server.am.ActivityManagerService$UiHandler c=com.android.server.am.UidObserverController$$ExternalSyntheticLambda0@57d0042 m=0
05-01 17:10:11.121  3593  7312 W IcingInternalCorpora: Failed to get Person Indexable for url:content://com.android.contacts/contacts/21368, java.util.concurrent.TimeoutException: Timed out waiting for Task
05-01 17:10:11.252  2599  2796 I HalDevMgr: bestIfaceCreationProposal is null, requestIface=STA, existingIface=[name=wlan0 type=STA]
05-01 17:10:12.927  9334  9334 D AndroidRuntime: >>>>>> START com.android.internal.os.RuntimeInit uid 2000 <<<<<<
05-01 17:10:12.937  9334  9334 I AndroidRuntime: Using default boot image
05-01 17:10:12.937  9334  9334 I AndroidRuntime: Leaving lock profiling enabled
05-01 17:10:12.942  9334  9334 I app_process: Using CollectorTypeCMC GC.
05-01 17:10:13.444  9334  9334 D nativeloader: InitDefaultPublicLibraries for_preload=1: libandroid.so:libaaudio.so:libamidi.so:libbinder_ndk.so:libc.so:libcamera2ndk.so:libdl.so:libEGL.so:libGLESv1_CM.so:libGLESv2.so:libGLESv3.so:libicu.so:libicui18n.so:libicuuc.so:libjnigraphics.so:liblog.so:libmediandk.so:libm.so:libnativehelper.so:libnativewindow.so:libOpenMAXAL.so:libOpenSLES.so:libRS.so:libstdc++.so:libsync.so:libvulkan.so:libwebviewchromium_plat_support.so:libz.so
05-01 17:10:13.467  9334  9334 D nativeloader: Load libicu_jni.so using APEX ns com_android_art for caller /apex/com.android.art/javalib/core-oj.jar: ok
05-01 17:10:13.467  9334  9334 D app_process: u_setTimeZoneFilesDirectory("/apex/com.android.tzdata/etc/tz/versioned/9/icu") succeeded. 
05-01 17:10:13.468  9334  9334 D app_process: I18n APEX ICU file found: /apex/com.android.i18n/etc/icu/icudt76l.dat
05-01 17:10:13.469  9334  9334 D nativeloader: Load libjavacore.so using APEX ns com_android_art for caller /apex/com.android.art/javalib/core-oj.jar: ok
05-01 17:10:13.471  9334  9334 D nativeloader: Load libopenjdk.so using APEX ns com_android_art for caller /apex/com.android.art/javalib/core-oj.jar: ok
05-01 17:10:13.473  9334  9334 I app_process: Priority-to-niceness mapping: 19, 16, 13, 10, 0, -2, -4, -5, -6, -8
05-01 17:10:13.475  9334  9334 W app_process: ClassLoaderContext shared library size mismatch. Expected=2, found=0 (PCL[]{PCL[/system/framework/android.test.base.jar*1947731759]#PCL[/system/framework/android.test.mock.jar*3673435773]} | PCL[])
05-01 17:10:13.477  9334  9334 W app_process: ClassLoaderContext classpath size mismatch. expected=0, found=1 (PCL[]{PCL[/system/framework/android.test.runner.jar*3527284906]{PCL[/system/framework/android.test.base.jar*1947731759]#PCL[/system/framework/android.test.mock.jar*3673435773]}#PCL[/system/framework/android.test.base.jar*1947731759]} | PCL[/system/framework/android.test.runner.jar*3527284906])
05-01 17:10:13.580  9334  9334 D nativeloader: Load libframework-connectivity-tiramisu-jni.so using APEX ns com_android_tethering for caller /apex/com.android.tethering/javalib/framework-connectivity-t.jar: ok
05-01 17:10:13.581  9334  9334 D AndroidRuntime: Calling main entry com.android.commands.uiautomator.Launcher
05-01 17:10:13.593  9334  9334 I AconfigPackage: android.media.swcodec.flags is mapped to com.android.media.swcodec
05-01 17:10:13.594  9334  9334 I AconfigPackage: com.android.permission.flags is mapped to com.android.permission
05-01 17:10:13.594  9334  9334 I AconfigPackage: com.android.permissioncontroller.flags is mapped to com.android.permission
05-01 17:10:13.594  9334  9334 I AconfigPackage: com.android.icu is mapped to com.android.i18n
05-01 17:10:13.594  9334  9334 I AconfigPackage: com.android.appsearch.flags is mapped to com.android.appsearch
05-01 17:10:13.594  9334  9334 I AconfigPackage: android.uprobestats.mainline.flags is mapped to com.android.uprobestats
05-01 17:10:13.595  9334  9334 I AconfigPackage: com.android.crashrecovery.flags is mapped to com.android.crashrecovery
05-01 17:10:13.595  9334  9334 I AconfigPackage: android.provider.flags is mapped to com.android.configinfrastructure
05-01 17:10:13.595  9334  9334 I AconfigPackage: com.android.server.deviceconfig is mapped to com.android.configinfrastructure
05-01 17:10:13.595  9334  9334 I AconfigPackage: com.android.art.flags is mapped to com.android.art
05-01 17:10:13.595  9334  9334 I AconfigPackage: com.android.art.rw.flags is mapped to com.android.art
05-01 17:10:13.596  9334  9334 I AconfigPackage: com.android.libcore is mapped to com.android.art
05-01 17:10:13.597  9334  9334 I AconfigPackage: com.android.telephony.flags is mapped to com.android.telephonycore
05-01 17:10:13.598  9334  9334 I AconfigPackage: com.android.media.extractor.flags is mapped to com.android.media
05-01 17:10:13.598  9334  9334 I AconfigPackage: com.android.media.mainline.flags is mapped to com.android.media
05-01 17:10:13.598  9334  9334 I AconfigPackage: com.android.wifi.flags is mapped to com.android.wifi
05-01 17:10:13.599  9334  9334 I AconfigPackage: com.android.org.conscrypt.flags is mapped to com.android.conscrypt
05-01 17:10:13.599  9334  9334 I AconfigPackage: com.android.org.conscrypt.net.flags is mapped to com.android.conscrypt
05-01 17:10:13.599  9334  9334 I AconfigPackage: com.android.healthfitness.flags is mapped to com.android.healthfitness
05-01 17:10:13.600  9334  9334 I AconfigPackage: com.android.ipsec.flags is mapped to com.android.ipsec
05-01 17:10:13.600  9334  9334 I AconfigPackage: com.android.nfc.module.flags is mapped to com.android.nfcservices
05-01 17:10:13.600  9334  9334 I AconfigPackage: com.android.adservices.ondevicepersonalization.flags is mapped to com.android.ondevicepersonalization
05-01 17:10:13.600  9334  9334 I AconfigPackage: com.android.adbd.flags is mapped to com.android.adbd
05-01 17:10:13.601  9334  9334 I AconfigPackage: com.android.bluetooth.flags is mapped to com.android.bt
05-01 17:10:13.602  9334  9334 I AconfigPackage: com.android.devicelock.flags is mapped to com.android.devicelock
05-01 17:10:13.602  9334  9334 I AconfigPackage: android.os.profiling is mapped to com.android.profiling
05-01 17:10:13.602  9334  9334 I AconfigPackage: android.os.profiling.anomaly.flags is mapped to com.android.profiling
05-01 17:10:13.602  9334  9334 I AconfigPackage: com.android.os.statsd.flags is mapped to com.android.os.statsd
05-01 17:10:13.603  9334  9334 I AconfigPackage: com.android.rkpd.flags is mapped to com.android.rkpd
05-01 17:10:13.603  9334  9334 I AconfigPackage: com.android.cellbroadcastreceiver.flags is mapped to com.android.cellbroadcast
05-01 17:10:13.603  9334  9334 I AconfigPackage: com.android.adservices.flags is mapped to com.android.adservices
05-01 17:10:13.603  9334  9334 I AconfigPackage: com.android.sdksandbox.flags is mapped to com.android.adservices
05-01 17:10:13.603  9334  9334 I AconfigPackage: com.android.uwb.flags is mapped to com.android.uwb
05-01 17:10:13.604  9334  9334 I AconfigPackage: com.android.ranging.flags is mapped to com.android.uwb
05-01 17:10:13.606  9334  9334 I AconfigPackage: android.graphics.pdf.flags is mapped to com.android.mediaprovider
05-01 17:10:13.606  9334  9334 I AconfigPackage: com.android.providers.media.flags is mapped to com.android.mediaprovider
05-01 17:10:13.606  9334  9334 I AconfigPackage: android.graphics.pdf.flags.readonly is mapped to com.android.mediaprovider
05-01 17:10:13.608  9334  9334 I AconfigPackage: com.android.tethering.mainline.beta is mapped to com.android.tethering
05-01 17:10:13.608  9334  9334 I AconfigPackage: android.net.http is mapped to com.android.tethering
05-01 17:10:13.608  9334  9334 I AconfigPackage: com.android.tethering.readonly.flags is mapped to com.android.tethering
05-01 17:10:13.608  9334  9334 I AconfigPackage: android.net.vcn is mapped to com.android.tethering
05-01 17:10:13.608  9334  9334 I AconfigPackage: com.android.net.flags is mapped to com.android.tethering
05-01 17:10:13.608  9334  9334 I AconfigPackage: com.android.tethering.beta.test is mapped to com.android.tethering
05-01 17:10:13.608  9334  9334 I AconfigPackage: com.android.nearby.flags is mapped to com.android.tethering
05-01 17:10:13.608  9334  9334 I AconfigPackage: com.android.net.ct.flags is mapped to com.android.tethering
05-01 17:10:13.608  9334  9334 I AconfigPackage: com.android.net.thread.flags is mapped to com.android.tethering
05-01 17:10:13.608  9334  9334 I AconfigPackage: com.android.system.virtualmachine.flags is mapped to com.android.virt
05-01 17:10:13.609  9334  9334 E FeatureFlagsImplExport: android.os.flagging.AconfigStorageReadException: ERROR_PACKAGE_NOT_FOUND: package android.xr cannot be found on the device
05-01 17:10:13.614  9334  9334 D UiAutomationConnection: Created on user UserHandle{0}
05-01 17:10:13.614  9334  9334 I UiAutomation: Initialized for user 0 on display 0
05-01 17:10:13.614  9334  9334 W UiAutomation: Created with deprecatead constructor, assumes DEFAULT_DISPLAY
05-01 17:10:13.630  2599  3695 D AccessibilityManagerService: changeCurrentUserForTestAutomationIfNeededLocked(0): ignoring because device doesn't support visible background users
05-01 17:10:13.630  2599  3695 I UiAutomationManager: Registering UiTestAutomationService (id=com.android.server.accessibility/UiAutomation, flags=0x0) when called by user 0
05-01 17:10:13.631  2599  3695 V AccessibilityManagerService: onUserStateChangedLocked for userId: 0, forceUpdate: false
05-01 17:10:13.633  2599  3695 V AccessibilityUserState: updateShortcutTargets: type:accessibility_shortcut_target_service, current:{}, new:{}
05-01 17:10:13.633  2599  3695 V AccessibilityUserState: updateShortcutTargets: type:accessibility_button_targets, current:{}, new:{}
05-01 17:10:13.633  2599  3695 V AccessibilityUserState: updateShortcutTargets: type:accessibility_gesture_targets, current:{}, new:{}
05-01 17:10:13.633  2599  3695 V AccessibilityUserState: updateShortcutTargets: type:accessibility_qs_targets, current:{}, new:{}
05-01 17:10:13.633  2599  3695 V AccessibilityUserState: updateShortcutTargets: type:accessibility_key_gesture_targets, current:{}, new:{}
05-01 17:10:13.633  2599  3695 W MagnificationConnectionManager: requestConnection duplicated request: connect=false, mConnectionState=DISCONNECTED
05-01 17:10:13.714  3482  6830 I AiAiEcho: Settings changed for uri: content://settings/secure/accessibility_enabled
05-01 17:10:13.740  3482  3713 I AiAiEcho: Predicting[0]:  [CONTEXT sampling_count=5 ]
05-01 17:10:13.741  3482  3713 I AiAiEcho: EchoTargets: 
05-01 17:10:13.741  3482  3713 I AiAiEcho: Filtered by AiAi flag check: 
05-01 17:10:13.741  3482  3713 I AiAiEcho: [CONTEXT ratelimit_period="10 SECONDS" ]
05-01 17:10:13.784  3482  3713 I AiAiEcho: #remoteViewsTwiddler: feature disabled.
05-01 17:10:13.796  3482  3713 I AiAiEcho: Predicting[0]:  [CONTEXT sampling_count=5 ]
05-01 17:10:13.796  3482  3713 I AiAiEcho: EchoTargets: 
05-01 17:10:13.796  3482  3713 I AiAiEcho: Filtered by AiAi flag check: 
05-01 17:10:13.796  3482  3713 I AiAiEcho: [CONTEXT ratelimit_period="10 SECONDS" ]
05-01 17:10:13.851  3482  3713 I AiAiEcho: #remoteViewsTwiddler: feature disabled.
05-01 17:10:13.852  3482  3713 I AiAiEcho: Predicting[0]:  [CONTEXT sampling_count=5 ]
05-01 17:10:13.848  2599  2599 W Looper  : Slow dispatch took 191ms main app=system_server main=true group=FOREGROUND h=com.android.server.accessibility.AccessibilityManagerService$MainHandler c=com.android.server.accessibility.UiAutomationManager$UiAutomationService$$ExternalSyntheticLambda0@a120b1e m=0
05-01 17:10:13.853  3482  3713 I AiAiEcho: EchoTargets: 
05-01 17:10:13.853  3482  3713 I AiAiEcho: Filtered by AiAi flag check: 
05-01 17:10:13.853  3482  3713 I AiAiEcho: [CONTEXT ratelimit_period="10 SECONDS" ]
05-01 17:10:13.854  3482  3713 I AiAiEcho: #remoteViewsTwiddler: feature disabled.
05-01 17:10:13.854  2599  2599 W Looper  : Slow delivery took 219ms main app=system_server main=true group=FOREGROUND h=com.android.server.accessibility.AccessibilityManagerService$MainHandler c=<recycled PooledLambda@62f284c> m=0
05-01 17:10:13.857  2599  2599 W libbinder.IPCThreadState: Sending oneway calls to frozen process.
05-01 17:10:13.857  2599  2599 W libbinder.IPCThreadState: Sending oneway calls to frozen process.
05-01 17:10:13.858  2599  2599 W libbinder.IPCThreadState: Sending oneway calls to frozen process.
05-01 17:10:13.858  2599  2599 W libbinder.IPCThreadState: Sending oneway calls to frozen process.
05-01 17:10:13.859  2599  2599 W libbinder.IPCThreadState: Sending oneway calls to frozen process.
05-01 17:10:13.859  2599  2599 W libbinder.IPCThreadState: Sending oneway calls to frozen process.
05-01 17:10:13.859  3482  3713 I AiAiEcho: #postPredictionTargets: Sending updates to UISurface ambientcue with targets# 0 (types=[])
05-01 17:10:13.860  2896  3022 I AmbientCueRepository: Receiving SmartSpace targets # 0
05-01 17:10:13.860  2599  2989 V AccessibilityManagerService: onUserStateChangedLocked for userId: 0, forceUpdate: false
05-01 17:10:13.862  3482  3713 I AiAiEcho: #postPredictionTargets: Sending updates to UISurface home with targets# 0 (types=[])
05-01 17:10:13.871  3482  6830 I AiAiEcho: Settings changed for uri: content://settings/secure/accessibility_enabled
05-01 17:10:13.875  3482  3713 I AiAiEcho: #postPredictionTargets: Sending updates to UISurface lockscreen with targets# 0 (types=[])
05-01 17:10:13.875  2599  2989 V AccessibilityUserState: updateShortcutTargets: type:accessibility_shortcut_target_service, current:{}, new:{}
05-01 17:10:13.875  2599  2989 V AccessibilityUserState: updateShortcutTargets: type:accessibility_button_targets, current:{}, new:{}
05-01 17:10:13.875  2599  2989 V AccessibilityUserState: updateShortcutTargets: type:accessibility_gesture_targets, current:{}, new:{}
05-01 17:10:13.875  3482  3713 I AiAiEcho: Predicting[0]:  [CONTEXT sampling_count=5 ]
05-01 17:10:13.877  2599  2989 V AccessibilityUserState: updateShortcutTargets: type:accessibility_qs_targets, current:{}, new:{}
05-01 17:10:13.881  2599  2989 V AccessibilityUserState: updateShortcutTargets: type:accessibility_key_gesture_targets, current:{}, new:{}
05-01 17:10:13.882  3482  3713 I AiAiEcho: EchoTargets: 
05-01 17:10:13.882  3482  3713 I AiAiEcho: Filtered by AiAi flag check: 
05-01 17:10:13.882  3482  3713 I AiAiEcho: [CONTEXT ratelimit_period="10 SECONDS" ]
05-01 17:10:13.882  2599  2989 W MagnificationConnectionManager: requestConnection duplicated request: connect=false, mConnectionState=DISCONNECTED
05-01 17:10:13.883  2599  2599 W libbinder.IPCThreadState: Sending oneway calls to frozen process.
05-01 17:10:13.883  2599  2599 W libbinder.IPCThreadState: Sending oneway calls to frozen process.
05-01 17:10:13.903  2599  2599 W libbinder.IPCThreadState: Sending oneway calls to frozen process.
05-01 17:10:13.903  2599  2599 W libbinder.IPCThreadState: Sending oneway calls to frozen process.
05-01 17:10:13.903  2599  2599 W libbinder.IPCThreadState: Sending oneway calls to frozen process.
05-01 17:10:13.903  2599  2599 W libbinder.IPCThreadState: Sending oneway calls to frozen process.
05-01 17:10:13.903  2599  2599 W libbinder.IPCThreadState: Sending oneway calls to frozen process.
05-01 17:10:13.903  2599  2599 W libbinder.IPCThreadState: Sending oneway calls to frozen process.
05-01 17:10:13.903  2599  2599 W libbinder.IPCThreadState: Sending oneway calls to frozen process.
05-01 17:10:13.903  2599  2599 W libbinder.IPCThreadState: Sending oneway calls to frozen process.
05-01 17:10:13.904  2599  2599 W libbinder.IPCThreadState: Sending oneway calls to frozen process.
05-01 17:10:13.904  2599  2599 W libbinder.IPCThreadState: Sending oneway calls to frozen process.
05-01 17:10:13.904  2599  2599 W libbinder.IPCThreadState: Sending oneway calls to frozen process.
05-01 17:10:13.904  2599  2599 W libbinder.IPCThreadState: Sending oneway calls to frozen process.
05-01 17:10:13.913  3482  3713 I AiAiEcho: #remoteViewsTwiddler: feature disabled.
05-01 17:10:13.922  3482  3713 I AiAiEcho: Predicting[0]:  [CONTEXT sampling_count=5 ]
05-01 17:10:13.922  3482  3713 I AiAiEcho: EchoTargets: 
05-01 17:10:13.922  3482  3713 I AiAiEcho: Filtered by AiAi flag check: 
05-01 17:10:13.922  3482  3713 I AiAiEcho: [CONTEXT ratelimit_period="10 SECONDS" ]
05-01 17:10:13.923  3482  3713 I AiAiEcho: #remoteViewsTwiddler: feature disabled.
05-01 17:10:13.923  3482  3713 I AiAiEcho: Predicting[0]:  [CONTEXT sampling_count=5 ]
05-01 17:10:13.923  3482  3713 I AiAiEcho: EchoTargets: 
05-01 17:10:13.923  3482  3713 I AiAiEcho: Filtered by AiAi flag check: 
05-01 17:10:13.923  3482  3713 I AiAiEcho: [CONTEXT ratelimit_period="10 SECONDS" ]
05-01 17:10:13.923  3482  3713 I AiAiEcho: #remoteViewsTwiddler: feature disabled.
05-01 17:10:13.924  3482  3713 I AiAiEcho: #postPredictionTargets: Sending updates to UISurface ambientcue with targets# 0 (types=[])
05-01 17:10:13.924  3482  3713 I AiAiEcho: #postPredictionTargets: Sending updates to UISurface home with targets# 0 (types=[])
05-01 17:10:13.924  3482  3713 I AiAiEcho: #postPredictionTargets: Sending updates to UISurface lockscreen with targets# 0 (types=[])
05-01 17:10:13.927  2599  2599 D BatterySaverPolicy: accessibility changed to true, updating policy.
05-01 17:10:13.928  2599  2599 W Looper  : Drained
05-01 17:10:13.930  2896  3022 I AmbientCueRepository: Receiving SmartSpace targets # 0
05-01 17:10:13.944  2896  2896 W SsPagerDots: Total number of pages invalid: 0. Assuming 1 page.
05-01 17:10:13.949  2599  3228 D AccessibilityManagerService: .getAccessibilityShortcutTargets {shortcutType=32, userId=0}
05-01 17:10:13.950  2896  2896 W SsPagerDots: Total number of pages invalid: 0. Assuming 1 page.
05-01 17:10:14.350  2599  2796 I HalDevMgr: bestIfaceCreationProposal is null, requestIface=STA, existingIface=[name=wlan0 type=STA]
05-01 17:10:15.241  4139  9306 W jpxh    : [{0}] Failed to resolve name. status={1}
05-01 17:10:15.365  9334  9334 W AccessibilityNodeInfoDumper: Fetch time: 337ms
05-01 17:10:15.381  2599  3701 V AccessibilityManagerService: onUserStateChangedLocked for userId: 0, forceUpdate: false
05-01 17:10:15.383  2599  3701 V AccessibilityUserState: updateShortcutTargets: type:accessibility_shortcut_target_service, current:{}, new:{}
05-01 17:10:15.383  2599  3701 V AccessibilityUserState: updateShortcutTargets: type:accessibility_button_targets, current:{}, new:{}
05-01 17:10:15.383  2599  3701 V AccessibilityUserState: updateShortcutTargets: type:accessibility_gesture_targets, current:{}, new:{}
05-01 17:10:15.383  2599  3701 V AccessibilityUserState: updateShortcutTargets: type:accessibility_qs_targets, current:{}, new:{}
05-01 17:10:15.383  2599  3701 V AccessibilityUserState: updateShortcutTargets: type:accessibility_key_gesture_targets, current:{}, new:{}
05-01 17:10:15.383  2599  3701 W MagnificationConnectionManager: requestConnection duplicated request: connect=false, mConnectionState=DISCONNECTED
05-01 17:10:15.383  2599  3701 D AccessibilityManagerService: restoreCurrentUserForTestAutomationIfNeededLocked(): ignoring because device doesn't support visible background users
05-01 17:10:15.384  2599  2599 W libbinder.IPCThreadState: Sending oneway calls to frozen process.
05-01 17:10:15.384  2599  2599 W libbinder.IPCThreadState: Sending oneway calls to frozen process.
05-01 17:10:15.384  2599  2599 W libbinder.IPCThreadState: Sending oneway calls to frozen process.
05-01 17:10:15.386  9334  9334 D AndroidRuntime: Shutting down VM
05-01 17:10:15.386  9334  9342 W libbinder.IPCThreadState: call to talkWithDriver in joinThreadPool returned error: -9 (Bad file descriptor), FD: -1
05-01 17:10:15.387  9334  9344 W libbinder.IPCThreadState: call to talkWithDriver in joinThreadPool returned error: -9 (Bad file descriptor), FD: -1
05-01 17:10:15.388  9334  9349 W libbinder.IPCThreadState: call to talkWithDriver in joinThreadPool returned error: -9 (Bad file descriptor), FD: -1
05-01 17:10:15.395  2599  2599 W libbinder.IPCThreadState: Sending oneway calls to frozen process.
05-01 17:10:15.418  3482  3518 I AiAiEcho: Settings changed for uri: content://settings/secure/accessibility_enabled
05-01 17:10:15.420  3482  3713 I AiAiEcho: Predicting[0]:  [CONTEXT sampling_count=5 ]
05-01 17:10:15.420  3482  3713 I AiAiEcho: EchoTargets: 
05-01 17:10:15.420  3482  3713 I AiAiEcho: Filtered by AiAi flag check: 
05-01 17:10:15.420  3482  3713 I AiAiEcho: [CONTEXT ratelimit_period="10 SECONDS" ]
05-01 17:10:15.420  3482  3713 I AiAiEcho: #remoteViewsTwiddler: feature disabled.
05-01 17:10:15.423  2599  2599 W libbinder.IPCThreadState: Sending oneway calls to frozen process.
05-01 17:10:15.423  2599  2599 W libbinder.IPCThreadState: Sending oneway calls to frozen process.
05-01 17:10:15.423  2599  2599 W libbinder.IPCThreadState: Sending oneway calls to frozen process.
05-01 17:10:15.423  2599  2599 W libbinder.IPCThreadState: Sending oneway calls to frozen process.
05-01 17:10:15.424  2599  2599 W libbinder.IPCThreadState: Sending oneway calls to frozen process.
05-01 17:10:15.424  2599  2599 W libbinder.IPCThreadState: Sending oneway calls to frozen process.
05-01 17:10:15.424  2599  2599 W libbinder.IPCThreadState: Sending oneway calls to frozen process.
05-01 17:10:15.424  2599  2599 W libbinder.IPCThreadState: Sending oneway calls to frozen process.
05-01 17:10:15.424  2599  2599 D BatterySaverPolicy: accessibility changed to false, updating policy.
05-01 17:10:15.431  3482  3713 I AiAiEcho: Predicting[0]:  [CONTEXT sampling_count=5 ]
05-01 17:10:15.431  3482  3713 I AiAiEcho: EchoTargets: 
05-01 17:10:15.431  3482  3713 I AiAiEcho: Filtered by AiAi flag check: 
05-01 17:10:15.431  3482  3713 I AiAiEcho: [CONTEXT ratelimit_period="10 SECONDS" ]
05-01 17:10:15.431  3482  3713 I AiAiEcho: #remoteViewsTwiddler: feature disabled.
05-01 17:10:15.432  3482  3713 I AiAiEcho: Predicting[0]:  [CONTEXT sampling_count=5 ]
05-01 17:10:15.432  3482  3713 I AiAiEcho: EchoTargets: 
05-01 17:10:15.432  3482  3713 I AiAiEcho: Filtered by AiAi flag check: 
05-01 17:10:15.432  3482  3713 I AiAiEcho: [CONTEXT ratelimit_period="10 SECONDS" ]
05-01 17:10:15.432  3482  3713 I AiAiEcho: #remoteViewsTwiddler: feature disabled.
05-01 17:10:15.432  3482  3713 I AiAiEcho: #postPredictionTargets: Sending updates to UISurface ambientcue with targets# 0 (types=[])
05-01 17:10:15.433  2896  3022 I AmbientCueRepository: Receiving SmartSpace targets # 0
05-01 17:10:15.433  3482  3713 I AiAiEcho: #postPredictionTargets: Sending updates to UISurface home with targets# 0 (types=[])
05-01 17:10:15.434  3482  3713 I AiAiEcho: #postPredictionTargets: Sending updates to UISurface lockscreen with targets# 0 (types=[])
05-01 17:10:15.501  2896  2896 W SsPagerDots: Total number of pages invalid: 0. Assuming 1 page.
05-01 17:10:15.851  3054  3142 D SatelliteController: iisInCarrierRoamingNbIotNtn: satellite is disabled
05-01 17:10:15.854  3054  3142 D SatelliteController: getCarrierRoamingNtnConnectType: Falling back to global carrier config connect type: 0
05-01 17:10:15.861  2599  3701 W libbinder.IPCThreadState: Sending oneway calls to frozen process.
05-01 17:10:16.777  9350  9350 W libbinder.BackendUnifiedServiceManager: Thread Pool max thread count is 0. Cannot cache binder as linkToDeath cannot be implemented. serviceName: package
05-01 17:10:16.986  3046  3046 I artd    : GetBestInfo: odex next to the dex file (/data/app/~~9zdI27-KZDEvVC_7GO9BLQ==/com.google.android.gms-zDijJikcKxb1i4ibdVh7KA==/oat/arm64/base.odex) is kOatUpToDate with filter 'speed-profile' executable 'false'
05-01 17:10:17.003  3046  3046 I artd    : GetBestInfo: odex next to the dex file (/data/app/~~9zdI27-KZDEvVC_7GO9BLQ==/com.google.android.gms-zDijJikcKxb1i4ibdVh7KA==/oat/arm64/split_AdsDynamite_installtime.odex) is kOatUpToDate with filter 'speed' executable 'false'
05-01 17:10:17.008  3046  3046 I artd    : GetBestInfo: odex next to the dex file (/data/app/~~9zdI27-KZDEvVC_7GO9BLQ==/com.google.android.gms-zDijJikcKxb1i4ibdVh7KA==/oat/arm64/split_CronetDynamite_installtime.odex) is kOatUpToDate with filter 'speed' executable 'false'
05-01 17:10:17.018  3046  3046 I artd    : GetBestInfo: odex next to the dex file (/data/app/~~9zdI27-KZDEvVC_7GO9BLQ==/com.google.android.gms-zDijJikcKxb1i4ibdVh7KA==/oat/arm64/split_DynamiteLoader_installtime.odex) is kOatUpToDate with filter 'speed' executable 'false'
05-01 17:10:17.025  3046  3046 I artd    : GetBestInfo: odex next to the dex file (/data/app/~~9zdI27-KZDEvVC_7GO9BLQ==/com.google.android.gms-zDijJikcKxb1i4ibdVh7KA==/oat/arm64/split_DynamiteModulesA_installtime.odex) is kOatUpToDate with filter 'speed' executable 'false'
05-01 17:10:17.042  3046  3046 I artd    : GetBestInfo: odex next to the dex file (/data/app/~~9zdI27-KZDEvVC_7GO9BLQ==/com.google.android.gms-zDijJikcKxb1i4ibdVh7KA==/oat/arm64/split_DynamiteModulesC_installtime.odex) is kOatUpToDate with filter 'speed' executable 'false'
05-01 17:10:17.087  3046  3046 I artd    : GetBestInfo: odex next to the dex file (/data/app/~~9zdI27-KZDEvVC_7GO9BLQ==/com.google.android.gms-zDijJikcKxb1i4ibdVh7KA==/oat/arm64/split_GoogleCertificates_installtime.odex) is kOatUpToDate with filter 'speed' executable 'false'
05-01 17:10:17.159  3046  3046 I artd    : GetBestInfo: odex next to the dex file (/data/app/~~9zdI27-KZDEvVC_7GO9BLQ==/com.google.android.gms-zDijJikcKxb1i4ibdVh7KA==/oat/arm64/split_MapsDynamite_installtime.odex) is kOatUpToDate with filter 'speed' executable 'false'
05-01 17:10:17.166  3046  3052 I artd    : GetBestInfo: odex next to the dex file (/data/app/~~9zdI27-KZDEvVC_7GO9BLQ==/com.google.android.gms-zDijJikcKxb1i4ibdVh7KA==/oat/arm64/split_MeasurementDynamite_installtime.odex) is kOatUpToDate with filter 'speed' executable 'false'
05-01 17:10:17.175  3046  3046 I artd    : GetBestInfo: /data/user_de/0/com.google.android.gms/app_chimera/m/00000024/dl-MlkitOcrCommon.optional_261332100400.apk has no usable artifacts
05-01 17:10:17.176  3046  3052 I artd    : GetBestInfo: /data/user_de/0/com.google.android.gms/app_chimera/m/00000001/CronetDynamite.apk has no usable artifacts
05-01 17:10:17.176  3046  3046 I artd    : GetBestInfo: /data/user_de/0/com.google.android.gms/app_chimera/m/00000002/DynamiteLoader.apk has no usable artifacts
05-01 17:10:17.176  3046  3046 W artd    : Could not get dex checksums for location /data/app/~~3fBXho8HaymPEUVbuDbDyw==/com.google.android.gms-lP3FhbDqyEae3o3ITSwEOg==/base.apk, fd=-1
05-01 17:10:17.183  3046  3046 W artd    : Could not get dex checksums for location /data/app/~~3fBXho8HaymPEUVbuDbDyw==/com.google.android.gms-lP3FhbDqyEae3o3ITSwEOg==/base.apk, fd=-1
05-01 17:10:17.187  3046  3046 I artd    : GetBestInfo: /data/user_de/0/com.google.android.gms/app_chimera/m/00000005/GoogleCertificates.apk has no usable artifacts
05-01 17:10:17.187  3046  3046 W artd    : Could not get dex checksums for location /data/app/~~3fBXho8HaymPEUVbuDbDyw==/com.google.android.gms-lP3FhbDqyEae3o3ITSwEOg==/base.apk, fd=-1
05-01 17:10:17.197  3046  3046 I artd    : GetBestInfo: /data/user_de/0/com.google.android.gms/app_chimera/m/0000000c/dl-PlayCloudSearch.optional_253434100000.apk has no usable artifacts
05-01 17:10:17.200  3046  3046 W artd    : Could not get dex checksums for location /data/app/~~3fBXho8HaymPEUVbuDbDyw==/com.google.android.gms-lP3FhbDqyEae3o3ITSwEOg==/base.apk, fd=-1
05-01 17:10:17.207  3046  3046 W artd    : Could not get dex checksums for location /data/app/~~3fBXho8HaymPEUVbuDbDyw==/com.google.android.gms-lP3FhbDqyEae3o3ITSwEOg==/base.apk, fd=-1
05-01 17:10:17.209  3046  3046 W artd    : Could not get dex checksums for location /data/app/~~3fBXho8HaymPEUVbuDbDyw==/com.google.android.gms-lP3FhbDqyEae3o3ITSwEOg==/base.apk, fd=-1
05-01 17:10:17.214  3046  3052 I artd    : GetBestInfo: /data/user_de/0/com.google.android.gms/app_chimera/m/00000009/dl-Appsearch.optional_253434100400.apk has no usable artifacts
05-01 17:10:17.232  3046  3052 I artd    : GetBestInfo: /data/user_de/0/com.google.android.gms/app_chimera/m/0000001f/dl-MlkitBarcodeUi.optional_261332100400.apk has no usable artifacts
05-01 17:10:17.246  3046  3052 I artd    : GetBestInfo: vdex next to the dex file (/data/user/0/com.google.android.gms/app_dg_cache/C979021594972B0BA2D39F27BF33D93C4B1302BC/oat/arm64/the.vdex) is kOatUpToDate with filter 'verify' executable 'false'
05-01 17:10:17.247  3046  3052 W artd    : Could not get dex checksums for location /data/app/~~3fBXho8HaymPEUVbuDbDyw==/com.google.android.gms-lP3FhbDqyEae3o3ITSwEOg==/base.apk, fd=-1
05-01 17:10:17.252  3046  3052 W artd    : Could not get dex checksums for location /data/app/~~3fBXho8HaymPEUVbuDbDyw==/com.google.android.gms-lP3FhbDqyEae3o3ITSwEOg==/base.apk, fd=-1
05-01 17:10:17.255  3046  3052 I artd    : GetBestInfo: /data/user_de/0/com.google.android.gms/app_chimera/m/0000001e/dl-VisionOcr.optional_261332100000.apk has no usable artifacts
05-01 17:10:17.263  3046  3052 I artd    : GetBestInfo: /data/user_de/0/com.google.android.gms/app_chimera/m/00000020/dl-PlayCloudSearch.optional_261332100000.apk has no usable artifacts
05-01 17:10:17.272  3046  3052 I artd    : GetBestInfo: vdex next to the dex file (/data/user/0/com.google.android.gms/app_dg_cache/707FFD883BF2A7896692338F9625CA52336E933B/oat/arm64/the.vdex) is kOatUpToDate with filter 'verify' executable 'false'
05-01 17:10:17.301  3046  3052 I artd    : GetBestInfo: /data/user_de/0/com.google.android.gms/app_chimera/m/00000019/dl-TfliteDynamiteDynamite.integ_252130102100400.apk has no usable artifacts
05-01 17:10:17.301  3046  3046 W artd    : Could not get dex checksums for location /data/app/~~3fBXho8HaymPEUVbuDbDyw==/com.google.android.gms-lP3FhbDqyEae3o3ITSwEOg==/base.apk, fd=-1
05-01 17:10:17.302  3046  3046 W artd    : Could not get dex checksums for location /data/app/~~dKAWhbpuAhXMPrgX8_uNaA==/com.android.vending-VlQnPVZ5qb-G_00QsqpjnQ==/base.apk, fd=-1
05-01 17:10:17.308  3046  3046 I artd    : GetBestInfo: /data/user_de/0/com.google.android.gms/app_chimera/m/00000021/dl-Appsearch.optional_261332100400.apk has no usable artifacts
05-01 17:10:17.310  3046  3052 I artd    : GetBestInfo: /data/user_de/0/com.google.android.gms/app_chimera/m/0000000b/dl-MlkitBarcodeUi.optional_253434100400.apk has no usable artifacts
05-01 17:10:17.362  2599  2796 I HalDevMgr: bestIfaceCreationProposal is null, requestIface=STA, existingIface=[name=wlan0 type=STA]
05-01 17:10:18.118  4522  9313 W eve     : Request failed for unknown reason, see exception: 
05-01 17:10:18.134  4522  9313 W eve     : Request failed for unknown reason, see exception: 
05-01 17:10:18.295  2599  2742 D ActivityManager: freezing 4199 com.google.android.apps.wellbeing
05-01 17:10:18.314  2599  2802 D InetDiagMessage: Destroyed 0 sockets, proto=IPPROTO_TCP, family=AF_INET, states=14
05-01 17:10:18.315  2599  2802 D InetDiagMessage: Destroyed 0 sockets, proto=IPPROTO_TCP, family=AF_INET6, states=14
05-01 17:10:18.317  2599  2802 D InetDiagMessage: Destroyed live tcp sockets for uids={10159} in 5ms
05-01 17:10:18.343  2599  2609 I system_server: Background concurrent mark compact GC freed 23MB AllocSpace bytes, 9(288KB) LOS objects, 38% free, 37MB/61MB, paused 8.039ms,4.848ms total 792.795ms
05-01 17:10:18.437  2599  2952 D WifiNl80211Manager: Scan result ready event
05-01 17:10:18.437  2599  2952 D WifiNative: Scan result ready event
05-01 17:10:18.618  4139  5088 I WifiScanner: onFullResults
05-01 17:10:18.625  4139  4148 I WifiScanner: onFullResults
05-01 17:10:18.719  2599  2796 I HalDevMgr: bestIfaceCreationProposal is null, requestIface=STA, existingIface=[name=wlan0 type=STA]
05-01 17:10:19.843  4522  4690 I SP      : GC for 'en-ng' (10) with ttl of 0 ms took 0 ms (0/0/0)
05-01 17:10:19.880  4522  4689 I VoiceDataManager: failed to download voice en-ng
05-01 17:10:19.880  4522  4689 I VoiceDataManager: dag: Failed to sync packs (Reason=SYNC_PACK_FAILED)
05-01 17:10:19.880  4522  4689 I VoiceDataManager: 	at dal.a(PG:61)
05-01 17:10:19.880  4522  4689 I VoiceDataManager: 	at jdk.a(PG:18)
05-01 17:10:19.880  4522  4689 I VoiceDataManager: 	at kfv.run(PG:19)
05-01 17:10:19.880  4522  4689 I VoiceDataManager: 	at java.util.concurrent.ThreadPoolExecutor.runWorker(ThreadPoolExecutor.java:1154)
05-01 17:10:19.880  4522  4689 I VoiceDataManager: 	at java.util.concurrent.ThreadPoolExecutor$Worker.run(ThreadPoolExecutor.java:652)
05-01 17:10:19.880  4522  4689 I VoiceDataManager: 	at java.lang.Thread.run(Thread.java:1563)
05-01 17:10:19.880  4522  4689 I VoiceDataManager: Caused by: eoo: Request of 2 packs for en-ng failed
05-01 17:10:19.880  4522  4689 I VoiceDataManager: 1 additional failure(s) besides cause:
05-01 17:10:19.880  4522  4689 I VoiceDataManager: 
05-01 17:10:19.880  4522  4689 I VoiceDataManager: --- Failure 2 ----------------------------
05-01 17:10:19.880  4522  4689 I VoiceDataManager: esy: REQUEST_ERROR: java.net.UnknownHostException: Unable to resolve host "redirector.gvt1.com": No address associated with hostname, url: https://redirector.gvt1.com/edgedl/android/tts/v26/en-ng/en-ng-x-multi-seanet-r50.zvoice
05-01 17:10:19.880  4522  4689 I VoiceDataManager: 	at esw.a(PG:5)
05-01 17:10:19.880  4522  4689 I VoiceDataManager: 	at eve.m(PG:56)
05-01 17:10:19.880  4522  4689 I VoiceDataManager: 	at eva.run(PG:358)
05-01 17:10:19.880  4522  4689 I VoiceDataManager: 	at java.util.concurrent.ThreadPoolExecutor.runWorker(ThreadPoolExecutor.java:1154)
05-01 17:10:19.880  4522  4689 I VoiceDataManager: 	at java.util.concurrent.ThreadPoolExecutor$Worker.run(ThreadPoolExecutor.java:652)
05-01 17:10:19.880  4522  4689 I VoiceDataManager: 	at java.lang.Thread.run(Thread.java:1563)
05-01 17:10:19.880  4522  4689 I VoiceDataManager: -------------------------------------------
05-01 17:10:19.880  4522  4689 I VoiceDataManager: 
05-01 17:10:19.880  4522  4689 I VoiceDataManager: 	at dwm.call(PG:694)
05-01 17:10:19.880  4522  4689 I VoiceDataManager: 	at kfe.a(PG:3)
05-01 17:10:19.880  4522  4689 I VoiceDataManager: 	at kge.run(PG:19)
05-01 17:10:19.880  4522  4689 I VoiceDataManager: 	at java.util.concurrent.Executors$RunnableAdapter.call(Executors.java:520)
05-01 17:10:19.880  4522  4689 I VoiceDataManager: 	at java.util.concurrent.FutureTask.run(FutureTask.java:317)
05-01 17:10:19.880  4522  4689 I VoiceDataManager: 	at java.util.concurrent.ScheduledThreadPoolExecutor$ScheduledFutureTask.run(ScheduledThreadPoolExecutor.java:348)
05-01 17:10:19.880  4522  4689 I VoiceDataManager: 	... 3 more
05-01 17:10:19.880  4522  4689 I VoiceDataManager: Caused by: esy: REQUEST_ERROR: java.net.UnknownHostException: Unable to resolve host "redirector.gvt1.com": No address associated with hostname, url: https://redirector.gvt1.com/edgedl/android/tts/v26/en-ng/en-ng-x-multi-r50.zvoice
05-01 17:10:19.880  4522  4689 I VoiceDataManager: 	at esw.a(PG:5)
05-01 17:10:19.880  4522  4689 I VoiceDataManager: 	at eve.m(PG:56)
05-01 17:10:19.880  4522  4689 I VoiceDataManager: 	at eva.run(PG:358)
05-01 17:10:19.880  4522  4689 I VoiceDataManager: 	... 3 more
05-01 17:10:19.880  4522  4689 I VoiceDataManager: checkData: Refreshing list of all available voices...
05-01 17:10:19.898  4522  4689 I VoiceDataDownloader: getAvailableVoicesInfo en-us
05-01 17:10:19.900  4522  4689 I VoiceGenerator: Cache cleared
05-01 17:10:19.900  4522  4689 I VoiceDataManager: Calling onVoicesDataChange: updated voices
05-01 17:10:19.900  4522  4689 I VoiceDataManager: Calling onVoicesDataChange: updated voices
05-01 17:10:20.426  2599  2796 I HalDevMgr: bestIfaceCreationProposal is null, requestIface=STA, existingIface=[name=wlan0 type=STA]
05-01 17:10:21.038  2599  2619 W Looper  : Slow dispatch took 189ms android.ui app=system_server main=false group=TOP_APP h=com.android.server.am.ActivityManagerService$UiHandler c=com.android.server.am.UidObserverController$$ExternalSyntheticLambda0@57d0042 m=0
05-01 17:10:21.843  3593  7312 W IcingInternalCorpora: Failed to get Person Indexable for url:content://com.android.contacts/contacts/21742, java.util.concurrent.TimeoutException: Timed out waiting for Task
05-01 17:10:21.929  2599  2619 W Looper  : Slow dispatch took 110ms android.ui app=system_server main=false group=TOP_APP h=com.android.server.am.ActivityManagerService$UiHandler c=com.android.server.am.UidObserverController$$ExternalSyntheticLambda0@57d0042 m=0
05-01 17:10:23.286  2599  2619 W Looper  : Slow dispatch took 124ms android.ui app=system_server main=false group=TOP_APP h=com.android.server.am.ActivityManagerService$UiHandler c=com.android.server.am.UidObserverController$$ExternalSyntheticLambda0@57d0042 m=0
05-01 17:10:23.482  2599  2796 I HalDevMgr: bestIfaceCreationProposal is null, requestIface=STA, existingIface=[name=wlan0 type=STA]
05-01 17:10:23.656  2599  2682 W libbinder.IPCThreadState: Sending oneway calls to frozen process.
05-01 17:10:24.015  2599  2682 W libbinder.IPCThreadState: Sending oneway calls to frozen process.
05-01 17:10:24.646  2599  2619 W Looper  : Slow dispatch took 228ms android.ui app=system_server main=false group=TOP_APP h=com.android.server.am.ActivityManagerService$UiHandler c=com.android.server.am.UidObserverController$$ExternalSyntheticLambda0@57d0042 m=0
05-01 17:10:24.653  2599  2618 W Looper  : Slow delivery took 277ms android.fg app=system_server main=false group=FOREGROUND h=android.os.Handler c=com.android.server.power.hint.HintManagerService$MyUidObserver$$ExternalSyntheticLambda0@c9c416d m=0
05-01 17:10:24.728  2599  2618 W Looper  : Drained
05-01 17:10:25.271  4139  8629 W jpxh    : [{0}] Failed to resolve name. status={1}
