05-01 17:52:35.716  2599  2848 D BackgroundInstallControlService: Package event received: 0
05-01 17:52:35.725  2599  2621 D ActivityManager: sync unfroze 3301 com.google.android.permissioncontroller for 1
05-01 17:52:35.755  2599  2848 D BackgroundInstallControlService: Package event received: 0
05-01 17:52:35.756  3301 10338 I GFXSTREAM: [eglDisplay.cpp(297)] Opening libGLESv1_CM_emulation.so
05-01 17:52:35.765  3301 10338 I GFXSTREAM: [eglDisplay.cpp(297)] Opening libGLESv2_emulation.so
05-01 17:52:35.766  3301  3441 D AccessibilitySourceService: enabled a11y services count 0
05-01 17:52:35.766  3301  3441 D AccessibilitySourceService: a11y source sending 0 issue to sc
05-01 17:52:35.767  2599  2884 D SafetySourceDataValidat: No cert check requested for package com.google.android.permissioncontroller
05-01 17:52:35.775  3301 10338 W HWUI    : Failed to choose config with EGL_SWAP_BEHAVIOR_PRESERVED, retrying without...
05-01 17:52:35.775  3301 10338 W HWUI    : Failed to initialize 101010-2 format, error = EGL_SUCCESS
05-01 17:52:35.828  3066  3066 D b/417220811: invalidateLoadedTasks - previous requestLoadId: -1
05-01 17:52:35.857  3301  3301 D WindowOnBackDispatcher: setTopOnBackInvokedCallback (unwrapped): android.app.Activity$$ExternalSyntheticLambda0@580939
05-01 17:52:35.858  3301  3301 D VRI[GrantPermissionsActivity]: WindowInsets changed: 1080x2274 mandatorySystemGestures:[0,0,0,21] 
05-01 17:52:35.859  2599  2884 D CoreBackPreview: Window{dee0b6a u0 com.google.android.permissioncontroller/com.android.permissioncontroller.permission.ui.GrantPermissionsActivity}: Setting back callback OnBackInvokedCallbackInfo{mCallback=android.window.IOnBackInvokedCallback$Stub$Proxy@e431f37, mPriority=-1, mIsAnimationCallback=false, mOverrideBehavior=0}
05-01 17:52:35.867  3301  3301 D VRI[GrantPermissionsActivity]: WindowInsets changed: 1024x0 mandatorySystemGestures:null 
05-01 17:52:35.882  2896  3582 V WindowManagerShell: onTransitionReady(transaction=11162620006077)
05-01 17:52:35.882  2896  2967 V WindowManagerShell: onTransitionReady (#43) android.os.BinderProxy@fdea384: {id=43 t=OPEN f=0x0 trk=0 r=[0@Point(0, 0)] c=[
05-01 17:52:35.882  2896  2967 V WindowManagerShell:         {m=OPEN f=TRANSLUCENT|FILLS_TASK leash=Surface(name=ActivityRecord{22236788 u0 com.google.android.permissioncontroller/com.android.permissioncontroller.permission.ui.GrantPermissionsActivity t66}#591)/@0x6128fa2 sb=Rect(0, 0 - 0, 0) eb=Rect(0, 0 - 1080, 2400) epz=Point(1080, 2400) d=-1->0 r=-1->0:-1 bc=ffeeedf6 activity=ActivityTransitionInfo { component = ComponentInfo{com.google.android.permissioncontroller/com.android.permissioncontroller.permission.ui.GrantPermissionsActivity}, taskId = 66, appCompatTransitionInfo = null } opt={t=FROM_STYLE mUserId=0}}
05-01 17:52:35.882  2896  2967 V WindowManagerShell:     ]}
05-01 17:52:35.883  2896  2967 V WindowManagerShell: Playing animation for (#43) android.os.BinderProxy@fdea384@0
05-01 17:52:35.883  2896  2967 V ShellRecents: RecentsTransitionHandler.startAnimation: no controller found
05-01 17:52:35.884  2896  2967 V ShellDesktopMode: DesktopMixedTransitionHandler: No pending desktop transition
05-01 17:52:35.884  2896  2967 V WindowManagerShell: Transition doesn't have explicit remote, search filters for match for {id=43 t=OPEN f=0x0 trk=0 r=[0@Point(0, 0)] c=[{m=OPEN f=TRANSLUCENT|FILLS_TASK leash=Surface(name=ActivityRecord{22236788 u0 com.google.android.permissioncontroller/com.android.permissioncontroller.permission.ui.GrantPermissionsActivity t66}#591)/@0x6128fa2 sb=Rect(0, 0 - 0, 0) eb=Rect(0, 0 - 1080, 2400) epz=Point(1080, 2400) d=-1->0 r=-1->0:-1 bc=ffeeedf6 activity=ActivityTransitionInfo { component = ComponentInfo{com.google.android.permissioncontroller/com.android.permissioncontroller.permission.ui.GrantPermissionsActivity}, taskId = 66, appCompatTransitionInfo = null } opt={t=FROM_STYLE mUserId=0}}]}
05-01 17:52:35.884  2896  2967 V WindowManagerShell:  Checking filter Pair{{types=[] flags=0x0] notFlags=0x0 checks=[{atype=undefined independent=true modes=[CLOSE,TO_BACK] flags=IN_TASK_WITH_EMBEDDED_ACTIVITY mustBeTask=false order=ANY topActivity=null launchCookie=null taskFragmentToken=android.os.BinderProxy@b2b4dc windowingMode=undefined isCrossDisplayMove=false}]} RemoteTransition { remoteTransition = android.window.IRemoteTransition$Stub$Proxy@d5a39e5, appThread = android.app.IApplicationThread$Stub$Proxy@92c9cba, debugName = overlayBackTransition }}
05-01 17:52:35.884  2896  2967 V WindowManagerShell:  Checking filter Pair{{types=[] flags=0x0] notFlags=0x0 checks=[{atype=dream independent=true modes=[OPEN,TO_FRONT] flags=NONE mustBeTask=false order=ANY topActivity=null launchCookie=null windowingMode=undefined isCrossDisplayMove=false},{atype=home independent=true modes=[CLOSE,TO_BACK] flags=NONE mustBeTask=false order=ANY topActivity=null launchCookie=null windowingMode=undefined isCrossDisplayMove=false}]} RemoteTransition { remoteTransition = android.window.IRemoteTransition$Stub$Proxy@19b976b, appThread = android.app.IApplicationThread$Stub$Proxy@f2442c8, debugName = LauncherToDream }}
05-01 17:52:35.884  2896  2967 V WindowManagerShell:  Checking filter Pair{{types=[] flags=0x0] notFlags=0x100 checks=[{atype=home independent=true modes=[OPEN,TO_FRONT] flags=NONE mustBeTask=false order=TOP topActivity=ComponentInfo{com.google.android.apps.nexuslauncher/com.google.android.apps.nexuslauncher.NexusLauncherActivity} launchCookie=null windowingMode=undefined isCrossDisplayMove=false},{atype=standard independent=true modes=[CLOSE,TO_BACK] flags=NONE mustBeTask=false order=ANY topActivity=null launchCookie=null windowingMode=undefined isCrossDisplayMove=false},{NOT atype=undefined independent=true modes=[] flags=NONE mustBeTask=true order=ANY topActivity=null launchCookie=null customAnim=true windowingMode=undefined isCrossDisplayMove=false}]} RemoteTransition { remoteTransition = android.window.IRemoteTransition$Stub$Proxy@c77ca86, appThread = android.app.IApplicationThread$Stub$Proxy@85a3f47, debugName = QuickstepLaunchHome }}
05-01 17:52:35.884  2896  2967 V WindowManagerShell:  Checking filter Pair{{types=[OPEN,TO_FRONT] flags=0x0] notFlags=0x0 checks=[{atype=standard independent=true modes=[OPEN,TO_FRONT] flags=NONE mustBeTask=true order=ANY topActivity=null launchCookie=null windowingMode=freeform isCrossDisplayMove=false}]} RemoteTransition { remoteTransition = android.window.IRemoteTransition$Stub$Proxy@55bf5ad, appThread = null, debugName = DesktopWindowLimitUnminimize }}
05-01 17:52:35.884  2896  2967 V WindowManagerShell:  Delegate animation for (#43) to null
05-01 17:52:35.884  2896  2967 V WindowManagerShell: start default transition animation, info = {id=43 t=OPEN f=0x0 trk=0 r=[0@Point(0, 0)] c=[{m=OPEN f=TRANSLUCENT|FILLS_TASK leash=Surface(name=ActivityRecord{22236788 u0 com.google.android.permissioncontroller/com.android.permissioncontroller.permission.ui.GrantPermissionsActivity t66}#591)/@0x6128fa2 sb=Rect(0, 0 - 0, 0) eb=Rect(0, 0 - 1080, 2400) epz=Point(1080, 2400) d=-1->0 r=-1->0:-1 bc=ffeeedf6 activity=ActivityTransitionInfo { component = ComponentInfo{com.google.android.permissioncontroller/com.android.permissioncontroller.permission.ui.GrantPermissionsActivity}, taskId = 66, appCompatTransitionInfo = null } opt={t=FROM_STYLE mUserId=0}}]}
05-01 17:52:35.884  2896  2967 V WindowManagerShell: loadAnimation: anim=null animAttr=0x4 type=OPEN isEntrance=true
05-01 17:52:35.885  2896  2967 V WindowManagerShell: Transition animation finished (aborted=false), notifying core (#43) android.os.BinderProxy@fdea384@0
05-01 17:52:35.886  2599  2618 I ActivityTaskManager: Displayed com.google.android.permissioncontroller/com.android.permissioncontroller.permission.ui.GrantPermissionsActivity for user 0: +183ms
05-01 17:52:35.886  2599  2618 V WindowManager: Sent Transition (#43) createdAt=05-01 17:52:35.691 via request=TransitionRequestInfo { type = OPEN, triggerTask = TaskInfo{userId=0 taskId=66 effectiveUid=10236 displayId=0 isRunning=true baseIntent=Intent { flg=0x10000000 cmp=com.signbridge/.MainActivity } baseActivity=ComponentInfo{com.signbridge/com.signbridge.MainActivity} topActivity=ComponentInfo{com.google.android.permissioncontroller/com.android.permissioncontroller.permission.ui.GrantPermissionsActivity} origActivity=null realActivity=ComponentInfo{com.signbridge/com.signbridge.MainActivity} numActivities=2 lastActiveTime=4738195 supportsMultiWindow=true resizeMode=1 isResizeable=true minWidth=-1 minHeight=-1 defaultMinSize=220 token=WCT{RemoteToken{1d54db7 Task{414570f #66 type=standard A=10236:com.signbridge}}} topActivityType=1 pictureInPictureParams=null shouldDockBigOverlays=false launchIntoPipHostTaskId=-1 lastParentTaskIdBeforePip=-1 displayCutoutSafeInsets=Rect(0, 0 - 0, 0) topActivityInfo=ActivityInfo{770be2f com.android.permissioncontroller.permission.ui.GrantPermissionsActivity} launchCookies=[] positionInParent=Point(0, 0) parentTaskId=-1 isFocused=true isVisible=true isVisibleRequested=true isTopActivityNoDisplay=false isSleeping=false locusId=null displayAreaFeatureId=1 isTopActivityTransparent=true isActivityStackTransparent=false lastNonFullscreenBounds=null capturedLink=null capturedLinkTimestamp=0 requestedVisibleTypes=503 topActivityRequestOpenInBrowserEducationTimestamp=0 appCompatTaskInfo=AppCompatTaskInfo { topActivityInSizeCompat=false isLeafTask= true eligibleForLetterboxEducation= false isLetterboxEducationEnabled= true isLetterboxDoubleTapEnabled= false eligibleForUserAspectRatioButton= false topActivityBoundsLetterboxed= false isFromLetterboxDoubleTap= false topActivityLetterboxVerticalPosition= -1 topActivityLetterboxHorizontalPosition= -1 topActivityLetterboxWidth=-1 topActivityLetterboxHeight=-1 topActivityAppBounds=Rect(0, 0 - 1080, 2400) isUserFullscreenOverrideEnabled=false isSystemFullscreenOverrideEnabled=false hasMinAspectRatioOverride=false topActivityLetterboxBounds=null cameraCompatTaskInfo=CameraCompatTaskInfo { cameraCompatMode=undefinedundefined} topNonResizableActivityAspectRatio=-1.0} topActivityMainWindowFrame=null isAppBubble=false}, pipChange = null, remoteTransition = null, displayChange = null, requestedLocation = null, userChange = null, windowingLayerChange = null, flags = 0, debugId = 43 }
05-01 17:52:35.886  2599  2618 V WindowManager:     startWCT=WindowContainerTransaction { changes= {} hops= [] errorCallbackToken=null taskFragmentOrganizer=null }
05-01 17:52:35.886  2599  2618 V WindowManager:     info={id=43 t=OPEN f=0x0 trk=0 r=[0@Point(0, 0)] c=[
05-01 17:52:35.886  2599  2618 V WindowManager:         {m=OPEN f=TRANSLUCENT|FILLS_TASK leash=Surface(name=ActivityRecord{22236788 u0 com.google.android.permissioncontroller/com.android.permissioncontroller.permission.ui.GrantPermissionsActivity t66}#591)/@0x3077f10 sb=Rect(0, 0 - 0, 0) eb=Rect(0, 0 - 1080, 2400) epz=Point(1080, 2400) d=-1->0 r=-1->0:-1 bc=ffeeedf6 activity=ActivityTransitionInfo { component = ComponentInfo{com.google.android.permissioncontroller/com.android.permissioncontroller.permission.ui.GrantPermissionsActivity}, taskId = 66, appCompatTransitionInfo = null } opt={t=FROM_STYLE mUserId=0}}
05-01 17:52:35.886  2599  2618 V WindowManager:     ]}
05-01 17:52:35.887  2599  2618 V WindowManager: Finish Transition (#43): created at 05-01 17:52:35.691 collect-started=0.082ms request-sent=7.41ms started=9.667ms ready=33.174ms sent=186.833ms finished=196.258ms
05-01 17:52:35.888  2896  2967 V WindowManagerShell: Track 0 became idle
05-01 17:52:35.888  2896  2967 V WindowManagerShell: All active transition animations finished
05-01 17:52:35.888  2896  2967 V WindowManagerShell:  animated by com.android.wm.shell.transition.DefaultTransitionHandler@2381992
05-01 17:52:35.888  2896  2967 V WindowManagerShell: Track 0 became idle
05-01 17:52:35.888  2896  2967 V WindowManagerShell: All active transition animations finished
05-01 17:52:35.926  3301  3301 D VRI[GrantPermissionsActivity]: WindowInsets changed: 1024x976 
05-01 17:52:35.981  2599  2621 W ProcessStats: Tracking association SourceState{37340e8 system/1000 BFgs #61502} whose proc state 4 is better than process ProcessState{d7996d0 com.google.android.tts/10165 pkg=com.google.android.tts} proc state 14 (5 skipped)
05-01 17:52:35.987  3342  3342 I GoogleInputMethodService: GoogleInputMethodService.onFinishInput():2186 
05-01 17:52:35.988  2599  2867 I ImeTracker: system_server:5a3aa558: onRequestHide at ORIGIN_SERVER reason IME_REQUESTED_CHANGED_LISTENER fromUser false
05-01 17:52:36.032  3342  3342 I Module  : DeviceLockedStatusModuleProvider$Module.updateDeviceLockedStatus():103 repeatCheckTimes = 0, locked = false
05-01 17:52:36.033  3342  3342 W NotificationCenter: NotificationCenter$NotificationQueue.notifyPendingNotificationsOnExecutor():877 Heavy notify work detected on UI thread: [nkd->huu, nkd->nje, nkd->gsj, nkd->kzi, nkd->kzi, nkd->kzi, nkd->mjd, nkd->kzi, nkd->kzi, nkd->lcb, nkd->niv, nkd->pcd, nkd->kzi, nkd->kwp, nkd->kzi, nkd->kzi, nkd->prl, nkd->kzi, nkd->kzi, nkd->kzi, nkd->gvh, nkd->kzi, nkd->kzi] takes 40ms
05-01 17:52:36.035  2599  2621 I ImeTracker: system_server:5a3aa558: onCancelled at PHASE_SERVER_SHOULD_HIDE
05-01 17:52:36.036  3342  3342 I GoogleInputMethodService: GoogleInputMethodService.onStartInput():1444 onStartInput(EditorInfo{EditorInfo{packageName=com.google.android.permissioncontroller, inputType=0, inputTypeString=NULL, enableLearning=false, autoCorrection=false, autoComplete=false, imeOptions=0, privateImeOptions=null, actionName=UNSPECIFIED, actionLabel=null, initialSelStart=-1, initialSelEnd=-1, initialCapsMode=0, label=null, fieldId=0, fieldName=null, extras=null, hintText=null, hintLocales=[]}}, false)
05-01 17:52:36.036  3342  3342 W AndroidIME: LatinIMEBase.updateInputViewCoverNavigation():326 Null input view, cannot update padding!
05-01 17:52:36.037  3342  3342 I Module  : DeviceLockedStatusModuleProvider$Module.updateDeviceLockedStatus():103 repeatCheckTimes = 1, locked = false
05-01 17:52:36.039  2599  2989 W PackageConfigPersister: App-specific configuration not found for packageName: com.google.android.permissioncontroller and userId: 0
05-01 17:52:36.704 12311 12311 W libbinder.BackendUnifiedServiceManager: Thread Pool max thread count is 0. Cannot cache binder as linkToDeath cannot be implemented. serviceName: package
05-01 17:52:36.751  3046  7501 I artd    : GetBestInfo: odex next to the dex file (/data/app/~~9zdI27-KZDEvVC_7GO9BLQ==/com.google.android.gms-zDijJikcKxb1i4ibdVh7KA==/oat/arm64/base.odex) is kOatUpToDate with filter 'speed-profile' executable 'false'
05-01 17:52:36.754  3046  7501 I artd    : GetBestInfo: odex next to the dex file (/data/app/~~9zdI27-KZDEvVC_7GO9BLQ==/com.google.android.gms-zDijJikcKxb1i4ibdVh7KA==/oat/arm64/split_AdsDynamite_installtime.odex) is kOatUpToDate with filter 'speed' executable 'false'
05-01 17:52:36.756  3046  7501 I artd    : GetBestInfo: odex next to the dex file (/data/app/~~9zdI27-KZDEvVC_7GO9BLQ==/com.google.android.gms-zDijJikcKxb1i4ibdVh7KA==/oat/arm64/split_CronetDynamite_installtime.odex) is kOatUpToDate with filter 'speed' executable 'false'
05-01 17:52:36.758  3046  7501 I artd    : GetBestInfo: odex next to the dex file (/data/app/~~9zdI27-KZDEvVC_7GO9BLQ==/com.google.android.gms-zDijJikcKxb1i4ibdVh7KA==/oat/arm64/split_DynamiteLoader_installtime.odex) is kOatUpToDate with filter 'speed' executable 'false'
05-01 17:52:36.760  3046  7501 I artd    : GetBestInfo: odex next to the dex file (/data/app/~~9zdI27-KZDEvVC_7GO9BLQ==/com.google.android.gms-zDijJikcKxb1i4ibdVh7KA==/oat/arm64/split_DynamiteModulesA_installtime.odex) is kOatUpToDate with filter 'speed' executable 'false'
05-01 17:52:36.762  3046  7501 I artd    : GetBestInfo: odex next to the dex file (/data/app/~~9zdI27-KZDEvVC_7GO9BLQ==/com.google.android.gms-zDijJikcKxb1i4ibdVh7KA==/oat/arm64/split_DynamiteModulesC_installtime.odex) is kOatUpToDate with filter 'speed' executable 'false'
05-01 17:52:36.763  3046  7501 I artd    : GetBestInfo: odex next to the dex file (/data/app/~~9zdI27-KZDEvVC_7GO9BLQ==/com.google.android.gms-zDijJikcKxb1i4ibdVh7KA==/oat/arm64/split_GoogleCertificates_installtime.odex) is kOatUpToDate with filter 'speed' executable 'false'
05-01 17:52:36.767  3046  7501 I artd    : GetBestInfo: odex next to the dex file (/data/app/~~9zdI27-KZDEvVC_7GO9BLQ==/com.google.android.gms-zDijJikcKxb1i4ibdVh7KA==/oat/arm64/split_MapsDynamite_installtime.odex) is kOatUpToDate with filter 'speed' executable 'false'
05-01 17:52:36.767  2599  2682 W libbinder.IPCThreadState: Sending oneway calls to frozen process.
05-01 17:52:36.768  3046  7501 I artd    : GetBestInfo: odex next to the dex file (/data/app/~~9zdI27-KZDEvVC_7GO9BLQ==/com.google.android.gms-zDijJikcKxb1i4ibdVh7KA==/oat/arm64/split_MeasurementDynamite_installtime.odex) is kOatUpToDate with filter 'speed' executable 'false'
05-01 17:52:36.770  3046  7501 I artd    : GetBestInfo: /data/user_de/0/com.google.android.gms/app_chimera/m/00000024/dl-MlkitOcrCommon.optional_261332100400.apk has no usable artifacts
05-01 17:52:36.770  3046  7501 I artd    : GetBestInfo: /data/user_de/0/com.google.android.gms/app_chimera/m/00000001/CronetDynamite.apk has no usable artifacts
05-01 17:52:36.770  3046  7501 I artd    : GetBestInfo: /data/user_de/0/com.google.android.gms/app_chimera/m/00000002/DynamiteLoader.apk has no usable artifacts
05-01 17:52:36.771  3046  7501 W artd    : Could not get dex checksums for location /data/app/~~3fBXho8HaymPEUVbuDbDyw==/com.google.android.gms-lP3FhbDqyEae3o3ITSwEOg==/base.apk, fd=-1
05-01 17:52:36.771  3046  7501 W artd    : Could not get dex checksums for location /data/app/~~3fBXho8HaymPEUVbuDbDyw==/com.google.android.gms-lP3FhbDqyEae3o3ITSwEOg==/base.apk, fd=-1
05-01 17:52:36.772  3046  7501 I artd    : GetBestInfo: /data/user_de/0/com.google.android.gms/app_chimera/m/00000005/GoogleCertificates.apk has no usable artifacts
05-01 17:52:36.772  3046  7501 W artd    : Could not get dex checksums for location /data/app/~~3fBXho8HaymPEUVbuDbDyw==/com.google.android.gms-lP3FhbDqyEae3o3ITSwEOg==/base.apk, fd=-1
05-01 17:52:36.774  3046  7501 I artd    : GetBestInfo: /data/user_de/0/com.google.android.gms/app_chimera/m/0000000c/dl-PlayCloudSearch.optional_253434100000.apk has no usable artifacts
05-01 17:52:36.774  3046  3052 W artd    : Could not get dex checksums for location /data/app/~~3fBXho8HaymPEUVbuDbDyw==/com.google.android.gms-lP3FhbDqyEae3o3ITSwEOg==/base.apk, fd=-1
05-01 17:52:36.775  3046  3052 W artd    : Could not get dex checksums for location /data/app/~~3fBXho8HaymPEUVbuDbDyw==/com.google.android.gms-lP3FhbDqyEae3o3ITSwEOg==/base.apk, fd=-1
05-01 17:52:36.775  3046  3052 W artd    : Could not get dex checksums for location /data/app/~~3fBXho8HaymPEUVbuDbDyw==/com.google.android.gms-lP3FhbDqyEae3o3ITSwEOg==/base.apk, fd=-1
05-01 17:52:36.777  3046  3052 I artd    : GetBestInfo: /data/user_de/0/com.google.android.gms/app_chimera/m/00000009/dl-Appsearch.optional_253434100400.apk has no usable artifacts
05-01 17:52:36.778  3046  3052 I artd    : GetBestInfo: /data/user_de/0/com.google.android.gms/app_chimera/m/0000001f/dl-MlkitBarcodeUi.optional_261332100400.apk has no usable artifacts
05-01 17:52:36.779  3046  3052 I artd    : GetBestInfo: vdex next to the dex file (/data/user/0/com.google.android.gms/app_dg_cache/C979021594972B0BA2D39F27BF33D93C4B1302BC/oat/arm64/the.vdex) is kOatUpToDate with filter 'verify' executable 'false'
05-01 17:52:36.779  3046  3052 W artd    : Could not get dex checksums for location /data/app/~~3fBXho8HaymPEUVbuDbDyw==/com.google.android.gms-lP3FhbDqyEae3o3ITSwEOg==/base.apk, fd=-1
05-01 17:52:36.780  3046  3052 W artd    : Could not get dex checksums for location /data/app/~~3fBXho8HaymPEUVbuDbDyw==/com.google.android.gms-lP3FhbDqyEae3o3ITSwEOg==/base.apk, fd=-1
05-01 17:52:36.781  3046  3052 I artd    : GetBestInfo: /data/user_de/0/com.google.android.gms/app_chimera/m/0000001e/dl-VisionOcr.optional_261332100000.apk has no usable artifacts
05-01 17:52:36.782  3046  3052 I artd    : GetBestInfo: /data/user_de/0/com.google.android.gms/app_chimera/m/00000020/dl-PlayCloudSearch.optional_261332100000.apk has no usable artifacts
05-01 17:52:36.783  3046  3052 I artd    : GetBestInfo: vdex next to the dex file (/data/user/0/com.google.android.gms/app_dg_cache/707FFD883BF2A7896692338F9625CA52336E933B/oat/arm64/the.vdex) is kOatUpToDate with filter 'verify' executable 'false'
05-01 17:52:36.784  3046  3052 I artd    : GetBestInfo: /data/user_de/0/com.google.android.gms/app_chimera/m/00000019/dl-TfliteDynamiteDynamite.integ_252130102100400.apk has no usable artifacts
05-01 17:52:36.784  3046  3052 W artd    : Could not get dex checksums for location /data/app/~~3fBXho8HaymPEUVbuDbDyw==/com.google.android.gms-lP3FhbDqyEae3o3ITSwEOg==/base.apk, fd=-1
05-01 17:52:36.785  3046  3052 W artd    : Could not get dex checksums for location /data/app/~~dKAWhbpuAhXMPrgX8_uNaA==/com.android.vending-VlQnPVZ5qb-G_00QsqpjnQ==/base.apk, fd=-1
05-01 17:52:36.786  3046  3052 I artd    : GetBestInfo: /data/user_de/0/com.google.android.gms/app_chimera/m/00000021/dl-Appsearch.optional_261332100400.apk has no usable artifacts
05-01 17:52:36.787  3046  3052 I artd    : GetBestInfo: /data/user_de/0/com.google.android.gms/app_chimera/m/0000000b/dl-MlkitBarcodeUi.optional_253434100400.apk has no usable artifacts
05-01 17:52:36.820 12316 12316 D AndroidRuntime: >>>>>> START com.android.internal.os.RuntimeInit uid 2000 <<<<<<
05-01 17:52:36.823 12316 12316 I AndroidRuntime: Using default boot image
05-01 17:52:36.823 12316 12316 I AndroidRuntime: Leaving lock profiling enabled
05-01 17:52:36.825 12316 12316 I app_process: Using CollectorTypeCMC GC.
05-01 17:52:36.825  2599  2682 W libbinder.IPCThreadState: Sending oneway calls to frozen process.
05-01 17:52:36.892 12316 12316 D nativeloader: InitDefaultPublicLibraries for_preload=1: libandroid.so:libaaudio.so:libamidi.so:libbinder_ndk.so:libc.so:libcamera2ndk.so:libdl.so:libEGL.so:libGLESv1_CM.so:libGLESv2.so:libGLESv3.so:libicu.so:libicui18n.so:libicuuc.so:libjnigraphics.so:liblog.so:libmediandk.so:libm.so:libnativehelper.so:libnativewindow.so:libOpenMAXAL.so:libOpenSLES.so:libRS.so:libstdc++.so:libsync.so:libvulkan.so:libwebviewchromium_plat_support.so:libz.so
05-01 17:52:36.898 12316 12316 D nativeloader: Load libicu_jni.so using APEX ns com_android_art for caller /apex/com.android.art/javalib/core-oj.jar: ok
05-01 17:52:36.899 12316 12316 D app_process: u_setTimeZoneFilesDirectory("/apex/com.android.tzdata/etc/tz/versioned/9/icu") succeeded. 
05-01 17:52:36.899 12316 12316 D app_process: I18n APEX ICU file found: /apex/com.android.i18n/etc/icu/icudt76l.dat
05-01 17:52:36.899 12316 12316 D nativeloader: Load libjavacore.so using APEX ns com_android_art for caller /apex/com.android.art/javalib/core-oj.jar: ok
05-01 17:52:36.899 12316 12316 D nativeloader: Load libopenjdk.so using APEX ns com_android_art for caller /apex/com.android.art/javalib/core-oj.jar: ok
05-01 17:52:36.900 12316 12316 I app_process: Priority-to-niceness mapping: 19, 16, 13, 10, 0, -2, -4, -5, -6, -8
05-01 17:52:36.901 12316 12316 W app_process: ClassLoaderContext shared library size mismatch. Expected=2, found=0 (PCL[]{PCL[/system/framework/android.test.base.jar*1947731759]#PCL[/system/framework/android.test.mock.jar*3673435773]} | PCL[])
05-01 17:52:36.902 12316 12316 W app_process: ClassLoaderContext classpath size mismatch. expected=0, found=1 (PCL[]{PCL[/system/framework/android.test.runner.jar*3527284906]{PCL[/system/framework/android.test.base.jar*1947731759]#PCL[/system/framework/android.test.mock.jar*3673435773]}#PCL[/system/framework/android.test.base.jar*1947731759]} | PCL[/system/framework/android.test.runner.jar*3527284906])
05-01 17:52:36.915 12316 12316 D nativeloader: Load libframework-connectivity-tiramisu-jni.so using APEX ns com_android_tethering for caller /apex/com.android.tethering/javalib/framework-connectivity-t.jar: ok
05-01 17:52:36.915 12316 12316 D AndroidRuntime: Calling main entry com.android.commands.uiautomator.Launcher
05-01 17:52:36.917 12316 12316 I AconfigPackage: android.media.swcodec.flags is mapped to com.android.media.swcodec
05-01 17:52:36.917 12316 12316 I AconfigPackage: com.android.permission.flags is mapped to com.android.permission
05-01 17:52:36.917 12316 12316 I AconfigPackage: com.android.permissioncontroller.flags is mapped to com.android.permission
05-01 17:52:36.917 12316 12316 I AconfigPackage: com.android.icu is mapped to com.android.i18n
05-01 17:52:36.917 12316 12316 I AconfigPackage: com.android.appsearch.flags is mapped to com.android.appsearch
05-01 17:52:36.917 12316 12316 I AconfigPackage: android.uprobestats.mainline.flags is mapped to com.android.uprobestats
05-01 17:52:36.917 12316 12316 I AconfigPackage: com.android.crashrecovery.flags is mapped to com.android.crashrecovery
05-01 17:52:36.918 12316 12316 I AconfigPackage: android.provider.flags is mapped to com.android.configinfrastructure
05-01 17:52:36.918 12316 12316 I AconfigPackage: com.android.server.deviceconfig is mapped to com.android.configinfrastructure
05-01 17:52:36.918 12316 12316 I AconfigPackage: com.android.art.flags is mapped to com.android.art
05-01 17:52:36.918 12316 12316 I AconfigPackage: com.android.art.rw.flags is mapped to com.android.art
05-01 17:52:36.918 12316 12316 I AconfigPackage: com.android.libcore is mapped to com.android.art
05-01 17:52:36.918 12316 12316 I AconfigPackage: com.android.telephony.flags is mapped to com.android.telephonycore
05-01 17:52:36.918 12316 12316 I AconfigPackage: com.android.media.extractor.flags is mapped to com.android.media
05-01 17:52:36.918 12316 12316 I AconfigPackage: com.android.media.mainline.flags is mapped to com.android.media
05-01 17:52:36.918 12316 12316 I AconfigPackage: com.android.wifi.flags is mapped to com.android.wifi
05-01 17:52:36.918 12316 12316 I AconfigPackage: com.android.org.conscrypt.flags is mapped to com.android.conscrypt
05-01 17:52:36.918 12316 12316 I AconfigPackage: com.android.org.conscrypt.net.flags is mapped to com.android.conscrypt
05-01 17:52:36.918 12316 12316 I AconfigPackage: com.android.healthfitness.flags is mapped to com.android.healthfitness
05-01 17:52:36.918 12316 12316 I AconfigPackage: com.android.ipsec.flags is mapped to com.android.ipsec
05-01 17:52:36.918 12316 12316 I AconfigPackage: com.android.nfc.module.flags is mapped to com.android.nfcservices
05-01 17:52:36.918 12316 12316 I AconfigPackage: com.android.adservices.ondevicepersonalization.flags is mapped to com.android.ondevicepersonalization
05-01 17:52:36.918 12316 12316 I AconfigPackage: com.android.adbd.flags is mapped to com.android.adbd
05-01 17:52:36.918 12316 12316 I AconfigPackage: com.android.bluetooth.flags is mapped to com.android.bt
05-01 17:52:36.919 12316 12316 I AconfigPackage: com.android.devicelock.flags is mapped to com.android.devicelock
05-01 17:52:36.919 12316 12316 I AconfigPackage: android.os.profiling is mapped to com.android.profiling
05-01 17:52:36.919 12316 12316 I AconfigPackage: android.os.profiling.anomaly.flags is mapped to com.android.profiling
05-01 17:52:36.919 12316 12316 I AconfigPackage: com.android.os.statsd.flags is mapped to com.android.os.statsd
05-01 17:52:36.919 12316 12316 I AconfigPackage: com.android.rkpd.flags is mapped to com.android.rkpd
05-01 17:52:36.919 12316 12316 I AconfigPackage: com.android.cellbroadcastreceiver.flags is mapped to com.android.cellbroadcast
05-01 17:52:36.919 12316 12316 I AconfigPackage: com.android.adservices.flags is mapped to com.android.adservices
05-01 17:52:36.919 12316 12316 I AconfigPackage: com.android.sdksandbox.flags is mapped to com.android.adservices
05-01 17:52:36.919 12316 12316 I AconfigPackage: com.android.uwb.flags is mapped to com.android.uwb
05-01 17:52:36.919 12316 12316 I AconfigPackage: com.android.ranging.flags is mapped to com.android.uwb
05-01 17:52:36.919 12316 12316 I AconfigPackage: android.graphics.pdf.flags is mapped to com.android.mediaprovider
05-01 17:52:36.919 12316 12316 I AconfigPackage: com.android.providers.media.flags is mapped to com.android.mediaprovider
05-01 17:52:36.919 12316 12316 I AconfigPackage: android.graphics.pdf.flags.readonly is mapped to com.android.mediaprovider
05-01 17:52:36.919 12316 12316 I AconfigPackage: com.android.tethering.mainline.beta is mapped to com.android.tethering
05-01 17:52:36.919 12316 12316 I AconfigPackage: android.net.http is mapped to com.android.tethering
05-01 17:52:36.919 12316 12316 I AconfigPackage: com.android.tethering.readonly.flags is mapped to com.android.tethering
05-01 17:52:36.919 12316 12316 I AconfigPackage: android.net.vcn is mapped to com.android.tethering
05-01 17:52:36.919 12316 12316 I AconfigPackage: com.android.net.flags is mapped to com.android.tethering
05-01 17:52:36.919 12316 12316 I AconfigPackage: com.android.tethering.beta.test is mapped to com.android.tethering
05-01 17:52:36.919 12316 12316 I AconfigPackage: com.android.nearby.flags is mapped to com.android.tethering
05-01 17:52:36.919 12316 12316 I AconfigPackage: com.android.net.ct.flags is mapped to com.android.tethering
05-01 17:52:36.919 12316 12316 I AconfigPackage: com.android.net.thread.flags is mapped to com.android.tethering
05-01 17:52:36.919 12316 12316 I AconfigPackage: com.android.system.virtualmachine.flags is mapped to com.android.virt
05-01 17:52:36.919 12316 12316 E FeatureFlagsImplExport: android.os.flagging.AconfigStorageReadException: ERROR_PACKAGE_NOT_FOUND: package android.xr cannot be found on the device
05-01 17:52:36.921 12316 12316 D UiAutomationConnection: Created on user UserHandle{0}
05-01 17:52:36.921 12316 12316 I UiAutomation: Initialized for user 0 on display 0
05-01 17:52:36.921 12316 12316 W UiAutomation: Created with deprecatead constructor, assumes DEFAULT_DISPLAY
05-01 17:52:36.922  2599  2989 D AccessibilityManagerService: changeCurrentUserForTestAutomationIfNeededLocked(0): ignoring because device doesn't support visible background users
05-01 17:52:36.922  2599  2989 I UiAutomationManager: Registering UiTestAutomationService (id=com.android.server.accessibility/UiAutomation, flags=0x0) when called by user 0
05-01 17:52:36.922  2599  2989 V AccessibilityManagerService: onUserStateChangedLocked for userId: 0, forceUpdate: false
05-01 17:52:36.922  2599  2989 V AccessibilityUserState: updateShortcutTargets: type:accessibility_shortcut_target_service, current:{}, new:{}
05-01 17:52:36.922  2599  2989 V AccessibilityUserState: updateShortcutTargets: type:accessibility_button_targets, current:{}, new:{}
05-01 17:52:36.922  2599  2989 V AccessibilityUserState: updateShortcutTargets: type:accessibility_gesture_targets, current:{}, new:{}
05-01 17:52:36.922  2599  2989 V AccessibilityUserState: updateShortcutTargets: type:accessibility_qs_targets, current:{}, new:{}
05-01 17:52:36.922  2599  2989 V AccessibilityUserState: updateShortcutTargets: type:accessibility_key_gesture_targets, current:{}, new:{}
05-01 17:52:36.922  2599  2989 W MagnificationConnectionManager: requestConnection duplicated request: connect=false, mConnectionState=DISCONNECTED
05-01 17:52:36.923  3482  4183 I AiAiEcho: Settings changed for uri: content://settings/secure/accessibility_enabled
05-01 17:52:36.923  3482  3713 I AiAiEcho: Predicting[0]:  [CONTEXT sampling_count=5 ]
05-01 17:52:36.923  3482  3713 I AiAiEcho: EchoTargets: 
05-01 17:52:36.923  3482  3713 I AiAiEcho: Filtered by AiAi flag check: 
05-01 17:52:36.923  3482  3713 I AiAiEcho: [CONTEXT ratelimit_period="10 SECONDS" ]
05-01 17:52:36.923  3482  3713 I AiAiEcho: #remoteViewsTwiddler: feature disabled.
05-01 17:52:36.923  2599  2599 W libbinder.IPCThreadState: Sending oneway calls to frozen process.
05-01 17:52:36.923  2599  2599 W libbinder.IPCThreadState: Sending oneway calls to frozen process.
05-01 17:52:36.924  3482  3713 I AiAiEcho: Predicting[0]:  [CONTEXT sampling_count=5 ]
05-01 17:52:36.924  3482  3713 I AiAiEcho: EchoTargets: 
05-01 17:52:36.924  3482  3713 I AiAiEcho: Filtered by AiAi flag check: 
05-01 17:52:36.924  3482  3713 I AiAiEcho: [CONTEXT ratelimit_period="10 SECONDS" ]
05-01 17:52:36.924  2599  2599 W libbinder.IPCThreadState: Sending oneway calls to frozen process.
05-01 17:52:36.924  3482  3713 I AiAiEcho: #remoteViewsTwiddler: feature disabled.
05-01 17:52:36.924  3482  3713 I AiAiEcho: Predicting[0]:  [CONTEXT sampling_count=5 ]
05-01 17:52:36.924  3482  3713 I AiAiEcho: EchoTargets: 
05-01 17:52:36.924  3482  3713 I AiAiEcho: Filtered by AiAi flag check: 
05-01 17:52:36.924  3482  3713 I AiAiEcho: [CONTEXT ratelimit_period="10 SECONDS" ]
05-01 17:52:36.924  2599  2599 W libbinder.IPCThreadState: Sending oneway calls to frozen process.
05-01 17:52:36.924  2599  2599 W libbinder.IPCThreadState: Sending oneway calls to frozen process.
05-01 17:52:36.924  2599  2599 W libbinder.IPCThreadState: Sending oneway calls to frozen process.
05-01 17:52:36.924  2599  2976 V AccessibilityManagerService: onUserStateChangedLocked for userId: 0, forceUpdate: false
05-01 17:52:36.924  3482  3713 I AiAiEcho: #remoteViewsTwiddler: feature disabled.
05-01 17:52:36.925  3482  3713 I AiAiEcho: #postPredictionTargets: Sending updates to UISurface ambientcue with targets# 0 (types=[])
05-01 17:52:36.925  3482  3713 I AiAiEcho: #postPredictionTargets: Sending updates to UISurface home with targets# 0 (types=[])
05-01 17:52:36.926  3482  3713 I AiAiEcho: #postPredictionTargets: Sending updates to UISurface lockscreen with targets# 0 (types=[])
05-01 17:52:36.926  2896  3022 I AmbientCueRepository: Receiving SmartSpace targets # 0
05-01 17:52:36.926  2599  2976 V AccessibilityUserState: updateShortcutTargets: type:accessibility_shortcut_target_service, current:{}, new:{}
05-01 17:52:36.926  2599  2976 V AccessibilityUserState: updateShortcutTargets: type:accessibility_button_targets, current:{}, new:{}
05-01 17:52:36.926  2599  2976 V AccessibilityUserState: updateShortcutTargets: type:accessibility_gesture_targets, current:{}, new:{}
05-01 17:52:36.926  2599  2976 V AccessibilityUserState: updateShortcutTargets: type:accessibility_qs_targets, current:{}, new:{}
05-01 17:52:36.926  2599  2976 V AccessibilityUserState: updateShortcutTargets: type:accessibility_key_gesture_targets, current:{}, new:{}
05-01 17:52:36.926  2599  2976 W MagnificationConnectionManager: requestConnection duplicated request: connect=false, mConnectionState=DISCONNECTED
05-01 17:52:36.927  3482  4183 I AiAiEcho: Settings changed for uri: content://settings/secure/accessibility_enabled
05-01 17:52:36.927  3482  3713 I AiAiEcho: Predicting[0]:  [CONTEXT sampling_count=5 ]
05-01 17:52:36.927  2599  2599 W libbinder.IPCThreadState: Sending oneway calls to frozen process.
05-01 17:52:36.927  3482  3713 I AiAiEcho: EchoTargets: 
05-01 17:52:36.927  3482  3713 I AiAiEcho: Filtered by AiAi flag check: 
05-01 17:52:36.927  3482  3713 I AiAiEcho: [CONTEXT ratelimit_period="10 SECONDS" ]
05-01 17:52:36.927  2599  2599 W libbinder.IPCThreadState: Sending oneway calls to frozen process.
05-01 17:52:36.927  2599  2599 W libbinder.IPCThreadState: Sending oneway calls to frozen process.
05-01 17:52:36.928  3482  3713 I AiAiEcho: #remoteViewsTwiddler: feature disabled.
05-01 17:52:36.928  3482  3713 I AiAiEcho: Predicting[0]:  [CONTEXT sampling_count=5 ]
05-01 17:52:36.928  3482  3713 I AiAiEcho: EchoTargets: 
05-01 17:52:36.928  3482  3713 I AiAiEcho: Filtered by AiAi flag check: 
05-01 17:52:36.928  3482  3713 I AiAiEcho: [CONTEXT ratelimit_period="10 SECONDS" ]
05-01 17:52:36.928  3482  3713 I AiAiEcho: #remoteViewsTwiddler: feature disabled.
05-01 17:52:36.928  3482  3713 I AiAiEcho: Predicting[0]:  [CONTEXT sampling_count=5 ]
05-01 17:52:36.928  3482  3713 I AiAiEcho: EchoTargets: 
05-01 17:52:36.928  3482  3713 I AiAiEcho: Filtered by AiAi flag check: 
05-01 17:52:36.928  3482  3713 I AiAiEcho: [CONTEXT ratelimit_period="10 SECONDS" ]
05-01 17:52:36.928  3482  3713 I AiAiEcho: #remoteViewsTwiddler: feature disabled.
05-01 17:52:36.928  3482  3713 I AiAiEcho: #postPredictionTargets: Sending updates to UISurface ambientcue with targets# 0 (types=[])
05-01 17:52:36.929  2896  3022 I AmbientCueRepository: Receiving SmartSpace targets # 0
05-01 17:52:36.929  3482  3713 I AiAiEcho: #postPredictionTargets: Sending updates to UISurface home with targets# 0 (types=[])
05-01 17:52:36.929  3482  3713 I AiAiEcho: #postPredictionTargets: Sending updates to UISurface lockscreen with targets# 0 (types=[])
05-01 17:52:36.929  2599  2599 W libbinder.IPCThreadState: Sending oneway calls to frozen process.
05-01 17:52:36.930  2599  2599 W libbinder.IPCThreadState: Sending oneway calls to frozen process.
05-01 17:52:36.930  2599  2599 W libbinder.IPCThreadState: Sending oneway calls to frozen process.
05-01 17:52:36.930  2599  2599 W libbinder.IPCThreadState: Sending oneway calls to frozen process.
05-01 17:52:36.930  2599  2599 W libbinder.IPCThreadState: Sending oneway calls to frozen process.
05-01 17:52:36.930  2599  2599 W libbinder.IPCThreadState: Sending oneway calls to frozen process.
05-01 17:52:36.931  2599  2599 D BatterySaverPolicy: accessibility changed to true, updating policy.
05-01 17:52:36.933  2896  2896 W SsPagerDots: Total number of pages invalid: 0. Assuming 1 page.
05-01 17:52:36.933  2896  2896 W SsPagerDots: Total number of pages invalid: 0. Assuming 1 page.
05-01 17:52:36.934  2599  3693 D AccessibilityManagerService: .getAccessibilityShortcutTargets {shortcutType=32, userId=0}
05-01 17:52:36.934  3301  3441 D AccessibilitySourceService: enabled a11y services count 0
05-01 17:52:36.934  3301  3441 D AccessibilitySourceService: a11y source sending 0 issue to sc
05-01 17:52:36.934  2599  3693 D SafetySourceDataValidat: No cert check requested for package com.google.android.permissioncontroller
05-01 17:52:37.355  2599  2796 I HalDevMgr: bestIfaceCreationProposal is null, requestIface=STA, existingIface=[name=wlan0 type=STA]
05-01 17:52:37.875  3054  3142 D SatelliteController: iisInCarrierRoamingNbIotNtn: satellite is disabled
05-01 17:52:37.876  3054  3142 D SatelliteController: getCarrierRoamingNtnConnectType: Falling back to global carrier config connect type: 0
05-01 17:52:37.877  2599  3693 W libbinder.IPCThreadState: Sending oneway calls to frozen process.
05-01 17:52:37.935 12316 12316 W AccessibilityNodeInfoDumper: Fetch time: 1ms
05-01 17:52:37.936  2599  3693 V AccessibilityManagerService: onUserStateChangedLocked for userId: 0, forceUpdate: false
05-01 17:52:37.937  2599  3693 V AccessibilityUserState: updateShortcutTargets: type:accessibility_shortcut_target_service, current:{}, new:{}
05-01 17:52:37.937  2599  3693 V AccessibilityUserState: updateShortcutTargets: type:accessibility_button_targets, current:{}, new:{}
05-01 17:52:37.937  2599  3693 V AccessibilityUserState: updateShortcutTargets: type:accessibility_gesture_targets, current:{}, new:{}
05-01 17:52:37.937  2599  3693 V AccessibilityUserState: updateShortcutTargets: type:accessibility_qs_targets, current:{}, new:{}
05-01 17:52:37.937  2599  3693 V AccessibilityUserState: updateShortcutTargets: type:accessibility_key_gesture_targets, current:{}, new:{}
05-01 17:52:37.937  2599  3693 W MagnificationConnectionManager: requestConnection duplicated request: connect=false, mConnectionState=DISCONNECTED
05-01 17:52:37.937  2599  3693 D AccessibilityManagerService: restoreCurrentUserForTestAutomationIfNeededLocked(): ignoring because device doesn't support visible background users
05-01 17:52:37.938  2599  2599 W libbinder.IPCThreadState: Sending oneway calls to frozen process.
05-01 17:52:37.938  2599  2599 W libbinder.IPCThreadState: Sending oneway calls to frozen process.
05-01 17:52:37.938  2599  2599 W libbinder.IPCThreadState: Sending oneway calls to frozen process.
05-01 17:52:37.938 12316 12325 W libbinder.IPCThreadState: call to talkWithDriver in joinThreadPool returned error: -9 (Bad file descriptor), FD: -1
05-01 17:52:37.938 12316 12324 W libbinder.IPCThreadState: call to talkWithDriver in joinThreadPool returned error: -9 (Bad file descriptor), FD: -1
05-01 17:52:37.938 12316 12316 D AndroidRuntime: Shutting down VM
05-01 17:52:37.939  2599  2599 W libbinder.IPCThreadState: Sending oneway calls to frozen process.
05-01 17:52:37.939  2599  2599 W libbinder.IPCThreadState: Sending oneway calls to frozen process.
05-01 17:52:37.939  2599  2599 W libbinder.IPCThreadState: Sending oneway calls to frozen process.
05-01 17:52:37.939  3482  6830 I AiAiEcho: Settings changed for uri: content://settings/secure/accessibility_enabled
05-01 17:52:37.940  2599  2599 W libbinder.IPCThreadState: Sending oneway calls to frozen process.
05-01 17:52:37.940  2599  2599 W libbinder.IPCThreadState: Sending oneway calls to frozen process.
05-01 17:52:37.940  2599  2599 W libbinder.IPCThreadState: Sending oneway calls to frozen process.
05-01 17:52:37.941  2599  2599 D BatterySaverPolicy: accessibility changed to false, updating policy.
05-01 17:52:37.944  3482  3713 I AiAiEcho: Predicting[0]:  [CONTEXT sampling_count=5 ]
05-01 17:52:37.944  3482  3713 I AiAiEcho: EchoTargets: 
05-01 17:52:37.944  3482  3713 I AiAiEcho: Filtered by AiAi flag check: 
05-01 17:52:37.944  3482  3713 I AiAiEcho: [CONTEXT ratelimit_period="10 SECONDS" ]
05-01 17:52:37.944  3482  3713 I AiAiEcho: #remoteViewsTwiddler: feature disabled.
05-01 17:52:37.944  3482  3713 I AiAiEcho: Predicting[0]:  [CONTEXT sampling_count=5 ]
05-01 17:52:37.944  3482  3713 I AiAiEcho: EchoTargets: 
05-01 17:52:37.944  3482  3713 I AiAiEcho: Filtered by AiAi flag check: 
05-01 17:52:37.944  3482  3713 I AiAiEcho: [CONTEXT ratelimit_period="10 SECONDS" ]
05-01 17:52:37.944  3482  3713 I AiAiEcho: #remoteViewsTwiddler: feature disabled.
05-01 17:52:37.944  3482  3713 I AiAiEcho: Predicting[0]:  [CONTEXT sampling_count=5 ]
05-01 17:52:37.944  3482  3713 I AiAiEcho: EchoTargets: 
05-01 17:52:37.944  3482  3713 I AiAiEcho: Filtered by AiAi flag check: 
05-01 17:52:37.944  3482  3713 I AiAiEcho: [CONTEXT ratelimit_period="10 SECONDS" ]
05-01 17:52:37.944  3482  3713 I AiAiEcho: #remoteViewsTwiddler: feature disabled.
05-01 17:52:37.945  3482  3713 I AiAiEcho: #postPredictionTargets: Sending updates to UISurface ambientcue with targets# 0 (types=[])
05-01 17:52:37.945  3482  3713 I AiAiEcho: #postPredictionTargets: Sending updates to UISurface home with targets# 0 (types=[])
05-01 17:52:37.945  3482  3713 I AiAiEcho: #postPredictionTargets: Sending updates to UISurface lockscreen with targets# 0 (types=[])
05-01 17:52:37.946  2896  3022 I AmbientCueRepository: Receiving SmartSpace targets # 0
05-01 17:52:37.946  2896  2896 W SsPagerDots: Total number of pages invalid: 0. Assuming 1 page.
05-01 17:52:38.475  2599  2682 W libbinder.IPCThreadState: Sending oneway calls to frozen process.
05-01 17:52:38.641  2599  2742 D ActivityManager: freezing 4199 com.google.android.apps.wellbeing
05-01 17:52:38.652  2599  2802 D InetDiagMessage: Destroyed 0 sockets, proto=IPPROTO_TCP, family=AF_INET, states=14
05-01 17:52:38.652  2599  2802 D InetDiagMessage: Destroyed 0 sockets, proto=IPPROTO_TCP, family=AF_INET6, states=14
05-01 17:52:38.652  2599  2802 D InetDiagMessage: Destroyed live tcp sockets for uids={10159} in 1ms
05-01 17:52:40.366  2599  2796 I HalDevMgr: bestIfaceCreationProposal is null, requestIface=STA, existingIface=[name=wlan0 type=STA]
05-01 17:52:43.377  2599  2796 I HalDevMgr: bestIfaceCreationProposal is null, requestIface=STA, existingIface=[name=wlan0 type=STA]
05-01 17:52:46.386  2599  2796 I HalDevMgr: bestIfaceCreationProposal is null, requestIface=STA, existingIface=[name=wlan0 type=STA]
05-01 17:52:46.702 12328 12328 W libbinder.BackendUnifiedServiceManager: Thread Pool max thread count is 0. Cannot cache binder as linkToDeath cannot be implemented. serviceName: package
05-01 17:52:46.728  3046  3052 I artd    : GetBestInfo: odex next to the dex file (/data/app/~~9zdI27-KZDEvVC_7GO9BLQ==/com.google.android.gms-zDijJikcKxb1i4ibdVh7KA==/oat/arm64/base.odex) is kOatUpToDate with filter 'speed-profile' executable 'false'
05-01 17:52:46.729  3046  3052 I artd    : GetBestInfo: odex next to the dex file (/data/app/~~9zdI27-KZDEvVC_7GO9BLQ==/com.google.android.gms-zDijJikcKxb1i4ibdVh7KA==/oat/arm64/split_AdsDynamite_installtime.odex) is kOatUpToDate with filter 'speed' executable 'false'
05-01 17:52:46.730  3046  3052 I artd    : GetBestInfo: odex next to the dex file (/data/app/~~9zdI27-KZDEvVC_7GO9BLQ==/com.google.android.gms-zDijJikcKxb1i4ibdVh7KA==/oat/arm64/split_CronetDynamite_installtime.odex) is kOatUpToDate with filter 'speed' executable 'false'
05-01 17:52:46.731  3046  3052 I artd    : GetBestInfo: odex next to the dex file (/data/app/~~9zdI27-KZDEvVC_7GO9BLQ==/com.google.android.gms-zDijJikcKxb1i4ibdVh7KA==/oat/arm64/split_DynamiteLoader_installtime.odex) is kOatUpToDate with filter 'speed' executable 'false'
05-01 17:52:46.732  3046  3052 I artd    : GetBestInfo: odex next to the dex file (/data/app/~~9zdI27-KZDEvVC_7GO9BLQ==/com.google.android.gms-zDijJikcKxb1i4ibdVh7KA==/oat/arm64/split_DynamiteModulesA_installtime.odex) is kOatUpToDate with filter 'speed' executable 'false'
05-01 17:52:46.734  3046  3052 I artd    : GetBestInfo: odex next to the dex file (/data/app/~~9zdI27-KZDEvVC_7GO9BLQ==/com.google.android.gms-zDijJikcKxb1i4ibdVh7KA==/oat/arm64/split_DynamiteModulesC_installtime.odex) is kOatUpToDate with filter 'speed' executable 'false'
05-01 17:52:46.735  3046  3052 I artd    : GetBestInfo: odex next to the dex file (/data/app/~~9zdI27-KZDEvVC_7GO9BLQ==/com.google.android.gms-zDijJikcKxb1i4ibdVh7KA==/oat/arm64/split_GoogleCertificates_installtime.odex) is kOatUpToDate with filter 'speed' executable 'false'
05-01 17:52:46.736  3046  3052 I artd    : GetBestInfo: odex next to the dex file (/data/app/~~9zdI27-KZDEvVC_7GO9BLQ==/com.google.android.gms-zDijJikcKxb1i4ibdVh7KA==/oat/arm64/split_MapsDynamite_installtime.odex) is kOatUpToDate with filter 'speed' executable 'false'
05-01 17:52:46.738  3046  3052 I artd    : GetBestInfo: odex next to the dex file (/data/app/~~9zdI27-KZDEvVC_7GO9BLQ==/com.google.android.gms-zDijJikcKxb1i4ibdVh7KA==/oat/arm64/split_MeasurementDynamite_installtime.odex) is kOatUpToDate with filter 'speed' executable 'false'
05-01 17:52:46.739  3046  3052 I artd    : GetBestInfo: /data/user_de/0/com.google.android.gms/app_chimera/m/00000024/dl-MlkitOcrCommon.optional_261332100400.apk has no usable artifacts
05-01 17:52:46.739  3046  3052 I artd    : GetBestInfo: /data/user_de/0/com.google.android.gms/app_chimera/m/00000001/CronetDynamite.apk has no usable artifacts
05-01 17:52:46.739  3046  3052 I artd    : GetBestInfo: /data/user_de/0/com.google.android.gms/app_chimera/m/00000002/DynamiteLoader.apk has no usable artifacts
05-01 17:52:46.740  3046  3052 W artd    : Could not get dex checksums for location /data/app/~~3fBXho8HaymPEUVbuDbDyw==/com.google.android.gms-lP3FhbDqyEae3o3ITSwEOg==/base.apk, fd=-1
05-01 17:52:46.740  3046  3052 W artd    : Could not get dex checksums for location /data/app/~~3fBXho8HaymPEUVbuDbDyw==/com.google.android.gms-lP3FhbDqyEae3o3ITSwEOg==/base.apk, fd=-1
05-01 17:52:46.741  3046  3052 I artd    : GetBestInfo: /data/user_de/0/com.google.android.gms/app_chimera/m/00000005/GoogleCertificates.apk has no usable artifacts
05-01 17:52:46.741  3046  3052 W artd    : Could not get dex checksums for location /data/app/~~3fBXho8HaymPEUVbuDbDyw==/com.google.android.gms-lP3FhbDqyEae3o3ITSwEOg==/base.apk, fd=-1
05-01 17:52:46.742  3046  3052 I artd    : GetBestInfo: /data/user_de/0/com.google.android.gms/app_chimera/m/0000000c/dl-PlayCloudSearch.optional_253434100000.apk has no usable artifacts
05-01 17:52:46.743  3046  3052 W artd    : Could not get dex checksums for location /data/app/~~3fBXho8HaymPEUVbuDbDyw==/com.google.android.gms-lP3FhbDqyEae3o3ITSwEOg==/base.apk, fd=-1
05-01 17:52:46.743  3046  3052 W artd    : Could not get dex checksums for location /data/app/~~3fBXho8HaymPEUVbuDbDyw==/com.google.android.gms-lP3FhbDqyEae3o3ITSwEOg==/base.apk, fd=-1
05-01 17:52:46.743  3046  3052 W artd    : Could not get dex checksums for location /data/app/~~3fBXho8HaymPEUVbuDbDyw==/com.google.android.gms-lP3FhbDqyEae3o3ITSwEOg==/base.apk, fd=-1
05-01 17:52:46.744  3046  3052 I artd    : GetBestInfo: /data/user_de/0/com.google.android.gms/app_chimera/m/00000009/dl-Appsearch.optional_253434100400.apk has no usable artifacts
05-01 17:52:46.745  3046  3052 I artd    : GetBestInfo: /data/user_de/0/com.google.android.gms/app_chimera/m/0000001f/dl-MlkitBarcodeUi.optional_261332100400.apk has no usable artifacts
05-01 17:52:46.746  3046  3052 I artd    : GetBestInfo: vdex next to the dex file (/data/user/0/com.google.android.gms/app_dg_cache/C979021594972B0BA2D39F27BF33D93C4B1302BC/oat/arm64/the.vdex) is kOatUpToDate with filter 'verify' executable 'false'
05-01 17:52:46.747  3046  3052 W artd    : Could not get dex checksums for location /data/app/~~3fBXho8HaymPEUVbuDbDyw==/com.google.android.gms-lP3FhbDqyEae3o3ITSwEOg==/base.apk, fd=-1
05-01 17:52:46.747  3046  3052 W artd    : Could not get dex checksums for location /data/app/~~3fBXho8HaymPEUVbuDbDyw==/com.google.android.gms-lP3FhbDqyEae3o3ITSwEOg==/base.apk, fd=-1
05-01 17:52:46.748  3046  3052 I artd    : GetBestInfo: /data/user_de/0/com.google.android.gms/app_chimera/m/0000001e/dl-VisionOcr.optional_261332100000.apk has no usable artifacts
05-01 17:52:46.749  3046  3052 I artd    : GetBestInfo: /data/user_de/0/com.google.android.gms/app_chimera/m/00000020/dl-PlayCloudSearch.optional_261332100000.apk has no usable artifacts
05-01 17:52:46.750  3046  3052 I artd    : GetBestInfo: vdex next to the dex file (/data/user/0/com.google.android.gms/app_dg_cache/707FFD883BF2A7896692338F9625CA52336E933B/oat/arm64/the.vdex) is kOatUpToDate with filter 'verify' executable 'false'
