--------- beginning of main
05-01 17:21:53.095  2599  2796 I HalDevMgr: bestIfaceCreationProposal is null, requestIface=STA, existingIface=[name=wlan0 type=STA]
--------- beginning of system
05-01 17:21:54.066   253 10110 I keystore2: system/security/keystore2/watchdog/src/lib.rs:371 - Watchdog thread idle -> terminating. Have a great day.
05-01 17:21:54.909  2599  2742 D ActivityManager: freezing 5842 com.google.android.packageinstaller
05-01 17:21:54.960  2599  2802 D InetDiagMessage: Destroyed 0 sockets, proto=IPPROTO_TCP, family=AF_INET, states=14
05-01 17:21:54.962  2599  2802 D InetDiagMessage: Destroyed 0 sockets, proto=IPPROTO_TCP, family=AF_INET6, states=14
05-01 17:21:54.963  2599  2802 D InetDiagMessage: Destroyed live tcp sockets for uids={10113} in 4ms
05-01 17:21:55.014  3054  3142 D SatelliteController: iisInCarrierRoamingNbIotNtn: satellite is disabled
05-01 17:21:55.042  2599  3706 W libbinder.IPCThreadState: Sending oneway calls to frozen process.
05-01 17:21:55.063  3054  3142 D SatelliteController: getCarrierRoamingNtnConnectType: Falling back to global carrier config connect type: 0
05-01 17:21:55.389  8138  8334 E PlayCommon: [81] Failed to connect to server for server timestamp: java.net.UnknownHostException: Unable to resolve host "play.googleapis.com": No address associated with hostname
05-01 17:21:55.395  2599  2848 D BackgroundInstallControlService: Package event received: 0
05-01 17:21:55.401  8138  8406 I PlayCommon: [115] Connecting to server for timestamp: https://play.googleapis.com/play/log/timestamp
05-01 17:21:55.402  8138  8406 E PlayCommon: [115] Failed to connect to server for server timestamp: java.net.UnknownHostException: Unable to resolve host "play.googleapis.com": No address associated with hostname
05-01 17:21:55.402  8138  8406 W PlayCommon: [115] No account for auth token provided
05-01 17:21:55.411  8138  8406 I PlayCommon: [115] Connecting to server: https://play.googleapis.com/play/log?format=raw&proto_v2=true
05-01 17:21:55.416  8138  8406 E PlayCommon: [115] Failed to connect to server for log upload.
05-01 17:21:56.022  4139  4147 W Auth    : [TokenResponseCallback] TokenResponse failed with exception [CONTEXT service_id=343 ]
05-01 17:21:56.022  4139  4147 W Auth    : cycd: Failed to process request
05-01 17:21:56.022  4139  4147 W Auth    : 	at cyck.a(:com.google.android.gms@261332035@26.13.32 (260400-895912391):23)
05-01 17:21:56.022  4139  4147 W Auth    : 	at cygh.b(:com.google.android.gms@261332035@26.13.32 (260400-895912391):15)
05-01 17:21:56.022  4139  4147 W Auth    : 	at cyfg.a(:com.google.android.gms@261332035@26.13.32 (260400-895912391):82)
05-01 17:21:56.022  4139  4147 W Auth    : 	at lcm.a(:com.google.android.gms@261332035@26.13.32 (260400-895912391):19)
05-01 17:21:56.022  4139  4147 W Auth    : 	at cyfn.a(:com.google.android.gms@261332035@26.13.32 (260400-895912391):6)
05-01 17:21:56.022  4139  4147 W Auth    : 	at cakc.a(:com.google.android.gms@261332035@26.13.32 (260400-895912391):9)
05-01 17:21:56.022  4139  4147 W Auth    : 	at agrr.b(:com.google.android.gms@261332035@26.13.32 (260400-895912391):13)
05-01 17:21:56.022  4139  4147 W Auth    : 	at agrr.a(:com.google.android.gms@261332035@26.13.32 (260400-895912391):130)
05-01 17:21:56.022  4139  4147 W Auth    : 	at aoyt.b(:com.google.android.gms@261332035@26.13.32 (260400-895912391):28)
05-01 17:21:56.022  4139  4147 W Auth    : 	at ahnf.d(:com.google.android.gms@261332035@26.13.32 (260400-895912391):170)
05-01 17:21:56.022  4139  4147 W Auth    : 	at ahnf.b(:com.google.android.gms@261332035@26.13.32 (260400-895912391):48)
05-01 17:21:56.022  4139  4147 W Auth    : 	at ahnd.a(:com.google.android.gms@261332035@26.13.32 (260400-895912391):738)
05-01 17:21:56.022  4139  4147 W Auth    : 	at ahnc.b(:com.google.android.gms@261332035@26.13.32 (260400-895912391):153)
05-01 17:21:56.022  4139  4147 W Auth    : 	at aapu.d(:com.google.android.gms@261332035@26.13.32 (260400-895912391):107)
05-01 17:21:56.022  4139  4147 W Auth    : 	at ahgp.getAuthToken(:com.google.android.gms@261332035@26.13.32 (260400-895912391):411)
05-01 17:21:56.022  4139  4147 W Auth    : 	at android.accounts.AbstractAccountAuthenticator$Transport.getAuthToken(AbstractAccountAuthenticator.java:248)
05-01 17:21:56.022  4139  4147 W Auth    : 	at android.accounts.IAccountAuthenticator$Stub.onTransact(IAccountAuthenticator.java:254)
05-01 17:21:56.022  4139  4147 W Auth    : 	at android.os.Binder.transact(Binder.java:1325)
05-01 17:21:56.022  4139  4147 W Auth    : 	at cnuy.onTransact(:com.google.android.gms@261332035@26.13.32 (260400-895912391):10)
05-01 17:21:56.022  4139  4147 W Auth    : 	at android.os.Binder.transact(Binder.java:1325)
05-01 17:21:56.022  4139  4147 W Auth    : 	at canx.onTransact(:com.google.android.gms@261332035@26.13.32 (260400-895912391):161)
05-01 17:21:56.022  4139  4147 W Auth    : 	at android.os.Binder.execTransactInternal(Binder.java:1478)
05-01 17:21:56.022  4139  4147 W Auth    : 	at android.os.Binder.execTransact(Binder.java:1418)
05-01 17:21:56.022  4139  4147 W Auth    : Caused by: cyfj: Connectivity error
05-01 17:21:56.022  4139  4147 W Auth    : 	at cyfg.a(:com.google.android.gms@261332035@26.13.32 (260400-895912391):76)
05-01 17:21:56.022  4139  4147 W Auth    : 	... 20 more
05-01 17:21:56.022  4139  4147 W Auth    : Caused by: java.io.IOException
05-01 17:21:56.022  4139  4147 W Auth    : 	at cyfg.a(:com.google.android.gms@261332035@26.13.32 (260400-895912391):73)
05-01 17:21:56.022  4139  4147 W Auth    : 	... 20 more
05-01 17:21:56.076  4139  4147 E AuthPII : [RequestTokenManager] getToken() -> NETWORK_ERROR. App: com.android.vending, Service: oauth2:https://www.googleapis.com/auth/googleplay
05-01 17:21:56.076  4139  4147 E AuthPII : bifm: Error when calling server using GmsNetworkStack.
05-01 17:21:56.076  4139  4147 E AuthPII : 	at ahnf.b(:com.google.android.gms@261332035@26.13.32 (260400-895912391):1606)
05-01 17:21:56.076  4139  4147 E AuthPII : 	at ahnd.a(:com.google.android.gms@261332035@26.13.32 (260400-895912391):738)
05-01 17:21:56.076  4139  4147 E AuthPII : 	at ahnc.b(:com.google.android.gms@261332035@26.13.32 (260400-895912391):153)
05-01 17:21:56.076  4139  4147 E AuthPII : 	at aapu.d(:com.google.android.gms@261332035@26.13.32 (260400-895912391):107)
05-01 17:21:56.076  4139  4147 E AuthPII : 	at ahgp.getAuthToken(:com.google.android.gms@261332035@26.13.32 (260400-895912391):411)
05-01 17:21:56.076  4139  4147 E AuthPII : 	at android.accounts.AbstractAccountAuthenticator$Transport.getAuthToken(AbstractAccountAuthenticator.java:248)
05-01 17:21:56.076  4139  4147 E AuthPII : 	at android.accounts.IAccountAuthenticator$Stub.onTransact(IAccountAuthenticator.java:254)
05-01 17:21:56.076  4139  4147 E AuthPII : 	at android.os.Binder.transact(Binder.java:1325)
05-01 17:21:56.076  4139  4147 E AuthPII : 	at cnuy.onTransact(:com.google.android.gms@261332035@26.13.32 (260400-895912391):10)
05-01 17:21:56.076  4139  4147 E AuthPII : 	at android.os.Binder.transact(Binder.java:1325)
05-01 17:21:56.076  4139  4147 E AuthPII : 	at canx.onTransact(:com.google.android.gms@261332035@26.13.32 (260400-895912391):161)
05-01 17:21:56.076  4139  4147 E AuthPII : 	at android.os.Binder.execTransactInternal(Binder.java:1478)
05-01 17:21:56.076  4139  4147 E AuthPII : 	at android.os.Binder.execTransact(Binder.java:1418)
05-01 17:21:56.076  4139  4147 E AuthPII : Caused by: bifm: Error requesting token.
05-01 17:21:56.076  4139  4147 E AuthPII : 	at ahnf.d(:com.google.android.gms@261332035@26.13.32 (260400-895912391):212)
05-01 17:21:56.076  4139  4147 E AuthPII : 	at ahnf.b(:com.google.android.gms@261332035@26.13.32 (260400-895912391):48)
05-01 17:21:56.076  4139  4147 E AuthPII : 	... 12 more
05-01 17:21:56.076  4139  4147 E AuthPII : Caused by: java.util.concurrent.ExecutionException: cycd: Failed to process request
05-01 17:21:56.076  4139  4147 E AuthPII : 	at hipf.j(:com.google.android.gms@261332035@26.13.32 (260400-895912391):21)
05-01 17:21:56.076  4139  4147 E AuthPII : 	at hipo.v(:com.google.android.gms@261332035@26.13.32 (260400-895912391):31)
05-01 17:21:56.076  4139  4147 E AuthPII : 	at ahnf.d(:com.google.android.gms@261332035@26.13.32 (260400-895912391):197)
05-01 17:21:56.076  4139  4147 E AuthPII : 	... 13 more
05-01 17:21:56.076  4139  4147 E AuthPII : Caused by: cycd: Failed to process request
05-01 17:21:56.076  4139  4147 E AuthPII : 	at cyck.a(:com.google.android.gms@261332035@26.13.32 (260400-895912391):23)
05-01 17:21:56.076  4139  4147 E AuthPII : 	at cygh.b(:com.google.android.gms@261332035@26.13.32 (260400-895912391):15)
05-01 17:21:56.076  4139  4147 E AuthPII : 	at cyfg.a(:com.google.android.gms@261332035@26.13.32 (260400-895912391):82)
05-01 17:21:56.076  4139  4147 E AuthPII : 	at lcm.a(:com.google.android.gms@261332035@26.13.32 (260400-895912391):19)
05-01 17:21:56.076  4139  4147 E AuthPII : 	at cyfn.a(:com.google.android.gms@261332035@26.13.32 (260400-895912391):6)
05-01 17:21:56.076  4139  4147 E AuthPII : 	at cakc.a(:com.google.android.gms@261332035@26.13.32 (260400-895912391):9)
05-01 17:21:56.076  4139  4147 E AuthPII : 	at agrr.b(:com.google.android.gms@261332035@26.13.32 (260400-895912391):13)
05-01 17:21:56.076  4139  4147 E AuthPII : 	at agrr.a(:com.google.android.gms@261332035@26.13.32 (260400-895912391):130)
05-01 17:21:56.076  4139  4147 E AuthPII : 	at aoyt.b(:com.google.android.gms@261332035@26.13.32 (260400-895912391):28)
05-01 17:21:56.076  4139  4147 E AuthPII : 	at ahnf.d(:com.google.android.gms@261332035@26.13.32 (260400-895912391):170)
05-01 17:21:56.076  4139  4147 E AuthPII : 	... 13 more
05-01 17:21:56.076  4139  4147 E AuthPII : Caused by: cyfj: Connectivity error
05-01 17:21:56.076  4139  4147 E AuthPII : 	at cyfg.a(:com.google.android.gms@261332035@26.13.32 (260400-895912391):76)
05-01 17:21:56.076  4139  4147 E AuthPII : 	... 20 more
05-01 17:21:56.076  4139  4147 E AuthPII : Caused by: java.io.IOException
05-01 17:21:56.076  4139  4147 E AuthPII : 	at cyfg.a(:com.google.android.gms@261332035@26.13.32 (260400-895912391):73)
05-01 17:21:56.076  4139  4147 E AuthPII : 	... 20 more
05-01 17:21:56.078  4139  4147 E AuthPII : Message is Error when calling server using GmsNetworkStack.
05-01 17:21:56.078  4139  4147 E AuthPII : bifm: Error when calling server using GmsNetworkStack.
05-01 17:21:56.078  4139  4147 E AuthPII : 	at ahnf.b(:com.google.android.gms@261332035@26.13.32 (260400-895912391):1606)
05-01 17:21:56.078  4139  4147 E AuthPII : 	at ahnd.a(:com.google.android.gms@261332035@26.13.32 (260400-895912391):738)
05-01 17:21:56.078  4139  4147 E AuthPII : 	at ahnc.b(:com.google.android.gms@261332035@26.13.32 (260400-895912391):153)
05-01 17:21:56.078  4139  4147 E AuthPII : 	at aapu.d(:com.google.android.gms@261332035@26.13.32 (260400-895912391):107)
05-01 17:21:56.078  4139  4147 E AuthPII : 	at ahgp.getAuthToken(:com.google.android.gms@261332035@26.13.32 (260400-895912391):411)
05-01 17:21:56.078  4139  4147 E AuthPII : 	at android.accounts.AbstractAccountAuthenticator$Transport.getAuthToken(AbstractAccountAuthenticator.java:248)
05-01 17:21:56.078  4139  4147 E AuthPII : 	at android.accounts.IAccountAuthenticator$Stub.onTransact(IAccountAuthenticator.java:254)
05-01 17:21:56.078  4139  4147 E AuthPII : 	at android.os.Binder.transact(Binder.java:1325)
05-01 17:21:56.078  4139  4147 E AuthPII : 	at cnuy.onTransact(:com.google.android.gms@261332035@26.13.32 (260400-895912391):10)
05-01 17:21:56.078  4139  4147 E AuthPII : 	at android.os.Binder.transact(Binder.java:1325)
05-01 17:21:56.078  4139  4147 E AuthPII : 	at canx.onTransact(:com.google.android.gms@261332035@26.13.32 (260400-895912391):161)
05-01 17:21:56.078  4139  4147 E AuthPII : 	at android.os.Binder.execTransactInternal(Binder.java:1478)
05-01 17:21:56.078  4139  4147 E AuthPII : 	at android.os.Binder.execTransact(Binder.java:1418)
05-01 17:21:56.078  4139  4147 E AuthPII : Caused by: bifm: Error requesting token.
05-01 17:21:56.078  4139  4147 E AuthPII : 	at ahnf.d(:com.google.android.gms@261332035@26.13.32 (260400-895912391):212)
05-01 17:21:56.078  4139  4147 E AuthPII : 	at ahnf.b(:com.google.android.gms@261332035@26.13.32 (260400-895912391):48)
05-01 17:21:56.078  4139  4147 E AuthPII : 	... 12 more
05-01 17:21:56.078  4139  4147 E AuthPII : Caused by: java.util.concurrent.ExecutionException: cycd: Failed to process request
05-01 17:21:56.078  4139  4147 E AuthPII : 	at hipf.j(:com.google.android.gms@261332035@26.13.32 (260400-895912391):21)
05-01 17:21:56.078  4139  4147 E AuthPII : 	at hipo.v(:com.google.android.gms@261332035@26.13.32 (260400-895912391):31)
05-01 17:21:56.078  4139  4147 E AuthPII : 	at ahnf.d(:com.google.android.gms@261332035@26.13.32 (260400-895912391):197)
05-01 17:21:56.078  4139  4147 E AuthPII : 	... 13 more
05-01 17:21:56.078  4139  4147 E AuthPII : Caused by: cycd: Failed to process request
05-01 17:21:56.078  4139  4147 E AuthPII : 	at cyck.a(:com.google.android.gms@261332035@26.13.32 (260400-895912391):23)
05-01 17:21:56.078  4139  4147 E AuthPII : 	at cygh.b(:com.google.android.gms@261332035@26.13.32 (260400-895912391):15)
05-01 17:21:56.078  4139  4147 E AuthPII : 	at cyfg.a(:com.google.android.gms@261332035@26.13.32 (260400-895912391):82)
05-01 17:21:56.078  4139  4147 E AuthPII : 	at lcm.a(:com.google.android.gms@261332035@26.13.32 (260400-895912391):19)
05-01 17:21:56.078  4139  4147 E AuthPII : 	at cyfn.a(:com.google.android.gms@261332035@26.13.32 (260400-895912391):6)
05-01 17:21:56.078  4139  4147 E AuthPII : 	at cakc.a(:com.google.android.gms@261332035@26.13.32 (260400-895912391):9)
05-01 17:21:56.078  4139  4147 E AuthPII : 	at agrr.b(:com.google.android.gms@261332035@26.13.32 (260400-895912391):13)
05-01 17:21:56.078  4139  4147 E AuthPII : 	at agrr.a(:com.google.android.gms@261332035@26.13.32 (260400-895912391):130)
05-01 17:21:56.078  4139  4147 E AuthPII : 	at aoyt.b(:com.google.android.gms@261332035@26.13.32 (260400-895912391):28)
05-01 17:21:56.078  4139  4147 E AuthPII : 	at ahnf.d(:com.google.android.gms@261332035@26.13.32 (260400-895912391):170)
05-01 17:21:56.078  4139  4147 E AuthPII : 	... 13 more
05-01 17:21:56.078  4139  4147 E AuthPII : Caused by: cyfj: Connectivity error
05-01 17:21:56.078  4139  4147 E AuthPII : 	at cyfg.a(:com.google.android.gms@261332035@26.13.32 (260400-895912391):76)
05-01 17:21:56.078  4139  4147 E AuthPII : 	... 20 more
05-01 17:21:56.078  4139  4147 E AuthPII : Caused by: java.io.IOException
05-01 17:21:56.078  4139  4147 E AuthPII : 	at cyfg.a(:com.google.android.gms@261332035@26.13.32 (260400-895912391):73)
05-01 17:21:56.078  4139  4147 E AuthPII : 	... 20 more
05-01 17:21:56.081  4139  4147 I Auth    : (REDACTED) [GetToken] GetToken failed for app=%s with non recoverable status code: %s 
05-01 17:21:56.084  4139  4147 W Auth    : [ChimeraGetToken] exception while trying to fetch auth tokens for app=com.google.android.gms, scope=oauth2:https://www.googleapis.com/auth/googleplay [CONTEXT service_id=153 ]
05-01 17:21:56.084  4139  4147 W Auth    : ahmx: GetToken failed with status code: NetworkError
05-01 17:21:56.084  4139  4147 W Auth    : 	at ahnc.b(:com.google.android.gms@261332035@26.13.32 (260400-895912391):356)
05-01 17:21:56.084  4139  4147 W Auth    : 	at aapu.d(:com.google.android.gms@261332035@26.13.32 (260400-895912391):107)
05-01 17:21:56.084  4139  4147 W Auth    : 	at ahgp.getAuthToken(:com.google.android.gms@261332035@26.13.32 (260400-895912391):411)
05-01 17:21:56.084  4139  4147 W Auth    : 	at android.accounts.AbstractAccountAuthenticator$Transport.getAuthToken(AbstractAccountAuthenticator.java:248)
05-01 17:21:56.084  4139  4147 W Auth    : 	at android.accounts.IAccountAuthenticator$Stub.onTransact(IAccountAuthenticator.java:254)
05-01 17:21:56.084  4139  4147 W Auth    : 	at android.os.Binder.transact(Binder.java:1325)
05-01 17:21:56.084  4139  4147 W Auth    : 	at cnuy.onTransact(:com.google.android.gms@261332035@26.13.32 (260400-895912391):10)
05-01 17:21:56.084  4139  4147 W Auth    : 	at android.os.Binder.transact(Binder.java:1325)
05-01 17:21:56.084  4139  4147 W Auth    : 	at canx.onTransact(:com.google.android.gms@261332035@26.13.32 (260400-895912391):161)
05-01 17:21:56.084  4139  4147 W Auth    : 	at android.os.Binder.execTransactInternal(Binder.java:1478)
05-01 17:21:56.084  4139  4147 W Auth    : 	at android.os.Binder.execTransact(Binder.java:1418)
05-01 17:21:56.086  4139  4147 W GLSActivity: [GmsAccountAuthenticatorImpl] error status while fetching token:NetworkError
05-01 17:21:56.102  8138  8334 E PlayCommon: [81] Failed to get auth token: java.io.IOException: NetworkError
05-01 17:21:56.104  8138  8334 W PlayCommon: [81] Deferring log upload because couldn't retrieve auth token
05-01 17:21:56.107  2599  2796 I HalDevMgr: bestIfaceCreationProposal is null, requestIface=STA, existingIface=[name=wlan0 type=STA]
05-01 17:21:57.178 10179 10179 W libbinder.BackendUnifiedServiceManager: Thread Pool max thread count is 0. Cannot cache binder as linkToDeath cannot be implemented. serviceName: package
05-01 17:21:58.119  4139  4143 W .gms.persistent: Suspending all threads took: 7.577ms
05-01 17:21:58.197  3046  3046 I artd    : GetBestInfo: odex next to the dex file (/data/app/~~9zdI27-KZDEvVC_7GO9BLQ==/com.google.android.gms-zDijJikcKxb1i4ibdVh7KA==/oat/arm64/base.odex) is kOatUpToDate with filter 'speed-profile' executable 'false'
05-01 17:21:58.247  3046  3046 I artd    : GetBestInfo: odex next to the dex file (/data/app/~~9zdI27-KZDEvVC_7GO9BLQ==/com.google.android.gms-zDijJikcKxb1i4ibdVh7KA==/oat/arm64/split_AdsDynamite_installtime.odex) is kOatUpToDate with filter 'speed' executable 'false'
05-01 17:21:58.265  3046  3046 I artd    : GetBestInfo: odex next to the dex file (/data/app/~~9zdI27-KZDEvVC_7GO9BLQ==/com.google.android.gms-zDijJikcKxb1i4ibdVh7KA==/oat/arm64/split_CronetDynamite_installtime.odex) is kOatUpToDate with filter 'speed' executable 'false'
05-01 17:21:58.440  3046  3046 I artd    : GetBestInfo: odex next to the dex file (/data/app/~~9zdI27-KZDEvVC_7GO9BLQ==/com.google.android.gms-zDijJikcKxb1i4ibdVh7KA==/oat/arm64/split_DynamiteLoader_installtime.odex) is kOatUpToDate with filter 'speed' executable 'false'
05-01 17:21:58.444  3046  3052 I artd    : GetBestInfo: odex next to the dex file (/data/app/~~9zdI27-KZDEvVC_7GO9BLQ==/com.google.android.gms-zDijJikcKxb1i4ibdVh7KA==/oat/arm64/split_DynamiteModulesA_installtime.odex) is kOatUpToDate with filter 'speed' executable 'false'
05-01 17:21:58.557  2599  2742 D ActivityManager: freezing 8138 com.android.vending
05-01 17:21:58.562  3046  3052 I artd    : GetBestInfo: odex next to the dex file (/data/app/~~9zdI27-KZDEvVC_7GO9BLQ==/com.google.android.gms-zDijJikcKxb1i4ibdVh7KA==/oat/arm64/split_DynamiteModulesC_installtime.odex) is kOatUpToDate with filter 'speed' executable 'false'
05-01 17:21:58.680  3046  3046 I artd    : GetBestInfo: odex next to the dex file (/data/app/~~9zdI27-KZDEvVC_7GO9BLQ==/com.google.android.gms-zDijJikcKxb1i4ibdVh7KA==/oat/arm64/split_GoogleCertificates_installtime.odex) is kOatUpToDate with filter 'speed' executable 'false'
05-01 17:21:58.700  3046  3046 I artd    : GetBestInfo: odex next to the dex file (/data/app/~~9zdI27-KZDEvVC_7GO9BLQ==/com.google.android.gms-zDijJikcKxb1i4ibdVh7KA==/oat/arm64/split_MapsDynamite_installtime.odex) is kOatUpToDate with filter 'speed' executable 'false'
05-01 17:21:58.727  3046  3052 I artd    : GetBestInfo: odex next to the dex file (/data/app/~~9zdI27-KZDEvVC_7GO9BLQ==/com.google.android.gms-zDijJikcKxb1i4ibdVh7KA==/oat/arm64/split_MeasurementDynamite_installtime.odex) is kOatUpToDate with filter 'speed' executable 'false'
05-01 17:21:58.750  3046  3046 I artd    : GetBestInfo: /data/user_de/0/com.google.android.gms/app_chimera/m/00000024/dl-MlkitOcrCommon.optional_261332100400.apk has no usable artifacts
05-01 17:21:58.756  3046  3052 I artd    : GetBestInfo: /data/user_de/0/com.google.android.gms/app_chimera/m/00000001/CronetDynamite.apk has no usable artifacts
05-01 17:21:58.756  3046  3046 I artd    : GetBestInfo: /data/user_de/0/com.google.android.gms/app_chimera/m/00000002/DynamiteLoader.apk has no usable artifacts
05-01 17:21:58.756  3046  3046 W artd    : Could not get dex checksums for location /data/app/~~3fBXho8HaymPEUVbuDbDyw==/com.google.android.gms-lP3FhbDqyEae3o3ITSwEOg==/base.apk, fd=-1
05-01 17:21:58.768  3046  3052 W artd    : Could not get dex checksums for location /data/app/~~3fBXho8HaymPEUVbuDbDyw==/com.google.android.gms-lP3FhbDqyEae3o3ITSwEOg==/base.apk, fd=-1
05-01 17:21:58.780  3046  3046 I artd    : GetBestInfo: /data/user_de/0/com.google.android.gms/app_chimera/m/00000005/GoogleCertificates.apk has no usable artifacts
05-01 17:21:58.780  3046  3046 W artd    : Could not get dex checksums for location /data/app/~~3fBXho8HaymPEUVbuDbDyw==/com.google.android.gms-lP3FhbDqyEae3o3ITSwEOg==/base.apk, fd=-1
05-01 17:21:58.796  3046  3051 I artd    : GetBestInfo: /data/user_de/0/com.google.android.gms/app_chimera/m/0000000c/dl-PlayCloudSearch.optional_253434100000.apk has no usable artifacts
05-01 17:21:58.796  3046  3052 W artd    : Could not get dex checksums for location /data/app/~~3fBXho8HaymPEUVbuDbDyw==/com.google.android.gms-lP3FhbDqyEae3o3ITSwEOg==/base.apk, fd=-1
05-01 17:21:58.803  3046  3051 W artd    : Could not get dex checksums for location /data/app/~~3fBXho8HaymPEUVbuDbDyw==/com.google.android.gms-lP3FhbDqyEae3o3ITSwEOg==/base.apk, fd=-1
05-01 17:21:58.811  3046  3052 W artd    : Could not get dex checksums for location /data/app/~~3fBXho8HaymPEUVbuDbDyw==/com.google.android.gms-lP3FhbDqyEae3o3ITSwEOg==/base.apk, fd=-1
05-01 17:21:58.828  3046  3052 I artd    : GetBestInfo: /data/user_de/0/com.google.android.gms/app_chimera/m/00000009/dl-Appsearch.optional_253434100400.apk has no usable artifacts
05-01 17:21:58.834  3046  3051 I artd    : GetBestInfo: /data/user_de/0/com.google.android.gms/app_chimera/m/0000001f/dl-MlkitBarcodeUi.optional_261332100400.apk has no usable artifacts
05-01 17:21:58.846  3046  3051 I artd    : GetBestInfo: vdex next to the dex file (/data/user/0/com.google.android.gms/app_dg_cache/C979021594972B0BA2D39F27BF33D93C4B1302BC/oat/arm64/the.vdex) is kOatUpToDate with filter 'verify' executable 'false'
05-01 17:21:58.847  3046  3052 W artd    : Could not get dex checksums for location /data/app/~~3fBXho8HaymPEUVbuDbDyw==/com.google.android.gms-lP3FhbDqyEae3o3ITSwEOg==/base.apk, fd=-1
05-01 17:21:58.850  3046  3051 W artd    : Could not get dex checksums for location /data/app/~~3fBXho8HaymPEUVbuDbDyw==/com.google.android.gms-lP3FhbDqyEae3o3ITSwEOg==/base.apk, fd=-1
05-01 17:21:58.858  3046  3051 I artd    : GetBestInfo: /data/user_de/0/com.google.android.gms/app_chimera/m/0000001e/dl-VisionOcr.optional_261332100000.apk has no usable artifacts
05-01 17:21:58.863  3046  3052 I artd    : GetBestInfo: /data/user_de/0/com.google.android.gms/app_chimera/m/00000020/dl-PlayCloudSearch.optional_261332100000.apk has no usable artifacts
05-01 17:21:58.899  3046  3052 I artd    : GetBestInfo: vdex next to the dex file (/data/user/0/com.google.android.gms/app_dg_cache/707FFD883BF2A7896692338F9625CA52336E933B/oat/arm64/the.vdex) is kOatUpToDate with filter 'verify' executable 'false'
05-01 17:21:59.007  3046  3052 I artd    : GetBestInfo: /data/user_de/0/com.google.android.gms/app_chimera/m/00000019/dl-TfliteDynamiteDynamite.integ_252130102100400.apk has no usable artifacts
05-01 17:21:59.007  3046  3052 W artd    : Could not get dex checksums for location /data/app/~~3fBXho8HaymPEUVbuDbDyw==/com.google.android.gms-lP3FhbDqyEae3o3ITSwEOg==/base.apk, fd=-1
05-01 17:21:59.008  3046  3052 W artd    : Could not get dex checksums for location /data/app/~~dKAWhbpuAhXMPrgX8_uNaA==/com.android.vending-VlQnPVZ5qb-G_00QsqpjnQ==/base.apk, fd=-1
05-01 17:21:59.023  3046  3052 I artd    : GetBestInfo: /data/user_de/0/com.google.android.gms/app_chimera/m/00000021/dl-Appsearch.optional_261332100400.apk has no usable artifacts
05-01 17:21:59.035  2599  3705 W ActivityTaskManager: callingPackage for (uid=2000, pid=10187) has no WPC
05-01 17:21:59.062  3046  3051 I artd    : GetBestInfo: /data/user_de/0/com.google.android.gms/app_chimera/m/0000000b/dl-MlkitBarcodeUi.optional_253434100400.apk has no usable artifacts
05-01 17:21:59.113  2599  2976 W libbinder.Binder: Binder transaction to android.content.pm.IPackageManager code 1598311760 took 1934ms. Data bytes: 80 Reply bytes: 4 Flags: 16
05-01 17:21:59.132  2599  2796 I HalDevMgr: bestIfaceCreationProposal is null, requestIface=STA, existingIface=[name=wlan0 type=STA]
05-01 17:21:59.134  2599  3705 V WindowManager: DesktopModeLaunchParamsModifier: phase= 0 task=null activity=null display-area-from-current-params=null display-area-from-default-fallback=DefaultTaskDisplayArea@257994866 display-id=0 task-display-area-windowing-mode=1 suggested-display-area=DefaultTaskDisplayArea@257994866 task null, skipping
05-01 17:21:59.135  2599  3705 V WindowManager: TaskLaunchParamsModifier:phase=0 task=null activity=null display-area-from-current-params=null display-area-from-default-fallback=DefaultTaskDisplayArea@257994866 display-id=0 task-display-area-windowing-mode=1 suggested-display-area=DefaultTaskDisplayArea@257994866
05-01 17:21:59.195  2599  3705 V GrammaticalInflectionUtils: AttributionSource: android.content.AttributionSource@2c52140c does not have READ_SYSTEM_GRAMMATICAL_GENDER permission.
05-01 17:21:59.259  2599  3705 V WindowManager: DesktopModeLaunchParamsModifier: phase= 0 task=null activity=ActivityRecord{165141482 u0 com.signbridge/.MainActivity display-area-from-current-params=null display-area-from-default-fallback=DefaultTaskDisplayArea@257994866 display-id=0 task-display-area-windowing-mode=1 suggested-display-area=DefaultTaskDisplayArea@257994866 task null, skipping
05-01 17:21:59.259  2599  3705 V WindowManager: TaskLaunchParamsModifier:phase=0 task=null activity=ActivityRecord{165141482 u0 com.signbridge/.MainActivity t-1} display-area-from-current-params=null display-area-from-default-fallback=DefaultTaskDisplayArea@257994866 display-id=0 task-display-area-windowing-mode=1 suggested-display-area=DefaultTaskDisplayArea@257994866
05-01 17:21:59.262  2599  3705 V WindowManager: DesktopModeLaunchParamsModifier: phase= 3 task=null activity=ActivityRecord{165141482 u0 com.signbridge/.MainActivity t-1} display-area-from-current-params=null display-area-from-default-fallback=DefaultTaskDisplayArea@257994866 display-id=0 task-display-area-windowing-mode=1 suggested-display-area=DefaultTaskDisplayArea@257994866 task null, skipping
05-01 17:21:59.262  2599  3705 V WindowManager: TaskLaunchParamsModifier:phase=3 task=null activity=ActivityRecord{165141482 u0 com.signbridge/.MainActivity t-1} display-area-from-current-params=null display-area-from-default-fallback=DefaultTaskDisplayArea@257994866 display-id=0 task-display-area-windowing-mode=1 suggested-display-area=DefaultTaskDisplayArea@257994866 non-freeform-task-display-area display-area=DefaultTaskDisplayArea@257994866 skip-bounds-fullscreen
05-01 17:21:59.446  2599  3705 V WindowManager: DesktopModeLaunchParamsModifier: phase= 3 task=Task{6e61edb #60 type=standard A=10234:com.signbridge} activity=ActivityRecord{165141482 u0 com.signbridge/.MainActivity t-1} display-from-task=0 display-id=0 task-display-area-windowing-mode=1 suggested-display-area=DefaultTaskDisplayArea@257994866 not entering desktop mode, skipping
05-01 17:21:59.447  2599  3705 V WindowManager: TaskLaunchParamsModifier:phase=3 task=Task{6e61edb #60 type=standard A=10234:com.signbridge} activity=ActivityRecord{165141482 u0 com.signbridge/.MainActivity t-1} display-from-task=0 display-id=0 task-display-area-windowing-mode=1 suggested-display-area=DefaultTaskDisplayArea@257994866 inherit-from-task=fullscreen non-freeform-task-display-area display-area=DefaultTaskDisplayArea@257994866 skip-bounds-fullscreen
05-01 17:21:59.740  2599  3705 I ActivityTaskManager: START u0 {flg=0x10000000 xflg=0x5 cmp=com.signbridge/.MainActivity} with LAUNCH_MULTIPLE from uid 2000 (com.android.shell) (BAL_ALLOW_PERMISSION) result code=0
05-01 17:21:59.878  3066  3066 D RecentsView: onTaskDisplayChanged: 60, new displayId = 0
05-01 17:22:00.194   561  1251 I libbinder.BpBinder: onLastStrongRef automatically unlinking death recipients for descriptor: '(not cached)'
05-01 17:22:00.195  2599  2621 V GrammaticalInflectionUtils: AttributionSource: android.content.AttributionSource@2c52140c does not have READ_SYSTEM_GRAMMATICAL_GENDER permission.
05-01 17:22:00.195  2599  2621 W ActivityManager: Slow operation: 317ms so far, now at startProcess: done creating new process record
05-01 17:22:00.195  2599  2621 W ActivityManager: Slow operation: 317ms so far, now at startProcess: stepping in to startProcess
05-01 17:22:00.230  3066  3066 D BaseActivity: Launcher flags updated: [state_started|state_resumed|state_deferred_resumed|state_window_focused] -[state_user_active]
05-01 17:22:00.261  3066  3066 D BaseActivity: Launcher flags updated: [state_started|state_window_focused] -[state_resumed|state_deferred_resumed]
05-01 17:22:00.263  3066  3066 W SplitSelectStateCtor: Missing session instanceIds
05-01 17:22:00.274  3066  3066 D StatsLog: LAUNCHER_SPLIT_SELECTION_EXIT_INTERRUPTED
05-01 17:22:00.359  2599  2621 W ActivityManager: Slow operation: 481ms so far, now at startProcess: done starting proc!
05-01 17:22:00.363  2599  2802 D InetDiagMessage: Destroyed 0 sockets, proto=IPPROTO_TCP, family=AF_INET, states=14
05-01 17:22:00.364  2599  2802 D InetDiagMessage: Destroyed 0 sockets, proto=IPPROTO_TCP, family=AF_INET6, states=14
05-01 17:22:00.364  2599  2802 D InetDiagMessage: Destroyed live tcp sockets for uids={10159} in 13ms
05-01 17:22:00.367  2599  2802 D InetDiagMessage: Destroyed 0 sockets, proto=IPPROTO_TCP, family=AF_INET, states=14
05-01 17:22:00.368  2599  2802 D InetDiagMessage: Destroyed 0 sockets, proto=IPPROTO_TCP, family=AF_INET6, states=14
05-01 17:22:00.368  2599  2802 D InetDiagMessage: Destroyed live tcp sockets for uids={20159} in 2ms
05-01 17:22:00.468  2599  2621 W ActivityTaskManager: Activity top resumed state loss timeout for ActivityRecord{169355153 u0 com.google.android.apps.nexuslauncher/.NexusLauncherActivity t2}
05-01 17:22:00.468  2599  2621 W ActivityTaskManager: Activity pause timeout for ActivityRecord{169355153 u0 com.google.android.apps.nexuslauncher/.NexusLauncherActivity t2}
05-01 17:22:00.650  2599  2684 W ActivityManager: Slow operation: 454ms so far, now at startProcess: asking zygote to start proc
05-01 17:22:00.668  2599  2621 I AppsFilter: interaction: PackageSetting{bde92b2 com.cleancontacts.app/10225} -> PackageSetting{2c2cf66 com.signbridge/10234} BLOCKED
05-01 17:22:00.668  2599  2621 I AppsFilter: interaction: PackageSetting{f095580 com.ogabassey.contactscleaner.debug/10226} -> PackageSetting{2c2cf66 com.signbridge/10234} BLOCKED
05-01 17:22:00.668  2599  2621 I AppsFilter: interaction: PackageSetting{697b9 com.ogabassey.store/10230} -> PackageSetting{2c2cf66 com.signbridge/10234} BLOCKED
05-01 17:22:00.668  2599  2621 I AppsFilter: interaction: PackageSetting{71f27fe com.ogabassey.baci/10224} -> PackageSetting{2c2cf66 com.signbridge/10234} BLOCKED
05-01 17:22:00.764  2599  2599 W Looper  : Slow delivery took 588ms main app=system_server main=true group=FOREGROUND h=com.android.server.power.Notifier$NotifierHandler c=null m=7
05-01 17:22:00.928  2599  2621 V WindowManager: Defer transition id=29 for TaskFragmentTransaction=android.os.Binder@70792a7
05-01 17:22:00.944  2599  2621 V WindowManager: deferTransitionReady deferReadyDepth=1 stack=com.android.server.wm.TransitionController.deferTransitionReady:1061 com.android.server.wm.TaskFragmentOrganizerController$TaskFragmentOrganizerState.dispatchTransaction:517 com.android.server.wm.TaskFragmentOrganizerController.dispatchPendingEvents:1259 com.android.server.wm.TaskFragmentOrganizerController.dispatchPendingEvents:1228 com.android.server.wm.RootWindowContainer.performSurfacePlacement:777 
05-01 17:22:00.991  2599  2599 W Looper  : Drained
05-01 17:22:01.004  2896  2967 V WindowManagerShell: Transition requested (#29): android.os.BinderProxy@8c90bf6 TransitionRequestInfo { type = OPEN, triggerTask = TaskInfo{userId=0 taskId=60 effectiveUid=10234 displayId=0 isRunning=true baseIntent=Intent { flg=0x10000000 cmp=com.signbridge/.MainActivity } baseActivity=ComponentInfo{com.signbridge/com.signbridge.MainActivity} topActivity=ComponentInfo{com.signbridge/com.signbridge.MainActivity} origActivity=null realActivity=ComponentInfo{com.signbridge/com.signbridge.MainActivity} numActivities=1 lastActiveTime=2902143 supportsMultiWindow=true resizeMode=1 isResizeable=true minWidth=-1 minHeight=-1 defaultMinSize=220 token=WCT{android.os.BinderProxy@5833bf7} topActivityType=1 pictureInPictureParams=null shouldDockBigOverlays=false launchIntoPipHostTaskId=-1 lastParentTaskIdBeforePip=-1 displayCutoutSafeInsets=Rect(0, 0 - 0, 0) topActivityInfo=ActivityInfo{d2ffa64 com.signbridge.MainActivity} launchCookies=[] positionInParent=Point(0, 0) parentTaskId=-1 isFocused=false isVisible=false isVisibleRequested=false isTopActivityNoDisplay=false isSleeping=false locusId=null displayAreaFeatureId=1 isTopActivityTransparent=false isActivityStackTransparent=false lastNonFullscreenBounds=null capturedLink=null capturedLinkTimestamp=0 requestedVisibleTypes=503 topActivityRequestOpenInBrowserEducationTimestamp=0 appCompatTaskInfo=AppCompatTaskInfo { topActivityInSizeCompat=false isLeafTask= true eligibleForLetterboxEducation= false isLetterboxEducationEnabled= true isLetterboxDoubleTapEnabled= false eligibleForUserAspectRatioButton= false topActivityBoundsLetterboxed= false isFromLetterboxDoubleTap= false topActivityLetterboxVerticalPosition= -1 topActivityLetterboxHorizontalPosition= -1 topActivityLetterboxWidth=-1 topActivityLetterboxHeight=-1 topActivityAppBounds=Rect(0, 0 - 1080, 2400) isUserFullscreenOverrideEnabled=false isSystemFullscreenOverrideEnabled=false hasMinAspectRatioOverride=false topActivityLetterboxBounds=null cameraCompatTaskInfo=CameraCompatTaskInfo { cameraCompatMode=undefinedundefined} topNonResizableActivityAspectRatio=-1.0} topActivityMainWindowFrame=null isAppBubble=false}, pipChange = null, remoteTransition = null, displayChange = null, requestedLocation = null, userChange = null, windowingLayerChange = null, flags = 0, debugId = 29 }
05-01 17:22:01.013  3066  3066 I Choreographer: Skipped 38 frames!  The application may be doing too much work on its main thread.
05-01 17:22:01.540  2896  2967 D ShellSplitScreen: logExit: no-op, mLoggerSessionId is null
05-01 17:22:01.542  2896  2967 V ShellDesktopMode: DesktopTasksController: handleRequest request=TransitionRequestInfo { type = OPEN, triggerTask = TaskInfo{userId=0 taskId=60 effectiveUid=10234 displayId=0 isRunning=true baseIntent=Intent { flg=0x10000000 cmp=com.signbridge/.MainActivity } baseActivity=ComponentInfo{com.signbridge/com.signbridge.MainActivity} topActivity=ComponentInfo{com.signbridge/com.signbridge.MainActivity} origActivity=null realActivity=ComponentInfo{com.signbridge/com.signbridge.MainActivity} numActivities=1 lastActiveTime=2902143 supportsMultiWindow=true resizeMode=1 isResizeable=true minWidth=-1 minHeight=-1 defaultMinSize=220 token=WCT{android.os.BinderProxy@5833bf7} topActivityType=1 pictureInPictureParams=null shouldDockBigOverlays=false launchIntoPipHostTaskId=-1 lastParentTaskIdBeforePip=-1 displayCutoutSafeInsets=Rect(0, 0 - 0, 0) topActivityInfo=ActivityInfo{d2ffa64 com.signbridge.MainActivity} launchCookies=[] positionInParent=Point(0, 0) parentTaskId=-1 isFocused=false isVisible=false isVisibleRequested=false isTopActivityNoDisplay=false isSleeping=false locusId=null displayAreaFeatureId=1 isTopActivityTransparent=false isActivityStackTransparent=false lastNonFullscreenBounds=null capturedLink=null capturedLinkTimestamp=0 requestedVisibleTypes=503 topActivityRequestOpenInBrowserEducationTimestamp=0 appCompatTaskInfo=AppCompatTaskInfo { topActivityInSizeCompat=false isLeafTask= true eligibleForLetterboxEducation= false isLetterboxEducationEnabled= true isLetterboxDoubleTapEnabled= false eligibleForUserAspectRatioButton= false topActivityBoundsLetterboxed= false isFromLetterboxDoubleTap= false topActivityLetterboxVerticalPosition= -1 topActivityLetterboxHorizontalPosition= -1 topActivityLetterboxWidth=-1 topActivityLetterboxHeight=-1 topActivityAppBounds=Rect(0, 0 - 1080, 2400) isUserFullscreenOverrideEnabled=false isSystemFullscreenOverrideEnabled=false hasMinAspectRatioOverride=false topActivityLetterboxBounds=null cameraCompatTaskInfo=CameraCompatTaskInfo { cameraCompatMode=undefinedundefined} topNonResizableActivityAspectRatio=-1.0} topActivityMainWindowFrame=null isAppBubble=false}, pipChange = null, remoteTransition = null, displayChange = null, requestedLocation = null, userChange = null, windowingLayerChange = null, flags = 0, debugId = 29 }
05-01 17:22:01.543  2896  2967 V ShellDesktopMode: DesktopTasksController: skipping handleRequest reason=triggerTask's display doesn't support desktop mode
05-01 17:22:01.579  2599  3708 V WindowManager: Continue transition id=29 for TaskFragmentTransaction=android.os.Binder@70792a7
05-01 17:22:01.581  2599  3708 V WindowManager: continueTransitionReady deferReadyDepth=0 stack=com.android.server.wm.TransitionController.continueTransitionReady:1071 com.android.server.wm.TaskFragmentOrganizerController$TaskFragmentOrganizerState.onTransactionFinished:546 com.android.server.wm.TaskFragmentOrganizerController.onTransactionHandled:740 android.window.ITaskFragmentOrganizerController$Stub.onTransact:225 android.os.Binder.execTransactInternal:1473 
05-01 17:22:01.623  2599  2599 W Looper  : Slow dispatch took 351ms main app=system_server main=true group=FOREGROUND h=android.app.ActivityThread$H c=android.app.LoadedApk$ReceiverDispatcher$Args$$ExternalSyntheticLambda0@5127731 m=0
05-01 17:22:01.636  3066  3066 D b/417220811: invalidateLoadedTasks - previous requestLoadId: -1
05-01 17:22:01.646  2896  2967 D WindowManagerShell: setLauncherKeepClearAreaHeight: visible=false, height=495
05-01 17:22:01.658  3066  3066 D b/417220811: invalidateLoadedTasks - previous requestLoadId: -1
05-01 17:22:01.711  2599  3705 D CompatChangeReporter: Compat change id reported: 377864165; UID 10234; state: ENABLED
05-01 17:22:01.714  2599  2848 D BackgroundInstallControlService: Package event received: 0
05-01 17:22:01.980  3066  3066 D BaseActivity: Launcher flags updated: [state_started] -[state_window_focused]
05-01 17:22:02.247  2599  2796 I HalDevMgr: bestIfaceCreationProposal is null, requestIface=STA, existingIface=[name=wlan0 type=STA]
05-01 17:22:02.672  2599  7317 I GFXSTREAM: [eglDisplay.cpp(297)] Opening libGLESv1_CM_emulation.so
05-01 17:22:02.730  2599  2619 W Looper  : Slow dispatch took 207ms android.ui app=system_server main=false group=TOP_APP h=com.android.server.am.ActivityManagerService$UiHandler c=com.android.server.am.UidObserverController$$ExternalSyntheticLambda0@57d0042 m=0
05-01 17:22:02.743  2599  7317 I GFXSTREAM: [eglDisplay.cpp(297)] Opening libGLESv2_emulation.so
05-01 17:22:02.830  2599  2618 V WindowManager: Sent Transition (#29) createdAt=05-01 17:21:59.248 via request=TransitionRequestInfo { type = OPEN, triggerTask = TaskInfo{userId=0 taskId=60 effectiveUid=10234 displayId=0 isRunning=true baseIntent=Intent { flg=0x10000000 cmp=com.signbridge/.MainActivity } baseActivity=ComponentInfo{com.signbridge/com.signbridge.MainActivity} topActivity=ComponentInfo{com.signbridge/com.signbridge.MainActivity} origActivity=null realActivity=ComponentInfo{com.signbridge/com.signbridge.MainActivity} numActivities=1 lastActiveTime=2902143 supportsMultiWindow=true resizeMode=1 isResizeable=true minWidth=-1 minHeight=-1 defaultMinSize=220 token=WCT{RemoteToken{7dc3e8f Task{6e61edb #60 type=standard A=10234:com.signbridge}}} topActivityType=1 pictureInPictureParams=null shouldDockBigOverlays=false launchIntoPipHostTaskId=-1 lastParentTaskIdBeforePip=-1 displayCutoutSafeInsets=Rect(0, 0 - 0, 0) topActivityInfo=ActivityInfo{570651c com.signbridge.MainActivity} launchCookies=[] positionInParent=Point(0, 0) parentTaskId=-1 isFocused=false isVisible=false isVisibleRequested=false isTopActivityNoDisplay=false isSleeping=false locusId=null displayAreaFeatureId=1 isTopActivityTransparent=false isActivityStackTransparent=false lastNonFullscreenBounds=null capturedLink=null capturedLinkTimestamp=0 requestedVisibleTypes=503 topActivityRequestOpenInBrowserEducationTimestamp=0 appCompatTaskInfo=AppCompatTaskInfo { topActivityInSizeCompat=false isLeafTask= true eligibleForLetterboxEducation= false isLetterboxEducationEnabled= true isLetterboxDoubleTapEnabled= false eligibleForUserAspectRatioButton= false topActivityBoundsLetterboxed= false isFromLetterboxDoubleTap= false topActivityLetterboxVerticalPosition= -1 topActivityLetterboxHorizontalPosition= -1 topActivityLetterboxWidth=-1 topActivityLetterboxHeight=-1 topActivityAppBounds=Rect(0, 0 - 1080, 2400) isUserFullscreenOverrideEnabled=false isSystemFullscreenOverrideEnabled=false hasMinAspectRatioOverride=false topActivityLetterboxBounds=null cameraCompatTaskInfo=CameraCompatTaskInfo { cameraCompatMode=undefinedundefined} topNonResizableActivityAspectRatio=-1.0} topActivityMainWindowFrame=null isAppBubble=false}, pipChange = null, remoteTransition = null, displayChange = null, requestedLocation = null, userChange = null, windowingLayerChange = null, flags = 0, debugId = 29 }
05-01 17:22:02.830  2599  2618 V WindowManager:     startWCT=WindowContainerTransaction { changes= {} hops= [] errorCallbackToken=null taskFragmentOrganizer=null }
05-01 17:22:02.830  2599  2618 V WindowManager:     info={id=29 t=OPEN f=0x0 trk=0 r=[0@Point(0, 0)] c=[
05-01 17:22:02.830  2599  2618 V WindowManager:         {WCT{RemoteToken{7dc3e8f Task{6e61edb #60 type=standard A=10234:com.signbridge}}} m=OPEN f=NONE leash=Surface(name=Task=60#396)/@0xe9fdb69 sb=Rect(0, 0 - 1080, 2400) eb=Rect(0, 0 - 1080, 2400) epz=Point(1080, 2400) d=0 taskParent=-1 winMode=1 userId=0},
05-01 17:22:02.830  2599  2618 V WindowManager:         {WCT{RemoteToken{e625e3 Task{1ff2bd0 #1 type=home}}} m=TO_BACK f=SHOW_WALLPAPER leash=Surface(name=Task=1#131)/@0x8e7ebac sb=Rect(0, 0 - 1080, 2400) eb=Rect(0, 0 - 1080, 2400) epz=Point(1080, 2400) d=0 taskParent=-1 winMode=1 userId=0},
05-01 17:22:02.830  2599  2618 V WindowManager:         {m=TO_BACK f=IS_WALLPAPER leash=Surface(name=WallpaperWindowToken{d1eaf57}#147)/@0xc9a855f sb=Rect(0, 0 - 1080, 2400) eb=Rect(0, 0 - 1080, 2400) epz=Point(1080, 2400) d=0}
05-01 17:22:02.830  2599  2618 V WindowManager:     ]}
05-01 17:22:02.868  2599  7317 W HWUI    : Failed to choose config with EGL_SWAP_BEHAVIOR_PRESERVED, retrying without...
05-01 17:22:02.868  2599  7317 W HWUI    : Failed to initialize 101010-2 format, error = EGL_SUCCESS
05-01 17:22:02.886  2896  2909 V WindowManagerShell: onTransitionReady(transaction=11162620004517)
05-01 17:22:02.906  2896  2967 V WindowManagerShell: onTransitionReady (#29) android.os.BinderProxy@8c90bf6: {id=29 t=OPEN f=0x0 trk=0 r=[0@Point(0, 0)] c=[
05-01 17:22:02.906  2896  2967 V WindowManagerShell:         {m=OPEN f=NONE leash=Surface(name=Task=60#396)/@0x5b5f042 sb=Rect(0, 0 - 1080, 2400) eb=Rect(0, 0 - 1080, 2400) epz=Point(1080, 2400) d=0 taskParent=-1 winMode=1 userId=0},
05-01 17:22:02.906  2896  2967 V WindowManagerShell:         {m=TO_BACK f=SHOW_WALLPAPER leash=Surface(name=Task=1#131)/@0x2b79853 sb=Rect(0, 0 - 1080, 2400) eb=Rect(0, 0 - 1080, 2400) epz=Point(1080, 2400) d=0 taskParent=-1 winMode=1 userId=0},
05-01 17:22:02.906  2896  2967 V WindowManagerShell:         {m=TO_BACK f=IS_WALLPAPER leash=Surface(name=WallpaperWindowToken{d1eaf57}#147)/@0xbc75590 sb=Rect(0, 0 - 1080, 2400) eb=Rect(0, 0 - 1080, 2400) epz=Point(1080, 2400) d=0}
05-01 17:22:02.906  2896  2967 V WindowManagerShell:     ]}
05-01 17:22:02.998  2896  2967 V WindowManagerShell: Playing animation for (#29) android.os.BinderProxy@8c90bf6@0
05-01 17:22:02.998  2896  2967 V ShellRecents: RecentsTransitionHandler.startAnimation: no controller found
05-01 17:22:03.000  2896  9217 I HWUI    : Davey! duration=700ms; Flags=0, FrameTimelineVsyncId=31855, IntendedVsync=2904754967887, Vsync=2905004967877, InputEventId=0, HandleInputStart=2905039616383, AnimationStart=2905039617675, PerformTraversalsStart=2905039617883, DrawStart=2905378533425, FrameDeadline=2904771634553, FrameStartTime=2905019645717, FrameInterval=16666666, WorkloadTarget=16666666, SyncQueued=2905379190675, SyncStart=2905399576134, IssueDrawCommandsStart=2905413150592, SwapBuffers=2905449347259, FrameCompleted=2905475492217, DequeueBufferDuration=5250, QueueBufferDuration=459166, GpuCompleted=2905475492217, SwapBuffersCompleted=2905461793134, DisplayPresentTime=0, CommandSubmissionCompleted=2905449347259, 
05-01 17:22:03.000  2896  2967 V ShellDesktopMode: DesktopMixedTransitionHandler: No pending desktop transition
05-01 17:22:03.041  2896  2967 V WindowManagerShell: Transition doesn't have explicit remote, search filters for match for {id=29 t=OPEN f=0x0 trk=0 r=[0@Point(0, 0)] c=[{m=OPEN f=NONE leash=Surface(name=Task=60#396)/@0x5b5f042 sb=Rect(0, 0 - 1080, 2400) eb=Rect(0, 0 - 1080, 2400) epz=Point(1080, 2400) d=0 taskParent=-1 winMode=1 userId=0},{m=TO_BACK f=SHOW_WALLPAPER leash=Surface(name=Task=1#131)/@0x2b79853 sb=Rect(0, 0 - 1080, 2400) eb=Rect(0, 0 - 1080, 2400) epz=Point(1080, 2400) d=0 taskParent=-1 winMode=1 userId=0},{m=TO_BACK f=IS_WALLPAPER leash=Surface(name=WallpaperWindowToken{d1eaf57}#147)/@0xbc75590 sb=Rect(0, 0 - 1080, 2400) eb=Rect(0, 0 - 1080, 2400) epz=Point(1080, 2400) d=0}]}
05-01 17:22:03.043  2896  2967 V WindowManagerShell:  Checking filter Pair{{types=[] flags=0x0] notFlags=0x0 checks=[{atype=undefined independent=true modes=[CLOSE,TO_BACK] flags=IN_TASK_WITH_EMBEDDED_ACTIVITY mustBeTask=false order=ANY topActivity=null launchCookie=null taskFragmentToken=android.os.BinderProxy@b2b4dc windowingMode=undefined isCrossDisplayMove=false}]} RemoteTransition { remoteTransition = android.window.IRemoteTransition$Stub$Proxy@d5a39e5, appThread = android.app.IApplicationThread$Stub$Proxy@92c9cba, debugName = overlayBackTransition }}
05-01 17:22:03.044  2896  2967 V WindowManagerShell:  Checking filter Pair{{types=[] flags=0x0] notFlags=0x0 checks=[{atype=dream independent=true modes=[OPEN,TO_FRONT] flags=NONE mustBeTask=false order=ANY topActivity=null launchCookie=null windowingMode=undefined isCrossDisplayMove=false},{atype=home independent=true modes=[CLOSE,TO_BACK] flags=NONE mustBeTask=false order=ANY topActivity=null launchCookie=null windowingMode=undefined isCrossDisplayMove=false}]} RemoteTransition { remoteTransition = android.window.IRemoteTransition$Stub$Proxy@19b976b, appThread = android.app.IApplicationThread$Stub$Proxy@f2442c8, debugName = LauncherToDream }}
05-01 17:22:03.046  2896  2967 V WindowManagerShell:  Checking filter Pair{{types=[] flags=0x0] notFlags=0x100 checks=[{atype=home independent=true modes=[OPEN,TO_FRONT] flags=NONE mustBeTask=false order=TOP topActivity=ComponentInfo{com.google.android.apps.nexuslauncher/com.google.android.apps.nexuslauncher.NexusLauncherActivity} launchCookie=null windowingMode=undefined isCrossDisplayMove=false},{atype=standard independent=true modes=[CLOSE,TO_BACK] flags=NONE mustBeTask=false order=ANY topActivity=null launchCookie=null windowingMode=undefined isCrossDisplayMove=false},{NOT atype=undefined independent=true modes=[] flags=NONE mustBeTask=true order=ANY topActivity=null launchCookie=null customAnim=true windowingMode=undefined isCrossDisplayMove=false}]} RemoteTransition { remoteTransition = android.window.IRemoteTransition$Stub$Proxy@c77ca86, appThread = android.app.IApplicationThread$Stub$Proxy@85a3f47, debugName = QuickstepLaunchHome }}
05-01 17:22:03.047  2896  2967 V WindowManagerShell:  Checking filter Pair{{types=[OPEN,TO_FRONT] flags=0x0] notFlags=0x0 checks=[{atype=standard independent=true modes=[OPEN,TO_FRONT] flags=NONE mustBeTask=true order=ANY topActivity=null launchCookie=null windowingMode=freeform isCrossDisplayMove=false}]} RemoteTransition { remoteTransition = android.window.IRemoteTransition$Stub$Proxy@55bf5ad, appThread = null, debugName = DesktopWindowLimitUnminimize }}
05-01 17:22:03.047  2896  2967 V WindowManagerShell:  Delegate animation for (#29) to null
05-01 17:22:03.047  2896  2967 V WindowManagerShell: start default transition animation, info = {id=29 t=OPEN f=0x0 trk=0 r=[0@Point(0, 0)] c=[{m=OPEN f=NONE leash=Surface(name=Task=60#396)/@0x5b5f042 sb=Rect(0, 0 - 1080, 2400) eb=Rect(0, 0 - 1080, 2400) epz=Point(1080, 2400) d=0 taskParent=-1 winMode=1 userId=0},{m=TO_BACK f=SHOW_WALLPAPER leash=Surface(name=Task=1#131)/@0x2b79853 sb=Rect(0, 0 - 1080, 2400) eb=Rect(0, 0 - 1080, 2400) epz=Point(1080, 2400) d=0 taskParent=-1 winMode=1 userId=0},{m=TO_BACK f=IS_WALLPAPER leash=Surface(name=WallpaperWindowToken{d1eaf57}#147)/@0xbc75590 sb=Rect(0, 0 - 1080, 2400) eb=Rect(0, 0 - 1080, 2400) epz=Point(1080, 2400) d=0}]}
05-01 17:22:03.074  2599  3491 E TaskPersister: File error accessing recents directory (directory doesn't exist?).
05-01 17:22:03.095  2896  2967 V WindowManagerShell: loadAnimation: anim=android.view.animation.AnimationSet@cd5459a animAttr=0x13 type=OPEN isEntrance=false
05-01 17:22:03.106  2896  2967 V WindowManagerShell: loadAnimation: anim=android.view.animation.AnimationSet@bb22166 animAttr=0x12 type=OPEN isEntrance=true
05-01 17:22:03.111  2528  2528 W libbinder.IPCThreadState: Sending oneway calls to frozen process.
05-01 17:22:03.166  2896  2967 V WindowManagerShell:  animated by com.android.wm.shell.transition.DefaultTransitionHandler@2381992
05-01 17:22:03.166  2896  2967 V ShellTaskOrganizer: Task appeared taskId=60 listener=FullscreenTaskListener
05-01 17:22:03.166  2896  2967 V ShellTaskOrganizer: Fullscreen Task Appeared: #60
