05-01 17:22:22.303  2599  2599 W Looper  : Slow dispatch took 263ms main app=system_server main=true group=FOREGROUND h=com.android.server.accessibility.AccessibilityManagerService$MainHandler c=com.android.server.accessibility.UiAutomationManager$UiAutomationService$$ExternalSyntheticLambda0@c35be22 m=0
05-01 17:22:22.380  2599  2599 W Looper  : Slow delivery took 215ms main app=system_server main=true group=FOREGROUND h=com.android.server.accessibility.AccessibilityManagerService$MainHandler c=<recycled PooledLambda@baffbdf> m=0
05-01 17:22:22.382  2599  2599 W libbinder.IPCThreadState: Sending oneway calls to frozen process.
05-01 17:22:22.382  2599  2599 W libbinder.IPCThreadState: Sending oneway calls to frozen process.
05-01 17:22:22.388  2599  2599 W libbinder.IPCThreadState: Sending oneway calls to frozen process.
05-01 17:22:22.388  2599  2599 W libbinder.IPCThreadState: Sending oneway calls to frozen process.
05-01 17:22:22.401  2599  2952 V AccessibilityManagerService: onUserStateChangedLocked for userId: 0, forceUpdate: false
05-01 17:22:22.411  2599  2952 V AccessibilityUserState: updateShortcutTargets: type:accessibility_shortcut_target_service, current:{}, new:{}
05-01 17:22:22.411  2599  2952 V AccessibilityUserState: updateShortcutTargets: type:accessibility_button_targets, current:{}, new:{}
05-01 17:22:22.411  2599  2952 V AccessibilityUserState: updateShortcutTargets: type:accessibility_gesture_targets, current:{}, new:{}
05-01 17:22:22.412  2599  2952 V AccessibilityUserState: updateShortcutTargets: type:accessibility_qs_targets, current:{}, new:{}
05-01 17:22:22.412  2599  2952 V AccessibilityUserState: updateShortcutTargets: type:accessibility_key_gesture_targets, current:{}, new:{}
05-01 17:22:22.412  2599  2952 W MagnificationConnectionManager: requestConnection duplicated request: connect=false, mConnectionState=DISCONNECTED
05-01 17:22:22.460  2599  2848 D BackgroundInstallControlService: Package event received: 0
05-01 17:22:22.446  3066  3170 I HWUI    : Davey! duration=725ms; Flags=0, FrameTimelineVsyncId=32513, IntendedVsync=2923938303475, Vsync=2924471636755, InputEventId=0, HandleInputStart=2924487623226, AnimationStart=2924487624893, PerformTraversalsStart=2924487625268, DrawStart=2924497112726, FrameDeadline=2923954970141, FrameStartTime=2924472753226, FrameInterval=16666665, WorkloadTarget=16666666, SyncQueued=2924500901601, SyncStart=2924597216268, IssueDrawCommandsStart=2924618925809, SwapBuffers=2924669188476, FrameCompleted=2924760588351, DequeueBufferDuration=26084, QueueBufferDuration=9762875, GpuCompleted=2924760588351, SwapBuffersCompleted=2924745595435, DisplayPresentTime=0, CommandSubmissionCompleted=2924669188476, 
05-01 17:22:22.475  2599  2599 W libbinder.IPCThreadState: Sending oneway calls to frozen process.
05-01 17:22:22.475  2599  2599 W libbinder.IPCThreadState: Sending oneway calls to frozen process.
05-01 17:22:22.475  2599  2599 W libbinder.IPCThreadState: Sending oneway calls to frozen process.
05-01 17:22:22.475  2599  2599 W libbinder.IPCThreadState: Sending oneway calls to frozen process.
05-01 17:22:22.491  3342  3342 W NotificationCenter: NotificationCenter$NotificationQueue.notifyPendingNotificationsOnExecutor():877 Heavy notify work detected on UI thread: [nkd->mek] takes 87ms
05-01 17:22:22.511  2599  2599 W libbinder.IPCThreadState: Sending oneway calls to frozen process.
05-01 17:22:22.511  2599  2599 W libbinder.IPCThreadState: Sending oneway calls to frozen process.
05-01 17:22:22.511  2599  2599 W libbinder.IPCThreadState: Sending oneway calls to frozen process.
05-01 17:22:22.511  2599  2599 W libbinder.IPCThreadState: Sending oneway calls to frozen process.
05-01 17:22:22.511  2599  2599 W libbinder.IPCThreadState: Sending oneway calls to frozen process.
05-01 17:22:22.511  2599  2599 W libbinder.IPCThreadState: Sending oneway calls to frozen process.
05-01 17:22:22.511  2599  2599 W libbinder.IPCThreadState: Sending oneway calls to frozen process.
05-01 17:22:22.511  2599  2599 W libbinder.IPCThreadState: Sending oneway calls to frozen process.
05-01 17:22:22.512  2599  2599 W libbinder.IPCThreadState: Sending oneway calls to frozen process.
05-01 17:22:22.512  2599  2599 W libbinder.IPCThreadState: Sending oneway calls to frozen process.
05-01 17:22:22.512  2599  2599 W libbinder.IPCThreadState: Sending oneway calls to frozen process.
05-01 17:22:22.512  2599  2599 W libbinder.IPCThreadState: Sending oneway calls to frozen process.
05-01 17:22:22.512  2599  2599 W Looper  : Drained
05-01 17:22:22.513  2599  2599 D BatterySaverPolicy: accessibility changed to true, updating policy.
05-01 17:22:22.635  2599  3681 W FastPrintWriter: Write failure
05-01 17:22:22.635  2599  3681 W FastPrintWriter: java.io.IOException: write failed: EPIPE (Broken pipe)
05-01 17:22:22.635  2599  3681 W FastPrintWriter: 	at libcore.io.IoBridge.write(IoBridge.java:651)
05-01 17:22:22.635  2599  3681 W FastPrintWriter: 	at java.io.FileOutputStream.write(FileOutputStream.java:436)
05-01 17:22:22.635  2599  3681 W FastPrintWriter: 	at com.android.internal.util.FastPrintWriter.flushBytesLocked(FastPrintWriter.java:355)
05-01 17:22:22.635  2599  3681 W FastPrintWriter: 	at com.android.internal.util.FastPrintWriter.flushLocked(FastPrintWriter.java:378)
05-01 17:22:22.635  2599  3681 W FastPrintWriter: 	at com.android.internal.util.FastPrintWriter.appendLocked(FastPrintWriter.java:343)
05-01 17:22:22.635  2599  3681 W FastPrintWriter: 	at com.android.internal.util.FastPrintWriter.write(FastPrintWriter.java:601)
05-01 17:22:22.635  2599  3681 W FastPrintWriter: 	at java.io.PrintWriter.write(PrintWriter.java:507)
05-01 17:22:22.635  2599  3681 W FastPrintWriter: 	at android.util.IndentingPrintWriter.write(IndentingPrintWriter.java:238)
05-01 17:22:22.635  2599  3681 W FastPrintWriter: 	at java.io.PrintWriter.write(PrintWriter.java:507)
05-01 17:22:22.635  2599  3681 W FastPrintWriter: 	at com.android.server.art.IndentingPrintWriter.write(IndentingPrintWriter.java:114)
05-01 17:22:22.635  2599  3681 W FastPrintWriter: 	at com.android.server.art.IndentingPrintWriter.write(IndentingPrintWriter.java:89)
05-01 17:22:22.635  2599  3681 W FastPrintWriter: 	at java.io.PrintWriter.write(PrintWriter.java:559)
05-01 17:22:22.635  2599  3681 W FastPrintWriter: 	at java.io.PrintWriter.append(PrintWriter.java:1089)
05-01 17:22:22.635  2599  3681 W FastPrintWriter: 	at java.io.PrintWriter.append(PrintWriter.java:61)
05-01 17:22:22.635  2599  3681 W FastPrintWriter: 	at java.util.Formatter$FormatSpecifier.appendJustified(Formatter.java:3253)
05-01 17:22:22.635  2599  3681 W FastPrintWriter: 	at java.util.Formatter$FormatSpecifier.print(Formatter.java:3243)
05-01 17:22:22.635  2599  3681 W FastPrintWriter: 	at java.util.Formatter$FormatSpecifier.printString(Formatter.java:3216)
05-01 17:22:22.635  2599  3681 W FastPrintWriter: 	at java.util.Formatter$FormatSpecifier.print(Formatter.java:3093)
05-01 17:22:22.635  2599  3681 W FastPrintWriter: 	at java.util.Formatter.format(Formatter.java:2704)
05-01 17:22:22.635  2599  3681 W FastPrintWriter: 	at java.io.PrintWriter.format(PrintWriter.java:992)
05-01 17:22:22.635  2599  3681 W FastPrintWriter: 	at java.io.PrintWriter.printf(PrintWriter.java:889)
05-01 17:22:22.635  2599  3681 W FastPrintWriter: 	at com.android.server.art.DumpHelper.dumpFileStatuses(DumpHelper.java:199)
05-01 17:22:22.635  2599  3681 W FastPrintWriter: 	at com.android.server.art.DumpHelper.dumpSecondaryDex(DumpHelper.java:167)
05-01 17:22:22.635  2599  3681 W FastPrintWriter: 	at com.android.server.art.DumpHelper.dumpPackage(DumpHelper.java:134)
05-01 17:22:22.635  2599  3681 W FastPrintWriter: 	at com.android.server.art.ArtManagerLocal.dumpPackage(ArtManagerLocal.java:1142)
05-01 17:22:22.635  2599  3681 W FastPrintWriter: 	at com.android.server.pm.DexOptHelper.dumpDexoptState(DexOptHelper.java:176)
05-01 17:22:22.635  2599  3681 W FastPrintWriter: 	at com.android.server.pm.ComputerEngine.dump(ComputerEngine.java:3122)
05-01 17:22:22.635  2599  3681 W FastPrintWriter: 	at com.android.server.pm.DumpHelper.doDump(DumpHelper.java:527)
05-01 17:22:22.635  2599  3681 W FastPrintWriter: 	at com.android.server.pm.PackageManagerService$IPackageManagerImpl.dump(PackageManagerService.java:6759)
05-01 17:22:22.635  2599  3681 W FastPrintWriter: 	at android.os.Binder.doDump(Binder.java:1104)
05-01 17:22:22.635  2599  3681 W FastPrintWriter: 	at android.os.Binder.dump(Binder.java:1094)
05-01 17:22:22.635  2599  3681 W FastPrintWriter: 	at android.os.Binder.onTransact(Binder.java:940)
05-01 17:22:22.635  2599  3681 W FastPrintWriter: 	at android.content.pm.IPackageManager$Stub.onTransact(IPackageManager.java:4666)
05-01 17:22:22.635  2599  3681 W FastPrintWriter: 	at com.android.server.pm.PackageManagerService$IPackageManagerImpl.onTransact(PackageManagerService.java:6705)
05-01 17:22:22.635  2599  3681 W FastPrintWriter: 	at android.os.Binder.execTransactInternal(Binder.java:1478)
05-01 17:22:22.635  2599  3681 W FastPrintWriter: 	at android.os.Binder.execTransact(Binder.java:1418)
05-01 17:22:22.635  2599  3681 W FastPrintWriter: Caused by: android.system.ErrnoException: write failed: EPIPE (Broken pipe)
05-01 17:22:22.635  2599  3681 W FastPrintWriter: 	at libcore.io.Linux.writeBytes(Native Method)
05-01 17:22:22.635  2599  3681 W FastPrintWriter: 	at libcore.io.Linux.write(Linux.java:338)
05-01 17:22:22.635  2599  3681 W FastPrintWriter: 	at libcore.io.ForwardingOs.write(ForwardingOs.java:954)
05-01 17:22:22.635  2599  3681 W FastPrintWriter: 	at libcore.io.BlockGuardOs.write(BlockGuardOs.java:448)
05-01 17:22:22.635  2599  3681 W FastPrintWriter: 	at libcore.io.IoBridge.write(IoBridge.java:646)
05-01 17:22:22.635  2599  3681 W FastPrintWriter: 	... 35 more
05-01 17:22:22.789  2599  3681 W libbinder.Binder: Binder transaction to android.content.pm.IPackageManager code 1598311760 took 5510ms. Data bytes: 80 Reply bytes: 4 Flags: 16
05-01 17:22:22.930  2599  2976 W PackageConfigPersister: App-specific configuration not found for packageName: com.signbridge and userId: 0
05-01 17:22:23.254  3482  4183 I AiAiEcho: Settings changed for uri: content://settings/secure/accessibility_enabled
05-01 17:22:23.625  2599  2952 D AccessibilityManagerService: .getAccessibilityShortcutTargets {shortcutType=32, userId=0}
05-01 17:22:27.687  3482  4183 W libbinder.Binder: Binder transaction to android.database.IContentObserver code 2 took 4547ms. Data bytes: 160 Reply bytes: 0 Flags: 17
05-01 17:22:27.850  2599  2796 I HalDevMgr: bestIfaceCreationProposal is null, requestIface=STA, existingIface=[name=wlan0 type=STA]
05-01 17:22:27.886 10257 10257 W libbinder.BackendUnifiedServiceManager: Thread Pool max thread count is 0. Cannot cache binder as linkToDeath cannot be implemented. serviceName: package
05-01 17:22:27.928  3482  3713 I AiAiEcho: Predicting[0]:  [CONTEXT sampling_count=5 ]
05-01 17:22:27.930  3482  3713 I AiAiEcho: EchoTargets: 
05-01 17:22:27.930  3482  3713 I AiAiEcho: Filtered by AiAi flag check: 
05-01 17:22:27.930  3482  3713 I AiAiEcho: [CONTEXT ratelimit_period="10 SECONDS" ]
05-01 17:22:28.000  2896  3022 W Looper  : Slow dispatch took 4780ms SysUiBg app=com.android.systemui main=false group=FOREGROUND h=android.os.Handler c=android.view.accessibility.AccessibilityManager$$ExternalSyntheticLambda0@61a1bf9 m=0
05-01 17:22:28.008  2896  3022 W Looper  : Slow delivery took 5369ms SysUiBg app=com.android.systemui main=false group=FOREGROUND h=android.os.Handler c=android.view.accessibility.AccessibilityManager$1$$ExternalSyntheticLambda0@939f73e m=0
05-01 17:22:28.017  3482  4183 I AiAiEcho: Settings changed for uri: content://settings/secure/accessibility_enabled
05-01 17:22:28.124  3482  3713 I AiAiEcho: #remoteViewsTwiddler: feature disabled.
05-01 17:22:28.125  3482  3713 I AiAiEcho: Predicting[0]:  [CONTEXT sampling_count=5 ]
05-01 17:22:28.125  3482  3713 I AiAiEcho: EchoTargets: 
05-01 17:22:28.125  3482  3713 I AiAiEcho: Filtered by AiAi flag check: 
05-01 17:22:28.125  3482  3713 I AiAiEcho: [CONTEXT ratelimit_period="10 SECONDS" ]
05-01 17:22:28.125  3482  3713 I AiAiEcho: #remoteViewsTwiddler: feature disabled.
05-01 17:22:28.125  3482  3713 I AiAiEcho: Predicting[0]:  [CONTEXT sampling_count=5 ]
05-01 17:22:28.125  3482  3713 I AiAiEcho: EchoTargets: 
05-01 17:22:28.125  3482  3713 I AiAiEcho: Filtered by AiAi flag check: 
05-01 17:22:28.125  3482  3713 I AiAiEcho: [CONTEXT ratelimit_period="10 SECONDS" ]
05-01 17:22:28.126  3482  3713 I AiAiEcho: #remoteViewsTwiddler: feature disabled.
05-01 17:22:28.126  3482  3713 I AiAiEcho: Predicting[0]:  [CONTEXT sampling_count=5 ]
05-01 17:22:28.126  3482  3713 I AiAiEcho: EchoTargets: 
05-01 17:22:28.126  3482  3713 I AiAiEcho: Filtered by AiAi flag check: 
05-01 17:22:28.126  3482  3713 I AiAiEcho: [CONTEXT ratelimit_period="10 SECONDS" ]
05-01 17:22:28.126  3482  3713 I AiAiEcho: #remoteViewsTwiddler: feature disabled.
05-01 17:22:28.128  3482  3713 I AiAiEcho: Predicting[0]:  [CONTEXT sampling_count=5 ]
05-01 17:22:28.128  2599  2952 W libbinder.Binder: Binder transaction to android.accessibilityservice.IAccessibilityServiceConnection code 3 took 4022ms. Data bytes: 200 Reply bytes: 44 Flags: 18
05-01 17:22:28.130  3482  3713 I AiAiEcho: EchoTargets: 
05-01 17:22:28.130  3482  3713 I AiAiEcho: Filtered by AiAi flag check: 
05-01 17:22:28.130  3482  3713 I AiAiEcho: [CONTEXT ratelimit_period="10 SECONDS" ]
05-01 17:22:28.130  3482  3713 I AiAiEcho: #remoteViewsTwiddler: feature disabled.
05-01 17:22:28.141  3054  3142 D SatelliteController: iisInCarrierRoamingNbIotNtn: satellite is disabled
05-01 17:22:28.150  3482  3713 I AiAiEcho: Predicting[0]:  [CONTEXT sampling_count=5 ]
05-01 17:22:28.150  3482  3713 I AiAiEcho: EchoTargets: 
05-01 17:22:28.150  3482  3713 I AiAiEcho: Filtered by AiAi flag check: 
05-01 17:22:28.150  3482  3713 I AiAiEcho: [CONTEXT ratelimit_period="10 SECONDS" ]
05-01 17:22:28.151  3482  3713 I AiAiEcho: #remoteViewsTwiddler: feature disabled.
05-01 17:22:28.163  2599  2971 W libbinder.IPCThreadState: Sending oneway calls to frozen process.
05-01 17:22:28.170  3482  3713 I AiAiEcho: #postPredictionTargets: Sending updates to UISurface ambientcue with targets# 0 (types=[])
05-01 17:22:28.237  3482  3713 I AiAiEcho: #postPredictionTargets: Sending updates to UISurface home with targets# 0 (types=[])
05-01 17:22:28.244  3482  3713 I AiAiEcho: #postPredictionTargets: Sending updates to UISurface lockscreen with targets# 0 (types=[])
05-01 17:22:28.280  2970  2970 W DnsResolver: resNetworkResult:android.system.ErrnoException: resNetworkResult failed: ETIMEDOUT (Connection timed out)
05-01 17:22:28.280  2970  2970 W DnsResolver: resNetworkResult:android.system.ErrnoException: resNetworkResult failed: ETIMEDOUT (Connection timed out)
05-01 17:22:28.280  2970  2970 W DnsResolver: resNetworkResult:android.system.ErrnoException: resNetworkResult failed: ETIMEDOUT (Connection timed out)
05-01 17:22:28.280  2970  2970 W DnsResolver: resNetworkResult:android.system.ErrnoException: resNetworkResult failed: ETIMEDOUT (Connection timed out)
05-01 17:22:28.532  2970 10225 D NetworkMonitor/100: PROBE_DNS www.google.com 13114ms FAIL in type ADDRCONFIG Timeout
05-01 17:22:28.599  3054  3142 D SatelliteController: getCarrierRoamingNtnConnectType: Falling back to global carrier config connect type: 0
05-01 17:22:28.634  3482  3713 I AiAiEcho: #postPredictionTargets: Sending updates to UISurface ambientcue with targets# 0 (types=[])
05-01 17:22:28.641  3482  3713 I AiAiEcho: #postPredictionTargets: Sending updates to UISurface home with targets# 0 (types=[])
05-01 17:22:28.672  2970 10226 D NetworkMonitor/100: PROBE_DNS connectivitycheck.gstatic.com 13059ms FAIL in type ADDRCONFIG android.net.DnsResolver$DnsException: android.system.ErrnoException: resNetworkResult failed: ETIMEDOUT (Connection timed out)
05-01 17:22:28.678  3482  3713 I AiAiEcho: #postPredictionTargets: Sending updates to UISurface lockscreen with targets# 0 (types=[])
05-01 17:22:28.727  2896  3022 I AmbientCueRepository: Receiving SmartSpace targets # 0
05-01 17:22:28.727  2896  3022 I AmbientCueRepository: Receiving SmartSpace targets # 0
05-01 17:22:29.022  2970 10223 D NetworkMonitor/100: PROBE_FALLBACK http://play.googleapis.com/generate_204 Probe failed with exception java.net.UnknownHostException: Unable to resolve host "play.googleapis.com": No address associated with hostname
05-01 17:22:29.049  2896  2896 W SsPagerDots: Total number of pages invalid: 0. Assuming 1 page.
05-01 17:22:29.076  2896  2896 W SsPagerDots: Total number of pages invalid: 0. Assuming 1 page.
05-01 17:22:29.097 10191 10200 W com.signbridge: Suspending all threads took: 77.442ms
05-01 17:22:29.300 10191 10206 I HWUI    : Davey! duration=1089ms; Flags=0, FrameTimelineVsyncId=32559, IntendedVsync=2930521633523, Vsync=2930588300187, InputEventId=0, HandleInputStart=2930590367854, AnimationStart=2930590388896, PerformTraversalsStart=2930590389687, DrawStart=2930593796479, FrameDeadline=2930538300189, FrameStartTime=2930590316979, FrameInterval=16666666, WorkloadTarget=16666666, SyncQueued=2931199236563, SyncStart=2931295300979, IssueDrawCommandsStart=2931296548063, SwapBuffers=2931388365563, FrameCompleted=2931707484563, DequeueBufferDuration=36667, QueueBufferDuration=298523000, GpuCompleted=2931665819980, SwapBuffersCompleted=2931707484563, DisplayPresentTime=0, CommandSubmissionCompleted=2931388365563, 
05-01 17:22:29.343 10191 10200 W com.signbridge: userfaultfd: MOVE ioctl seems unsupported: Connection timed out
05-01 17:22:29.528  4522  4522 I LocalSynthesizer: Attempting to load synthesizer for voice: en-us-x-iog-seanet-embedded
05-01 17:22:29.528  4522  4522 I LocalSynthesizer: Voice en-us-x-iog-seanet-embedded is not supported by any existing synthesizers.
05-01 17:22:29.535  4522  4522 I ComposerWrapperImpl: Initializing new monolithic pipeline. New voice: en-us-x-iog-seanet-embedded
05-01 17:22:29.536  4522  4522 I PipelineReaderImpl: Initializing monolithic pipeline from disk: /data/user_de/0/com.google.android.tts/files/superpacks/en-us/en-us-x-multi-seanet-r83/pipeline.pb
05-01 17:22:29.698  3046  3046 I artd    : GetBestInfo: odex next to the dex file (/data/app/~~9zdI27-KZDEvVC_7GO9BLQ==/com.google.android.gms-zDijJikcKxb1i4ibdVh7KA==/oat/arm64/base.odex) is kOatUpToDate with filter 'speed-profile' executable 'false'
05-01 17:22:29.704  3046  3046 I artd    : GetBestInfo: odex next to the dex file (/data/app/~~9zdI27-KZDEvVC_7GO9BLQ==/com.google.android.gms-zDijJikcKxb1i4ibdVh7KA==/oat/arm64/split_AdsDynamite_installtime.odex) is kOatUpToDate with filter 'speed' executable 'false'
05-01 17:22:29.714  3046  3052 I artd    : GetBestInfo: odex next to the dex file (/data/app/~~9zdI27-KZDEvVC_7GO9BLQ==/com.google.android.gms-zDijJikcKxb1i4ibdVh7KA==/oat/arm64/split_CronetDynamite_installtime.odex) is kOatUpToDate with filter 'speed' executable 'false'
05-01 17:22:29.724  3046  3046 I artd    : GetBestInfo: odex next to the dex file (/data/app/~~9zdI27-KZDEvVC_7GO9BLQ==/com.google.android.gms-zDijJikcKxb1i4ibdVh7KA==/oat/arm64/split_DynamiteLoader_installtime.odex) is kOatUpToDate with filter 'speed' executable 'false'
05-01 17:22:29.734  3046  3052 I artd    : GetBestInfo: odex next to the dex file (/data/app/~~9zdI27-KZDEvVC_7GO9BLQ==/com.google.android.gms-zDijJikcKxb1i4ibdVh7KA==/oat/arm64/split_DynamiteModulesA_installtime.odex) is kOatUpToDate with filter 'speed' executable 'false'
05-01 17:22:29.750  3046  3046 I artd    : GetBestInfo: odex next to the dex file (/data/app/~~9zdI27-KZDEvVC_7GO9BLQ==/com.google.android.gms-zDijJikcKxb1i4ibdVh7KA==/oat/arm64/split_DynamiteModulesC_installtime.odex) is kOatUpToDate with filter 'speed' executable 'false'
05-01 17:22:29.764  3046  3052 I artd    : GetBestInfo: odex next to the dex file (/data/app/~~9zdI27-KZDEvVC_7GO9BLQ==/com.google.android.gms-zDijJikcKxb1i4ibdVh7KA==/oat/arm64/split_GoogleCertificates_installtime.odex) is kOatUpToDate with filter 'speed' executable 'false'
05-01 17:22:29.768  3046  3046 I artd    : GetBestInfo: odex next to the dex file (/data/app/~~9zdI27-KZDEvVC_7GO9BLQ==/com.google.android.gms-zDijJikcKxb1i4ibdVh7KA==/oat/arm64/split_MapsDynamite_installtime.odex) is kOatUpToDate with filter 'speed' executable 'false'
05-01 17:22:29.781  3046  3046 I artd    : GetBestInfo: odex next to the dex file (/data/app/~~9zdI27-KZDEvVC_7GO9BLQ==/com.google.android.gms-zDijJikcKxb1i4ibdVh7KA==/oat/arm64/split_MeasurementDynamite_installtime.odex) is kOatUpToDate with filter 'speed' executable 'false'
05-01 17:22:29.784 10191 10200 I com.signbridge: Background concurrent mark compact GC freed 2525KB AllocSpace bytes, 0(0B) LOS objects, 49% free, 3967KB/7935KB, paused 80.089ms,61.125ms total 6.351s
05-01 17:22:29.795  3046  3052 I artd    : GetBestInfo: /data/user_de/0/com.google.android.gms/app_chimera/m/00000024/dl-MlkitOcrCommon.optional_261332100400.apk has no usable artifacts
05-01 17:22:29.808  3046  3046 I artd    : GetBestInfo: /data/user_de/0/com.google.android.gms/app_chimera/m/00000001/CronetDynamite.apk has no usable artifacts
05-01 17:22:29.811  3046  3046 I artd    : GetBestInfo: /data/user_de/0/com.google.android.gms/app_chimera/m/00000002/DynamiteLoader.apk has no usable artifacts
05-01 17:22:29.812  3046  3046 W artd    : Could not get dex checksums for location /data/app/~~3fBXho8HaymPEUVbuDbDyw==/com.google.android.gms-lP3FhbDqyEae3o3ITSwEOg==/base.apk, fd=-1
05-01 17:22:29.818  3046  3046 W artd    : Could not get dex checksums for location /data/app/~~3fBXho8HaymPEUVbuDbDyw==/com.google.android.gms-lP3FhbDqyEae3o3ITSwEOg==/base.apk, fd=-1
05-01 17:22:29.826  3046  3046 I artd    : GetBestInfo: /data/user_de/0/com.google.android.gms/app_chimera/m/00000005/GoogleCertificates.apk has no usable artifacts
05-01 17:22:29.828  3046  3046 W artd    : Could not get dex checksums for location /data/app/~~3fBXho8HaymPEUVbuDbDyw==/com.google.android.gms-lP3FhbDqyEae3o3ITSwEOg==/base.apk, fd=-1
05-01 17:22:29.859  3046  3046 I artd    : GetBestInfo: /data/user_de/0/com.google.android.gms/app_chimera/m/0000000c/dl-PlayCloudSearch.optional_253434100000.apk has no usable artifacts
05-01 17:22:29.864  3046  3052 W artd    : Could not get dex checksums for location /data/app/~~3fBXho8HaymPEUVbuDbDyw==/com.google.android.gms-lP3FhbDqyEae3o3ITSwEOg==/base.apk, fd=-1
05-01 17:22:29.866  3046  3052 W artd    : Could not get dex checksums for location /data/app/~~3fBXho8HaymPEUVbuDbDyw==/com.google.android.gms-lP3FhbDqyEae3o3ITSwEOg==/base.apk, fd=-1
05-01 17:22:29.867  2599  2802 D InetDiagMessage: Destroyed 0 sockets, proto=IPPROTO_TCP, family=AF_INET, states=14
05-01 17:22:29.867  2599  2802 D InetDiagMessage: Destroyed 0 sockets, proto=IPPROTO_TCP, family=AF_INET6, states=14
05-01 17:22:29.867  2599  2802 D InetDiagMessage: Destroyed live tcp sockets for uids={10202} in 2ms
05-01 17:22:29.878  3046  3052 W artd    : Could not get dex checksums for location /data/app/~~3fBXho8HaymPEUVbuDbDyw==/com.google.android.gms-lP3FhbDqyEae3o3ITSwEOg==/base.apk, fd=-1
05-01 17:22:29.898  3046  3052 I artd    : GetBestInfo: /data/user_de/0/com.google.android.gms/app_chimera/m/00000009/dl-Appsearch.optional_253434100400.apk has no usable artifacts
05-01 17:22:29.906  3046  3052 I artd    : GetBestInfo: /data/user_de/0/com.google.android.gms/app_chimera/m/0000001f/dl-MlkitBarcodeUi.optional_261332100400.apk has no usable artifacts
05-01 17:22:29.914  2599  2742 D ActivityManager: freezing 4199 com.google.android.apps.wellbeing
05-01 17:22:29.917  3046  3052 I artd    : GetBestInfo: vdex next to the dex file (/data/user/0/com.google.android.gms/app_dg_cache/C979021594972B0BA2D39F27BF33D93C4B1302BC/oat/arm64/the.vdex) is kOatUpToDate with filter 'verify' executable 'false'
05-01 17:22:29.929  2599  2802 D InetDiagMessage: Destroyed 0 sockets, proto=IPPROTO_TCP, family=AF_INET, states=14
05-01 17:22:29.930  3046  3046 W artd    : Could not get dex checksums for location /data/app/~~3fBXho8HaymPEUVbuDbDyw==/com.google.android.gms-lP3FhbDqyEae3o3ITSwEOg==/base.apk, fd=-1
05-01 17:22:29.930  2599  2802 D InetDiagMessage: Destroyed 0 sockets, proto=IPPROTO_TCP, family=AF_INET6, states=14
05-01 17:22:29.930  2599  2802 D InetDiagMessage: Destroyed live tcp sockets for uids={10159} in 4ms
05-01 17:22:29.933  3046  3052 W artd    : Could not get dex checksums for location /data/app/~~3fBXho8HaymPEUVbuDbDyw==/com.google.android.gms-lP3FhbDqyEae3o3ITSwEOg==/base.apk, fd=-1
05-01 17:22:29.948  3046  3052 I artd    : GetBestInfo: /data/user_de/0/com.google.android.gms/app_chimera/m/0000001e/dl-VisionOcr.optional_261332100000.apk has no usable artifacts
05-01 17:22:30.007  3046  3052 I artd    : GetBestInfo: /data/user_de/0/com.google.android.gms/app_chimera/m/00000020/dl-PlayCloudSearch.optional_261332100000.apk has no usable artifacts
05-01 17:22:30.141  3046  3052 I artd    : GetBestInfo: vdex next to the dex file (/data/user/0/com.google.android.gms/app_dg_cache/707FFD883BF2A7896692338F9625CA52336E933B/oat/arm64/the.vdex) is kOatUpToDate with filter 'verify' executable 'false'
05-01 17:22:30.152  4522  4522 I native  : I0000 00:00:1777652550.075745    4522 android_resource_loader.cc:109] Loading resources for en_us_x_embedded_havoc/5285764092861898463
05-01 17:22:30.183  3046  3052 I artd    : GetBestInfo: /data/user_de/0/com.google.android.gms/app_chimera/m/00000019/dl-TfliteDynamiteDynamite.integ_252130102100400.apk has no usable artifacts
05-01 17:22:30.201  3046  3046 W artd    : Could not get dex checksums for location /data/app/~~3fBXho8HaymPEUVbuDbDyw==/com.google.android.gms-lP3FhbDqyEae3o3ITSwEOg==/base.apk, fd=-1
05-01 17:22:30.241  4522  4522 I native  : I0000 00:00:1777652550.226314    4522 data_source.cc:95] Opening data source "/data/user_de/0/com.google.android.tts/files/superpacks/en-us/en-us-x-multi-seanet-r83/../en-us-x-multi-r83/burdock_frame_config.pb" (as: FILE) ...
05-01 17:22:30.253  4522  4522 I native  : I0000 00:00:1777652550.249136    4522 data_source.cc:99] ... Opened data source "/data/user_de/0/com.google.android.tts/files/superpacks/en-us/en-us-x-multi-seanet-r83/../en-us-x-multi-r83/burdock_frame_config.pb" of size 68
05-01 17:22:30.261  3046  3052 W artd    : Could not get dex checksums for location /data/app/~~dKAWhbpuAhXMPrgX8_uNaA==/com.android.vending-VlQnPVZ5qb-G_00QsqpjnQ==/base.apk, fd=-1
05-01 17:22:30.276  3046  3052 I artd    : GetBestInfo: /data/user_de/0/com.google.android.gms/app_chimera/m/00000021/dl-Appsearch.optional_261332100400.apk has no usable artifacts
05-01 17:22:30.344 10220 10220 W AccessibilityNodeInfoDumper: Fetch time: 868ms
05-01 17:22:30.366  3046  3052 I artd    : GetBestInfo: /data/user_de/0/com.google.android.gms/app_chimera/m/0000000b/dl-MlkitBarcodeUi.optional_253434100400.apk has no usable artifacts
05-01 17:22:30.366  2599  2952 V AccessibilityManagerService: onUserStateChangedLocked for userId: 0, forceUpdate: false
05-01 17:22:30.382  2599  2952 V AccessibilityUserState: updateShortcutTargets: type:accessibility_shortcut_target_service, current:{}, new:{}
05-01 17:22:30.382  2599  2952 V AccessibilityUserState: updateShortcutTargets: type:accessibility_button_targets, current:{}, new:{}
05-01 17:22:30.382  2599  2952 V AccessibilityUserState: updateShortcutTargets: type:accessibility_gesture_targets, current:{}, new:{}
05-01 17:22:30.382  2599  2952 V AccessibilityUserState: updateShortcutTargets: type:accessibility_qs_targets, current:{}, new:{}
05-01 17:22:30.382  2599  2952 V AccessibilityUserState: updateShortcutTargets: type:accessibility_key_gesture_targets, current:{}, new:{}
05-01 17:22:30.382  2599  2952 W MagnificationConnectionManager: requestConnection duplicated request: connect=false, mConnectionState=DISCONNECTED
05-01 17:22:30.382  2599  2952 D AccessibilityManagerService: restoreCurrentUserForTestAutomationIfNeededLocked(): ignoring because device doesn't support visible background users
05-01 17:22:30.385  2599  2599 W libbinder.IPCThreadState: Sending oneway calls to frozen process.
05-01 17:22:30.390  2599  2599 W libbinder.IPCThreadState: Sending oneway calls to frozen process.
05-01 17:22:30.391  2599  2599 W libbinder.IPCThreadState: Sending oneway calls to frozen process.
05-01 17:22:30.394  3482  4183 I AiAiEcho: Settings changed for uri: content://settings/secure/accessibility_enabled
05-01 17:22:30.395  2599  2599 W libbinder.IPCThreadState: Sending oneway calls to frozen process.
05-01 17:22:30.396  3482  3713 I AiAiEcho: Predicting[0]:  [CONTEXT sampling_count=5 ]
05-01 17:22:30.396  3482  3713 I AiAiEcho: EchoTargets: 
05-01 17:22:30.396  3482  3713 I AiAiEcho: Filtered by AiAi flag check: 
05-01 17:22:30.396  3482  3713 I AiAiEcho: [CONTEXT ratelimit_period="10 SECONDS" ]
05-01 17:22:30.397  3482  3713 I AiAiEcho: #remoteViewsTwiddler: feature disabled.
05-01 17:22:30.398  3482  3713 I AiAiEcho: Predicting[0]:  [CONTEXT sampling_count=5 ]
05-01 17:22:30.398  3482  3713 I AiAiEcho: EchoTargets: 
05-01 17:22:30.398  3482  3713 I AiAiEcho: Filtered by AiAi flag check: 
05-01 17:22:30.398  3482  3713 I AiAiEcho: [CONTEXT ratelimit_period="10 SECONDS" ]
05-01 17:22:30.398  3482  3713 I AiAiEcho: #remoteViewsTwiddler: feature disabled.
05-01 17:22:30.400  3482  3713 I AiAiEcho: Predicting[0]:  [CONTEXT sampling_count=5 ]
05-01 17:22:30.403  3482  3713 I AiAiEcho: EchoTargets: 
05-01 17:22:30.403  3482  3713 I AiAiEcho: Filtered by AiAi flag check: 
05-01 17:22:30.403  3482  3713 I AiAiEcho: [CONTEXT ratelimit_period="10 SECONDS" ]
05-01 17:22:30.403  3482  3713 I AiAiEcho: #remoteViewsTwiddler: feature disabled.
05-01 17:22:30.409  3482  3713 I AiAiEcho: #postPredictionTargets: Sending updates to UISurface ambientcue with targets# 0 (types=[])
05-01 17:22:30.409  2896  3022 I AmbientCueRepository: Receiving SmartSpace targets # 0
05-01 17:22:30.409  2896  3022 W Looper  : Drained
05-01 17:22:30.410  3482  3713 I AiAiEcho: #postPredictionTargets: Sending updates to UISurface home with targets# 0 (types=[])
05-01 17:22:30.411  3482  3713 I AiAiEcho: #postPredictionTargets: Sending updates to UISurface lockscreen with targets# 0 (types=[])
05-01 17:22:30.414  2599  2599 W libbinder.IPCThreadState: Sending oneway calls to frozen process.
05-01 17:22:30.420  2599  2599 W libbinder.IPCThreadState: Sending oneway calls to frozen process.
05-01 17:22:30.420  2599  2599 W libbinder.IPCThreadState: Sending oneway calls to frozen process.
05-01 17:22:30.599  2599  3696 W libbinder.Binder: Binder transaction to android.content.pm.IPackageManager code 1598311760 took 2519ms. Data bytes: 80 Reply bytes: 4 Flags: 16
05-01 17:22:30.674  2599  2599 W libbinder.IPCThreadState: Sending oneway calls to frozen process.
05-01 17:22:30.674  2599  2599 W libbinder.IPCThreadState: Sending oneway calls to frozen process.
05-01 17:22:30.674  2599  2599 W libbinder.IPCThreadState: Sending oneway calls to frozen process.
05-01 17:22:30.689  2599  2599 W Looper  : Slow dispatch took 270ms main app=system_server main=true group=FOREGROUND h=com.android.server.accessibility.AccessibilityManagerService$MainHandler c=<recycled PooledLambda@7fdfd4e> m=0
05-01 17:22:30.690  2599  2599 W Looper  : Slow delivery took 307ms main app=system_server main=true group=FOREGROUND h=com.android.server.accessibility.AccessibilityManagerService$MainHandler c=<recycled PooledLambda@baffbdf> m=0
05-01 17:22:30.690  2599  2599 W libbinder.IPCThreadState: Sending oneway calls to frozen process.
05-01 17:22:30.690  2599  2599 W libbinder.IPCThreadState: Sending oneway calls to frozen process.
05-01 17:22:30.690  2599  2599 W libbinder.IPCThreadState: Sending oneway calls to frozen process.
05-01 17:22:30.690  2599  2599 W libbinder.IPCThreadState: Sending oneway calls to frozen process.
05-01 17:22:30.690  2599  2599 W libbinder.IPCThreadState: Sending oneway calls to frozen process.
05-01 17:22:30.701  2599  2599 D BatterySaverPolicy: accessibility changed to false, updating policy.
05-01 17:22:30.701  2599  2599 W Looper  : Drained
05-01 17:22:30.714 10220 10252 W libbinder.IPCThreadState: call to talkWithDriver in joinThreadPool returned error: -9 (Bad file descriptor), FD: -1
05-01 17:22:30.717 10220 10267 W libbinder.IPCThreadState: call to talkWithDriver in joinThreadPool returned error: -9 (Bad file descriptor), FD: -1
05-01 17:22:30.717 10220 10253 W libbinder.IPCThreadState: call to talkWithDriver in joinThreadPool returned error: -9 (Bad file descriptor), FD: -1
05-01 17:22:30.734 10220 10220 D AndroidRuntime: Shutting down VM
05-01 17:22:30.781  2896  2896 W SsPagerDots: Total number of pages invalid: 0. Assuming 1 page.
05-01 17:22:30.898  2599  2796 I HalDevMgr: bestIfaceCreationProposal is null, requestIface=STA, existingIface=[name=wlan0 type=STA]
05-01 17:22:32.081  4522  4522 I native  : I0000 00:00:1777652552.081558    4522 android_resource_loader.cc:100] Built resource acoustic_frame_config
05-01 17:22:32.081  4522  4522 I native  : I0000 00:00:1777652552.081733    4522 android_resource_loader.cc:116] Loaded resource:acoustic_frame_config
05-01 17:22:32.084  4522  4522 I native  : I0000 00:00:1777652552.084026    4522 data_source.cc:95] Opening data source "/data/user_de/0/com.google.android.tts/files/superpacks/en-us/en-us-x-multi-seanet-r83/../en-us-x-multi-r83/affixes_en_us_android.far" (as: FILE) ...
05-01 17:22:32.084  4522  4522 I native  : I0000 00:00:1777652552.084187    4522 data_source.cc:99] ... Opened data source "/data/user_de/0/com.google.android.tts/files/superpacks/en-us/en-us-x-multi-seanet-r83/../en-us-x-multi-r83/affixes_en_us_android.far" of size 36782
05-01 17:22:32.125  4522  4522 I native  : I0000 00:00:1777652552.125470    4522 android_resource_loader.cc:100] Built resource affix_word_splitter_grm
05-01 17:22:32.125  4522  4522 I native  : I0000 00:00:1777652552.125637    4522 android_resource_loader.cc:116] Loaded resource:affix_word_splitter_grm
05-01 17:22:32.125  4522  4522 I native  : I0000 00:00:1777652552.125821    4522 data_source.cc:95] Opening data source "/data/user_de/0/com.google.android.tts/files/superpacks/en-us/en-us-x-multi-seanet-r83/../en-us-x-multi-r83/affixes_params_en_us.pb" (as: FILE) ...
05-01 17:22:32.132  4522  4522 I native  : I0000 00:00:1777652552.131759    4522 data_source.cc:99] ... Opened data source "/data/user_de/0/com.google.android.tts/files/superpacks/en-us/en-us-x-multi-seanet-r83/../en-us-x-multi-r83/affixes_params_en_us.pb" of size 420
05-01 17:22:32.145  4522  4522 I native  : I0000 00:00:1777652552.144090    4522 affix_word_splitter_data.cc:33] Ambiguous affix entries for spelling ['s] -- their grammars should disambiguate them.
05-01 17:22:32.145  4522  4522 I native  : I0000 00:00:1777652552.145762    4522 affix_word_splitter_data.cc:33] Ambiguous affix entries for spelling ['s] -- their grammars should disambiguate them.
05-01 17:22:32.145  4522  4522 I native  : I0000 00:00:1777652552.145782    4522 affix_word_splitter_data.cc:33] Ambiguous affix entries for spelling ['s] -- their grammars should disambiguate them.
05-01 17:22:32.145  4522  4522 I native  : I0000 00:00:1777652552.145808    4522 affix_word_splitter_data.cc:33] Ambiguous affix entries for spelling [s] -- their grammars should disambiguate them.
05-01 17:22:32.145  4522  4522 I native  : I0000 00:00:1777652552.145827    4522 affix_word_splitter_data.cc:33] Ambiguous affix entries for spelling [s] -- their grammars should disambiguate them.
05-01 17:22:32.145  4522  4522 I native  : I0000 00:00:1777652552.145846    4522 affix_word_splitter_data.cc:33] Ambiguous affix entries for spelling [s] -- their grammars should disambiguate them.
05-01 17:22:32.145  4522  4522 I native  : I0000 00:00:1777652552.145872    4522 affix_word_splitter_data.cc:33] Ambiguous affix entries for spelling [ed] -- their grammars should disambiguate them.
05-01 17:22:32.146  4522  4522 I native  : I0000 00:00:1777652552.146002    4522 affix_word_splitter_data.cc:33] Ambiguous affix entries for spelling [ed] -- their grammars should disambiguate them.
05-01 17:22:32.146  4522  4522 I native  : I0000 00:00:1777652552.146027    4522 affix_word_splitter_data.cc:33] Ambiguous affix entries for spelling [ed] -- their grammars should disambiguate them.
05-01 17:22:32.147  4522  4522 I native  : I0000 00:00:1777652552.147659    4522 affix_word_splitter_data.cc:89] Loaded affixes in [/data/user_de/0/com.google.android.tts/files/superpacks/en-us/en-us-x-multi-seanet-r83/../en-us-x-multi-r83/affixes_params_en_us.pb].
05-01 17:22:32.148  4522  4522 I native  : I0000 00:00:1777652552.148711    4522 android_resource_loader.cc:100] Built resource affix_word_splitter
05-01 17:22:32.148  4522  4522 I native  : I0000 00:00:1777652552.148756    4522 android_resource_loader.cc:116] Loaded resource:affix_word_splitter
05-01 17:22:32.152  4522  4522 I native  : I0000 00:00:1777652552.152018    4522 data_source.cc:95] Opening data source "/data/user_de/0/com.google.android.tts/files/superpacks/en-us/en-us-x-multi-seanet-r83/../en-us-x-multi-r83/roman_numeral_android.far" (as: FILE) ...
05-01 17:22:32.154  4522  4522 I native  : I0000 00:00:1777652552.154025    4522 data_source.cc:99] ... Opened data source "/data/user_de/0/com.google.android.tts/files/superpacks/en-us/en-us-x-multi-seanet-r83/../en-us-x-multi-r83/roman_numeral_android.far" of size 5112
05-01 17:22:32.158  4522  4522 I native  : I0000 00:00:1777652552.158154    4522 android_resource_loader.cc:100] Built resource classify_roman_numerals_grm_fst
05-01 17:22:32.158  4522  4522 I native  : I0000 00:00:1777652552.158355    4522 android_resource_loader.cc:116] Loaded resource:classify_roman_numerals_grm_fst
05-01 17:22:32.158  4522  4522 I native  : I0000 00:00:1777652552.158392    4522 data_source.cc:95] Opening data source "/data/user_de/0/com.google.android.tts/files/superpacks/en-us/en-us-x-multi-seanet-r83/../en-us-x-multi-r83/en_us_pronounce.far" (as: FILE) ...
05-01 17:22:32.160  4522  4522 I native  : I0000 00:00:1777652552.159959    4522 data_source.cc:99] ... Opened data source "/data/user_de/0/com.google.android.tts/files/superpacks/en-us/en-us-x-multi-seanet-r83/../en-us-x-multi-r83/en_us_pronounce.far" of size 5040
05-01 17:22:32.164  4522  4522 I native  : I0000 00:00:1777652552.164092    4522 android_resource_loader.cc:100] Built resource compound_pronounce_grm_fst
05-01 17:22:32.164  4522  4522 I native  : I0000 00:00:1777652552.164250    4522 android_resource_loader.cc:116] Loaded resource:compound_pronounce_grm_fst
05-01 17:22:32.165  4522  4522 I native  : I0000 00:00:1777652552.165538    4522 data_source.cc:95] Opening data source "/data/user_de/0/com.google.android.tts/files/superpacks/en-us/en-us-x-multi-seanet-r83/../en-us-x-multi-r83/disambiguation_rules_en_us.pb" (as: FILE) ...
05-01 17:22:32.165  4522  4522 I native  : I0000 00:00:1777652552.165653    4522 data_source.cc:99] ... Opened data source "/data/user_de/0/com.google.android.tts/files/superpacks/en-us/en-us-x-multi-seanet-r83/../en-us-x-multi-r83/disambiguation_rules_en_us.pb" of size 317147
05-01 17:22:32.368 10191 10199 I com.signbridge: Compiler allocated 5145KB to compile void android.view.ViewRootImpl.performTraversals()
05-01 17:22:32.666  4522  4522 I native  : I0000 00:00:1777652552.666765    4522 android_resource_loader.cc:100] Built resource disambiguation_rules
05-01 17:22:32.667  4522  4522 I native  : I0000 00:00:1777652552.667038    4522 android_resource_loader.cc:116] Loaded resource:disambiguation_rules
05-01 17:22:32.667  4522  4522 I native  : I0000 00:00:1777652552.667360    4522 data_source.cc:95] Opening data source "/data/user_de/0/com.google.android.tts/files/superpacks/en-us/en-us-x-multi-seanet-r83/engine_config_en_us_x_embedded_havoc.pb" (as: FILE) ...
05-01 17:22:32.667  4522  4522 I native  : I0000 00:00:1777652552.667441    4522 data_source.cc:99] ... Opened data source "/data/user_de/0/com.google.android.tts/files/superpacks/en-us/en-us-x-multi-seanet-r83/engine_config_en_us_x_embedded_havoc.pb" of size 54
05-01 17:22:32.668  4522  4522 I native  : I0000 00:00:1777652552.668529    4522 android_resource_loader.cc:100] Built resource engine_config
05-01 17:22:32.668  4522  4522 I native  : I0000 00:00:1777652552.668582    4522 android_resource_loader.cc:116] Loaded resource:engine_config
05-01 17:22:32.728  4522  4522 I native  : I0000 00:00:1777652552.728695    4522 android_resource_loader.cc:100] Built resource guided_synthesis
05-01 17:22:32.728  4522  4522 I native  : I0000 00:00:1777652552.728832    4522 android_resource_loader.cc:116] Loaded resource:guided_synthesis
05-01 17:22:32.729  4522  4522 I native  : I0000 00:00:1777652552.729024    4522 data_source.cc:95] Opening data source "/data/user_de/0/com.google.android.tts/files/superpacks/en-us/en-us-x-multi-seanet-r83/../en-us-x-multi-r83/mapping_grammar_en.far" (as: FILE) ...
05-01 17:22:32.729  4522  4522 I native  : I0000 00:00:1777652552.729663    4522 data_source.cc:99] ... Opened data source "/data/user_de/0/com.google.android.tts/files/superpacks/en-us/en-us-x-multi-seanet-r83/../en-us-x-multi-r83/mapping_grammar_en.far" of size 863
05-01 17:22:32.730  4522  4522 I native  : I0000 00:00:1777652552.730734    4522 android_resource_loader.cc:100] Built resource homograph_mapping_grammar
05-01 17:22:32.730  4522  4522 I native  : I0000 00:00:1777652552.730782    4522 android_resource_loader.cc:116] Loaded resource:homograph_mapping_grammar
05-01 17:22:32.735  4522  4522 I native  : I0000 00:00:1777652552.735774    4522 data_source.cc:95] Opening data source "/data/user_de/0/com.google.android.tts/files/superpacks/en-us/en-us-x-multi-seanet-r83/../en-us-x-multi-r83/lettuce_model.fb" (as: MEMORY) ...
05-01 17:22:32.742  4522  4522 I native  : I0000 00:00:1777652552.741446    4522 data_source.cc:99] ... Opened data source "/data/user_de/0/com.google.android.tts/files/superpacks/en-us/en-us-x-multi-seanet-r83/../en-us-x-multi-r83/lettuce_model.fb" of size 2100680
05-01 17:22:32.795  2599  2682 W libbinder.IPCThreadState: Sending oneway calls to frozen process.
05-01 17:22:32.798  4522  4522 I native  : I0000 00:00:1777652552.798293    4522 android_resource_loader.cc:100] Built resource lettuce_model_resource
05-01 17:22:32.798  4522  4522 I native  : I0000 00:00:1777652552.798492    4522 android_resource_loader.cc:116] Loaded resource:lettuce_model_resource
05-01 17:22:32.798  4522  4522 I native  : I0000 00:00:1777652552.798551    4522 android_resource_loader.cc:100] Built resource lettuce_model_scorer
05-01 17:22:32.798  4522  4522 I native  : I0000 00:00:1777652552.798560    4522 android_resource_loader.cc:116] Loaded resource:lettuce_model_scorer
05-01 17:22:32.798  4522  4522 I native  : I0000 00:00:1777652552.798578    4522 data_source.cc:95] Opening data source "/data/user_de/0/com.google.android.tts/files/superpacks/en-us/en-us-x-multi-seanet-r83/../en-us-x-multi-r83/lettuce_classify_embedded_us_generated_android.far" (as: FILE) ...
05-01 17:22:32.798  4522  4522 I native  : I0000 00:00:1777652552.798743    4522 data_source.cc:99] ... Opened data source "/data/user_de/0/com.google.android.tts/files/superpacks/en-us/en-us-x-multi-seanet-r83/../en-us-x-multi-r83/lettuce_classify_embedded_us_generated_android.far" of size 4439801
05-01 17:22:33.491  4522  4522 I native  : I0000 00:00:1777652553.491627    4522 android_resource_loader.cc:100] Built resource lettuce_node_generator_grm
05-01 17:22:33.491  4522  4522 I native  : I0000 00:00:1777652553.491810    4522 android_resource_loader.cc:116] Loaded resource:lettuce_node_generator_grm
05-01 17:22:33.491  4522  4522 I native  : I0000 00:00:1777652553.491841    4522 data_source.cc:95] Opening data source "/data/user_de/0/com.google.android.tts/files/superpacks/en-us/en-us-x-multi-seanet-r83/../en-us-x-multi-r83/lucid_collection_android.far" (as: FILE) ...
05-01 17:22:33.491  4522  4522 I native  : I0000 00:00:1777652553.491913    4522 data_source.cc:99] ... Opened data source "/data/user_de/0/com.google.android.tts/files/superpacks/en-us/en-us-x-multi-seanet-r83/../en-us-x-multi-r83/lucid_collection_android.far" of size 306120
05-01 17:22:33.525  4522  4522 I native  : I0000 00:00:1777652553.524537    4522 android_resource_loader.cc:100] Built resource lucid_parser_grm_fst
05-01 17:22:33.526  4522  4522 I native  : I0000 00:00:1777652553.526161    4522 android_resource_loader.cc:116] Loaded resource:lucid_parser_grm_fst
05-01 17:22:33.548  4522  4522 I native  : I0000 00:00:1777652553.548273    4522 data_source.cc:95] Opening data source "/data/user_de/0/com.google.android.tts/files/superpacks/en-us/en-us-x-multi-seanet-r83/../en-us-x-multi-r83/markup_triggers.pb" (as: FILE) ...
05-01 17:22:33.548  4522  4522 I native  : I0000 00:00:1777652553.548480    4522 data_source.cc:99] ... Opened data source "/data/user_de/0/com.google.android.tts/files/superpacks/en-us/en-us-x-multi-seanet-r83/../en-us-x-multi-r83/markup_triggers.pb" of size 930
05-01 17:22:33.577  4522  4522 I native  : I0000 00:00:1777652553.577956    4522 android_resource_loader.cc:100] Built resource markup_triggers
05-01 17:22:33.578  4522  4522 I native  : I0000 00:00:1777652553.578095    4522 android_resource_loader.cc:116] Loaded resource:markup_triggers
05-01 17:22:33.578  4522  4522 I native  : I0000 00:00:1777652553.578209    4522 data_source.cc:95] Opening data source "/data/user_de/0/com.google.android.tts/files/superpacks/en-us/en-us-x-multi-seanet-r83/../en-us-x-multi-r83/morphosyntactic_mapping.pb" (as: FILE) ...
05-01 17:22:33.578  4522  4522 I native  : I0000 00:00:1777652553.578284    4522 data_source.cc:99] ... Opened data source "/data/user_de/0/com.google.android.tts/files/superpacks/en-us/en-us-x-multi-seanet-r83/../en-us-x-multi-r83/morphosyntactic_mapping.pb" of size 6
05-01 17:22:33.578  4522  4522 I native  : I0000 00:00:1777652553.578479    4522 android_resource_loader.cc:100] Built resource morph_analyzer_attribute_map
05-01 17:22:33.578  4522  4522 I native  : I0000 00:00:1777652553.578501    4522 android_resource_loader.cc:116] Loaded resource:morph_analyzer_attribute_map
05-01 17:22:33.597  4522  4522 I native  : I0000 00:00:1777652553.597369    4522 android_resource_loader.cc:100] Built resource multilingual_capabilities
05-01 17:22:33.597  4522  4522 I native  : I0000 00:00:1777652553.597473    4522 android_resource_loader.cc:116] Loaded resource:multilingual_capabilities
05-01 17:22:33.611  4522  4522 I native  : I0000 00:00:1777652553.611367    4522 data_source.cc:95] Opening data source "/data/user_de/0/com.google.android.tts/files/superpacks/en-us/en-us-x-multi-seanet-r83/../en-us-x-multi-r83/en_us_phonology.pb" (as: FILE) ...
05-01 17:22:33.611  4522  4522 I native  : I0000 00:00:1777652553.611886    4522 data_source.cc:99] ... Opened data source "/data/user_de/0/com.google.android.tts/files/superpacks/en-us/en-us-x-multi-seanet-r83/../en-us-x-multi-r83/en_us_phonology.pb" of size 2196
05-01 17:22:33.712  4522  4522 W native  : W0000 00:00:1777652553.711987    4522 phonology.cc:80] Phonemes l, r\ have non-distinctive features. See b/111971558.
05-01 17:22:33.713  4522  4522 W native  : W0000 00:00:1777652553.713036    4522 phonology.cc:80] Phonemes @, @` have non-distinctive features. See b/111971558.
05-01 17:22:33.735  4522  4522 I native  : I0000 00:00:1777652553.735347    4522 android_resource_loader.cc:100] Built resource phonology
05-01 17:22:33.735  4522  4522 I native  : I0000 00:00:1777652553.735477    4522 android_resource_loader.cc:116] Loaded resource:phonology
05-01 17:22:33.736  4522  4522 I native  : I0000 00:00:1777652553.736072    4522 data_source.cc:95] Opening data source "/data/user_de/0/com.google.android.tts/files/superpacks/en-us/en-us-x-multi-seanet-r83/../en-us-x-multi-r83/en_morphology" (as: FILE) ...
05-01 17:22:33.736  4522  4522 I native  : I0000 00:00:1777652553.736163    4522 data_source.cc:99] ... Opened data source "/data/user_de/0/com.google.android.tts/files/superpacks/en-us/en-us-x-multi-seanet-r83/../en-us-x-multi-r83/en_morphology" of size 2753822
05-01 17:22:33.918  2599  2796 I HalDevMgr: bestIfaceCreationProposal is null, requestIface=STA, existingIface=[name=wlan0 type=STA]
05-01 17:22:34.290  4522  4522 I native  : I0000 00:00:1777652554.290259    4522 model-api.cc:46] Registered model under key morphology
05-01 17:22:34.314  4522  4522 I native  : I0000 00:00:1777652554.314089    4522 android_resource_loader.cc:100] Built resource analyze_morphology_saft_portable_algo
05-01 17:22:34.314  4522  4522 I native  : I0000 00:00:1777652554.314233    4522 android_resource_loader.cc:116] Loaded resource:analyze_morphology_saft_portable_algo
05-01 17:22:34.314  4522  4522 I native  : I0000 00:00:1777652554.314441    4522 data_source.cc:95] Opening data source "/data/user_de/0/com.google.android.tts/files/superpacks/en-us/en-us-x-multi-seanet-r83/../en-us-x-multi-r83/ipa_to_tts_to-en_us.far" (as: FILE) ...
05-01 17:22:34.314  4522  4522 I native  : I0000 00:00:1777652554.314494    4522 data_source.cc:99] ... Opened data source "/data/user_de/0/com.google.android.tts/files/superpacks/en-us/en-us-x-multi-seanet-r83/../en-us-x-multi-r83/ipa_to_tts_to-en_us.far" of size 465858
05-01 17:22:34.331  4522  4522 I native  : I0000 00:00:1777652554.331248    4522 android_resource_loader.cc:100] Built resource ipa_to_tts_phoneme_mapper
05-01 17:22:34.331  4522  4522 I native  : I0000 00:00:1777652554.331379    4522 android_resource_loader.cc:116] Loaded resource:ipa_to_tts_phoneme_mapper
05-01 17:22:34.331  4522  4522 I native  : I0000 00:00:1777652554.331404    4522 data_source.cc:95] Opening data source "/data/user_de/0/com.google.android.tts/files/superpacks/en-us/en-us-x-multi-seanet-r83/../en-us-x-multi-r83/en_us.hlex.bin" (as: MEMORY) ...
