--------- beginning of system
05-01 17:51:50.267  2599  2599 W Looper  : Slow dispatch took 102ms main app=system_server main=true group=FOREGROUND h=android.app.ActivityThread$H c=android.app.LoadedApk$ReceiverDispatcher$Args$$ExternalSyntheticLambda0@ffa40c2 m=0
05-01 17:51:50.268  2599  2599 D AS.AudioService: received android.intent.action.PACKAGE_REPLACED replacing: true archival: false for package com.signbridge with uid 10236
--------- beginning of main
05-01 17:51:50.275  3301  3441 D AccessibilitySourceService: enabled a11y services count 0
05-01 17:51:50.276  3301  3441 D AccessibilitySourceService: a11y source sending 0 issue to sc
05-01 17:51:50.302  8138  8334 I PlayCommon: [81] Connecting to server for timestamp: https://play.googleapis.com/play/log/timestamp
05-01 17:51:50.302  3054  3054 D SatelliteController: packageStateChanged: package:com.signbridge defaultSmsPackageName: com.google.android.apps.messaging satelliteGatewayServicePackageName: 
05-01 17:51:50.309  2896  3022 W Looper  : Slow delivery took 1392ms SysUiBg app=com.android.systemui main=false group=FOREGROUND h=android.content.pm.LauncherApps$CallbackMessageHandler c=null m=3
05-01 17:51:50.323  3301  8139 I PermissionControllerServiceImpl: Updating user sensitive for uid 10236
05-01 17:51:50.333  2599  2599 D AppSearchAppsIndexerManagerS: userid in package receiver: 10236
05-01 17:51:50.337  2599  2974 W SignedPackage: Package doesn't have required signing certificate: com.google.android.retaildemo
05-01 17:51:50.338  2599  2974 E RoleControllerServiceImpl: Default/fallback role holder package doesn't qualify for the role, package: com.google.android.gms.supervision, role: android.app.role.SYSTEM_SUPERVISION, user: 0
05-01 17:51:50.346  2599  3708 D SafetySourceDataValidat: No cert check requested for package com.google.android.permissioncontroller
05-01 17:51:50.350  3301  3441 D AccessibilitySourceService: enabled a11y services count 0
05-01 17:51:50.350  3301  3441 D AccessibilitySourceService: a11y source sending 0 issue to sc
05-01 17:51:50.351  2599  3708 D SafetySourceDataValidat: No cert check requested for package com.google.android.permissioncontroller
05-01 17:51:50.368  2599  2599 W AlarmManager: Package com.signbridge, uid 10236 lost permission to set exact alarms!
05-01 17:51:50.388  2599  3708 W ActivityTaskManager: callingPackage for (uid=2000, pid=12146) has no WPC
05-01 17:51:50.389  2599  3708 V WindowManager: DesktopModeLaunchParamsModifier: phase= 0 task=null activity=null display-area-from-current-params=null display-area-from-default-fallback=DefaultTaskDisplayArea@257994866 display-id=0 task-display-area-windowing-mode=1 suggested-display-area=DefaultTaskDisplayArea@257994866 task null, skipping
05-01 17:51:50.389  2599  3708 V WindowManager: TaskLaunchParamsModifier:phase=0 task=null activity=null display-area-from-current-params=null display-area-from-default-fallback=DefaultTaskDisplayArea@257994866 display-id=0 task-display-area-windowing-mode=1 suggested-display-area=DefaultTaskDisplayArea@257994866
05-01 17:51:50.403  3054  3054 D CarrierSvcBindHelper: onHandleForceStop: [com.signbridge]
05-01 17:51:50.403  3054  3054 D CarrierSvcBindHelper: No carrier app for: 0
05-01 17:51:50.413  3301  3441 D AccessibilitySourceService: enabled a11y services count 0
05-01 17:51:50.414  3301  3441 D AccessibilitySourceService: a11y source sending 0 issue to sc
05-01 17:51:50.418  2599  2989 D SafetySourceDataValidat: No cert check requested for package com.google.android.permissioncontroller
05-01 17:51:50.443  3457  3579 I dpli    : (REDACTED) maybeUpdateCacheDataForAddedPackage %s
05-01 17:51:50.463  3301  3441 D AccessibilitySourceService: enabled a11y services count 0
05-01 17:51:50.463  3301  3441 D AccessibilitySourceService: a11y source sending 0 issue to sc
05-01 17:51:50.464  2599  2989 D SafetySourceDataValidat: No cert check requested for package com.google.android.permissioncontroller
05-01 17:51:50.471  2599  2974 W SignedPackage: Package doesn't have required signing certificate: com.google.android.apps.work.clouddpc
05-01 17:51:50.535  8138  8334 E PlayCommon: [81] Failed to connect to server for server timestamp: java.net.UnknownHostException: Unable to resolve host "play.googleapis.com": No address associated with hostname
05-01 17:51:50.575  2599  2599 W Looper  : Drained
05-01 17:51:50.614  2599  3708 V GrammaticalInflectionUtils: AttributionSource: android.content.AttributionSource@2fbbc54a does not have READ_SYSTEM_GRAMMATICAL_GENDER permission.
05-01 17:51:50.620  5567  5567 I Finsky:background: [2] Memory trim requested to level 40
05-01 17:51:50.625  2599  3708 V WindowManager: DesktopModeLaunchParamsModifier: phase= 0 task=null activity=ActivityRecord{107945961 u0 com.signbridge/.MainActivity display-area-from-current-params=null display-area-from-default-fallback=DefaultTaskDisplayArea@257994866 display-id=0 task-display-area-windowing-mode=1 suggested-display-area=DefaultTaskDisplayArea@257994866 task null, skipping
05-01 17:51:50.631  8138  8138 I Finsky  : [2] AIM: AppInfoCacheUpdater -> invalidating apps: [com.signbridge]
05-01 17:51:50.635  2599  3708 V WindowManager: TaskLaunchParamsModifier:phase=0 task=null activity=ActivityRecord{107945961 u0 com.signbridge/.MainActivity t-1} display-area-from-current-params=null display-area-from-default-fallback=DefaultTaskDisplayArea@257994866 display-id=0 task-display-area-windowing-mode=1 suggested-display-area=DefaultTaskDisplayArea@257994866
05-01 17:51:50.636  2599  3708 V WindowManager: DesktopModeLaunchParamsModifier: phase= 3 task=null activity=ActivityRecord{107945961 u0 com.signbridge/.MainActivity t-1} display-area-from-current-params=null display-area-from-default-fallback=DefaultTaskDisplayArea@257994866 display-id=0 task-display-area-windowing-mode=1 suggested-display-area=DefaultTaskDisplayArea@257994866 task null, skipping
05-01 17:51:50.636  2599  3708 V WindowManager: TaskLaunchParamsModifier:phase=3 task=null activity=ActivityRecord{107945961 u0 com.signbridge/.MainActivity t-1} display-area-from-current-params=null display-area-from-default-fallback=DefaultTaskDisplayArea@257994866 display-id=0 task-display-area-windowing-mode=1 suggested-display-area=DefaultTaskDisplayArea@257994866 non-freeform-task-display-area display-area=DefaultTaskDisplayArea@257994866 skip-bounds-fullscreen
05-01 17:51:50.643  8138  8138 I Finsky  : [2] AIM: AppInfoManager-Perf > getApps > called for 1 apps
05-01 17:51:50.655  2599  3708 V WindowManager: DesktopModeLaunchParamsModifier: phase= 3 task=Task{414570f #66 type=standard A=10236:com.signbridge} activity=ActivityRecord{107945961 u0 com.signbridge/.MainActivity t-1} display-from-task=0 display-id=0 task-display-area-windowing-mode=1 suggested-display-area=DefaultTaskDisplayArea@257994866 not entering desktop mode, skipping
05-01 17:51:50.655  2599  3708 V WindowManager: TaskLaunchParamsModifier:phase=3 task=Task{414570f #66 type=standard A=10236:com.signbridge} activity=ActivityRecord{107945961 u0 com.signbridge/.MainActivity t-1} display-from-task=0 display-id=0 task-display-area-windowing-mode=1 suggested-display-area=DefaultTaskDisplayArea@257994866 inherit-from-task=fullscreen non-freeform-task-display-area display-area=DefaultTaskDisplayArea@257994866 skip-bounds-fullscreen
05-01 17:51:50.812  5567  5567 I Finsky:background: [2] ajal - Received: android.intent.action.PACKAGE_REMOVED, [9Yb4j1hpf5abHLL9g6lJrUhReB6iQRM575drNgnXpmg]
05-01 17:51:50.813   561   645 I libbinder.BpBinder: onLastStrongRef automatically unlinking death recipients for descriptor: '(not cached)'
05-01 17:51:50.848  2599  3708 I ActivityTaskManager: START u0 {flg=0x10000000 xflg=0x5 cmp=com.signbridge/.MainActivity} with LAUNCH_MULTIPLE from uid 2000 (com.android.shell) (BAL_ALLOW_PERMISSION) result code=0
05-01 17:51:50.855  2599  3707 D ActivityManager: sync unfroze 3593 com.google.android.gms for 6
05-01 17:51:50.871  2599  2974 I Role    : com.google.android.gms not qualified for android.app.role.SYSTEM_DEPENDENCY_INSTALLER due to missing RequiredComponent{mIntentFilterData=IntentFilterData{mAction='android.content.pm.action.INSTALL_DEPENDENCY', mCategories='[]', mDataScheme='null', mDataType='null'}, mMinTargetSdkVersion=1, mFlags='0', mPermission='android.permission.BIND_DEPENDENCY_INSTALLER', mQueryFlags=0, mMetaData=[]}
05-01 17:51:50.873  2599  2974 E RoleControllerServiceImpl: Default/fallback role holder package doesn't qualify for the role, package: com.google.android.gms, role: android.app.role.SYSTEM_DEPENDENCY_INSTALLER, user: 0
05-01 17:51:50.921  3066  3066 D BaseActivity: Launcher flags updated: [state_started|state_resumed|state_deferred_resumed|state_window_focused] -[state_user_active]
05-01 17:51:50.922  3066  3066 D BaseActivity: Launcher flags updated: [state_started|state_window_focused] -[state_resumed|state_deferred_resumed]
05-01 17:51:50.922  3066  3066 W SplitSelectStateCtor: Missing session instanceIds
05-01 17:51:50.922  3066  3066 D StatsLog: LAUNCHER_SPLIT_SELECTION_EXIT_INTERRUPTED
05-01 17:51:50.930  2599  2989 I AppsFilter: interaction: PackageSetting{ef00f30 com.cleancontacts.app/10225} -> PackageSetting{1e13ea3 com.signbridge/10236} BLOCKED
05-01 17:51:50.930  2599  2989 I AppsFilter: interaction: PackageSetting{9d5312e com.ogabassey.contactscleaner.debug/10226} -> PackageSetting{1e13ea3 com.signbridge/10236} BLOCKED
05-01 17:51:50.930  2599  2989 I AppsFilter: interaction: PackageSetting{c5624cf com.ogabassey.store/10230} -> PackageSetting{1e13ea3 com.signbridge/10236} BLOCKED
05-01 17:51:50.930  2599  2989 I AppsFilter: interaction: PackageSetting{6feee5c com.ogabassey.baci/10224} -> PackageSetting{1e13ea3 com.signbridge/10236} BLOCKED
05-01 17:51:50.954  2599  2989 V WindowManager: Defer transition id=42 for TaskFragmentTransaction=android.os.Binder@30f85a0
05-01 17:51:50.954  2599  2989 V WindowManager: deferTransitionReady deferReadyDepth=1 stack=com.android.server.wm.TransitionController.deferTransitionReady:1061 com.android.server.wm.TaskFragmentOrganizerController$TaskFragmentOrganizerState.dispatchTransaction:517 com.android.server.wm.TaskFragmentOrganizerController.dispatchPendingEvents:1259 com.android.server.wm.TaskFragmentOrganizerController.dispatchPendingEvents:1228 com.android.server.wm.RootWindowContainer.performSurfacePlacement:777 
05-01 17:51:50.961  2896  2967 V WindowManagerShell: Transition requested (#42): android.os.BinderProxy@2679732 TransitionRequestInfo { type = OPEN, triggerTask = TaskInfo{userId=0 taskId=66 effectiveUid=10236 displayId=0 isRunning=true baseIntent=Intent { flg=0x10000000 cmp=com.signbridge/.MainActivity } baseActivity=ComponentInfo{com.signbridge/com.signbridge.MainActivity} topActivity=ComponentInfo{com.signbridge/com.signbridge.MainActivity} origActivity=null realActivity=ComponentInfo{com.signbridge/com.signbridge.MainActivity} numActivities=1 lastActiveTime=4693346 supportsMultiWindow=true resizeMode=1 isResizeable=true minWidth=-1 minHeight=-1 defaultMinSize=220 token=WCT{android.os.BinderProxy@8d8cc83} topActivityType=1 pictureInPictureParams=null shouldDockBigOverlays=false launchIntoPipHostTaskId=-1 lastParentTaskIdBeforePip=-1 displayCutoutSafeInsets=Rect(0, 0 - 0, 0) topActivityInfo=ActivityInfo{2f12e00 com.signbridge.MainActivity} launchCookies=[] positionInParent=Point(0, 0) parentTaskId=-1 isFocused=false isVisible=false isVisibleRequested=false isTopActivityNoDisplay=false isSleeping=false locusId=null displayAreaFeatureId=1 isTopActivityTransparent=false isActivityStackTransparent=false lastNonFullscreenBounds=null capturedLink=null capturedLinkTimestamp=0 requestedVisibleTypes=503 topActivityRequestOpenInBrowserEducationTimestamp=0 appCompatTaskInfo=AppCompatTaskInfo { topActivityInSizeCompat=false isLeafTask= true eligibleForLetterboxEducation= false isLetterboxEducationEnabled= true isLetterboxDoubleTapEnabled= false eligibleForUserAspectRatioButton= false topActivityBoundsLetterboxed= false isFromLetterboxDoubleTap= false topActivityLetterboxVerticalPosition= -1 topActivityLetterboxHorizontalPosition= -1 topActivityLetterboxWidth=-1 topActivityLetterboxHeight=-1 topActivityAppBounds=Rect(0, 0 - 1080, 2400) isUserFullscreenOverrideEnabled=false isSystemFullscreenOverrideEnabled=false hasMinAspectRatioOverride=false topActivityLetterboxBounds=null cameraCompatTaskInfo=CameraCompatTaskInfo { cameraCompatMode=undefinedundefined} topNonResizableActivityAspectRatio=-1.0} topActivityMainWindowFrame=null isAppBubble=false}, pipChange = null, remoteTransition = null, displayChange = null, requestedLocation = null, userChange = null, windowingLayerChange = null, flags = 0, debugId = 42 }
05-01 17:51:50.962  2896  2967 D ShellSplitScreen: logExit: no-op, mLoggerSessionId is null
05-01 17:51:50.962  2896  2967 V ShellDesktopMode: DesktopTasksController: handleRequest request=TransitionRequestInfo { type = OPEN, triggerTask = TaskInfo{userId=0 taskId=66 effectiveUid=10236 displayId=0 isRunning=true baseIntent=Intent { flg=0x10000000 cmp=com.signbridge/.MainActivity } baseActivity=ComponentInfo{com.signbridge/com.signbridge.MainActivity} topActivity=ComponentInfo{com.signbridge/com.signbridge.MainActivity} origActivity=null realActivity=ComponentInfo{com.signbridge/com.signbridge.MainActivity} numActivities=1 lastActiveTime=4693346 supportsMultiWindow=true resizeMode=1 isResizeable=true minWidth=-1 minHeight=-1 defaultMinSize=220 token=WCT{android.os.BinderProxy@8d8cc83} topActivityType=1 pictureInPictureParams=null shouldDockBigOverlays=false launchIntoPipHostTaskId=-1 lastParentTaskIdBeforePip=-1 displayCutoutSafeInsets=Rect(0, 0 - 0, 0) topActivityInfo=ActivityInfo{2f12e00 com.signbridge.MainActivity} launchCookies=[] positionInParent=Point(0, 0) parentTaskId=-1 isFocused=false isVisible=false isVisibleRequested=false isTopActivityNoDisplay=false isSleeping=false locusId=null displayAreaFeatureId=1 isTopActivityTransparent=false isActivityStackTransparent=false lastNonFullscreenBounds=null capturedLink=null capturedLinkTimestamp=0 requestedVisibleTypes=503 topActivityRequestOpenInBrowserEducationTimestamp=0 appCompatTaskInfo=AppCompatTaskInfo { topActivityInSizeCompat=false isLeafTask= true eligibleForLetterboxEducation= false isLetterboxEducationEnabled= true isLetterboxDoubleTapEnabled= false eligibleForUserAspectRatioButton= false topActivityBoundsLetterboxed= false isFromLetterboxDoubleTap= false topActivityLetterboxVerticalPosition= -1 topActivityLetterboxHorizontalPosition= -1 topActivityLetterboxWidth=-1 topActivityLetterboxHeight=-1 topActivityAppBounds=Rect(0, 0 - 1080, 2400) isUserFullscreenOverrideEnabled=false isSystemFullscreenOverrideEnabled=false hasMinAspectRatioOverride=false topActivityLetterboxBounds=null cameraCompatTaskInfo=CameraCompatTaskInfo { cameraCompatMode=undefinedundefined} topNonResizableActivityAspectRatio=-1.0} topActivityMainWindowFrame=null isAppBubble=false}, pipChange = null, remoteTransition = null, displayChange = null, requestedLocation = null, userChange = null, windowingLayerChange = null, flags = 0, debugId = 42 }
05-01 17:51:50.962  2896  2967 V ShellDesktopMode: DesktopTasksController: skipping handleRequest reason=triggerTask's display doesn't support desktop mode
05-01 17:51:50.974  3066  3066 D RecentsView: onTaskDisplayChanged: 66, new displayId = 0
05-01 17:51:50.976  2599  3706 V WindowManager: Continue transition id=42 for TaskFragmentTransaction=android.os.Binder@30f85a0
05-01 17:51:50.976  2599  3706 V WindowManager: continueTransitionReady deferReadyDepth=0 stack=com.android.server.wm.TransitionController.continueTransitionReady:1071 com.android.server.wm.TaskFragmentOrganizerController$TaskFragmentOrganizerState.onTransactionFinished:546 com.android.server.wm.TaskFragmentOrganizerController.onTransactionHandled:740 android.window.ITaskFragmentOrganizerController$Stub.onTransact:225 android.os.Binder.execTransactInternal:1473 
05-01 17:51:51.006  2896  2967 D WindowManagerShell: setLauncherKeepClearAreaHeight: visible=false, height=495
05-01 17:51:51.012  3593  3593 D ActivityThread: Package [com.signbridge] reported as REPLACED, but missing application info. Assuming REMOVED.
05-01 17:51:51.106  3593  3593 D ActivityThread: Package [com.signbridge] reported as REPLACED, but missing application info. Assuming REMOVED.
05-01 17:51:51.107  3593  5874 I cn_CronetUrlRequestContext: destroyNativeStreamLocked org.chromium.net.impl.CronetBidirectionalStream@8ecf3f4
05-01 17:51:51.146  2599  2848 D BackgroundInstallControlService: Package event received: 0
05-01 17:51:51.150  2599  3638 D CompatChangeReporter: Compat change id reported: 377864165; UID 10236; state: ENABLED
05-01 17:51:51.170  3066  3066 D BaseActivity: Launcher flags updated: [state_started] -[state_window_focused]
05-01 17:51:51.238  2599  3707 D ActivityManager: sync unfroze 5036 com.google.android.adservices.api for 6
05-01 17:51:51.251  5567  5935 I PlayCommon: [82] Connecting to server for timestamp: https://play.googleapis.com/play/log/timestamp
05-01 17:51:51.273  8138  8267 I Finsky  : [59] AIM: AppInfoManager-Perf > OnDeviceAppInfo > cacheHitCount=0, cacheMissCount=1. Missed  in cache (limit 10) : [com.signbridge]
05-01 17:51:51.307  2599  2621 V GrammaticalInflectionUtils: AttributionSource: android.content.AttributionSource@2fbbc54a does not have READ_SYSTEM_GRAMMATICAL_GENDER permission.
05-01 17:51:51.321  5036  5036 D ActivityThread: Package [com.signbridge] reported as REPLACED, but missing application info. Assuming REMOVED.
05-01 17:51:51.324  5036  5036 D ActivityThread: Package [com.signbridge] reported as REPLACED, but missing application info. Assuming REMOVED.
05-01 17:51:51.380  2528  2591 W libbinder.IPCThreadState: Sending oneway calls to frozen process.
05-01 17:51:51.385  4139  4255 W libbinder.Binder: Binder transaction to com.google.android.gms.common.internal.IGmsServiceBroker code 46 took 1084ms. Data bytes: 516 Reply bytes: 4 Flags: 18
05-01 17:51:51.388  2599  2684 W ActivityManager: Slow operation: 58ms so far, now at startProcess: asking zygote to start proc
05-01 17:51:51.395  2599  2848 D BackgroundInstallControlService: Package event received: 0
05-01 17:51:51.395  2599  2848 D BackgroundInstallControlService: Package event received: 0
05-01 17:51:51.395  2599  2848 D BackgroundInstallControlService: Package event received: 0
05-01 17:51:51.395  2599  2848 D BackgroundInstallControlService: Package event received: 0
05-01 17:51:51.395  2599  2848 D BackgroundInstallControlService: Package event received: 0
05-01 17:51:51.396  2896  2967 D ShellDesktopMode: DesktopRepository: Removes freeform task: taskId=65
05-01 17:51:51.396  2896  2967 W ShellDesktopMode: DesktopRepository: No display id found for task: taskId=65
05-01 17:51:51.412  2599  2974 E RoleControllerServiceImpl: Default/fallback role holder package doesn't qualify for the role, package: com.google.android.gms, role: android.app.role.WALLET, user: 0
05-01 17:51:51.479  5567  5934 I PlayCommon: [81] Preparing logs for uploading
05-01 17:51:51.506  3066  3066 D b/417220811: invalidateLoadedTasks - previous requestLoadId: -1
05-01 17:51:51.506  3066  3066 D b/417220811: invalidateLoadedTasks - previous requestLoadId: -1
05-01 17:51:51.530  3066  3066 D b/417220811: invalidateLoadedTasks - previous requestLoadId: -1
05-01 17:51:51.567  2526  2526 D Zygote  : Forked child process 12157
05-01 17:51:51.567  2599  2684 W ActivityManager: Slow operation: 238ms so far, now at startProcess: returned from zygote!
05-01 17:51:51.582  2599  2974 W SignedPackage: Cannot get ApplicationInfo for package: com.google.android.devicelockcontroller
05-01 17:51:51.596  2599  2684 W ActivityManager: Slow operation: 266ms so far, now at startProcess: done updating battery stats
05-01 17:51:51.596  2599  2684 W ActivityManager: Slow operation: 267ms so far, now at startProcess: building log message
05-01 17:51:51.596  2599  2684 I ActivityManager: Start proc 12157:com.signbridge/u0a236 for next-top-activity {com.signbridge/com.signbridge.MainActivity}
05-01 17:51:51.596  2599  2684 W ActivityManager: Slow operation: 267ms so far, now at startProcess: starting to update pids map
05-01 17:51:51.602  2599  2684 W ActivityManager: Slow operation: 273ms so far, now at startProcess: done updating pids map
05-01 17:51:51.632  2896  3022 W Looper  : Drained
05-01 17:51:51.636  8138  8406 W PlayCommon: [115] No account for auth token provided
05-01 17:51:51.651  8138  8406 I PlayCommon: [115] Connecting to server: https://play.googleapis.com/play/log?format=raw&proto_v2=true
05-01 17:51:51.681  2599 10705 V Configuration: Updating configuration, locales updated from [] to [en_US]
05-01 17:51:51.681  2599 10705 V Configuration: Updating configuration, locales updated from [] to [en_US]
05-01 17:51:51.681  2599 10705 V Configuration: Updating configuration, locales updated from [] to [en_US]
05-01 17:51:51.681  2599 10705 V Configuration: Updating configuration, locales updated from [] to [en_US]
05-01 17:51:51.682  2599 10705 V Configuration: Updating configuration, locales updated from [] to [en_US]
05-01 17:51:51.682  2599 10705 V Configuration: Updating configuration, locales updated from [] to [en_US]
05-01 17:51:51.683  2599 10705 V Configuration: Updating configuration, locales updated from [] to [en_US]
05-01 17:51:51.683  2599 10705 V Configuration: Updating configuration, locales updated from [] to [en_US]
05-01 17:51:51.683  2599 10705 V Configuration: Updating configuration, locales updated from [] to [en_US]
05-01 17:51:51.683  2599 10705 V Configuration: Updating configuration, locales updated from [] to [en_US]
05-01 17:51:51.683  2599 10705 V Configuration: Updating configuration, locales updated from [] to [en_US]
05-01 17:51:51.844  5567 12156 I Finsky:background: [166] Wrote row to frosting DB: 1625
05-01 17:51:51.887  2599  2599 W Looper  : Slow dispatch took 126ms main app=system_server main=true group=FOREGROUND h=android.app.ActivityThread$H c=android.app.LoadedApk$ServiceDispatcher$RunConnection@553b48c m=0
05-01 17:51:51.926  2896  3582 V WindowManagerShell: onTransitionReady(transaction=11162620005927)
05-01 17:51:51.942  2599  2618 V WindowManager: Sent Transition (#42) createdAt=05-01 17:51:50.625 via request=TransitionRequestInfo { type = OPEN, triggerTask = TaskInfo{userId=0 taskId=66 effectiveUid=10236 displayId=0 isRunning=true baseIntent=Intent { flg=0x10000000 cmp=com.signbridge/.MainActivity } baseActivity=ComponentInfo{com.signbridge/com.signbridge.MainActivity} topActivity=ComponentInfo{com.signbridge/com.signbridge.MainActivity} origActivity=null realActivity=ComponentInfo{com.signbridge/com.signbridge.MainActivity} numActivities=1 lastActiveTime=4693346 supportsMultiWindow=true resizeMode=1 isResizeable=true minWidth=-1 minHeight=-1 defaultMinSize=220 token=WCT{RemoteToken{1d54db7 Task{414570f #66 type=standard A=10236:com.signbridge}}} topActivityType=1 pictureInPictureParams=null shouldDockBigOverlays=false launchIntoPipHostTaskId=-1 lastParentTaskIdBeforePip=-1 displayCutoutSafeInsets=Rect(0, 0 - 0, 0) topActivityInfo=ActivityInfo{80a0924 com.signbridge.MainActivity} launchCookies=[] positionInParent=Point(0, 0) parentTaskId=-1 isFocused=false isVisible=false isVisibleRequested=false isTopActivityNoDisplay=false isSleeping=false locusId=null displayAreaFeatureId=1 isTopActivityTransparent=false isActivityStackTransparent=false lastNonFullscreenBounds=null capturedLink=null capturedLinkTimestamp=0 requestedVisibleTypes=503 topActivityRequestOpenInBrowserEducationTimestamp=0 appCompatTaskInfo=AppCompatTaskInfo { topActivityInSizeCompat=false isLeafTask= true eligibleForLetterboxEducation= false isLetterboxEducationEnabled= true isLetterboxDoubleTapEnabled= false eligibleForUserAspectRatioButton= false topActivityBoundsLetterboxed= false isFromLetterboxDoubleTap= false topActivityLetterboxVerticalPosition= -1 topActivityLetterboxHorizontalPosition= -1 topActivityLetterboxWidth=-1 topActivityLetterboxHeight=-1 topActivityAppBounds=Rect(0, 0 - 1080, 2400) isUserFullscreenOverrideEnabled=false isSystemFullscreenOverrideEnabled=false hasMinAspectRatioOverride=false topActivityLetterboxBounds=null cameraCompatTaskInfo=CameraCompatTaskInfo { cameraCompatMode=undefinedundefined} topNonResizableActivityAspectRatio=-1.0} topActivityMainWindowFrame=null isAppBubble=false}, pipChange = null, remoteTransition = null, displayChange = null, requestedLocation = null, userChange = null, windowingLayerChange = null, flags = 0, debugId = 42 }
05-01 17:51:51.942  2599  2618 V WindowManager:     startWCT=WindowContainerTransaction { changes= {} hops= [] errorCallbackToken=null taskFragmentOrganizer=null }
05-01 17:51:51.942  2599  2618 V WindowManager:     info={id=42 t=OPEN f=0x0 trk=0 r=[0@Point(0, 0)] c=[
05-01 17:51:51.942  2599  2618 V WindowManager:         {WCT{RemoteToken{1d54db7 Task{414570f #66 type=standard A=10236:com.signbridge}}} m=OPEN f=NONE leash=Surface(name=Task=66#574)/@0x5eeb7d5 sb=Rect(0, 0 - 1080, 2400) eb=Rect(0, 0 - 1080, 2400) epz=Point(1080, 2400) d=0 taskParent=-1 winMode=1 userId=0},
05-01 17:51:51.942  2599  2618 V WindowManager:         {WCT{RemoteToken{e625e3 Task{1ff2bd0 #1 type=home}}} m=TO_BACK f=SHOW_WALLPAPER leash=Surface(name=Task=1#131)/@0x8e7ebac sb=Rect(0, 0 - 1080, 2400) eb=Rect(0, 0 - 1080, 2400) epz=Point(1080, 2400) d=0 taskParent=-1 winMode=1 userId=0},
05-01 17:51:51.942  2599  2618 V WindowManager:         {m=TO_BACK f=IS_WALLPAPER leash=Surface(name=WallpaperWindowToken{d1eaf57}#147)/@0xc9a855f sb=Rect(0, 0 - 1080, 2400) eb=Rect(0, 0 - 1080, 2400) epz=Point(1080, 2400) d=0}
05-01 17:51:51.942  2599  2618 V WindowManager:     ]}
05-01 17:51:51.957  2896  2967 V WindowManagerShell: onTransitionReady (#42) android.os.BinderProxy@2679732: {id=42 t=OPEN f=0x0 trk=0 r=[0@Point(0, 0)] c=[
05-01 17:51:51.957  2896  2967 V WindowManagerShell:         {m=OPEN f=NONE leash=Surface(name=Task=66#574)/@0x353aae1 sb=Rect(0, 0 - 1080, 2400) eb=Rect(0, 0 - 1080, 2400) epz=Point(1080, 2400) d=0 taskParent=-1 winMode=1 userId=0},
05-01 17:51:51.957  2896  2967 V WindowManagerShell:         {m=TO_BACK f=SHOW_WALLPAPER leash=Surface(name=Task=1#131)/@0x3b68006 sb=Rect(0, 0 - 1080, 2400) eb=Rect(0, 0 - 1080, 2400) epz=Point(1080, 2400) d=0 taskParent=-1 winMode=1 userId=0},
05-01 17:51:51.957  2896  2967 V WindowManagerShell:         {m=TO_BACK f=IS_WALLPAPER leash=Surface(name=WallpaperWindowToken{d1eaf57}#147)/@0xa5a86c7 sb=Rect(0, 0 - 1080, 2400) eb=Rect(0, 0 - 1080, 2400) epz=Point(1080, 2400) d=0}
05-01 17:51:51.957  2896  2967 V WindowManagerShell:     ]}
05-01 17:51:51.978  2896  2967 V WindowManagerShell: Playing animation for (#42) android.os.BinderProxy@2679732@0
05-01 17:51:51.978  2896  2967 V ShellRecents: RecentsTransitionHandler.startAnimation: no controller found
05-01 17:51:51.979  2896  2967 V ShellDesktopMode: DesktopMixedTransitionHandler: No pending desktop transition
05-01 17:51:51.979  2896  2967 V WindowManagerShell: Transition doesn't have explicit remote, search filters for match for {id=42 t=OPEN f=0x0 trk=0 r=[0@Point(0, 0)] c=[{m=OPEN f=NONE leash=Surface(name=Task=66#574)/@0x353aae1 sb=Rect(0, 0 - 1080, 2400) eb=Rect(0, 0 - 1080, 2400) epz=Point(1080, 2400) d=0 taskParent=-1 winMode=1 userId=0},{m=TO_BACK f=SHOW_WALLPAPER leash=Surface(name=Task=1#131)/@0x3b68006 sb=Rect(0, 0 - 1080, 2400) eb=Rect(0, 0 - 1080, 2400) epz=Point(1080, 2400) d=0 taskParent=-1 winMode=1 userId=0},{m=TO_BACK f=IS_WALLPAPER leash=Surface(name=WallpaperWindowToken{d1eaf57}#147)/@0xa5a86c7 sb=Rect(0, 0 - 1080, 2400) eb=Rect(0, 0 - 1080, 2400) epz=Point(1080, 2400) d=0}]}
05-01 17:51:51.980  2896  2967 V WindowManagerShell:  Checking filter Pair{{types=[] flags=0x0] notFlags=0x0 checks=[{atype=undefined independent=true modes=[CLOSE,TO_BACK] flags=IN_TASK_WITH_EMBEDDED_ACTIVITY mustBeTask=false order=ANY topActivity=null launchCookie=null taskFragmentToken=android.os.BinderProxy@b2b4dc windowingMode=undefined isCrossDisplayMove=false}]} RemoteTransition { remoteTransition = android.window.IRemoteTransition$Stub$Proxy@d5a39e5, appThread = android.app.IApplicationThread$Stub$Proxy@92c9cba, debugName = overlayBackTransition }}
05-01 17:51:51.980  2896  2967 V WindowManagerShell:  Checking filter Pair{{types=[] flags=0x0] notFlags=0x0 checks=[{atype=dream independent=true modes=[OPEN,TO_FRONT] flags=NONE mustBeTask=false order=ANY topActivity=null launchCookie=null windowingMode=undefined isCrossDisplayMove=false},{atype=home independent=true modes=[CLOSE,TO_BACK] flags=NONE mustBeTask=false order=ANY topActivity=null launchCookie=null windowingMode=undefined isCrossDisplayMove=false}]} RemoteTransition { remoteTransition = android.window.IRemoteTransition$Stub$Proxy@19b976b, appThread = android.app.IApplicationThread$Stub$Proxy@f2442c8, debugName = LauncherToDream }}
05-01 17:51:51.980  2896  2967 V WindowManagerShell:  Checking filter Pair{{types=[] flags=0x0] notFlags=0x100 checks=[{atype=home independent=true modes=[OPEN,TO_FRONT] flags=NONE mustBeTask=false order=TOP topActivity=ComponentInfo{com.google.android.apps.nexuslauncher/com.google.android.apps.nexuslauncher.NexusLauncherActivity} launchCookie=null windowingMode=undefined isCrossDisplayMove=false},{atype=standard independent=true modes=[CLOSE,TO_BACK] flags=NONE mustBeTask=false order=ANY topActivity=null launchCookie=null windowingMode=undefined isCrossDisplayMove=false},{NOT atype=undefined independent=true modes=[] flags=NONE mustBeTask=true order=ANY topActivity=null launchCookie=null customAnim=true windowingMode=undefined isCrossDisplayMove=false}]} RemoteTransition { remoteTransition = android.window.IRemoteTransition$Stub$Proxy@c77ca86, appThread = android.app.IApplicationThread$Stub$Proxy@85a3f47, debugName = QuickstepLaunchHome }}
05-01 17:51:51.981  2896  2967 V WindowManagerShell:  Checking filter Pair{{types=[OPEN,TO_FRONT] flags=0x0] notFlags=0x0 checks=[{atype=standard independent=true modes=[OPEN,TO_FRONT] flags=NONE mustBeTask=true order=ANY topActivity=null launchCookie=null windowingMode=freeform isCrossDisplayMove=false}]} RemoteTransition { remoteTransition = android.window.IRemoteTransition$Stub$Proxy@55bf5ad, appThread = null, debugName = DesktopWindowLimitUnminimize }}
05-01 17:51:51.981  2896  2967 V WindowManagerShell:  Delegate animation for (#42) to null
05-01 17:51:51.981  2896  2967 V WindowManagerShell: start default transition animation, info = {id=42 t=OPEN f=0x0 trk=0 r=[0@Point(0, 0)] c=[{m=OPEN f=NONE leash=Surface(name=Task=66#574)/@0x353aae1 sb=Rect(0, 0 - 1080, 2400) eb=Rect(0, 0 - 1080, 2400) epz=Point(1080, 2400) d=0 taskParent=-1 winMode=1 userId=0},{m=TO_BACK f=SHOW_WALLPAPER leash=Surface(name=Task=1#131)/@0x3b68006 sb=Rect(0, 0 - 1080, 2400) eb=Rect(0, 0 - 1080, 2400) epz=Point(1080, 2400) d=0 taskParent=-1 winMode=1 userId=0},{m=TO_BACK f=IS_WALLPAPER leash=Surface(name=WallpaperWindowToken{d1eaf57}#147)/@0xa5a86c7 sb=Rect(0, 0 - 1080, 2400) eb=Rect(0, 0 - 1080, 2400) epz=Point(1080, 2400) d=0}]}
05-01 17:51:51.982  2896  2967 V WindowManagerShell: loadAnimation: anim=android.view.animation.AnimationSet@32a9692 animAttr=0x13 type=OPEN isEntrance=false
05-01 17:51:51.986  2896  2967 V WindowManagerShell: loadAnimation: anim=android.view.animation.AnimationSet@ffdd519 animAttr=0x12 type=OPEN isEntrance=true
05-01 17:51:52.056  2896  2967 V WindowManagerShell:  animated by com.android.wm.shell.transition.DefaultTransitionHandler@2381992
05-01 17:51:52.056  2896  2967 V ShellTaskOrganizer: Task appeared taskId=66 listener=FullscreenTaskListener
05-01 17:51:52.056  2896  2967 V ShellTaskOrganizer: Fullscreen Task Appeared: #66
05-01 17:51:52.061  3066  3066 D b/417220811: invalidateLoadedTasks - previous requestLoadId: -1
05-01 17:51:52.092  8138  8267 I Finsky  : [59] AIM: Got app ownership map. App counts: . Unique apps: 0
05-01 17:51:52.113  8138  8267 E Finsky  : [59] [Counters] attempted to use a non-positive increment for: 4752
05-01 17:51:52.230 12157 12157 I Zygote  : Process 12157 created for com.signbridge
05-01 17:51:52.230 12157 12157 I com.signbridge: Late-enabling -Xcheck:jni
05-01 17:51:52.327  3457  3466 W hbox:interactor: Reducing the number of considered missed Gc histogram windows from 134 to 100
05-01 17:51:52.530  2599  2599 W Looper  : Slow dispatch took 111ms main app=system_server main=true group=FOREGROUND h=com.android.server.notification.NotificationManagerService$WorkerHandler c=com.android.server.notification.NotificationManagerService$CancelNotificationRunnable@77b44a8 m=0
05-01 17:51:52.546  2896  2967 V WindowManagerShell: Transition animation finished (aborted=false), notifying core (#42) android.os.BinderProxy@2679732@0
05-01 17:51:52.587  8138  8270 E Finsky  : [61] [Counters] attempted to use a non-positive increment for: 4753
05-01 17:51:52.591  3593 12166 I AppBackupPkgRemovedIO: Backup state cleanup on uninstall is disabled. [CONTEXT service_id=229 ]
05-01 17:51:52.745 12157 12157 I com.signbridge: Using CollectorTypeCMC GC.
05-01 17:51:52.773  3593 12169 I PackageInstalledIntentO: Test flag v2 is disabled [CONTEXT service_id=469 ]
05-01 17:51:52.773   563   621 I adbd    : jdwp connection from 12157
05-01 17:51:52.808 12157 12157 D nativeloader: Load libframework-connectivity-tiramisu-jni.so using APEX ns com_android_tethering for caller /apex/com.android.tethering/javalib/framework-connectivity-t.jar: ok
05-01 17:51:52.820  2599  2618 V WindowManager: Finish Transition (#42): created at 05-01 17:51:50.625 collect-started=0.46ms request-sent=223.022ms started=379.355ms ready=1264.412ms sent=1274.151ms commit=156.194ms finished=2187.321ms
05-01 17:51:52.853  3081  3087 W id.ext.services: Reducing the number of considered missed Gc histogram windows from 131 to 100
05-01 17:51:52.861  3066  3066 D VRI[NexusLauncherActivity]: visibilityChanged oldVisibility=true newVisibility=false
05-01 17:51:52.872  2599  3703 W WindowManager: takeTaskSnapshot: taskId=50 not found or not visible
05-01 17:51:52.883  3066  3066 D NexusLauncherModelDelegate: notifySmartspaceEvent: SmartspaceTargetEvent{mSmartspaceTarget=null, mSmartspaceActionId='null', mEventType=7}
05-01 17:51:52.886  2896  2967 V WindowManagerShell: Track 0 became idle
05-01 17:51:52.886  2896  2967 V WindowManagerShell: All active transition animations finished
05-01 17:51:52.887  2896  3196 D WallpaperService: onVisibilityChanged(false): com.android.systemui.wallpapers.ImageWallpaper$CanvasEngine@a55e8a6
05-01 17:51:53.007  5567  5567 I Finsky:background: [2] ajal - Received: android.intent.action.PACKAGE_ADDED, [9Yb4j1hpf5abHLL9g6lJrUhReB6iQRM575drNgnXpmg]
05-01 17:51:53.010  2599  2609 W system_server: Suspending all threads took: 77.866ms
05-01 17:51:53.092  8138  8270 I Finsky  : [61] AIM: AppInfoManager-Perf > OnDeviceAppInfo > cacheHitCount=1, cacheMissCount=0. Missed  in cache (limit 10) : []
05-01 17:51:53.092  8138  8270 I Finsky  : [61] AIM: Got app ownership map. App counts: . Unique apps: 0
05-01 17:51:53.092  8138  8270 E Finsky  : [61] [Counters] attempted to use a non-positive increment for: 4752
05-01 17:51:53.093  8138  8270 E Finsky  : [61] [Counters] attempted to use a non-positive increment for: 4753
05-01 17:51:53.153  4199  4214 W .apps.wellbeing: Suspending all threads took: 111.239ms
05-01 17:51:53.288  8138 12170 I Finsky  : [239] [ContentSync] finished, scheduled=false
05-01 17:51:53.298  5567  5567 I Finsky:background: [2] ajal - Received: android.intent.action.PACKAGE_ADDED, [9Yb4j1hpf5abHLL9g6lJrUhReB6iQRM575drNgnXpmg]
05-01 17:51:53.302  5567  5567 I Finsky:background: [2] ajal - Deduping intent android.intent.action.PACKAGE_ADDED
05-01 17:51:53.340  5567 12156 I Finsky:background: [166] Wrote row to frosting DB: 1626
05-01 17:51:53.401  5567  5567 I Finsky:background: [2] ajal - Received: android.intent.action.PACKAGE_ADDED, [9Yb4j1hpf5abHLL9g6lJrUhReB6iQRM575drNgnXpmg]
05-01 17:51:53.408  2599  2867 W ActivityManager: Slow operation: 61ms so far, now at attachApplicationLocked: after updateOomAdjLocked
05-01 17:51:53.462  8138  8138 I Finsky  : [2] ajaw - Received: android.intent.action.PACKAGE_ADDED, [9Yb4j1hpf5abHLL9g6lJrUhReB6iQRM575drNgnXpmg]
05-01 17:51:53.477  8138  8270 I Finsky  : [61] AIM: AppInfoManager-Perf > ItemModel > CacheSize=35, cacheHitCount=0, cacheMissCount=0, total appsWithNoServerDataCount=2. Missed  in cache (limit 10) : []
05-01 17:51:53.478  8138  8270 I Finsky  : [61] AIM: AppInfoManager-Perf > ItemModel > CacheSize=35, cacheHitCount=0, cacheMissCount=0, total appsWithNoServerDataCount=2. Missed  in cache (limit 10) : []
05-01 17:51:53.486  5567  5567 I Finsky:background: [2] ajal - Deduping intent android.intent.action.PACKAGE_ADDED
05-01 17:51:53.545  5567 12156 I Finsky:background: [166] Wrote row to frosting DB: 1627
05-01 17:51:53.573  2599  2848 D BackgroundInstallControlService: Package event received: 0
05-01 17:51:53.580  8138  8138 I Finsky  : [2] AIM: AppInfoCacheUpdater -> invalidating apps: [com.signbridge]
05-01 17:51:53.586  5567  5567 D ActivityThread: Package [com.signbridge] reported as REPLACED, but missing application info. Assuming REMOVED.
05-01 17:51:53.620  8138  8138 I Finsky  : [2] AIM: AppInfoManager-Perf > getApps > called for 1 apps
05-01 17:51:53.633  8138  8138 I Finsky  : [2] DTU: Received onPackageAdded, replacing: true
05-01 17:51:53.637  8138  8271 I Finsky  : [62] AIM: AppInfoManager-Perf > OnDeviceAppInfo > cacheHitCount=0, cacheMissCount=1. Missed  in cache (limit 10) : [com.signbridge]
05-01 17:51:53.642  5567  5567 D ActivityThread: Package [com.signbridge] reported as REPLACED, but missing application info. Assuming REMOVED.
05-01 17:51:53.669 12157 12157 D ApplicationLoaders: Returning zygote-cached class loader: /system_ext/framework/androidx.window.extensions.jar
05-01 17:51:53.669 12157 12157 D ApplicationLoaders: Returning zygote-cached class loader: /system_ext/framework/androidx.window.sidecar.jar
05-01 17:51:53.751  8138  8271 I Finsky  : [62] AIM: Got app ownership map. App counts: . Unique apps: 0
05-01 17:51:53.752  8138  8271 E Finsky  : [62] [Counters] attempted to use a non-positive increment for: 4752
05-01 17:51:53.754  8138  8271 E Finsky  : [62] [Counters] attempted to use a non-positive increment for: 4753
05-01 17:51:53.759  5567  5709 I Finsky:background: [51] RECEIVER_PACKAGE_MONITOR_BACKGROUND#logWorkEndAndFinishGoAsync: SUCCESS
05-01 17:51:53.774  2599  2796 I HalDevMgr: bestIfaceCreationProposal is null, requestIface=STA, existingIface=[name=wlan0 type=STA]
05-01 17:51:53.862  8138  8269 I Finsky  : [60] AIM: AppInfoManager-Perf > ItemModel > CacheSize=35, cacheHitCount=0, cacheMissCount=0, total appsWithNoServerDataCount=2. Missed  in cache (limit 10) : []
05-01 17:51:53.884  5567  5725 I Finsky:background: [55] IQ:PSL: skipping onPackageRemoved(replacing=true) for untracked package=com.signbridge
05-01 17:51:53.891  8138 12170 I Finsky  : [239] [ContentSync] finished, scheduled=false
05-01 17:51:53.915  4139  4148 W Auth    : [TokenResponseCallback] TokenResponse failed with exception [CONTEXT service_id=343 ]
05-01 17:51:53.915  4139  4148 W Auth    : cycd: Failed to process request
05-01 17:51:53.915  4139  4148 W Auth    : 	at cyck.a(:com.google.android.gms@261332035@26.13.32 (260400-895912391):23)
05-01 17:51:53.915  4139  4148 W Auth    : 	at cygh.b(:com.google.android.gms@261332035@26.13.32 (260400-895912391):15)
05-01 17:51:53.915  4139  4148 W Auth    : 	at cyfg.a(:com.google.android.gms@261332035@26.13.32 (260400-895912391):82)
05-01 17:51:53.915  4139  4148 W Auth    : 	at lcm.a(:com.google.android.gms@261332035@26.13.32 (260400-895912391):19)
05-01 17:51:53.915  4139  4148 W Auth    : 	at cyfn.a(:com.google.android.gms@261332035@26.13.32 (260400-895912391):6)
05-01 17:51:53.915  4139  4148 W Auth    : 	at cakc.a(:com.google.android.gms@261332035@26.13.32 (260400-895912391):9)
05-01 17:51:53.915  4139  4148 W Auth    : 	at agrr.b(:com.google.android.gms@261332035@26.13.32 (260400-895912391):13)
05-01 17:51:53.915  4139  4148 W Auth    : 	at agrr.a(:com.google.android.gms@261332035@26.13.32 (260400-895912391):130)
05-01 17:51:53.915  4139  4148 W Auth    : 	at aoyt.b(:com.google.android.gms@261332035@26.13.32 (260400-895912391):28)
05-01 17:51:53.915  4139  4148 W Auth    : 	at ahnf.d(:com.google.android.gms@261332035@26.13.32 (260400-895912391):170)
05-01 17:51:53.915  4139  4148 W Auth    : 	at ahnf.b(:com.google.android.gms@261332035@26.13.32 (260400-895912391):48)
05-01 17:51:53.915  4139  4148 W Auth    : 	at ahnd.a(:com.google.android.gms@261332035@26.13.32 (260400-895912391):738)
05-01 17:51:53.915  4139  4148 W Auth    : 	at ahnc.b(:com.google.android.gms@261332035@26.13.32 (260400-895912391):153)
05-01 17:51:53.915  4139  4148 W Auth    : 	at aapu.d(:com.google.android.gms@261332035@26.13.32 (260400-895912391):107)
05-01 17:51:53.915  4139  4148 W Auth    : 	at ahgp.getAuthToken(:com.google.android.gms@261332035@26.13.32 (260400-895912391):411)
05-01 17:51:53.915  4139  4148 W Auth    : 	at android.accounts.AbstractAccountAuthenticator$Transport.getAuthToken(AbstractAccountAuthenticator.java:248)
05-01 17:51:53.915  4139  4148 W Auth    : 	at android.accounts.IAccountAuthenticator$Stub.onTransact(IAccountAuthenticator.java:254)
05-01 17:51:53.915  4139  4148 W Auth    : 	at android.os.Binder.transact(Binder.java:1325)
05-01 17:51:53.915  4139  4148 W Auth    : 	at cnuy.onTransact(:com.google.android.gms@261332035@26.13.32 (260400-895912391):10)
05-01 17:51:53.915  4139  4148 W Auth    : 	at android.os.Binder.transact(Binder.java:1325)
05-01 17:51:53.915  4139  4148 W Auth    : 	at canx.onTransact(:com.google.android.gms@261332035@26.13.32 (260400-895912391):161)
05-01 17:51:53.915  4139  4148 W Auth    : 	at android.os.Binder.execTransactInternal(Binder.java:1478)
05-01 17:51:53.915  4139  4148 W Auth    : 	at android.os.Binder.execTransact(Binder.java:1418)
05-01 17:51:53.915  4139  4148 W Auth    : Caused by: cyfj: Connectivity error
05-01 17:51:53.915  4139  4148 W Auth    : 	at cyfg.a(:com.google.android.gms@261332035@26.13.32 (260400-895912391):76)
05-01 17:51:53.915  4139  4148 W Auth    : 	... 20 more
05-01 17:51:53.915  4139  4148 W Auth    : Caused by: java.io.IOException
05-01 17:51:53.915  4139  4148 W Auth    : 	at cyfg.a(:com.google.android.gms@261332035@26.13.32 (260400-895912391):73)
05-01 17:51:53.915  4139  4148 W Auth    : 	... 20 more
05-01 17:51:54.019  3593 12186 I Auth    : (REDACTED) [SupervisedAccountIntentOperation] onHandleIntent: %s
05-01 17:51:54.026  3593 12186 I PackageInstalledIntentO: Test flag v2 is disabled [CONTEXT service_id=469 ]
05-01 17:51:54.028  4139  4148 E AuthPII : [RequestTokenManager] getToken() -> NETWORK_ERROR. App: com.android.vending, Service: oauth2:https://www.googleapis.com/auth/googleplay
05-01 17:51:54.028  4139  4148 E AuthPII : bifm: Error when calling server using GmsNetworkStack.
05-01 17:51:54.028  4139  4148 E AuthPII : 	at ahnf.b(:com.google.android.gms@261332035@26.13.32 (260400-895912391):1606)
05-01 17:51:54.028  4139  4148 E AuthPII : 	at ahnd.a(:com.google.android.gms@261332035@26.13.32 (260400-895912391):738)
05-01 17:51:54.028  4139  4148 E AuthPII : 	at ahnc.b(:com.google.android.gms@261332035@26.13.32 (260400-895912391):153)
05-01 17:51:54.028  4139  4148 E AuthPII : 	at aapu.d(:com.google.android.gms@261332035@26.13.32 (260400-895912391):107)
05-01 17:51:54.028  4139  4148 E AuthPII : 	at ahgp.getAuthToken(:com.google.android.gms@261332035@26.13.32 (260400-895912391):411)
05-01 17:51:54.028  4139  4148 E AuthPII : 	at android.accounts.AbstractAccountAuthenticator$Transport.getAuthToken(AbstractAccountAuthenticator.java:248)
05-01 17:51:54.028  4139  4148 E AuthPII : 	at android.accounts.IAccountAuthenticator$Stub.onTransact(IAccountAuthenticator.java:254)
05-01 17:51:54.028  4139  4148 E AuthPII : 	at android.os.Binder.transact(Binder.java:1325)
05-01 17:51:54.028  4139  4148 E AuthPII : 	at cnuy.onTransact(:com.google.android.gms@261332035@26.13.32 (260400-895912391):10)
05-01 17:51:54.028  4139  4148 E AuthPII : 	at android.os.Binder.transact(Binder.java:1325)
05-01 17:51:54.028  4139  4148 E AuthPII : 	at canx.onTransact(:com.google.android.gms@261332035@26.13.32 (260400-895912391):161)
05-01 17:51:54.028  4139  4148 E AuthPII : 	at android.os.Binder.execTransactInternal(Binder.java:1478)
05-01 17:51:54.028  4139  4148 E AuthPII : 	at android.os.Binder.execTransact(Binder.java:1418)
05-01 17:51:54.028  4139  4148 E AuthPII : Caused by: bifm: Error requesting token.
05-01 17:51:54.028  4139  4148 E AuthPII : 	at ahnf.d(:com.google.android.gms@261332035@26.13.32 (260400-895912391):212)
05-01 17:51:54.028  4139  4148 E AuthPII : 	at ahnf.b(:com.google.android.gms@261332035@26.13.32 (260400-895912391):48)
05-01 17:51:54.028  4139  4148 E AuthPII : 	... 12 more
05-01 17:51:54.028  4139  4148 E AuthPII : Caused by: java.util.concurrent.ExecutionException: cycd: Failed to process request
05-01 17:51:54.028  4139  4148 E AuthPII : 	at hipf.j(:com.google.android.gms@261332035@26.13.32 (260400-895912391):21)
05-01 17:51:54.028  4139  4148 E AuthPII : 	at hipo.v(:com.google.android.gms@261332035@26.13.32 (260400-895912391):107)
05-01 17:51:54.028  4139  4148 E AuthPII : 	at ahnf.d(:com.google.android.gms@261332035@26.13.32 (260400-895912391):197)
05-01 17:51:54.028  4139  4148 E AuthPII : 	... 13 more
05-01 17:51:54.028  4139  4148 E AuthPII : Caused by: cycd: Failed to process request
05-01 17:51:54.028  4139  4148 E AuthPII : 	at cyck.a(:com.google.android.gms@261332035@26.13.32 (260400-895912391):23)
05-01 17:51:54.028  4139  4148 E AuthPII : 	at cygh.b(:com.google.android.gms@261332035@26.13.32 (260400-895912391):15)
05-01 17:51:54.028  4139  4148 E AuthPII : 	at cyfg.a(:com.google.android.gms@261332035@26.13.32 (260400-895912391):82)
05-01 17:51:54.028  4139  4148 E AuthPII : 	at lcm.a(:com.google.android.gms@261332035@26.13.32 (260400-895912391):19)
05-01 17:51:54.028  4139  4148 E AuthPII : 	at cyfn.a(:com.google.android.gms@261332035@26.13.32 (260400-895912391):6)
05-01 17:51:54.028  4139  4148 E AuthPII : 	at cakc.a(:com.google.android.gms@261332035@26.13.32 (260400-895912391):9)
05-01 17:51:54.028  4139  4148 E AuthPII : 	at agrr.b(:com.google.android.gms@261332035@26.13.32 (260400-895912391):13)
05-01 17:51:54.028  4139  4148 E AuthPII : 	at agrr.a(:com.google.android.gms@261332035@26.13.32 (260400-895912391):130)
05-01 17:51:54.028  4139  4148 E AuthPII : 	at aoyt.b(:com.google.android.gms@261332035@26.13.32 (260400-895912391):28)
05-01 17:51:54.028  4139  4148 E AuthPII : 	at ahnf.d(:com.google.android.gms@261332035@26.13.32 (260400-895912391):170)
05-01 17:51:54.028  4139  4148 E AuthPII : 	... 13 more
05-01 17:51:54.028  4139  4148 E AuthPII : Caused by: cyfj: Connectivity error
05-01 17:51:54.028  4139  4148 E AuthPII : 	at cyfg.a(:com.google.android.gms@261332035@26.13.32 (260400-895912391):76)
05-01 17:51:54.028  4139  4148 E AuthPII : 	... 20 more
05-01 17:51:54.028  4139  4148 E AuthPII : Caused by: java.io.IOException
05-01 17:51:54.028  4139  4148 E AuthPII : 	at cyfg.a(:com.google.android.gms@261332035@26.13.32 (260400-895912391):73)
05-01 17:51:54.028  4139  4148 E AuthPII : 	... 20 more
05-01 17:51:54.028  4139  4148 E AuthPII : Message is Error when calling server using GmsNetworkStack.
05-01 17:51:54.028  4139  4148 E AuthPII : bifm: Error when calling server using GmsNetworkStack.
05-01 17:51:54.028  4139  4148 E AuthPII : 	at ahnf.b(:com.google.android.gms@261332035@26.13.32 (260400-895912391):1606)
05-01 17:51:54.028  4139  4148 E AuthPII : 	at ahnd.a(:com.google.android.gms@261332035@26.13.32 (260400-895912391):738)
05-01 17:51:54.028  4139  4148 E AuthPII : 	at ahnc.b(:com.google.android.gms@261332035@26.13.32 (260400-895912391):153)
05-01 17:51:54.028  4139  4148 E AuthPII : 	at aapu.d(:com.google.android.gms@261332035@26.13.32 (260400-895912391):107)
05-01 17:51:54.028  4139  4148 E AuthPII : 	at ahgp.getAuthToken(:com.google.android.gms@261332035@26.13.32 (260400-895912391):411)
05-01 17:51:54.028  4139  4148 E AuthPII : 	at android.accounts.AbstractAccountAuthenticator$Transport.getAuthToken(AbstractAccountAuthenticator.java:248)
05-01 17:51:54.028  4139  4148 E AuthPII : 	at android.accounts.IAccountAuthenticator$Stub.onTransact(IAccountAuthenticator.java:254)
05-01 17:51:54.028  4139  4148 E AuthPII : 	at android.os.Binder.transact(Binder.java:1325)
05-01 17:51:54.028  4139  4148 E AuthPII : 	at cnuy.onTransact(:com.google.android.gms@261332035@26.13.32 (260400-895912391):10)
05-01 17:51:54.028  4139  4148 E AuthPII : 	at android.os.Binder.transact(Binder.java:1325)
05-01 17:51:54.028  4139  4148 E AuthPII : 	at canx.onTransact(:com.google.android.gms@261332035@26.13.32 (260400-895912391):161)
05-01 17:51:54.028  4139  4148 E AuthPII : 	at android.os.Binder.execTransactInternal(Binder.java:1478)
05-01 17:51:54.028  4139  4148 E AuthPII : 	at android.os.Binder.execTransact(Binder.java:1418)
05-01 17:51:54.028  4139  4148 E AuthPII : Caused by: bifm: Error requesting token.
05-01 17:51:54.028  4139  4148 E AuthPII : 	at ahnf.d(:com.google.android.gms@261332035@26.13.32 (260400-895912391):212)
05-01 17:51:54.028  4139  4148 E AuthPII : 	at ahnf.b(:com.google.android.gms@261332035@26.13.32 (260400-895912391):48)
05-01 17:51:54.028  4139  4148 E AuthPII : 	... 12 more
05-01 17:51:54.028  4139  4148 E AuthPII : Caused by: java.util.concurrent.ExecutionException: cycd: Failed to process request
05-01 17:51:54.028  4139  4148 E AuthPII : 	at hipf.j(:com.google.android.gms@261332035@26.13.32 (260400-895912391):21)
05-01 17:51:54.028  4139  4148 E AuthPII : 	at hipo.v(:com.google.android.gms@261332035@26.13.32 (260400-895912391):107)
05-01 17:51:54.028  4139  4148 E AuthPII : 	at ahnf.d(:com.google.android.gms@261332035@26.13.32 (260400-895912391):197)
