05-01 18:24:59.679  2599  2796 I HalDevMgr: bestIfaceCreationProposal is null, requestIface=STA, existingIface=[name=wlan0 type=STA]
05-01 18:24:59.708   521 14965 E EmulatedRequestProcessor: ApplyOverrideZoom: awbRegions needs to be specified for overriding zoom
05-01 18:24:59.742   521 14965 E EmulatedRequestProcessor: ApplyOverrideZoom: awbRegions needs to be specified for overriding zoom
05-01 18:24:59.776   521 14965 E EmulatedRequestProcessor: ApplyOverrideZoom: awbRegions needs to be specified for overriding zoom
05-01 18:24:59.810   521 14965 E EmulatedRequestProcessor: ApplyOverrideZoom: awbRegions needs to be specified for overriding zoom
05-01 18:24:59.845   521 14965 E EmulatedRequestProcessor: ApplyOverrideZoom: awbRegions needs to be specified for overriding zoom
05-01 18:24:59.880   521 14965 E EmulatedRequestProcessor: ApplyOverrideZoom: awbRegions needs to be specified for overriding zoom
05-01 18:24:59.914   521 14965 E EmulatedRequestProcessor: ApplyOverrideZoom: awbRegions needs to be specified for overriding zoom
05-01 18:24:59.949   521 14965 E EmulatedRequestProcessor: ApplyOverrideZoom: awbRegions needs to be specified for overriding zoom
05-01 18:24:59.982   521 14965 E EmulatedRequestProcessor: ApplyOverrideZoom: awbRegions needs to be specified for overriding zoom
05-01 18:25:00.016   521 14965 E EmulatedRequestProcessor: ApplyOverrideZoom: awbRegions needs to be specified for overriding zoom
05-01 18:25:00.050   521 14965 E EmulatedRequestProcessor: ApplyOverrideZoom: awbRegions needs to be specified for overriding zoom
05-01 18:25:00.085   521 14965 E EmulatedRequestProcessor: ApplyOverrideZoom: awbRegions needs to be specified for overriding zoom
05-01 18:25:00.120   521 14965 E EmulatedRequestProcessor: ApplyOverrideZoom: awbRegions needs to be specified for overriding zoom
05-01 18:25:00.154   521 14965 E EmulatedRequestProcessor: ApplyOverrideZoom: awbRegions needs to be specified for overriding zoom
05-01 18:25:00.188   521 14965 E EmulatedRequestProcessor: ApplyOverrideZoom: awbRegions needs to be specified for overriding zoom
05-01 18:25:00.221   521 14965 E EmulatedRequestProcessor: ApplyOverrideZoom: awbRegions needs to be specified for overriding zoom
05-01 18:25:00.255   521 14965 E EmulatedRequestProcessor: ApplyOverrideZoom: awbRegions needs to be specified for overriding zoom
05-01 18:25:00.289   521 14965 E EmulatedRequestProcessor: ApplyOverrideZoom: awbRegions needs to be specified for overriding zoom
05-01 18:25:00.323   521 14965 E EmulatedRequestProcessor: ApplyOverrideZoom: awbRegions needs to be specified for overriding zoom
05-01 18:25:00.358   521 14965 E EmulatedRequestProcessor: ApplyOverrideZoom: awbRegions needs to be specified for overriding zoom
05-01 18:25:00.392   521 14965 E EmulatedRequestProcessor: ApplyOverrideZoom: awbRegions needs to be specified for overriding zoom
05-01 18:25:00.427   521 14965 E EmulatedRequestProcessor: ApplyOverrideZoom: awbRegions needs to be specified for overriding zoom
05-01 18:25:00.461   521 14965 E EmulatedRequestProcessor: ApplyOverrideZoom: awbRegions needs to be specified for overriding zoom
05-01 18:25:00.497   521 14965 E EmulatedRequestProcessor: ApplyOverrideZoom: awbRegions needs to be specified for overriding zoom
05-01 18:25:00.533   521 14965 E EmulatedRequestProcessor: ApplyOverrideZoom: awbRegions needs to be specified for overriding zoom
05-01 18:25:00.568   521 14965 E EmulatedRequestProcessor: ApplyOverrideZoom: awbRegions needs to be specified for overriding zoom
05-01 18:25:00.601   521 14965 E EmulatedRequestProcessor: ApplyOverrideZoom: awbRegions needs to be specified for overriding zoom
05-01 18:25:00.636   521 14965 E EmulatedRequestProcessor: ApplyOverrideZoom: awbRegions needs to be specified for overriding zoom
05-01 18:25:00.672   521 14965 E EmulatedRequestProcessor: ApplyOverrideZoom: awbRegions needs to be specified for overriding zoom
05-01 18:25:00.707   521 14965 E EmulatedRequestProcessor: ApplyOverrideZoom: awbRegions needs to be specified for overriding zoom
05-01 18:25:00.741   521 14965 E EmulatedRequestProcessor: ApplyOverrideZoom: awbRegions needs to be specified for overriding zoom
05-01 18:25:00.775   521 14965 E EmulatedRequestProcessor: ApplyOverrideZoom: awbRegions needs to be specified for overriding zoom
05-01 18:25:00.810   521 14965 E EmulatedRequestProcessor: ApplyOverrideZoom: awbRegions needs to be specified for overriding zoom
05-01 18:25:00.845   521 14965 E EmulatedRequestProcessor: ApplyOverrideZoom: awbRegions needs to be specified for overriding zoom
05-01 18:25:00.879   521 14965 E EmulatedRequestProcessor: ApplyOverrideZoom: awbRegions needs to be specified for overriding zoom
05-01 18:25:00.914   521 14965 E EmulatedRequestProcessor: ApplyOverrideZoom: awbRegions needs to be specified for overriding zoom
05-01 18:25:00.950   521 14965 E EmulatedRequestProcessor: ApplyOverrideZoom: awbRegions needs to be specified for overriding zoom
05-01 18:25:00.984   521 14965 E EmulatedRequestProcessor: ApplyOverrideZoom: awbRegions needs to be specified for overriding zoom
05-01 18:25:01.021   521 14965 E EmulatedRequestProcessor: ApplyOverrideZoom: awbRegions needs to be specified for overriding zoom
05-01 18:25:01.054   521 14965 E EmulatedRequestProcessor: ApplyOverrideZoom: awbRegions needs to be specified for overriding zoom
05-01 18:25:01.088   521 14965 E EmulatedRequestProcessor: ApplyOverrideZoom: awbRegions needs to be specified for overriding zoom
05-01 18:25:01.123   521 14965 E EmulatedRequestProcessor: ApplyOverrideZoom: awbRegions needs to be specified for overriding zoom
05-01 18:25:01.157   521 14965 E EmulatedRequestProcessor: ApplyOverrideZoom: awbRegions needs to be specified for overriding zoom
05-01 18:25:01.190   521 14965 E EmulatedRequestProcessor: ApplyOverrideZoom: awbRegions needs to be specified for overriding zoom
05-01 18:25:01.225   521 14965 E EmulatedRequestProcessor: ApplyOverrideZoom: awbRegions needs to be specified for overriding zoom
05-01 18:25:01.259   521 14965 E EmulatedRequestProcessor: ApplyOverrideZoom: awbRegions needs to be specified for overriding zoom
05-01 18:25:01.294   521 14965 E EmulatedRequestProcessor: ApplyOverrideZoom: awbRegions needs to be specified for overriding zoom
05-01 18:25:01.330   521 14965 E EmulatedRequestProcessor: ApplyOverrideZoom: awbRegions needs to be specified for overriding zoom
05-01 18:25:01.365   521 14965 E EmulatedRequestProcessor: ApplyOverrideZoom: awbRegions needs to be specified for overriding zoom
05-01 18:25:01.388  3054  3142 D SatelliteController: iisInCarrierRoamingNbIotNtn: satellite is disabled
05-01 18:25:01.389  3054  3142 D SatelliteController: getCarrierRoamingNtnConnectType: Falling back to global carrier config connect type: 0
05-01 18:25:01.389  2599  3705 W libbinder.IPCThreadState: Sending oneway calls to frozen process.
05-01 18:25:01.400   521 14965 E EmulatedRequestProcessor: ApplyOverrideZoom: awbRegions needs to be specified for overriding zoom
05-01 18:25:01.433   521 14965 E EmulatedRequestProcessor: ApplyOverrideZoom: awbRegions needs to be specified for overriding zoom
05-01 18:25:01.468   521 14965 E EmulatedRequestProcessor: ApplyOverrideZoom: awbRegions needs to be specified for overriding zoom
05-01 18:25:01.505   521 14965 E EmulatedRequestProcessor: ApplyOverrideZoom: awbRegions needs to be specified for overriding zoom
05-01 18:25:01.540   521 14965 E EmulatedRequestProcessor: ApplyOverrideZoom: awbRegions needs to be specified for overriding zoom
05-01 18:25:01.573   521 14965 E EmulatedRequestProcessor: ApplyOverrideZoom: awbRegions needs to be specified for overriding zoom
05-01 18:25:01.608   521 14965 E EmulatedRequestProcessor: ApplyOverrideZoom: awbRegions needs to be specified for overriding zoom
05-01 18:25:01.642   521 14965 E EmulatedRequestProcessor: ApplyOverrideZoom: awbRegions needs to be specified for overriding zoom
05-01 18:25:01.676   521 14965 E EmulatedRequestProcessor: ApplyOverrideZoom: awbRegions needs to be specified for overriding zoom
05-01 18:25:01.711   521 14965 E EmulatedRequestProcessor: ApplyOverrideZoom: awbRegions needs to be specified for overriding zoom
05-01 18:25:01.747   521 14965 E EmulatedRequestProcessor: ApplyOverrideZoom: awbRegions needs to be specified for overriding zoom
05-01 18:25:01.782   521 14965 E EmulatedRequestProcessor: ApplyOverrideZoom: awbRegions needs to be specified for overriding zoom
05-01 18:25:01.816   521 14965 E EmulatedRequestProcessor: ApplyOverrideZoom: awbRegions needs to be specified for overriding zoom
05-01 18:25:01.852   521 14965 E EmulatedRequestProcessor: ApplyOverrideZoom: awbRegions needs to be specified for overriding zoom
05-01 18:25:01.887   521 14965 E EmulatedRequestProcessor: ApplyOverrideZoom: awbRegions needs to be specified for overriding zoom
05-01 18:25:01.921   521 14965 E EmulatedRequestProcessor: ApplyOverrideZoom: awbRegions needs to be specified for overriding zoom
05-01 18:25:01.955   521 14965 E EmulatedRequestProcessor: ApplyOverrideZoom: awbRegions needs to be specified for overriding zoom
05-01 18:25:01.989   521 14965 E EmulatedRequestProcessor: ApplyOverrideZoom: awbRegions needs to be specified for overriding zoom
05-01 18:25:02.024   521 14965 E EmulatedRequestProcessor: ApplyOverrideZoom: awbRegions needs to be specified for overriding zoom
05-01 18:25:02.058   521 14965 E EmulatedRequestProcessor: ApplyOverrideZoom: awbRegions needs to be specified for overriding zoom
05-01 18:25:02.093   521 14965 E EmulatedRequestProcessor: ApplyOverrideZoom: awbRegions needs to be specified for overriding zoom
05-01 18:25:02.128   521 14965 E EmulatedRequestProcessor: ApplyOverrideZoom: awbRegions needs to be specified for overriding zoom
05-01 18:25:02.166   521 14965 E EmulatedRequestProcessor: ApplyOverrideZoom: awbRegions needs to be specified for overriding zoom
05-01 18:25:02.200   521 14965 E EmulatedRequestProcessor: ApplyOverrideZoom: awbRegions needs to be specified for overriding zoom
05-01 18:25:02.237   521 14965 E EmulatedRequestProcessor: ApplyOverrideZoom: awbRegions needs to be specified for overriding zoom
05-01 18:25:02.272   521 14965 E EmulatedRequestProcessor: ApplyOverrideZoom: awbRegions needs to be specified for overriding zoom
05-01 18:25:02.307   521 14965 E EmulatedRequestProcessor: ApplyOverrideZoom: awbRegions needs to be specified for overriding zoom
05-01 18:25:02.346   521 14965 E EmulatedRequestProcessor: ApplyOverrideZoom: awbRegions needs to be specified for overriding zoom
05-01 18:25:02.385   521 14965 E EmulatedRequestProcessor: ApplyOverrideZoom: awbRegions needs to be specified for overriding zoom
05-01 18:25:02.419   521 14965 E EmulatedRequestProcessor: ApplyOverrideZoom: awbRegions needs to be specified for overriding zoom
05-01 18:25:02.453   521 14965 E EmulatedRequestProcessor: ApplyOverrideZoom: awbRegions needs to be specified for overriding zoom
05-01 18:25:02.487   521 14965 E EmulatedRequestProcessor: ApplyOverrideZoom: awbRegions needs to be specified for overriding zoom
05-01 18:25:02.520   521 14965 E EmulatedRequestProcessor: ApplyOverrideZoom: awbRegions needs to be specified for overriding zoom
05-01 18:25:02.556   521 14965 E EmulatedRequestProcessor: ApplyOverrideZoom: awbRegions needs to be specified for overriding zoom
05-01 18:25:02.589   521 14965 E EmulatedRequestProcessor: ApplyOverrideZoom: awbRegions needs to be specified for overriding zoom
05-01 18:25:02.623   521 14965 E EmulatedRequestProcessor: ApplyOverrideZoom: awbRegions needs to be specified for overriding zoom
05-01 18:25:02.658   521 14965 E EmulatedRequestProcessor: ApplyOverrideZoom: awbRegions needs to be specified for overriding zoom
05-01 18:25:02.688  2599  2796 I HalDevMgr: bestIfaceCreationProposal is null, requestIface=STA, existingIface=[name=wlan0 type=STA]
05-01 18:25:02.691   521 14965 E EmulatedRequestProcessor: ApplyOverrideZoom: awbRegions needs to be specified for overriding zoom
05-01 18:25:02.725   521 14965 E EmulatedRequestProcessor: ApplyOverrideZoom: awbRegions needs to be specified for overriding zoom
05-01 18:25:02.759   521 14965 E EmulatedRequestProcessor: ApplyOverrideZoom: awbRegions needs to be specified for overriding zoom
05-01 18:25:02.793   521 14965 E EmulatedRequestProcessor: ApplyOverrideZoom: awbRegions needs to be specified for overriding zoom
05-01 18:25:02.829   521 14965 E EmulatedRequestProcessor: ApplyOverrideZoom: awbRegions needs to be specified for overriding zoom
05-01 18:25:02.866   521 14965 E EmulatedRequestProcessor: ApplyOverrideZoom: awbRegions needs to be specified for overriding zoom
05-01 18:25:02.901   521 14965 E EmulatedRequestProcessor: ApplyOverrideZoom: awbRegions needs to be specified for overriding zoom
05-01 18:25:02.934   521 14965 E EmulatedRequestProcessor: ApplyOverrideZoom: awbRegions needs to be specified for overriding zoom
05-01 18:25:02.970   521 14965 E EmulatedRequestProcessor: ApplyOverrideZoom: awbRegions needs to be specified for overriding zoom
05-01 18:25:03.005   521 14965 E EmulatedRequestProcessor: ApplyOverrideZoom: awbRegions needs to be specified for overriding zoom
05-01 18:25:03.040   521 14965 E EmulatedRequestProcessor: ApplyOverrideZoom: awbRegions needs to be specified for overriding zoom
05-01 18:25:03.074   521 14965 E EmulatedRequestProcessor: ApplyOverrideZoom: awbRegions needs to be specified for overriding zoom
05-01 18:25:03.098  2970 15020 D NetworkMonitor/101: PROBE_HTTPS https://www.google.com/generate_204 Probe failed with exception java.net.UnknownHostException: Unable to resolve host "www.google.com": No address associated with hostname
05-01 18:25:03.101  2970 15019 D NetworkMonitor/101: PROBE_FALLBACK http://www.google.com/gen_204 Probe failed with exception java.net.UnknownHostException: Unable to resolve host "www.google.com": No address associated with hostname
05-01 18:25:03.102  2970 15021 D NetworkMonitor/101: PROBE_HTTP http://connectivitycheck.gstatic.com/generate_204 Probe failed with exception java.net.UnknownHostException: Unable to resolve host "connectivitycheck.gstatic.com": No address associated with hostname
05-01 18:25:03.102  2970 15019 D NetworkMonitor/101: isCaptivePortal: isSuccessful()=false isPortal()=false RedirectUrl=null isPartialConnectivity()=false Time=20036ms
05-01 18:25:03.103  2599  2802 D ConnectivityService: [101 CELLULAR] validation failed
05-01 18:25:03.108   521 14965 E EmulatedRequestProcessor: ApplyOverrideZoom: awbRegions needs to be specified for overriding zoom
05-01 18:25:03.144   521 14965 E EmulatedRequestProcessor: ApplyOverrideZoom: awbRegions needs to be specified for overriding zoom
05-01 18:25:03.177   521 14965 E EmulatedRequestProcessor: ApplyOverrideZoom: awbRegions needs to be specified for overriding zoom
05-01 18:25:03.211   521 14965 E EmulatedRequestProcessor: ApplyOverrideZoom: awbRegions needs to be specified for overriding zoom
05-01 18:25:03.244   521 14965 E EmulatedRequestProcessor: ApplyOverrideZoom: awbRegions needs to be specified for overriding zoom
05-01 18:25:03.278   521 14965 E EmulatedRequestProcessor: ApplyOverrideZoom: awbRegions needs to be specified for overriding zoom
05-01 18:25:03.311   521 14965 E EmulatedRequestProcessor: ApplyOverrideZoom: awbRegions needs to be specified for overriding zoom
05-01 18:25:03.345   521 14965 E EmulatedRequestProcessor: ApplyOverrideZoom: awbRegions needs to be specified for overriding zoom
05-01 18:25:03.382   521 14965 E EmulatedRequestProcessor: ApplyOverrideZoom: awbRegions needs to be specified for overriding zoom
05-01 18:25:03.432   521 14965 E EmulatedRequestProcessor: ApplyOverrideZoom: awbRegions needs to be specified for overriding zoom
05-01 18:25:03.465   521 14965 E EmulatedRequestProcessor: ApplyOverrideZoom: awbRegions needs to be specified for overriding zoom
05-01 18:25:03.500   521 14965 E EmulatedRequestProcessor: ApplyOverrideZoom: awbRegions needs to be specified for overriding zoom
05-01 18:25:03.534   521 14965 E EmulatedRequestProcessor: ApplyOverrideZoom: awbRegions needs to be specified for overriding zoom
05-01 18:25:03.568   521 14965 E EmulatedRequestProcessor: ApplyOverrideZoom: awbRegions needs to be specified for overriding zoom
05-01 18:25:03.602   521 14965 E EmulatedRequestProcessor: ApplyOverrideZoom: awbRegions needs to be specified for overriding zoom
05-01 18:25:03.636   521 14965 E EmulatedRequestProcessor: ApplyOverrideZoom: awbRegions needs to be specified for overriding zoom
05-01 18:25:03.669   521 14965 E EmulatedRequestProcessor: ApplyOverrideZoom: awbRegions needs to be specified for overriding zoom
05-01 18:25:03.704   521 14965 E EmulatedRequestProcessor: ApplyOverrideZoom: awbRegions needs to be specified for overriding zoom
05-01 18:25:03.738   521 14965 E EmulatedRequestProcessor: ApplyOverrideZoom: awbRegions needs to be specified for overriding zoom
05-01 18:25:03.772   521 14965 E EmulatedRequestProcessor: ApplyOverrideZoom: awbRegions needs to be specified for overriding zoom
05-01 18:25:03.805   521 14965 E EmulatedRequestProcessor: ApplyOverrideZoom: awbRegions needs to be specified for overriding zoom
05-01 18:25:03.840   521 14965 E EmulatedRequestProcessor: ApplyOverrideZoom: awbRegions needs to be specified for overriding zoom
05-01 18:25:03.873   521 14965 E EmulatedRequestProcessor: ApplyOverrideZoom: awbRegions needs to be specified for overriding zoom
05-01 18:25:03.907   521 14965 E EmulatedRequestProcessor: ApplyOverrideZoom: awbRegions needs to be specified for overriding zoom
05-01 18:25:03.941   521 14965 E EmulatedRequestProcessor: ApplyOverrideZoom: awbRegions needs to be specified for overriding zoom
05-01 18:25:03.975   521 14965 E EmulatedRequestProcessor: ApplyOverrideZoom: awbRegions needs to be specified for overriding zoom
05-01 18:25:04.010   521 14965 E EmulatedRequestProcessor: ApplyOverrideZoom: awbRegions needs to be specified for overriding zoom
05-01 18:25:04.043   521 14965 E EmulatedRequestProcessor: ApplyOverrideZoom: awbRegions needs to be specified for overriding zoom
05-01 18:25:04.077   521 14965 E EmulatedRequestProcessor: ApplyOverrideZoom: awbRegions needs to be specified for overriding zoom
05-01 18:25:04.111   521 14965 E EmulatedRequestProcessor: ApplyOverrideZoom: awbRegions needs to be specified for overriding zoom
05-01 18:25:04.144   521 14965 E EmulatedRequestProcessor: ApplyOverrideZoom: awbRegions needs to be specified for overriding zoom
05-01 18:25:04.178   521 14965 E EmulatedRequestProcessor: ApplyOverrideZoom: awbRegions needs to be specified for overriding zoom
05-01 18:25:04.213   521 14965 E EmulatedRequestProcessor: ApplyOverrideZoom: awbRegions needs to be specified for overriding zoom
05-01 18:25:04.248   521 14965 E EmulatedRequestProcessor: ApplyOverrideZoom: awbRegions needs to be specified for overriding zoom
05-01 18:25:04.281   521 14965 E EmulatedRequestProcessor: ApplyOverrideZoom: awbRegions needs to be specified for overriding zoom
05-01 18:25:04.317   521 14965 E EmulatedRequestProcessor: ApplyOverrideZoom: awbRegions needs to be specified for overriding zoom
05-01 18:25:04.352   521 14965 E EmulatedRequestProcessor: ApplyOverrideZoom: awbRegions needs to be specified for overriding zoom
05-01 18:25:04.387   521 14965 E EmulatedRequestProcessor: ApplyOverrideZoom: awbRegions needs to be specified for overriding zoom
05-01 18:25:04.421   521 14965 E EmulatedRequestProcessor: ApplyOverrideZoom: awbRegions needs to be specified for overriding zoom
05-01 18:25:04.454   521 14965 E EmulatedRequestProcessor: ApplyOverrideZoom: awbRegions needs to be specified for overriding zoom
05-01 18:25:04.491   521 14965 E EmulatedRequestProcessor: ApplyOverrideZoom: awbRegions needs to be specified for overriding zoom
05-01 18:25:04.525   521 14965 E EmulatedRequestProcessor: ApplyOverrideZoom: awbRegions needs to be specified for overriding zoom
05-01 18:25:04.560   521 14965 E EmulatedRequestProcessor: ApplyOverrideZoom: awbRegions needs to be specified for overriding zoom
05-01 18:25:04.594   521 14965 E EmulatedRequestProcessor: ApplyOverrideZoom: awbRegions needs to be specified for overriding zoom
05-01 18:25:04.631   521 14965 E EmulatedRequestProcessor: ApplyOverrideZoom: awbRegions needs to be specified for overriding zoom
05-01 18:25:04.666   521 14965 E EmulatedRequestProcessor: ApplyOverrideZoom: awbRegions needs to be specified for overriding zoom
05-01 18:25:04.701   521 14965 E EmulatedRequestProcessor: ApplyOverrideZoom: awbRegions needs to be specified for overriding zoom
05-01 18:25:04.739   521 14965 E EmulatedRequestProcessor: ApplyOverrideZoom: awbRegions needs to be specified for overriding zoom
05-01 18:25:04.774   521 14965 E EmulatedRequestProcessor: ApplyOverrideZoom: awbRegions needs to be specified for overriding zoom
05-01 18:25:04.816   521 14965 E EmulatedRequestProcessor: ApplyOverrideZoom: awbRegions needs to be specified for overriding zoom
05-01 18:25:04.850   521 14965 E EmulatedRequestProcessor: ApplyOverrideZoom: awbRegions needs to be specified for overriding zoom
05-01 18:25:04.887   521 14965 E EmulatedRequestProcessor: ApplyOverrideZoom: awbRegions needs to be specified for overriding zoom
05-01 18:25:04.920   521 14965 E EmulatedRequestProcessor: ApplyOverrideZoom: awbRegions needs to be specified for overriding zoom
05-01 18:25:04.956   521 14965 E EmulatedRequestProcessor: ApplyOverrideZoom: awbRegions needs to be specified for overriding zoom
05-01 18:25:04.990   521 14965 E EmulatedRequestProcessor: ApplyOverrideZoom: awbRegions needs to be specified for overriding zoom
05-01 18:25:05.024   521 14965 E EmulatedRequestProcessor: ApplyOverrideZoom: awbRegions needs to be specified for overriding zoom
05-01 18:25:05.059   521 14965 E EmulatedRequestProcessor: ApplyOverrideZoom: awbRegions needs to be specified for overriding zoom
05-01 18:25:05.092   521 14965 E EmulatedRequestProcessor: ApplyOverrideZoom: awbRegions needs to be specified for overriding zoom
05-01 18:25:05.127   521 14965 E EmulatedRequestProcessor: ApplyOverrideZoom: awbRegions needs to be specified for overriding zoom
05-01 18:25:05.163   521 14965 E EmulatedRequestProcessor: ApplyOverrideZoom: awbRegions needs to be specified for overriding zoom
05-01 18:25:05.198   521 14965 E EmulatedRequestProcessor: ApplyOverrideZoom: awbRegions needs to be specified for overriding zoom
05-01 18:25:05.232   521 14965 E EmulatedRequestProcessor: ApplyOverrideZoom: awbRegions needs to be specified for overriding zoom
05-01 18:25:05.266   521 14965 E EmulatedRequestProcessor: ApplyOverrideZoom: awbRegions needs to be specified for overriding zoom
05-01 18:25:05.303   521 14965 E EmulatedRequestProcessor: ApplyOverrideZoom: awbRegions needs to be specified for overriding zoom
05-01 18:25:05.340   521 14965 E EmulatedRequestProcessor: ApplyOverrideZoom: awbRegions needs to be specified for overriding zoom
05-01 18:25:05.375   521 14965 E EmulatedRequestProcessor: ApplyOverrideZoom: awbRegions needs to be specified for overriding zoom
05-01 18:25:05.409   521 14965 E EmulatedRequestProcessor: ApplyOverrideZoom: awbRegions needs to be specified for overriding zoom
05-01 18:25:05.449   521 14965 E EmulatedRequestProcessor: ApplyOverrideZoom: awbRegions needs to be specified for overriding zoom
05-01 18:25:05.484   521 14965 E EmulatedRequestProcessor: ApplyOverrideZoom: awbRegions needs to be specified for overriding zoom
05-01 18:25:05.520   521 14965 E EmulatedRequestProcessor: ApplyOverrideZoom: awbRegions needs to be specified for overriding zoom
05-01 18:25:05.554   521 14965 E EmulatedRequestProcessor: ApplyOverrideZoom: awbRegions needs to be specified for overriding zoom
05-01 18:25:05.591   521 14965 E EmulatedRequestProcessor: ApplyOverrideZoom: awbRegions needs to be specified for overriding zoom
05-01 18:25:05.625   521 14965 E EmulatedRequestProcessor: ApplyOverrideZoom: awbRegions needs to be specified for overriding zoom
05-01 18:25:05.660   521 14965 E EmulatedRequestProcessor: ApplyOverrideZoom: awbRegions needs to be specified for overriding zoom
05-01 18:25:05.693   521 14965 E EmulatedRequestProcessor: ApplyOverrideZoom: awbRegions needs to be specified for overriding zoom
05-01 18:25:05.698  2599  2796 I HalDevMgr: bestIfaceCreationProposal is null, requestIface=STA, existingIface=[name=wlan0 type=STA]
05-01 18:25:05.727   521 14965 E EmulatedRequestProcessor: ApplyOverrideZoom: awbRegions needs to be specified for overriding zoom
05-01 18:25:05.762   521 14965 E EmulatedRequestProcessor: ApplyOverrideZoom: awbRegions needs to be specified for overriding zoom
05-01 18:25:05.798   521 14965 E EmulatedRequestProcessor: ApplyOverrideZoom: awbRegions needs to be specified for overriding zoom
05-01 18:25:05.832   521 14965 E EmulatedRequestProcessor: ApplyOverrideZoom: awbRegions needs to be specified for overriding zoom
05-01 18:25:05.866   521 14965 E EmulatedRequestProcessor: ApplyOverrideZoom: awbRegions needs to be specified for overriding zoom
05-01 18:25:05.901   521 14965 E EmulatedRequestProcessor: ApplyOverrideZoom: awbRegions needs to be specified for overriding zoom
05-01 18:25:05.935   521 14965 E EmulatedRequestProcessor: ApplyOverrideZoom: awbRegions needs to be specified for overriding zoom
05-01 18:25:05.970   521 14965 E EmulatedRequestProcessor: ApplyOverrideZoom: awbRegions needs to be specified for overriding zoom
05-01 18:25:06.009   521 14965 E EmulatedRequestProcessor: ApplyOverrideZoom: awbRegions needs to be specified for overriding zoom
05-01 18:25:06.045   521 14965 E EmulatedRequestProcessor: ApplyOverrideZoom: awbRegions needs to be specified for overriding zoom
05-01 18:25:06.082   521 14965 E EmulatedRequestProcessor: ApplyOverrideZoom: awbRegions needs to be specified for overriding zoom
05-01 18:25:06.117   521 14965 E EmulatedRequestProcessor: ApplyOverrideZoom: awbRegions needs to be specified for overriding zoom
05-01 18:25:06.152   521 14965 E EmulatedRequestProcessor: ApplyOverrideZoom: awbRegions needs to be specified for overriding zoom
05-01 18:25:06.188   521 14965 E EmulatedRequestProcessor: ApplyOverrideZoom: awbRegions needs to be specified for overriding zoom
05-01 18:25:06.221   521 14965 E EmulatedRequestProcessor: ApplyOverrideZoom: awbRegions needs to be specified for overriding zoom
05-01 18:25:06.254   521 14965 E EmulatedRequestProcessor: ApplyOverrideZoom: awbRegions needs to be specified for overriding zoom
05-01 18:25:06.290   521 14965 E EmulatedRequestProcessor: ApplyOverrideZoom: awbRegions needs to be specified for overriding zoom
05-01 18:25:06.323   521 14965 E EmulatedRequestProcessor: ApplyOverrideZoom: awbRegions needs to be specified for overriding zoom
05-01 18:25:06.357   521 14965 E EmulatedRequestProcessor: ApplyOverrideZoom: awbRegions needs to be specified for overriding zoom
05-01 18:25:06.390   521 14965 E EmulatedRequestProcessor: ApplyOverrideZoom: awbRegions needs to be specified for overriding zoom
05-01 18:25:06.425   521 14965 E EmulatedRequestProcessor: ApplyOverrideZoom: awbRegions needs to be specified for overriding zoom
05-01 18:25:06.459   521 14965 E EmulatedRequestProcessor: ApplyOverrideZoom: awbRegions needs to be specified for overriding zoom
05-01 18:25:06.494   521 14965 E EmulatedRequestProcessor: ApplyOverrideZoom: awbRegions needs to be specified for overriding zoom
05-01 18:25:06.529   521 14965 E EmulatedRequestProcessor: ApplyOverrideZoom: awbRegions needs to be specified for overriding zoom
05-01 18:25:06.563   521 14965 E EmulatedRequestProcessor: ApplyOverrideZoom: awbRegions needs to be specified for overriding zoom
05-01 18:25:06.600   521 14965 E EmulatedRequestProcessor: ApplyOverrideZoom: awbRegions needs to be specified for overriding zoom
05-01 18:25:06.637   521 14965 E EmulatedRequestProcessor: ApplyOverrideZoom: awbRegions needs to be specified for overriding zoom
05-01 18:25:06.671   521 14965 E EmulatedRequestProcessor: ApplyOverrideZoom: awbRegions needs to be specified for overriding zoom
05-01 18:25:06.700 15055 15055 W libbinder.BackendUnifiedServiceManager: Thread Pool max thread count is 0. Cannot cache binder as linkToDeath cannot be implemented. serviceName: package
05-01 18:25:06.706   521 14965 E EmulatedRequestProcessor: ApplyOverrideZoom: awbRegions needs to be specified for overriding zoom
05-01 18:25:06.737  3046  3051 I artd    : GetBestInfo: odex next to the dex file (/data/app/~~9zdI27-KZDEvVC_7GO9BLQ==/com.google.android.gms-zDijJikcKxb1i4ibdVh7KA==/oat/arm64/base.odex) is kOatUpToDate with filter 'speed-profile' executable 'false'
05-01 18:25:06.738  3046  3051 I artd    : GetBestInfo: odex next to the dex file (/data/app/~~9zdI27-KZDEvVC_7GO9BLQ==/com.google.android.gms-zDijJikcKxb1i4ibdVh7KA==/oat/arm64/split_AdsDynamite_installtime.odex) is kOatUpToDate with filter 'speed' executable 'false'
05-01 18:25:06.739  3046  3051 I artd    : GetBestInfo: odex next to the dex file (/data/app/~~9zdI27-KZDEvVC_7GO9BLQ==/com.google.android.gms-zDijJikcKxb1i4ibdVh7KA==/oat/arm64/split_CronetDynamite_installtime.odex) is kOatUpToDate with filter 'speed' executable 'false'
05-01 18:25:06.740   521 14965 E EmulatedRequestProcessor: ApplyOverrideZoom: awbRegions needs to be specified for overriding zoom
05-01 18:25:06.740  3046  3051 I artd    : GetBestInfo: odex next to the dex file (/data/app/~~9zdI27-KZDEvVC_7GO9BLQ==/com.google.android.gms-zDijJikcKxb1i4ibdVh7KA==/oat/arm64/split_DynamiteLoader_installtime.odex) is kOatUpToDate with filter 'speed' executable 'false'
05-01 18:25:06.745  3046  3046 I artd    : GetBestInfo: odex next to the dex file (/data/app/~~9zdI27-KZDEvVC_7GO9BLQ==/com.google.android.gms-zDijJikcKxb1i4ibdVh7KA==/oat/arm64/split_DynamiteModulesA_installtime.odex) is kOatUpToDate with filter 'speed' executable 'false'
05-01 18:25:06.747  3046  3046 I artd    : GetBestInfo: odex next to the dex file (/data/app/~~9zdI27-KZDEvVC_7GO9BLQ==/com.google.android.gms-zDijJikcKxb1i4ibdVh7KA==/oat/arm64/split_DynamiteModulesC_installtime.odex) is kOatUpToDate with filter 'speed' executable 'false'
05-01 18:25:06.748  3046  3046 I artd    : GetBestInfo: odex next to the dex file (/data/app/~~9zdI27-KZDEvVC_7GO9BLQ==/com.google.android.gms-zDijJikcKxb1i4ibdVh7KA==/oat/arm64/split_GoogleCertificates_installtime.odex) is kOatUpToDate with filter 'speed' executable 'false'
05-01 18:25:06.750  3046  3046 I artd    : GetBestInfo: odex next to the dex file (/data/app/~~9zdI27-KZDEvVC_7GO9BLQ==/com.google.android.gms-zDijJikcKxb1i4ibdVh7KA==/oat/arm64/split_MapsDynamite_installtime.odex) is kOatUpToDate with filter 'speed' executable 'false'
05-01 18:25:06.752  3046  3046 I artd    : GetBestInfo: odex next to the dex file (/data/app/~~9zdI27-KZDEvVC_7GO9BLQ==/com.google.android.gms-zDijJikcKxb1i4ibdVh7KA==/oat/arm64/split_MeasurementDynamite_installtime.odex) is kOatUpToDate with filter 'speed' executable 'false'
05-01 18:25:06.753  3046  3046 I artd    : GetBestInfo: /data/user_de/0/com.google.android.gms/app_chimera/m/00000024/dl-MlkitOcrCommon.optional_261332100400.apk has no usable artifacts
05-01 18:25:06.753  3046  3046 I artd    : GetBestInfo: /data/user_de/0/com.google.android.gms/app_chimera/m/00000001/CronetDynamite.apk has no usable artifacts
05-01 18:25:06.753  3046  3046 I artd    : GetBestInfo: /data/user_de/0/com.google.android.gms/app_chimera/m/00000002/DynamiteLoader.apk has no usable artifacts
05-01 18:25:06.754  3046  3046 W artd    : Could not get dex checksums for location /data/app/~~3fBXho8HaymPEUVbuDbDyw==/com.google.android.gms-lP3FhbDqyEae3o3ITSwEOg==/base.apk, fd=-1
05-01 18:25:06.754  3046  3046 W artd    : Could not get dex checksums for location /data/app/~~3fBXho8HaymPEUVbuDbDyw==/com.google.android.gms-lP3FhbDqyEae3o3ITSwEOg==/base.apk, fd=-1
05-01 18:25:06.754  3046  3046 I artd    : GetBestInfo: /data/user_de/0/com.google.android.gms/app_chimera/m/00000005/GoogleCertificates.apk has no usable artifacts
05-01 18:25:06.755  3046  3046 W artd    : Could not get dex checksums for location /data/app/~~3fBXho8HaymPEUVbuDbDyw==/com.google.android.gms-lP3FhbDqyEae3o3ITSwEOg==/base.apk, fd=-1
05-01 18:25:06.756  3046  3046 I artd    : GetBestInfo: /data/user_de/0/com.google.android.gms/app_chimera/m/0000000c/dl-PlayCloudSearch.optional_253434100000.apk has no usable artifacts
05-01 18:25:06.757  3046  3046 W artd    : Could not get dex checksums for location /data/app/~~3fBXho8HaymPEUVbuDbDyw==/com.google.android.gms-lP3FhbDqyEae3o3ITSwEOg==/base.apk, fd=-1
05-01 18:25:06.758  3046  3046 W artd    : Could not get dex checksums for location /data/app/~~3fBXho8HaymPEUVbuDbDyw==/com.google.android.gms-lP3FhbDqyEae3o3ITSwEOg==/base.apk, fd=-1
05-01 18:25:06.759  3046  3046 W artd    : Could not get dex checksums for location /data/app/~~3fBXho8HaymPEUVbuDbDyw==/com.google.android.gms-lP3FhbDqyEae3o3ITSwEOg==/base.apk, fd=-1
05-01 18:25:06.760  3046  3046 I artd    : GetBestInfo: /data/user_de/0/com.google.android.gms/app_chimera/m/00000009/dl-Appsearch.optional_253434100400.apk has no usable artifacts
05-01 18:25:06.761  3046  3046 I artd    : GetBestInfo: /data/user_de/0/com.google.android.gms/app_chimera/m/0000001f/dl-MlkitBarcodeUi.optional_261332100400.apk has no usable artifacts
05-01 18:25:06.762  3046  3046 I artd    : GetBestInfo: vdex next to the dex file (/data/user/0/com.google.android.gms/app_dg_cache/C979021594972B0BA2D39F27BF33D93C4B1302BC/oat/arm64/the.vdex) is kOatUpToDate with filter 'verify' executable 'false'
05-01 18:25:06.762  3046  3046 W artd    : Could not get dex checksums for location /data/app/~~3fBXho8HaymPEUVbuDbDyw==/com.google.android.gms-lP3FhbDqyEae3o3ITSwEOg==/base.apk, fd=-1
05-01 18:25:06.762  3046  3046 W artd    : Could not get dex checksums for location /data/app/~~3fBXho8HaymPEUVbuDbDyw==/com.google.android.gms-lP3FhbDqyEae3o3ITSwEOg==/base.apk, fd=-1
05-01 18:25:06.763  3046  3046 I artd    : GetBestInfo: /data/user_de/0/com.google.android.gms/app_chimera/m/0000001e/dl-VisionOcr.optional_261332100000.apk has no usable artifacts
05-01 18:25:06.764  3046  3046 I artd    : GetBestInfo: /data/user_de/0/com.google.android.gms/app_chimera/m/00000020/dl-PlayCloudSearch.optional_261332100000.apk has no usable artifacts
05-01 18:25:06.765  3046  3046 I artd    : GetBestInfo: vdex next to the dex file (/data/user/0/com.google.android.gms/app_dg_cache/707FFD883BF2A7896692338F9625CA52336E933B/oat/arm64/the.vdex) is kOatUpToDate with filter 'verify' executable 'false'
05-01 18:25:06.766  3046  3046 I artd    : GetBestInfo: /data/user_de/0/com.google.android.gms/app_chimera/m/00000019/dl-TfliteDynamiteDynamite.integ_252130102100400.apk has no usable artifacts
05-01 18:25:06.766  3046  3046 W artd    : Could not get dex checksums for location /data/app/~~3fBXho8HaymPEUVbuDbDyw==/com.google.android.gms-lP3FhbDqyEae3o3ITSwEOg==/base.apk, fd=-1
05-01 18:25:06.767  3046  3046 W artd    : Could not get dex checksums for location /data/app/~~dKAWhbpuAhXMPrgX8_uNaA==/com.android.vending-VlQnPVZ5qb-G_00QsqpjnQ==/base.apk, fd=-1
05-01 18:25:06.768  3046  3046 I artd    : GetBestInfo: /data/user_de/0/com.google.android.gms/app_chimera/m/00000021/dl-Appsearch.optional_261332100400.apk has no usable artifacts
05-01 18:25:06.769  3046  3046 I artd    : GetBestInfo: /data/user_de/0/com.google.android.gms/app_chimera/m/0000000b/dl-MlkitBarcodeUi.optional_253434100400.apk has no usable artifacts
05-01 18:25:06.773   521 14965 E EmulatedRequestProcessor: ApplyOverrideZoom: awbRegions needs to be specified for overriding zoom
05-01 18:25:06.809   521 14965 E EmulatedRequestProcessor: ApplyOverrideZoom: awbRegions needs to be specified for overriding zoom
05-01 18:25:06.844   521 14965 E EmulatedRequestProcessor: ApplyOverrideZoom: awbRegions needs to be specified for overriding zoom
05-01 18:25:06.880   521 14965 E EmulatedRequestProcessor: ApplyOverrideZoom: awbRegions needs to be specified for overriding zoom
05-01 18:25:06.914   521 14965 E EmulatedRequestProcessor: ApplyOverrideZoom: awbRegions needs to be specified for overriding zoom
05-01 18:25:06.949   521 14965 E EmulatedRequestProcessor: ApplyOverrideZoom: awbRegions needs to be specified for overriding zoom
05-01 18:25:06.984   521 14965 E EmulatedRequestProcessor: ApplyOverrideZoom: awbRegions needs to be specified for overriding zoom
05-01 18:25:07.020   521 14965 E EmulatedRequestProcessor: ApplyOverrideZoom: awbRegions needs to be specified for overriding zoom
05-01 18:25:07.054   521 14965 E EmulatedRequestProcessor: ApplyOverrideZoom: awbRegions needs to be specified for overriding zoom
05-01 18:25:07.088   521 14965 E EmulatedRequestProcessor: ApplyOverrideZoom: awbRegions needs to be specified for overriding zoom
05-01 18:25:07.122   521 14965 E EmulatedRequestProcessor: ApplyOverrideZoom: awbRegions needs to be specified for overriding zoom
05-01 18:25:07.157   521 14965 E EmulatedRequestProcessor: ApplyOverrideZoom: awbRegions needs to be specified for overriding zoom
05-01 18:25:07.192   521 14965 E EmulatedRequestProcessor: ApplyOverrideZoom: awbRegions needs to be specified for overriding zoom
05-01 18:25:07.226   521 14965 E EmulatedRequestProcessor: ApplyOverrideZoom: awbRegions needs to be specified for overriding zoom
05-01 18:25:07.261   521 14965 E EmulatedRequestProcessor: ApplyOverrideZoom: awbRegions needs to be specified for overriding zoom
05-01 18:25:07.296   521 14965 E EmulatedRequestProcessor: ApplyOverrideZoom: awbRegions needs to be specified for overriding zoom
05-01 18:25:07.330   521 14965 E EmulatedRequestProcessor: ApplyOverrideZoom: awbRegions needs to be specified for overriding zoom
05-01 18:25:07.364   521 14965 E EmulatedRequestProcessor: ApplyOverrideZoom: awbRegions needs to be specified for overriding zoom
05-01 18:25:07.399   521 14965 E EmulatedRequestProcessor: ApplyOverrideZoom: awbRegions needs to be specified for overriding zoom
05-01 18:25:07.433   521 14965 E EmulatedRequestProcessor: ApplyOverrideZoom: awbRegions needs to be specified for overriding zoom
05-01 18:25:07.469   521 14965 E EmulatedRequestProcessor: ApplyOverrideZoom: awbRegions needs to be specified for overriding zoom
05-01 18:25:07.505   521 14965 E EmulatedRequestProcessor: ApplyOverrideZoom: awbRegions needs to be specified for overriding zoom
05-01 18:25:07.544   521 14965 E EmulatedRequestProcessor: ApplyOverrideZoom: awbRegions needs to be specified for overriding zoom
05-01 18:25:07.584   521 14965 E EmulatedRequestProcessor: ApplyOverrideZoom: awbRegions needs to be specified for overriding zoom
05-01 18:25:07.618   521 14965 E EmulatedRequestProcessor: ApplyOverrideZoom: awbRegions needs to be specified for overriding zoom
05-01 18:25:07.656   521 14965 E EmulatedRequestProcessor: ApplyOverrideZoom: awbRegions needs to be specified for overriding zoom
05-01 18:25:07.692   521 14965 E EmulatedRequestProcessor: ApplyOverrideZoom: awbRegions needs to be specified for overriding zoom
05-01 18:25:07.725   521 14965 E EmulatedRequestProcessor: ApplyOverrideZoom: awbRegions needs to be specified for overriding zoom
05-01 18:25:07.760   521 14965 E EmulatedRequestProcessor: ApplyOverrideZoom: awbRegions needs to be specified for overriding zoom
05-01 18:25:07.796   521 14965 E EmulatedRequestProcessor: ApplyOverrideZoom: awbRegions needs to be specified for overriding zoom
05-01 18:25:07.830   521 14965 E EmulatedRequestProcessor: ApplyOverrideZoom: awbRegions needs to be specified for overriding zoom
05-01 18:25:07.864   521 14965 E EmulatedRequestProcessor: ApplyOverrideZoom: awbRegions needs to be specified for overriding zoom
05-01 18:25:07.899   521 14965 E EmulatedRequestProcessor: ApplyOverrideZoom: awbRegions needs to be specified for overriding zoom
05-01 18:25:07.935   521 14965 E EmulatedRequestProcessor: ApplyOverrideZoom: awbRegions needs to be specified for overriding zoom
05-01 18:25:07.969   521 14965 E EmulatedRequestProcessor: ApplyOverrideZoom: awbRegions needs to be specified for overriding zoom
05-01 18:25:08.004   521 14965 E EmulatedRequestProcessor: ApplyOverrideZoom: awbRegions needs to be specified for overriding zoom
05-01 18:25:08.038   521 14965 E EmulatedRequestProcessor: ApplyOverrideZoom: awbRegions needs to be specified for overriding zoom
05-01 18:25:08.072   521 14965 E EmulatedRequestProcessor: ApplyOverrideZoom: awbRegions needs to be specified for overriding zoom
05-01 18:25:08.108   521 14965 E EmulatedRequestProcessor: ApplyOverrideZoom: awbRegions needs to be specified for overriding zoom
05-01 18:25:08.141   521 14965 E EmulatedRequestProcessor: ApplyOverrideZoom: awbRegions needs to be specified for overriding zoom
05-01 18:25:08.175   521 14965 E EmulatedRequestProcessor: ApplyOverrideZoom: awbRegions needs to be specified for overriding zoom
05-01 18:25:08.209   521 14965 E EmulatedRequestProcessor: ApplyOverrideZoom: awbRegions needs to be specified for overriding zoom
05-01 18:25:08.243   521 14965 E EmulatedRequestProcessor: ApplyOverrideZoom: awbRegions needs to be specified for overriding zoom
05-01 18:25:08.280   521 14965 E EmulatedRequestProcessor: ApplyOverrideZoom: awbRegions needs to be specified for overriding zoom
05-01 18:25:08.315   521 14965 E EmulatedRequestProcessor: ApplyOverrideZoom: awbRegions needs to be specified for overriding zoom
05-01 18:25:08.349   521 14965 E EmulatedRequestProcessor: ApplyOverrideZoom: awbRegions needs to be specified for overriding zoom
05-01 18:25:08.387   521 14965 E EmulatedRequestProcessor: ApplyOverrideZoom: awbRegions needs to be specified for overriding zoom
05-01 18:25:08.420   521 14965 E EmulatedRequestProcessor: ApplyOverrideZoom: awbRegions needs to be specified for overriding zoom
05-01 18:25:08.454   521 14965 E EmulatedRequestProcessor: ApplyOverrideZoom: awbRegions needs to be specified for overriding zoom
05-01 18:25:08.488   521 14965 E EmulatedRequestProcessor: ApplyOverrideZoom: awbRegions needs to be specified for overriding zoom
05-01 18:25:08.522   521 14965 E EmulatedRequestProcessor: ApplyOverrideZoom: awbRegions needs to be specified for overriding zoom
05-01 18:25:08.556   521 14965 E EmulatedRequestProcessor: ApplyOverrideZoom: awbRegions needs to be specified for overriding zoom
05-01 18:25:08.591   521 14965 E EmulatedRequestProcessor: ApplyOverrideZoom: awbRegions needs to be specified for overriding zoom
05-01 18:25:08.626   521 14965 E EmulatedRequestProcessor: ApplyOverrideZoom: awbRegions needs to be specified for overriding zoom
05-01 18:25:08.660   521 14965 E EmulatedRequestProcessor: ApplyOverrideZoom: awbRegions needs to be specified for overriding zoom
05-01 18:25:08.694   521 14965 E EmulatedRequestProcessor: ApplyOverrideZoom: awbRegions needs to be specified for overriding zoom
05-01 18:25:08.705  2599  2796 I HalDevMgr: bestIfaceCreationProposal is null, requestIface=STA, existingIface=[name=wlan0 type=STA]
05-01 18:25:08.728   521 14965 E EmulatedRequestProcessor: ApplyOverrideZoom: awbRegions needs to be specified for overriding zoom
05-01 18:25:08.763   521 14965 E EmulatedRequestProcessor: ApplyOverrideZoom: awbRegions needs to be specified for overriding zoom
05-01 18:25:08.801   521 14965 E EmulatedRequestProcessor: ApplyOverrideZoom: awbRegions needs to be specified for overriding zoom
05-01 18:25:08.835   521 14965 E EmulatedRequestProcessor: ApplyOverrideZoom: awbRegions needs to be specified for overriding zoom
05-01 18:25:08.870   521 14965 E EmulatedRequestProcessor: ApplyOverrideZoom: awbRegions needs to be specified for overriding zoom
05-01 18:25:08.907   521 14965 E EmulatedRequestProcessor: ApplyOverrideZoom: awbRegions needs to be specified for overriding zoom
05-01 18:25:08.941   521 14965 E EmulatedRequestProcessor: ApplyOverrideZoom: awbRegions needs to be specified for overriding zoom
05-01 18:25:08.975   521 14965 E EmulatedRequestProcessor: ApplyOverrideZoom: awbRegions needs to be specified for overriding zoom
05-01 18:25:09.010   521 14965 E EmulatedRequestProcessor: ApplyOverrideZoom: awbRegions needs to be specified for overriding zoom
05-01 18:25:09.051   521 14965 E EmulatedRequestProcessor: ApplyOverrideZoom: awbRegions needs to be specified for overriding zoom
05-01 18:25:09.084   521 14965 E EmulatedRequestProcessor: ApplyOverrideZoom: awbRegions needs to be specified for overriding zoom
05-01 18:25:09.118   521 14965 E EmulatedRequestProcessor: ApplyOverrideZoom: awbRegions needs to be specified for overriding zoom
05-01 18:25:09.151   521 14965 E EmulatedRequestProcessor: ApplyOverrideZoom: awbRegions needs to be specified for overriding zoom
05-01 18:25:09.186   521 14965 E EmulatedRequestProcessor: ApplyOverrideZoom: awbRegions needs to be specified for overriding zoom
05-01 18:25:09.220   521 14965 E EmulatedRequestProcessor: ApplyOverrideZoom: awbRegions needs to be specified for overriding zoom
05-01 18:25:09.253   521 14965 E EmulatedRequestProcessor: ApplyOverrideZoom: awbRegions needs to be specified for overriding zoom
05-01 18:25:09.287   521 14965 E EmulatedRequestProcessor: ApplyOverrideZoom: awbRegions needs to be specified for overriding zoom
05-01 18:25:09.321   521 14965 E EmulatedRequestProcessor: ApplyOverrideZoom: awbRegions needs to be specified for overriding zoom
05-01 18:25:09.357   521 14965 E EmulatedRequestProcessor: ApplyOverrideZoom: awbRegions needs to be specified for overriding zoom
05-01 18:25:09.390   521 14965 E EmulatedRequestProcessor: ApplyOverrideZoom: awbRegions needs to be specified for overriding zoom
05-01 18:25:09.425   521 14965 E EmulatedRequestProcessor: ApplyOverrideZoom: awbRegions needs to be specified for overriding zoom
05-01 18:25:09.460   521 14965 E EmulatedRequestProcessor: ApplyOverrideZoom: awbRegions needs to be specified for overriding zoom
05-01 18:25:09.493   521 14965 E EmulatedRequestProcessor: ApplyOverrideZoom: awbRegions needs to be specified for overriding zoom
05-01 18:25:09.528   521 14965 E EmulatedRequestProcessor: ApplyOverrideZoom: awbRegions needs to be specified for overriding zoom
05-01 18:25:09.564   521 14965 E EmulatedRequestProcessor: ApplyOverrideZoom: awbRegions needs to be specified for overriding zoom
05-01 18:25:09.600   521 14965 E EmulatedRequestProcessor: ApplyOverrideZoom: awbRegions needs to be specified for overriding zoom
05-01 18:25:09.633   521 14965 E EmulatedRequestProcessor: ApplyOverrideZoom: awbRegions needs to be specified for overriding zoom
05-01 18:25:09.667   521 14965 E EmulatedRequestProcessor: ApplyOverrideZoom: awbRegions needs to be specified for overriding zoom
05-01 18:25:09.701   521 14965 E EmulatedRequestProcessor: ApplyOverrideZoom: awbRegions needs to be specified for overriding zoom
05-01 18:25:09.735   521 14965 E EmulatedRequestProcessor: ApplyOverrideZoom: awbRegions needs to be specified for overriding zoom
05-01 18:25:09.769   521 14965 E EmulatedRequestProcessor: ApplyOverrideZoom: awbRegions needs to be specified for overriding zoom
05-01 18:25:09.806   521 14965 E EmulatedRequestProcessor: ApplyOverrideZoom: awbRegions needs to be specified for overriding zoom
05-01 18:25:09.842   521 14965 E EmulatedRequestProcessor: ApplyOverrideZoom: awbRegions needs to be specified for overriding zoom
05-01 18:25:09.876   521 14965 E EmulatedRequestProcessor: ApplyOverrideZoom: awbRegions needs to be specified for overriding zoom
05-01 18:25:09.911   521 14965 E EmulatedRequestProcessor: ApplyOverrideZoom: awbRegions needs to be specified for overriding zoom
05-01 18:25:09.949   521 14965 E EmulatedRequestProcessor: ApplyOverrideZoom: awbRegions needs to be specified for overriding zoom
05-01 18:25:09.983   521 14965 E EmulatedRequestProcessor: ApplyOverrideZoom: awbRegions needs to be specified for overriding zoom
05-01 18:25:10.018   521 14965 E EmulatedRequestProcessor: ApplyOverrideZoom: awbRegions needs to be specified for overriding zoom
05-01 18:25:10.055   521 14965 E EmulatedRequestProcessor: ApplyOverrideZoom: awbRegions needs to be specified for overriding zoom
05-01 18:25:10.089   521 14965 E EmulatedRequestProcessor: ApplyOverrideZoom: awbRegions needs to be specified for overriding zoom
05-01 18:25:10.123   521 14965 E EmulatedRequestProcessor: ApplyOverrideZoom: awbRegions needs to be specified for overriding zoom
05-01 18:25:10.157   521 14965 E EmulatedRequestProcessor: ApplyOverrideZoom: awbRegions needs to be specified for overriding zoom
05-01 18:25:10.191   521 14965 E EmulatedRequestProcessor: ApplyOverrideZoom: awbRegions needs to be specified for overriding zoom
05-01 18:25:10.225   521 14965 E EmulatedRequestProcessor: ApplyOverrideZoom: awbRegions needs to be specified for overriding zoom
05-01 18:25:10.259   521 14965 E EmulatedRequestProcessor: ApplyOverrideZoom: awbRegions needs to be specified for overriding zoom
05-01 18:25:10.295   521 14965 E EmulatedRequestProcessor: ApplyOverrideZoom: awbRegions needs to be specified for overriding zoom
05-01 18:25:10.330   521 14965 E EmulatedRequestProcessor: ApplyOverrideZoom: awbRegions needs to be specified for overriding zoom
05-01 18:25:10.365   521 14965 E EmulatedRequestProcessor: ApplyOverrideZoom: awbRegions needs to be specified for overriding zoom
05-01 18:25:10.399   521 14965 E EmulatedRequestProcessor: ApplyOverrideZoom: awbRegions needs to be specified for overriding zoom
05-01 18:25:10.432   521 14965 E EmulatedRequestProcessor: ApplyOverrideZoom: awbRegions needs to be specified for overriding zoom
05-01 18:25:10.467   521 14965 E EmulatedRequestProcessor: ApplyOverrideZoom: awbRegions needs to be specified for overriding zoom
05-01 18:25:10.502   521 14965 E EmulatedRequestProcessor: ApplyOverrideZoom: awbRegions needs to be specified for overriding zoom
05-01 18:25:10.540   521 14965 E EmulatedRequestProcessor: ApplyOverrideZoom: awbRegions needs to be specified for overriding zoom
05-01 18:25:10.575   521 14965 E EmulatedRequestProcessor: ApplyOverrideZoom: awbRegions needs to be specified for overriding zoom
