--------- beginning of main
05-01 18:24:07.478  3054  3054 D CarrierSvcBindHelper: onHandleForceStop: [com.signbridge]
05-01 18:24:07.479  3054  3054 D CarrierSvcBindHelper: No carrier app for: 0
05-01 18:24:08.545  2599  2796 I HalDevMgr: bestIfaceCreationProposal is null, requestIface=STA, existingIface=[name=wlan0 type=STA]
05-01 18:24:08.840  2599  2682 W libbinder.IPCThreadState: Sending oneway calls to frozen process.
--------- beginning of system
05-01 18:24:09.306  2599  2742 D ActivityManager: freezing 4522 com.google.android.tts
05-01 18:24:09.308  2599  2802 D InetDiagMessage: Destroyed 0 sockets, proto=IPPROTO_TCP, family=AF_INET, states=14
05-01 18:24:09.309  2599  2802 D InetDiagMessage: Destroyed 0 sockets, proto=IPPROTO_TCP, family=AF_INET6, states=14
05-01 18:24:09.309  2599  2802 D InetDiagMessage: Destroyed live tcp sockets for uids={10165} in 0ms
05-01 18:24:09.548  2599  2742 D ActivityManager: freezing 5567 com.android.vending:background
05-01 18:24:09.550  2599  2742 D ActivityManager: freezing 8138 com.android.vending
05-01 18:24:09.637  2599  2802 D InetDiagMessage: Destroyed 0 sockets, proto=IPPROTO_TCP, family=AF_INET, states=14
05-01 18:24:09.637  2599  2802 D InetDiagMessage: Destroyed 0 sockets, proto=IPPROTO_TCP, family=AF_INET6, states=14
05-01 18:24:09.637  2599  2802 D InetDiagMessage: Destroyed live tcp sockets for uids={10153} in 0ms
05-01 18:24:10.691  2599  2802 D InetDiagMessage: Destroyed 0 sockets, proto=IPPROTO_TCP, family=AF_INET, states=14
05-01 18:24:10.692  2599  2802 D InetDiagMessage: Destroyed 0 sockets, proto=IPPROTO_TCP, family=AF_INET6, states=14
05-01 18:24:10.692  2599  2802 D InetDiagMessage: Destroyed live tcp sockets for uids={10159} in 1ms
05-01 18:24:10.692  2599  2802 D InetDiagMessage: Destroyed 0 sockets, proto=IPPROTO_TCP, family=AF_INET, states=14
05-01 18:24:10.693  2599  2802 D InetDiagMessage: Destroyed 0 sockets, proto=IPPROTO_TCP, family=AF_INET6, states=14
05-01 18:24:10.693  2599  2802 D InetDiagMessage: Destroyed live tcp sockets for uids={20159} in 0ms
05-01 18:24:11.367  3054  3142 D SatelliteController: iisInCarrierRoamingNbIotNtn: satellite is disabled
05-01 18:24:11.368  3054  3142 D SatelliteController: getCarrierRoamingNtnConnectType: Falling back to global carrier config connect type: 0
05-01 18:24:11.370  2599  2991 W libbinder.IPCThreadState: Sending oneway calls to frozen process.
05-01 18:24:11.561  2599  2796 I HalDevMgr: bestIfaceCreationProposal is null, requestIface=STA, existingIface=[name=wlan0 type=STA]
05-01 18:24:12.337  2599  2991 W ActivityTaskManager: callingPackage for (uid=2000, pid=14902) has no WPC
05-01 18:24:12.337  2599  2991 V WindowManager: DesktopModeLaunchParamsModifier: phase= 0 task=null activity=null display-area-from-current-params=null display-area-from-default-fallback=DefaultTaskDisplayArea@257994866 display-id=0 task-display-area-windowing-mode=1 suggested-display-area=DefaultTaskDisplayArea@257994866 task null, skipping
05-01 18:24:12.338  2599  2991 V WindowManager: TaskLaunchParamsModifier:phase=0 task=null activity=null display-area-from-current-params=null display-area-from-default-fallback=DefaultTaskDisplayArea@257994866 display-id=0 task-display-area-windowing-mode=1 suggested-display-area=DefaultTaskDisplayArea@257994866
05-01 18:24:12.340  2599  2991 V GrammaticalInflectionUtils: AttributionSource: android.content.AttributionSource@33257688 does not have READ_SYSTEM_GRAMMATICAL_GENDER permission.
05-01 18:24:12.342  2599  2991 V WindowManager: DesktopModeLaunchParamsModifier: phase= 0 task=null activity=ActivityRecord{98440566 u0 com.signbridge/.MainActivity display-area-from-current-params=null display-area-from-default-fallback=DefaultTaskDisplayArea@257994866 display-id=0 task-display-area-windowing-mode=1 suggested-display-area=DefaultTaskDisplayArea@257994866 task null, skipping
05-01 18:24:12.342  2599  2991 V WindowManager: TaskLaunchParamsModifier:phase=0 task=null activity=ActivityRecord{98440566 u0 com.signbridge/.MainActivity t-1} display-area-from-current-params=null display-area-from-default-fallback=DefaultTaskDisplayArea@257994866 display-id=0 task-display-area-windowing-mode=1 suggested-display-area=DefaultTaskDisplayArea@257994866
05-01 18:24:12.342  2599  2991 V WindowManager: DesktopModeLaunchParamsModifier: phase= 3 task=null activity=ActivityRecord{98440566 u0 com.signbridge/.MainActivity t-1} display-area-from-current-params=null display-area-from-default-fallback=DefaultTaskDisplayArea@257994866 display-id=0 task-display-area-windowing-mode=1 suggested-display-area=DefaultTaskDisplayArea@257994866 task null, skipping
05-01 18:24:12.342  2599  2991 V WindowManager: TaskLaunchParamsModifier:phase=3 task=null activity=ActivityRecord{98440566 u0 com.signbridge/.MainActivity t-1} display-area-from-current-params=null display-area-from-default-fallback=DefaultTaskDisplayArea@257994866 display-id=0 task-display-area-windowing-mode=1 suggested-display-area=DefaultTaskDisplayArea@257994866 non-freeform-task-display-area display-area=DefaultTaskDisplayArea@257994866 skip-bounds-fullscreen
05-01 18:24:12.345  2599  2991 V WindowManager: DesktopModeLaunchParamsModifier: phase= 3 task=Task{95d4777 #73 type=standard A=10238:com.signbridge} activity=ActivityRecord{98440566 u0 com.signbridge/.MainActivity t-1} display-from-task=0 display-id=0 task-display-area-windowing-mode=1 suggested-display-area=DefaultTaskDisplayArea@257994866 not entering desktop mode, skipping
05-01 18:24:12.345  2599  2991 V WindowManager: TaskLaunchParamsModifier:phase=3 task=Task{95d4777 #73 type=standard A=10238:com.signbridge} activity=ActivityRecord{98440566 u0 com.signbridge/.MainActivity t-1} display-from-task=0 display-id=0 task-display-area-windowing-mode=1 suggested-display-area=DefaultTaskDisplayArea@257994866 inherit-from-task=fullscreen non-freeform-task-display-area display-area=DefaultTaskDisplayArea@257994866 skip-bounds-fullscreen
05-01 18:24:12.347   561  1251 I libbinder.BpBinder: onLastStrongRef automatically unlinking death recipients for descriptor: '(not cached)'
05-01 18:24:12.350  2599  2991 I ActivityTaskManager: START u0 {flg=0x10000000 xflg=0x5 cmp=com.signbridge/.MainActivity} with LAUNCH_MULTIPLE from uid 2000 (com.android.shell) (BAL_ALLOW_PERMISSION) result code=0
05-01 18:24:12.351  2896  2967 V WindowManagerShell: Transition requested (#59): android.os.BinderProxy@330da48 TransitionRequestInfo { type = OPEN, triggerTask = TaskInfo{userId=0 taskId=73 effectiveUid=10238 displayId=0 isRunning=true baseIntent=Intent { flg=0x10000000 cmp=com.signbridge/.MainActivity } baseActivity=ComponentInfo{com.signbridge/com.signbridge.MainActivity} topActivity=ComponentInfo{com.signbridge/com.signbridge.MainActivity} origActivity=null realActivity=ComponentInfo{com.signbridge/com.signbridge.MainActivity} numActivities=1 lastActiveTime=6634849 supportsMultiWindow=true resizeMode=1 isResizeable=true minWidth=-1 minHeight=-1 defaultMinSize=220 token=WCT{android.os.BinderProxy@e035cc7} topActivityType=1 pictureInPictureParams=null shouldDockBigOverlays=false launchIntoPipHostTaskId=-1 lastParentTaskIdBeforePip=-1 displayCutoutSafeInsets=Rect(0, 0 - 0, 0) topActivityInfo=ActivityInfo{69d52f4 com.signbridge.MainActivity} launchCookies=[] positionInParent=Point(0, 0) parentTaskId=-1 isFocused=false isVisible=false isVisibleRequested=false isTopActivityNoDisplay=false isSleeping=false locusId=null displayAreaFeatureId=1 isTopActivityTransparent=false isActivityStackTransparent=false lastNonFullscreenBounds=null capturedLink=null capturedLinkTimestamp=0 requestedVisibleTypes=503 topActivityRequestOpenInBrowserEducationTimestamp=0 appCompatTaskInfo=AppCompatTaskInfo { topActivityInSizeCompat=false isLeafTask= true eligibleForLetterboxEducation= false isLetterboxEducationEnabled= true isLetterboxDoubleTapEnabled= false eligibleForUserAspectRatioButton= false topActivityBoundsLetterboxed= false isFromLetterboxDoubleTap= false topActivityLetterboxVerticalPosition= -1 topActivityLetterboxHorizontalPosition= -1 topActivityLetterboxWidth=-1 topActivityLetterboxHeight=-1 topActivityAppBounds=Rect(0, 0 - 1080, 2400) isUserFullscreenOverrideEnabled=false isSystemFullscreenOverrideEnabled=false hasMinAspectRatioOverride=false topActivityLetterboxBounds=null cameraCompatTaskInfo=CameraCompatTaskInfo { cameraCompatMode=undefinedundefined} topNonResizableActivityAspectRatio=-1.0} topActivityMainWindowFrame=null isAppBubble=false}, pipChange = null, remoteTransition = null, displayChange = null, requestedLocation = null, userChange = null, windowingLayerChange = null, flags = 0, debugId = 59 }
05-01 18:24:12.351  3066  3066 D BaseActivity: Launcher flags updated: [state_started|state_resumed|state_deferred_resumed|state_window_focused] -[state_user_active]
05-01 18:24:12.351  2599  2952 D CompatChangeReporter: Compat change id reported: 377864165; UID 10238; state: ENABLED
05-01 18:24:12.351  2896  2967 D ShellSplitScreen: logExit: no-op, mLoggerSessionId is null
05-01 18:24:12.352  2896  2967 V ShellDesktopMode: DesktopTasksController: handleRequest request=TransitionRequestInfo { type = OPEN, triggerTask = TaskInfo{userId=0 taskId=73 effectiveUid=10238 displayId=0 isRunning=true baseIntent=Intent { flg=0x10000000 cmp=com.signbridge/.MainActivity } baseActivity=ComponentInfo{com.signbridge/com.signbridge.MainActivity} topActivity=ComponentInfo{com.signbridge/com.signbridge.MainActivity} origActivity=null realActivity=ComponentInfo{com.signbridge/com.signbridge.MainActivity} numActivities=1 lastActiveTime=6634849 supportsMultiWindow=true resizeMode=1 isResizeable=true minWidth=-1 minHeight=-1 defaultMinSize=220 token=WCT{android.os.BinderProxy@e035cc7} topActivityType=1 pictureInPictureParams=null shouldDockBigOverlays=false launchIntoPipHostTaskId=-1 lastParentTaskIdBeforePip=-1 displayCutoutSafeInsets=Rect(0, 0 - 0, 0) topActivityInfo=ActivityInfo{69d52f4 com.signbridge.MainActivity} launchCookies=[] positionInParent=Point(0, 0) parentTaskId=-1 isFocused=false isVisible=false isVisibleRequested=false isTopActivityNoDisplay=false isSleeping=false locusId=null displayAreaFeatureId=1 isTopActivityTransparent=false isActivityStackTransparent=false lastNonFullscreenBounds=null capturedLink=null capturedLinkTimestamp=0 requestedVisibleTypes=503 topActivityRequestOpenInBrowserEducationTimestamp=0 appCompatTaskInfo=AppCompatTaskInfo { topActivityInSizeCompat=false isLeafTask= true eligibleForLetterboxEducation= false isLetterboxEducationEnabled= true isLetterboxDoubleTapEnabled= false eligibleForUserAspectRatioButton= false topActivityBoundsLetterboxed= false isFromLetterboxDoubleTap= false topActivityLetterboxVerticalPosition= -1 topActivityLetterboxHorizontalPosition= -1 topActivityLetterboxWidth=-1 topActivityLetterboxHeight=-1 topActivityAppBounds=Rect(0, 0 - 1080, 2400) isUserFullscreenOverrideEnabled=false isSystemFullscreenOverrideEnabled=false hasMinAspectRatioOverride=false topActivityLetterboxBounds=null cameraCompatTaskInfo=CameraCompatTaskInfo { cameraCompatMode=undefinedundefined} topNonResizableActivityAspectRatio=-1.0} topActivityMainWindowFrame=null isAppBubble=false}, pipChange = null, remoteTransition = null, displayChange = null, requestedLocation = null, userChange = null, windowingLayerChange = null, flags = 0, debugId = 59 }
05-01 18:24:12.352  2896  2967 V ShellDesktopMode: DesktopTasksController: skipping handleRequest reason=triggerTask's display doesn't support desktop mode
05-01 18:24:12.354  2896  2967 D WindowManagerShell: setLauncherKeepClearAreaHeight: visible=false, height=495
05-01 18:24:12.355  3066  3066 D BaseActivity: Launcher flags updated: [state_started|state_window_focused] -[state_resumed|state_deferred_resumed]
05-01 18:24:12.355  3066  3066 W SplitSelectStateCtor: Missing session instanceIds
05-01 18:24:12.355  3066  3066 D StatsLog: LAUNCHER_SPLIT_SELECTION_EXIT_INTERRUPTED
05-01 18:24:12.371  2599  2621 V GrammaticalInflectionUtils: AttributionSource: android.content.AttributionSource@33257688 does not have READ_SYSTEM_GRAMMATICAL_GENDER permission.
05-01 18:24:12.374  2599  3696 I AppsFilter: interaction: PackageSetting{ac9ed3 com.cleancontacts.app/10225} -> PackageSetting{44e5d4e com.signbridge/10238} BLOCKED
05-01 18:24:12.374  2599  3696 I AppsFilter: interaction: PackageSetting{9ba2909 com.ogabassey.contactscleaner.debug/10226} -> PackageSetting{44e5d4e com.signbridge/10238} BLOCKED
05-01 18:24:12.374  2599  3696 I AppsFilter: interaction: PackageSetting{2ba670e com.ogabassey.store/10230} -> PackageSetting{44e5d4e com.signbridge/10238} BLOCKED
05-01 18:24:12.374  2599  3696 I AppsFilter: interaction: PackageSetting{798552f com.ogabassey.baci/10224} -> PackageSetting{44e5d4e com.signbridge/10238} BLOCKED
05-01 18:24:12.375  2528  2591 W libbinder.IPCThreadState: Sending oneway calls to frozen process.
05-01 18:24:12.376  2896  2967 D ShellDesktopMode: DesktopRepository: Removes freeform task: taskId=72
05-01 18:24:12.376  2896  2967 W ShellDesktopMode: DesktopRepository: No display id found for task: taskId=72
05-01 18:24:12.379  2599  3696 V WindowManager: Defer transition id=59 for TaskFragmentTransaction=android.os.Binder@e1fae6f
05-01 18:24:12.379  2599  3696 V WindowManager: deferTransitionReady deferReadyDepth=1 stack=com.android.server.wm.TransitionController.deferTransitionReady:1061 com.android.server.wm.TaskFragmentOrganizerController$TaskFragmentOrganizerState.dispatchTransaction:517 com.android.server.wm.TaskFragmentOrganizerController.dispatchPendingEvents:1259 com.android.server.wm.TaskFragmentOrganizerController.dispatchPendingEvents:1228 com.android.server.wm.RootWindowContainer.performSurfacePlacement:777 
05-01 18:24:12.380  3066  3066 D RecentsView: onTaskDisplayChanged: 73, new displayId = 0
05-01 18:24:12.380  3066  3066 D b/417220811: invalidateLoadedTasks - previous requestLoadId: -1
05-01 18:24:12.380  3066  3066 D b/417220811: invalidateLoadedTasks - previous requestLoadId: -1
05-01 18:24:12.384  2599  2991 V WindowManager: Continue transition id=59 for TaskFragmentTransaction=android.os.Binder@e1fae6f
05-01 18:24:12.384  2599  2991 V WindowManager: continueTransitionReady deferReadyDepth=0 stack=com.android.server.wm.TransitionController.continueTransitionReady:1071 com.android.server.wm.TaskFragmentOrganizerController$TaskFragmentOrganizerState.onTransactionFinished:546 com.android.server.wm.TaskFragmentOrganizerController.onTransactionHandled:740 android.window.ITaskFragmentOrganizerController$Stub.onTransact:225 android.os.Binder.execTransactInternal:1473 
05-01 18:24:12.384  2599  2848 D BackgroundInstallControlService: Package event received: 0
05-01 18:24:12.413  3066  3066 D BaseActivity: Launcher flags updated: [state_started] -[state_window_focused]
05-01 18:24:12.417  2526  2526 D Zygote  : Forked child process 14906
05-01 18:24:12.417  2599  2684 I ActivityManager: Start proc 14906:com.signbridge/u0a238 for next-top-activity {com.signbridge/com.signbridge.MainActivity}
05-01 18:24:12.418  2599  2618 V WindowManager: Sent Transition (#59) createdAt=05-01 18:24:12.341 via request=TransitionRequestInfo { type = OPEN, triggerTask = TaskInfo{userId=0 taskId=73 effectiveUid=10238 displayId=0 isRunning=true baseIntent=Intent { flg=0x10000000 cmp=com.signbridge/.MainActivity } baseActivity=ComponentInfo{com.signbridge/com.signbridge.MainActivity} topActivity=ComponentInfo{com.signbridge/com.signbridge.MainActivity} origActivity=null realActivity=ComponentInfo{com.signbridge/com.signbridge.MainActivity} numActivities=1 lastActiveTime=6634849 supportsMultiWindow=true resizeMode=1 isResizeable=true minWidth=-1 minHeight=-1 defaultMinSize=220 token=WCT{RemoteToken{68ef803 Task{95d4777 #73 type=standard A=10238:com.signbridge}}} topActivityType=1 pictureInPictureParams=null shouldDockBigOverlays=false launchIntoPipHostTaskId=-1 lastParentTaskIdBeforePip=-1 displayCutoutSafeInsets=Rect(0, 0 - 0, 0) topActivityInfo=ActivityInfo{fc2b380 com.signbridge.MainActivity} launchCookies=[] positionInParent=Point(0, 0) parentTaskId=-1 isFocused=false isVisible=false isVisibleRequested=false isTopActivityNoDisplay=false isSleeping=false locusId=null displayAreaFeatureId=1 isTopActivityTransparent=false isActivityStackTransparent=false lastNonFullscreenBounds=null capturedLink=null capturedLinkTimestamp=0 requestedVisibleTypes=503 topActivityRequestOpenInBrowserEducationTimestamp=0 appCompatTaskInfo=AppCompatTaskInfo { topActivityInSizeCompat=false isLeafTask= true eligibleForLetterboxEducation= false isLetterboxEducationEnabled= true isLetterboxDoubleTapEnabled= false eligibleForUserAspectRatioButton= false topActivityBoundsLetterboxed= false isFromLetterboxDoubleTap= false topActivityLetterboxVerticalPosition= -1 topActivityLetterboxHorizontalPosition= -1 topActivityLetterboxWidth=-1 topActivityLetterboxHeight=-1 topActivityAppBounds=Rect(0, 0 - 1080, 2400) isUserFullscreenOverrideEnabled=false isSystemFullscreenOverrideEnabled=false hasMinAspectRatioOverride=false topActivityLetterboxBounds=null cameraCompatTaskInfo=CameraCompatTaskInfo { cameraCompatMode=undefinedundefined} topNonResizableActivityAspectRatio=-1.0} topActivityMainWindowFrame=null isAppBubble=false}, pipChange = null, remoteTransition = null, displayChange = null, requestedLocation = null, userChange = null, windowingLayerChange = null, flags = 0, debugId = 59 }
05-01 18:24:12.418  2599  2618 V WindowManager:     startWCT=WindowContainerTransaction { changes= {} hops= [] errorCallbackToken=null taskFragmentOrganizer=null }
05-01 18:24:12.418  2599  2618 V WindowManager:     info={id=59 t=OPEN f=0x0 trk=0 r=[0@Point(0, 0)] c=[
05-01 18:24:12.418  2599  2618 V WindowManager:         {WCT{RemoteToken{68ef803 Task{95d4777 #73 type=standard A=10238:com.signbridge}}} m=OPEN f=NONE leash=Surface(name=Task=73#797)/@0x6ff92bd sb=Rect(0, 0 - 1080, 2400) eb=Rect(0, 0 - 1080, 2400) epz=Point(1080, 2400) d=0 taskParent=-1 winMode=1 userId=0},
05-01 18:24:12.418  2599  2618 V WindowManager:         {WCT{RemoteToken{e625e3 Task{1ff2bd0 #1 type=home}}} m=TO_BACK f=SHOW_WALLPAPER leash=Surface(name=Task=1#131)/@0x8e7ebac sb=Rect(0, 0 - 1080, 2400) eb=Rect(0, 0 - 1080, 2400) epz=Point(1080, 2400) d=0 taskParent=-1 winMode=1 userId=0},
05-01 18:24:12.418  2599  2618 V WindowManager:         {m=TO_BACK f=IS_WALLPAPER leash=Surface(name=WallpaperWindowToken{d1eaf57}#147)/@0xc9a855f sb=Rect(0, 0 - 1080, 2400) eb=Rect(0, 0 - 1080, 2400) epz=Point(1080, 2400) d=0}
05-01 18:24:12.418  2599  2618 V WindowManager:     ]}
05-01 18:24:12.420  2896  4185 V WindowManagerShell: onTransitionReady(transaction=11162620007735)
05-01 18:24:12.420  2896  2967 V ShellTaskOrganizer: Task appeared taskId=73 listener=FullscreenTaskListener
05-01 18:24:12.420  2896  2967 V ShellTaskOrganizer: Fullscreen Task Appeared: #73
05-01 18:24:12.421  2896  2967 V WindowManagerShell: onTransitionReady (#59) android.os.BinderProxy@330da48: {id=59 t=OPEN f=0x0 trk=0 r=[0@Point(0, 0)] c=[
05-01 18:24:12.421  2896  2967 V WindowManagerShell:         {m=OPEN f=NONE leash=Surface(name=Task=73#797)/@0x531b0bc sb=Rect(0, 0 - 1080, 2400) eb=Rect(0, 0 - 1080, 2400) epz=Point(1080, 2400) d=0 taskParent=-1 winMode=1 userId=0},
05-01 18:24:12.421  2896  2967 V WindowManagerShell:         {m=TO_BACK f=SHOW_WALLPAPER leash=Surface(name=Task=1#131)/@0x769b845 sb=Rect(0, 0 - 1080, 2400) eb=Rect(0, 0 - 1080, 2400) epz=Point(1080, 2400) d=0 taskParent=-1 winMode=1 userId=0},
05-01 18:24:12.421  2896  2967 V WindowManagerShell:         {m=TO_BACK f=IS_WALLPAPER leash=Surface(name=WallpaperWindowToken{d1eaf57}#147)/@0x886ab9a sb=Rect(0, 0 - 1080, 2400) eb=Rect(0, 0 - 1080, 2400) epz=Point(1080, 2400) d=0}
05-01 18:24:12.421  2896  2967 V WindowManagerShell:     ]}
05-01 18:24:12.421  2896  2967 V WindowManagerShell: Playing animation for (#59) android.os.BinderProxy@330da48@0
05-01 18:24:12.422  2896  2967 V ShellRecents: RecentsTransitionHandler.startAnimation: no controller found
05-01 18:24:12.423  2896  2967 V ShellDesktopMode: DesktopMixedTransitionHandler: No pending desktop transition
05-01 18:24:12.424  2896  2967 V WindowManagerShell: Transition doesn't have explicit remote, search filters for match for {id=59 t=OPEN f=0x0 trk=0 r=[0@Point(0, 0)] c=[{m=OPEN f=NONE leash=Surface(name=Task=73#797)/@0x531b0bc sb=Rect(0, 0 - 1080, 2400) eb=Rect(0, 0 - 1080, 2400) epz=Point(1080, 2400) d=0 taskParent=-1 winMode=1 userId=0},{m=TO_BACK f=SHOW_WALLPAPER leash=Surface(name=Task=1#131)/@0x769b845 sb=Rect(0, 0 - 1080, 2400) eb=Rect(0, 0 - 1080, 2400) epz=Point(1080, 2400) d=0 taskParent=-1 winMode=1 userId=0},{m=TO_BACK f=IS_WALLPAPER leash=Surface(name=WallpaperWindowToken{d1eaf57}#147)/@0x886ab9a sb=Rect(0, 0 - 1080, 2400) eb=Rect(0, 0 - 1080, 2400) epz=Point(1080, 2400) d=0}]}
05-01 18:24:12.424  2896  2967 V WindowManagerShell:  Checking filter Pair{{types=[] flags=0x0] notFlags=0x0 checks=[{atype=undefined independent=true modes=[CLOSE,TO_BACK] flags=IN_TASK_WITH_EMBEDDED_ACTIVITY mustBeTask=false order=ANY topActivity=null launchCookie=null taskFragmentToken=android.os.BinderProxy@b2b4dc windowingMode=undefined isCrossDisplayMove=false}]} RemoteTransition { remoteTransition = android.window.IRemoteTransition$Stub$Proxy@d5a39e5, appThread = android.app.IApplicationThread$Stub$Proxy@92c9cba, debugName = overlayBackTransition }}
05-01 18:24:12.424  2896  2967 V WindowManagerShell:  Checking filter Pair{{types=[] flags=0x0] notFlags=0x0 checks=[{atype=dream independent=true modes=[OPEN,TO_FRONT] flags=NONE mustBeTask=false order=ANY topActivity=null launchCookie=null windowingMode=undefined isCrossDisplayMove=false},{atype=home independent=true modes=[CLOSE,TO_BACK] flags=NONE mustBeTask=false order=ANY topActivity=null launchCookie=null windowingMode=undefined isCrossDisplayMove=false}]} RemoteTransition { remoteTransition = android.window.IRemoteTransition$Stub$Proxy@19b976b, appThread = android.app.IApplicationThread$Stub$Proxy@f2442c8, debugName = LauncherToDream }}
05-01 18:24:12.426  2896  2967 V WindowManagerShell:  Checking filter Pair{{types=[] flags=0x0] notFlags=0x100 checks=[{atype=home independent=true modes=[OPEN,TO_FRONT] flags=NONE mustBeTask=false order=TOP topActivity=ComponentInfo{com.google.android.apps.nexuslauncher/com.google.android.apps.nexuslauncher.NexusLauncherActivity} launchCookie=null windowingMode=undefined isCrossDisplayMove=false},{atype=standard independent=true modes=[CLOSE,TO_BACK] flags=NONE mustBeTask=false order=ANY topActivity=null launchCookie=null windowingMode=undefined isCrossDisplayMove=false},{NOT atype=undefined independent=true modes=[] flags=NONE mustBeTask=true order=ANY topActivity=null launchCookie=null customAnim=true windowingMode=undefined isCrossDisplayMove=false}]} RemoteTransition { remoteTransition = android.window.IRemoteTransition$Stub$Proxy@c77ca86, appThread = android.app.IApplicationThread$Stub$Proxy@85a3f47, debugName = QuickstepLaunchHome }}
05-01 18:24:12.426  2896  2967 V WindowManagerShell:  Checking filter Pair{{types=[OPEN,TO_FRONT] flags=0x0] notFlags=0x0 checks=[{atype=standard independent=true modes=[OPEN,TO_FRONT] flags=NONE mustBeTask=true order=ANY topActivity=null launchCookie=null windowingMode=freeform isCrossDisplayMove=false}]} RemoteTransition { remoteTransition = android.window.IRemoteTransition$Stub$Proxy@55bf5ad, appThread = null, debugName = DesktopWindowLimitUnminimize }}
05-01 18:24:12.426  2896  2967 V WindowManagerShell:  Delegate animation for (#59) to null
05-01 18:24:12.426  2896  2967 V WindowManagerShell: start default transition animation, info = {id=59 t=OPEN f=0x0 trk=0 r=[0@Point(0, 0)] c=[{m=OPEN f=NONE leash=Surface(name=Task=73#797)/@0x531b0bc sb=Rect(0, 0 - 1080, 2400) eb=Rect(0, 0 - 1080, 2400) epz=Point(1080, 2400) d=0 taskParent=-1 winMode=1 userId=0},{m=TO_BACK f=SHOW_WALLPAPER leash=Surface(name=Task=1#131)/@0x769b845 sb=Rect(0, 0 - 1080, 2400) eb=Rect(0, 0 - 1080, 2400) epz=Point(1080, 2400) d=0 taskParent=-1 winMode=1 userId=0},{m=TO_BACK f=IS_WALLPAPER leash=Surface(name=WallpaperWindowToken{d1eaf57}#147)/@0x886ab9a sb=Rect(0, 0 - 1080, 2400) eb=Rect(0, 0 - 1080, 2400) epz=Point(1080, 2400) d=0}]}
05-01 18:24:12.427  2896  2967 V WindowManagerShell: loadAnimation: anim=android.view.animation.AnimationSet@813e766 animAttr=0x13 type=OPEN isEntrance=false
05-01 18:24:12.428  2896  2967 V WindowManagerShell: loadAnimation: anim=android.view.animation.AnimationSet@fe713f2 animAttr=0x12 type=OPEN isEntrance=true
05-01 18:24:12.433  2896  2967 V WindowManagerShell:  animated by com.android.wm.shell.transition.DefaultTransitionHandler@2381992
05-01 18:24:12.437  3066  3066 D b/417220811: invalidateLoadedTasks - previous requestLoadId: -1
05-01 18:24:12.446 14906 14906 I Zygote  : Process 14906 created for com.signbridge
05-01 18:24:12.446 14906 14906 I com.signbridge: Late-enabling -Xcheck:jni
05-01 18:24:12.469 14906 14906 I com.signbridge: Using CollectorTypeCMC GC.
05-01 18:24:12.472   563   621 I adbd    : jdwp connection from 14906
05-01 18:24:12.479 14906 14906 D nativeloader: Load libframework-connectivity-tiramisu-jni.so using APEX ns com_android_tethering for caller /apex/com.android.tethering/javalib/framework-connectivity-t.jar: ok
05-01 18:24:12.481  3066  3066 D b/417220811: invalidateLoadedTasks - previous requestLoadId: -1
05-01 18:24:12.499  2599  2848 D BackgroundInstallControlService: Package event received: 0
05-01 18:24:12.517  2599  3696 W WindowManager: takeTaskSnapshot: taskId=50 not found or not visible
05-01 18:24:12.533 14906 14906 D ApplicationLoaders: Returning zygote-cached class loader: /system_ext/framework/androidx.window.extensions.jar
05-01 18:24:12.533 14906 14906 D ApplicationLoaders: Returning zygote-cached class loader: /system_ext/framework/androidx.window.sidecar.jar
05-01 18:24:12.742  2896  2967 V WindowManagerShell: Transition animation finished (aborted=false), notifying core (#59) android.os.BinderProxy@330da48@0
05-01 18:24:12.744  2599  2618 V WindowManager: Finish Transition (#59): created at 05-01 18:24:12.341 collect-started=0.037ms request-sent=8.497ms started=11.672ms ready=72.978ms sent=74.839ms commit=23.546ms finished=401.915ms
05-01 18:24:12.744  3066  3066 D VRI[NexusLauncherActivity]: visibilityChanged oldVisibility=true newVisibility=false
05-01 18:24:12.746  2896  2967 V WindowManagerShell: Track 0 became idle
05-01 18:24:12.746  2896  2967 V WindowManagerShell: All active transition animations finished
05-01 18:24:12.746  2896  3196 D WallpaperService: onVisibilityChanged(false): com.android.systemui.wallpapers.ImageWallpaper$CanvasEngine@a55e8a6
05-01 18:24:12.761  3066  3066 D NexusLauncherModelDelegate: notifySmartspaceEvent: SmartspaceTargetEvent{mSmartspaceTarget=null, mSmartspaceActionId='null', mEventType=7}
05-01 18:24:12.806 14906 14906 D nativeloader: Configuring clns-9 for other apk /data/app/~~RatI9QLCT1y2vzK-eQUSoQ==/com.signbridge-xIeNsNwm9aLUkeF4mHQbfA==/base.apk. target_sdk_version=36, uses_libraries=, library_path=/data/app/~~RatI9QLCT1y2vzK-eQUSoQ==/com.signbridge-xIeNsNwm9aLUkeF4mHQbfA==/lib/arm64:/data/app/~~RatI9QLCT1y2vzK-eQUSoQ==/com.signbridge-xIeNsNwm9aLUkeF4mHQbfA==/base.apk!/lib/arm64-v8a, permitted_path=/data:/mnt/expand:/data/user/0/com.signbridge
05-01 18:24:12.817 14906 14906 V GraphicsEnvironment: Currently set values for:
05-01 18:24:12.817 14906 14906 V GraphicsEnvironment:   angle_gl_driver_selection_pkgs=[]
05-01 18:24:12.817 14906 14906 V GraphicsEnvironment:   angle_gl_driver_selection_values=[]
05-01 18:24:12.817 14906 14906 V GraphicsEnvironment: com.signbridge is not listed in per-application setting
05-01 18:24:12.817 14906 14906 V GraphicsEnvironment: ANGLE allowlist from config: com.dreamgames.royalmatch com.dts.freefiremax com.dxx.firenow com.gramgames.mergedragons com.ludo.king com.mojang.minecraftpe com.my.defense com.nintendo.zaka com.os.airforce com.playrix.fishdomdd.gplay io.teslatech.callbreak jp.konami.prospia net.peakgames.toonblast
05-01 18:24:12.817 14906 14906 V GraphicsEnvironment: No special selections for ANGLE, returning default driver choice
05-01 18:24:12.817 14906 14906 V GraphicsEnvironment: Neither updatable production driver nor prerelease driver is supported.
05-01 18:24:12.863  2599  2848 D BackgroundInstallControlService: Package event received: 0
05-01 18:24:12.863  2599  2848 D BackgroundInstallControlService: Package event received: 0
05-01 18:24:12.864 14906 14920 I DisplayManager: Choreographer implicitly registered for the refresh rate.
05-01 18:24:12.880 14906 14906 D DesktopExperienceFlags: Toggle override initialized to: false
05-01 18:24:12.885 14906 14906 E ashmem  : Pinning is deprecated since Android Q. Please use trim or other methods.
05-01 18:24:12.903 14906 14920 I GFXSTREAM: [eglDisplay.cpp(297)] Opening libGLESv1_CM_emulation.so
05-01 18:24:12.903 14906 14920 I GFXSTREAM: [eglDisplay.cpp(297)] Opening libGLESv2_emulation.so
05-01 18:24:12.911 14906 14906 D CompatChangeReporter: Compat change id reported: 377864165; UID 10238; state: ENABLED
05-01 18:24:12.912 14906 14906 D DesktopModeFlags: Toggle override initialized to: OVERRIDE_UNSET
05-01 18:24:12.917 14906 14920 W HWUI    : Failed to choose config with EGL_SWAP_BEHAVIOR_PRESERVED, retrying without...
05-01 18:24:12.917 14906 14920 W HWUI    : Failed to initialize 101010-2 format, error = EGL_SUCCESS
05-01 18:24:12.977 14906 14906 W HWUI    : Unknown dataspace 0
05-01 18:24:12.996 14906 14906 D WindowOnBackDispatcher: setTopOnBackInvokedCallback (unwrapped): android.app.Activity$$ExternalSyntheticLambda0@4987e23
05-01 18:24:12.996  2599  2952 D CoreBackPreview: Window{f20b3e3 u0 com.signbridge/com.signbridge.MainActivity}: Setting back callback OnBackInvokedCallbackInfo{mCallback=android.window.IOnBackInvokedCallback$Stub$Proxy@3150b5e, mPriority=-1, mIsAnimationCallback=false, mOverrideBehavior=0}
05-01 18:24:13.190 14906 14906 I com.signbridge: hiddenapi: Accessing hidden method Landroid/os/SystemProperties;->addChangeCallback(Ljava/lang/Runnable;)V (runtime_flags=0, domain=platform, api=unsupported) from Landroidx/compose/ui/platform/AndroidComposeView$Companion; (domain=app, TargetSdkVersion=36) using reflection: allowed
05-01 18:24:13.228 14906 14906 I TextToSpeech: Sucessfully bound to com.google.android.tts
05-01 18:24:13.229  2599  2952 D TextToSpeechManagerPerUserService: Trying to start connection to TTS engine: com.google.android.tts
05-01 18:24:13.229  2599  2848 D BackgroundInstallControlService: Package event received: 0
05-01 18:24:13.258  2599  2599 D ActivityManager: sync unfroze 4522 com.google.android.tts for 6
05-01 18:24:13.258  2599  2848 D BackgroundInstallControlService: Package event received: 0
05-01 18:24:13.261  3457  3647 I egip    : (REDACTED) appOpsListener %s %s
05-01 18:24:13.261  3457  3647 I egip    : (REDACTED) Ignoring irrelevant audio permission changes for package %s
05-01 18:24:13.287 14906 14910 I com.signbridge: Compiler allocated 5155KB to compile void android.view.ViewRootImpl.performTraversals()
05-01 18:24:13.290 14906 14906 D VRI[MainActivity]: WindowInsets changed: 1080x2400 statusBars:[0,63,0,0] navigationBars:[0,0,0,63] mandatorySystemGestures:[0,63,0,84] 
05-01 18:24:13.290  4522  4522 I GoogleTtsServicePeer: Creating Google TTS service, version googletts.google-speech-apk_20260316.02_p0.884694279
05-01 18:24:13.295  4522  4522 I ExoPlayerImpl: Init 7396bed [AndroidXMedia3/1.10.0-rc02] [emu64a, sdk_gphone64_arm64, Google, 36]
05-01 18:24:13.309  4522  4522 I ExoPlayerImpl: Init 8a35a22 [AndroidXMedia3/1.10.0-rc02] [emu64a, sdk_gphone64_arm64, Google, 36]
05-01 18:24:13.312  4522  4522 I VoiceDataManager: checkData: Refreshing list of all available voices...
05-01 18:24:13.322 14906 14906 I HWUI    : Using FreeType backend (prop=Auto)
05-01 18:24:13.341  4522  4689 I VoiceDataDownloader: getAvailableVoicesInfo en-us
05-01 18:24:13.342  4522  4689 I VoiceGenerator: Cache cleared
05-01 18:24:13.342  4522  4689 I VoiceDataManager: Calling onVoicesDataChange: updated voices
05-01 18:24:13.342  4522  4689 I VoiceDataManager: Calling onVoicesDataChange: updated voices
05-01 18:24:13.342  4522  4689 I VoiceDataManager: Calling onVoicesDataChange: updated voices
05-01 18:24:13.342  4522  4689 I VoiceDataManager: Calling onVoicesDataChange: updated voices
05-01 18:24:13.342  4522  4689 I VoiceDataManager: Calling onVoicesDataChange: updated voices
05-01 18:24:13.342  4522  4689 I VoiceDataManager: Calling onVoicesDataChange: updated voices
05-01 18:24:13.342  4522  4689 I VoiceDataManager: Calling onVoicesDataChange: updated voices
05-01 18:24:13.342  4522  4689 I VoiceDataManager: Calling onVoicesDataChange: updated voices
05-01 18:24:13.342  4522  4689 I VoiceDataManager: Calling onVoicesDataChange: updated voices
05-01 18:24:13.342  4522  4689 I VoiceDataManager: Calling onVoicesDataChange: updated voices
05-01 18:24:13.342  4522  4689 I VoiceDataManager: Calling onVoicesDataChange: updated voices
05-01 18:24:13.342  4522  4689 I VoiceDataManager: Calling onVoicesDataChange: updated voices
05-01 18:24:13.364 14906 14906 D nativeloader: Load libstats_jni.so using APEX ns com_android_os_statsd for caller /apex/com.android.os.statsd/javalib/framework-statsd.jar: ok
05-01 18:24:13.434  2599  2618 I ActivityTaskManager: Displayed com.signbridge/.MainActivity for user 0: +1s97ms
05-01 18:24:13.437  3066  3066 D BaseActivity: Launcher flags updated: [] -[state_started]
05-01 18:24:13.437  3066  3066 D BaseDepthController: setSurface:
05-01 18:24:13.437  3066  3066 D BaseDepthController: 	mWaitingOnSurfaceValidity: false
05-01 18:24:13.437  3066  3066 D BaseDepthController: 	mBaseSurface: null
05-01 18:24:13.437  2599  2621 W ProcessStats: Tracking association SourceState{37340e8 system/1000 BFgs #62656} whose proc state 4 is better than process ProcessState{d7996d0 com.google.android.tts/10165 pkg=com.google.android.tts} proc state 14 (31 skipped)
05-01 18:24:13.437  3066  3066 D BaseDepthController: mSurface is null and mCurrentBlur is: 0
05-01 18:24:13.438  3066  3066 D LauncherStateManager: StateManager.goToState: fromState: Normal, toState: Normal, partial trace:
05-01 18:24:13.438  3066  3066 D LauncherStateManager: 	at com.android.launcher3.statemanager.StateManager.moveToRestState(go/retraceme f3a19d912c87c27267cfbc05ba0bc7b202ab72a6648bd76225f5f7e128d94583:6)
05-01 18:24:13.438  3066  3066 D LauncherStateManager: 	at com.android.launcher3.statemanager.StateManager.moveToRestState(go/retraceme f3a19d912c87c27267cfbc05ba0bc7b202ab72a6648bd76225f5f7e128d94583:2)
05-01 18:24:13.438  3066  3066 D LauncherStateManager: 	at com.android.launcher3.statemanager.StatefulActivity.onStop(go/retraceme f3a19d912c87c27267cfbc05ba0bc7b202ab72a6648bd76225f5f7e128d94583:32)
05-01 18:24:13.438  3066  3066 D LauncherStateManager: StateManager.onRepeatStateSetAborted: state: Normal
05-01 18:24:13.439  3066  3066 D ActivityContext: hideKeyboard
05-01 18:24:13.439  3066  3066 D ActivityContext: isImeShown: false
05-01 18:24:13.439  3066  3066 D StatsLog: LAUNCHER_ONSTOP
05-01 18:24:13.441  3066  3066 D StatsLog: LAUNCHER_GOOGLE_SEARCH_RESTORE_LIST_SIZE_AFTER_ACTIVITY_RESTART
05-01 18:24:13.444  4522  4522 I LocalSynthesizer: Attempting to load synthesizer for voice: en-us-x-iog-seanet-embedded
05-01 18:24:13.445  4522  4522 I LocalSynthesizer: Voice en-us-x-iog-seanet-embedded is not supported by any existing synthesizers.
05-01 18:24:13.445  4522  4522 I ComposerWrapperImpl: Initializing new monolithic pipeline. New voice: en-us-x-iog-seanet-embedded
05-01 18:24:13.445  4522  4522 I PipelineReaderImpl: Initializing monolithic pipeline from disk: /data/user_de/0/com.google.android.tts/files/superpacks/en-us/en-us-x-multi-seanet-r83/pipeline.pb
05-01 18:24:13.450  4522  4522 I native  : I0000 00:00:1777656253.450144    4522 android_resource_loader.cc:109] Loading resources for en_us_x_embedded_havoc/5432357609370922203
05-01 18:24:13.450  4522  4522 I native  : I0000 00:00:1777656253.450606    4522 data_source.cc:95] Opening data source "/data/user_de/0/com.google.android.tts/files/superpacks/en-us/en-us-x-multi-seanet-r83/../en-us-x-multi-r83/burdock_frame_config.pb" (as: FILE) ...
05-01 18:24:13.450  4522  4522 I native  : I0000 00:00:1777656253.450718    4522 data_source.cc:99] ... Opened data source "/data/user_de/0/com.google.android.tts/files/superpacks/en-us/en-us-x-multi-seanet-r83/../en-us-x-multi-r83/burdock_frame_config.pb" of size 68
05-01 18:24:13.451  4522  4522 I native  : I0000 00:00:1777656253.451740    4522 android_resource_loader.cc:100] Built resource acoustic_frame_config
05-01 18:24:13.451  4522  4522 I native  : I0000 00:00:1777656253.451775    4522 android_resource_loader.cc:116] Loaded resource:acoustic_frame_config
05-01 18:24:13.451  4522  4522 I native  : I0000 00:00:1777656253.451849    4522 data_source.cc:95] Opening data source "/data/user_de/0/com.google.android.tts/files/superpacks/en-us/en-us-x-multi-seanet-r83/../en-us-x-multi-r83/affixes_en_us_android.far" (as: FILE) ...
05-01 18:24:13.451  4522  4522 I native  : I0000 00:00:1777656253.451887    4522 data_source.cc:99] ... Opened data source "/data/user_de/0/com.google.android.tts/files/superpacks/en-us/en-us-x-multi-seanet-r83/../en-us-x-multi-r83/affixes_en_us_android.far" of size 36782
05-01 18:24:13.453  4522  4522 I native  : I0000 00:00:1777656253.453079    4522 android_resource_loader.cc:100] Built resource affix_word_splitter_grm
05-01 18:24:13.453  4522  4522 I native  : I0000 00:00:1777656253.453119    4522 android_resource_loader.cc:116] Loaded resource:affix_word_splitter_grm
05-01 18:24:13.453  4522  4522 I native  : I0000 00:00:1777656253.453162    4522 data_source.cc:95] Opening data source "/data/user_de/0/com.google.android.tts/files/superpacks/en-us/en-us-x-multi-seanet-r83/../en-us-x-multi-r83/affixes_params_en_us.pb" (as: FILE) ...
05-01 18:24:13.453  4522  4522 I native  : I0000 00:00:1777656253.453187    4522 data_source.cc:99] ... Opened data source "/data/user_de/0/com.google.android.tts/files/superpacks/en-us/en-us-x-multi-seanet-r83/../en-us-x-multi-r83/affixes_params_en_us.pb" of size 420
05-01 18:24:13.453  4522  4522 I native  : I0000 00:00:1777656253.453561    4522 affix_word_splitter_data.cc:33] Ambiguous affix entries for spelling ['s] -- their grammars should disambiguate them.
05-01 18:24:13.453  4522  4522 I native  : I0000 00:00:1777656253.453651    4522 affix_word_splitter_data.cc:33] Ambiguous affix entries for spelling ['s] -- their grammars should disambiguate them.
05-01 18:24:13.453  4522  4522 I native  : I0000 00:00:1777656253.453663    4522 affix_word_splitter_data.cc:33] Ambiguous affix entries for spelling ['s] -- their grammars should disambiguate them.
05-01 18:24:13.453  4522  4522 I native  : I0000 00:00:1777656253.453668    4522 affix_word_splitter_data.cc:33] Ambiguous affix entries for spelling [s] -- their grammars should disambiguate them.
05-01 18:24:13.453  4522  4522 I native  : I0000 00:00:1777656253.453672    4522 affix_word_splitter_data.cc:33] Ambiguous affix entries for spelling [s] -- their grammars should disambiguate them.
05-01 18:24:13.453  4522  4522 I native  : I0000 00:00:1777656253.453675    4522 affix_word_splitter_data.cc:33] Ambiguous affix entries for spelling [s] -- their grammars should disambiguate them.
05-01 18:24:13.453  4522  4522 I native  : I0000 00:00:1777656253.453680    4522 affix_word_splitter_data.cc:33] Ambiguous affix entries for spelling [ed] -- their grammars should disambiguate them.
05-01 18:24:13.453  4522  4522 I native  : I0000 00:00:1777656253.453683    4522 affix_word_splitter_data.cc:33] Ambiguous affix entries for spelling [ed] -- their grammars should disambiguate them.
05-01 18:24:13.453  4522  4522 I native  : I0000 00:00:1777656253.453686    4522 affix_word_splitter_data.cc:33] Ambiguous affix entries for spelling [ed] -- their grammars should disambiguate them.
05-01 18:24:13.453  4522  4522 I native  : I0000 00:00:1777656253.453707    4522 affix_word_splitter_data.cc:89] Loaded affixes in [/data/user_de/0/com.google.android.tts/files/superpacks/en-us/en-us-x-multi-seanet-r83/../en-us-x-multi-r83/affixes_params_en_us.pb].
05-01 18:24:13.453  4522  4522 I native  : I0000 00:00:1777656253.453737    4522 android_resource_loader.cc:100] Built resource affix_word_splitter
05-01 18:24:13.453  4522  4522 I native  : I0000 00:00:1777656253.453741    4522 android_resource_loader.cc:116] Loaded resource:affix_word_splitter
05-01 18:24:13.453  4522  4522 I native  : I0000 00:00:1777656253.453779    4522 data_source.cc:95] Opening data source "/data/user_de/0/com.google.android.tts/files/superpacks/en-us/en-us-x-multi-seanet-r83/../en-us-x-multi-r83/roman_numeral_android.far" (as: FILE) ...
05-01 18:24:13.453  4522  4522 I native  : I0000 00:00:1777656253.453798    4522 data_source.cc:99] ... Opened data source "/data/user_de/0/com.google.android.tts/files/superpacks/en-us/en-us-x-multi-seanet-r83/../en-us-x-multi-r83/roman_numeral_android.far" of size 5112
05-01 18:24:13.454  4522  4522 I native  : I0000 00:00:1777656253.454082    4522 android_resource_loader.cc:100] Built resource classify_roman_numerals_grm_fst
05-01 18:24:13.454  4522  4522 I native  : I0000 00:00:1777656253.454117    4522 android_resource_loader.cc:116] Loaded resource:classify_roman_numerals_grm_fst
05-01 18:24:13.454  4522  4522 I native  : I0000 00:00:1777656253.454123    4522 data_source.cc:95] Opening data source "/data/user_de/0/com.google.android.tts/files/superpacks/en-us/en-us-x-multi-seanet-r83/../en-us-x-multi-r83/en_us_pronounce.far" (as: FILE) ...
05-01 18:24:13.454  4522  4522 I native  : I0000 00:00:1777656253.454146    4522 data_source.cc:99] ... Opened data source "/data/user_de/0/com.google.android.tts/files/superpacks/en-us/en-us-x-multi-seanet-r83/../en-us-x-multi-r83/en_us_pronounce.far" of size 5040
05-01 18:24:13.454  4522  4522 I native  : I0000 00:00:1777656253.454241    4522 android_resource_loader.cc:100] Built resource compound_pronounce_grm_fst
05-01 18:24:13.454  4522  4522 I native  : I0000 00:00:1777656253.454273    4522 android_resource_loader.cc:116] Loaded resource:compound_pronounce_grm_fst
05-01 18:24:13.454  4522  4522 I native  : I0000 00:00:1777656253.454352    4522 data_source.cc:95] Opening data source "/data/user_de/0/com.google.android.tts/files/superpacks/en-us/en-us-x-multi-seanet-r83/../en-us-x-multi-r83/disambiguation_rules_en_us.pb" (as: FILE) ...
05-01 18:24:13.454  4522  4522 I native  : I0000 00:00:1777656253.454391    4522 data_source.cc:99] ... Opened data source "/data/user_de/0/com.google.android.tts/files/superpacks/en-us/en-us-x-multi-seanet-r83/../en-us-x-multi-r83/disambiguation_rules_en_us.pb" of size 317147
05-01 18:24:13.459  2599  2848 D BackgroundInstallControlService: Package event received: 0
05-01 18:24:13.462  2599  2760 I ImeTracker: com.signbridge:7bc5764d: onRequestHide at ORIGIN_SERVER reason HIDE_UNSPECIFIED_WINDOW fromUser false
05-01 18:24:13.477  3342  3342 I GoogleInputMethodService: GoogleInputMethodService.onFinishInput():2186 
05-01 18:24:13.477  2599  2991 I ImeTracker: system_server:8846bda: onRequestHide at ORIGIN_SERVER reason IME_REQUESTED_CHANGED_LISTENER fromUser false
05-01 18:24:13.477 14906 14906 D InsetsController: hide(ime())
05-01 18:24:13.477 14906 14906 I ImeTracker: com.signbridge:7bc5764d: onCancelled at PHASE_CLIENT_ALREADY_HIDDEN
05-01 18:24:13.478  2599  2621 I ImeTracker: system_server:8846bda: onCancelled at PHASE_SERVER_SHOULD_HIDE
05-01 18:24:13.481  4139  4162 I FontLog : (REDACTED) Received query %s, URI %s
05-01 18:24:13.481  3342  3342 I Module  : DeviceLockedStatusModuleProvider$Module.updateDeviceLockedStatus():103 repeatCheckTimes = 0, locked = false
05-01 18:24:13.482  4139  4162 I FontLog : (REDACTED) Query [%s] resolved to %s
05-01 18:24:13.483  3342  3342 I GoogleInputMethodService: GoogleInputMethodService.onStartInput():1444 onStartInput(EditorInfo{EditorInfo{packageName=com.signbridge, inputType=0, inputTypeString=NULL, enableLearning=false, autoCorrection=false, autoComplete=false, imeOptions=0, privateImeOptions=null, actionName=UNSPECIFIED, actionLabel=null, initialSelStart=-1, initialSelEnd=-1, initialCapsMode=0, label=null, fieldId=0, fieldName=null, extras=null, hintText=null, hintLocales=[]}}, false)
05-01 18:24:13.483  3342  3342 I AndroidIME: LatinIMEBase.updateInputViewCoverNavigation():321 Update input view padding, isNavbarOverInputWindow=true, bottom inset=126
05-01 18:24:13.483  4139  4162 I FontLog : (REDACTED) Fetch %s end status %s
05-01 18:24:13.484  3342  3342 I Module  : DeviceLockedStatusModuleProvider$Module.updateDeviceLockedStatus():103 repeatCheckTimes = 1, locked = false
05-01 18:24:13.488  2599  3696 W PackageConfigPersister: App-specific configuration not found for packageName: com.signbridge and userId: 0
05-01 18:24:13.494  4139  4162 I FontLog : (REDACTED) Pulling font file for id = %d, cache size = %d
05-01 18:24:13.496  4522  4522 I native  : I0000 00:00:1777656253.496520    4522 android_resource_loader.cc:100] Built resource disambiguation_rules
05-01 18:24:13.496  4522  4522 I native  : I0000 00:00:1777656253.496594    4522 android_resource_loader.cc:116] Loaded resource:disambiguation_rules
05-01 18:24:13.496  4522  4522 I native  : I0000 00:00:1777656253.496652    4522 data_source.cc:95] Opening data source "/data/user_de/0/com.google.android.tts/files/superpacks/en-us/en-us-x-multi-seanet-r83/engine_config_en_us_x_embedded_havoc.pb" (as: FILE) ...
05-01 18:24:13.496  4522  4522 I native  : I0000 00:00:1777656253.496689    4522 data_source.cc:99] ... Opened data source "/data/user_de/0/com.google.android.tts/files/superpacks/en-us/en-us-x-multi-seanet-r83/engine_config_en_us_x_embedded_havoc.pb" of size 54
05-01 18:24:13.496  4522  4522 I native  : I0000 00:00:1777656253.496783    4522 android_resource_loader.cc:100] Built resource engine_config
05-01 18:24:13.496  4522  4522 I native  : I0000 00:00:1777656253.496798    4522 android_resource_loader.cc:116] Loaded resource:engine_config
05-01 18:24:13.496  4522  4522 I native  : I0000 00:00:1777656253.496844    4522 android_resource_loader.cc:100] Built resource guided_synthesis
05-01 18:24:13.496  4522  4522 I native  : I0000 00:00:1777656253.496852    4522 android_resource_loader.cc:116] Loaded resource:guided_synthesis
05-01 18:24:13.496  4522  4522 I native  : I0000 00:00:1777656253.496862    4522 data_source.cc:95] Opening data source "/data/user_de/0/com.google.android.tts/files/superpacks/en-us/en-us-x-multi-seanet-r83/../en-us-x-multi-r83/mapping_grammar_en.far" (as: FILE) ...
05-01 18:24:13.496  4522  4522 I native  : I0000 00:00:1777656253.496874    4522 data_source.cc:99] ... Opened data source "/data/user_de/0/com.google.android.tts/files/superpacks/en-us/en-us-x-multi-seanet-r83/../en-us-x-multi-r83/mapping_grammar_en.far" of size 863
05-01 18:24:13.496  4522  4522 I native  : I0000 00:00:1777656253.496982    4522 android_resource_loader.cc:100] Built resource homograph_mapping_grammar
05-01 18:24:13.496  4522  4522 I native  : I0000 00:00:1777656253.496996    4522 android_resource_loader.cc:116] Loaded resource:homograph_mapping_grammar
05-01 18:24:13.497  4522  4522 I native  : I0000 00:00:1777656253.497042    4522 data_source.cc:95] Opening data source "/data/user_de/0/com.google.android.tts/files/superpacks/en-us/en-us-x-multi-seanet-r83/../en-us-x-multi-r83/lettuce_model.fb" (as: MEMORY) ...
05-01 18:24:13.497  4522  4522 I native  : I0000 00:00:1777656253.497067    4522 data_source.cc:99] ... Opened data source "/data/user_de/0/com.google.android.tts/files/superpacks/en-us/en-us-x-multi-seanet-r83/../en-us-x-multi-r83/lettuce_model.fb" of size 2100680
05-01 18:24:13.497  4522  4522 I native  : I0000 00:00:1777656253.497460    4522 android_resource_loader.cc:100] Built resource lettuce_model_resource
05-01 18:24:13.497  4522  4522 I native  : I0000 00:00:1777656253.497476    4522 android_resource_loader.cc:116] Loaded resource:lettuce_model_resource
05-01 18:24:13.497  4522  4522 I native  : I0000 00:00:1777656253.497499    4522 android_resource_loader.cc:100] Built resource lettuce_model_scorer
05-01 18:24:13.497  4522  4522 I native  : I0000 00:00:1777656253.497514    4522 android_resource_loader.cc:116] Loaded resource:lettuce_model_scorer
05-01 18:24:13.497  4522  4522 I native  : I0000 00:00:1777656253.497522    4522 data_source.cc:95] Opening data source "/data/user_de/0/com.google.android.tts/files/superpacks/en-us/en-us-x-multi-seanet-r83/../en-us-x-multi-r83/lettuce_classify_embedded_us_generated_android.far" (as: FILE) ...
05-01 18:24:13.497  4522  4522 I native  : I0000 00:00:1777656253.497539    4522 data_source.cc:99] ... Opened data source "/data/user_de/0/com.google.android.tts/files/superpacks/en-us/en-us-x-multi-seanet-r83/../en-us-x-multi-r83/lettuce_classify_embedded_us_generated_android.far" of size 4439801
05-01 18:24:13.499  4139  4162 I FontLog : (REDACTED) Pulling font file for id = %d, cache size = %d
05-01 18:24:13.527  4522  4522 I native  : I0000 00:00:1777656253.527281    4522 android_resource_loader.cc:100] Built resource lettuce_node_generator_grm
05-01 18:24:13.527  4522  4522 I native  : I0000 00:00:1777656253.527351    4522 android_resource_loader.cc:116] Loaded resource:lettuce_node_generator_grm
05-01 18:24:13.527  4522  4522 I native  : I0000 00:00:1777656253.527368    4522 data_source.cc:95] Opening data source "/data/user_de/0/com.google.android.tts/files/superpacks/en-us/en-us-x-multi-seanet-r83/../en-us-x-multi-r83/lucid_collection_android.far" (as: FILE) ...
05-01 18:24:13.527  4522  4522 I native  : I0000 00:00:1777656253.527411    4522 data_source.cc:99] ... Opened data source "/data/user_de/0/com.google.android.tts/files/superpacks/en-us/en-us-x-multi-seanet-r83/../en-us-x-multi-r83/lucid_collection_android.far" of size 306120
