05-01 18:24:49.034   521 14965 E EmulatedRequestProcessor: ApplyOverrideZoom: awbRegions needs to be specified for overriding zoom
05-01 18:24:49.069   521 14965 E EmulatedRequestProcessor: ApplyOverrideZoom: awbRegions needs to be specified for overriding zoom
05-01 18:24:49.103   521 14965 E EmulatedRequestProcessor: ApplyOverrideZoom: awbRegions needs to be specified for overriding zoom
05-01 18:24:49.138   521 14965 E EmulatedRequestProcessor: ApplyOverrideZoom: awbRegions needs to be specified for overriding zoom
05-01 18:24:49.172   521 14965 E EmulatedRequestProcessor: ApplyOverrideZoom: awbRegions needs to be specified for overriding zoom
05-01 18:24:49.209   521 14965 E EmulatedRequestProcessor: ApplyOverrideZoom: awbRegions needs to be specified for overriding zoom
05-01 18:24:49.244   521 14965 E EmulatedRequestProcessor: ApplyOverrideZoom: awbRegions needs to be specified for overriding zoom
05-01 18:24:49.280   521 14965 E EmulatedRequestProcessor: ApplyOverrideZoom: awbRegions needs to be specified for overriding zoom
05-01 18:24:49.314   521 14965 E EmulatedRequestProcessor: ApplyOverrideZoom: awbRegions needs to be specified for overriding zoom
05-01 18:24:49.349   521 14965 E EmulatedRequestProcessor: ApplyOverrideZoom: awbRegions needs to be specified for overriding zoom
05-01 18:24:49.384   521 14965 E EmulatedRequestProcessor: ApplyOverrideZoom: awbRegions needs to be specified for overriding zoom
05-01 18:24:49.420   521 14965 E EmulatedRequestProcessor: ApplyOverrideZoom: awbRegions needs to be specified for overriding zoom
05-01 18:24:49.455   521 14965 E EmulatedRequestProcessor: ApplyOverrideZoom: awbRegions needs to be specified for overriding zoom
05-01 18:24:49.488   521 14965 E EmulatedRequestProcessor: ApplyOverrideZoom: awbRegions needs to be specified for overriding zoom
05-01 18:24:49.522   521 14965 E EmulatedRequestProcessor: ApplyOverrideZoom: awbRegions needs to be specified for overriding zoom
05-01 18:24:49.555   521 14965 E EmulatedRequestProcessor: ApplyOverrideZoom: awbRegions needs to be specified for overriding zoom
05-01 18:24:49.593   521 14965 E EmulatedRequestProcessor: ApplyOverrideZoom: awbRegions needs to be specified for overriding zoom
05-01 18:24:49.628   521 14965 E EmulatedRequestProcessor: ApplyOverrideZoom: awbRegions needs to be specified for overriding zoom
05-01 18:24:49.664   521 14965 E EmulatedRequestProcessor: ApplyOverrideZoom: awbRegions needs to be specified for overriding zoom
05-01 18:24:49.700   521 14965 E EmulatedRequestProcessor: ApplyOverrideZoom: awbRegions needs to be specified for overriding zoom
05-01 18:24:49.735   521 14965 E EmulatedRequestProcessor: ApplyOverrideZoom: awbRegions needs to be specified for overriding zoom
05-01 18:24:49.768   521 14965 E EmulatedRequestProcessor: ApplyOverrideZoom: awbRegions needs to be specified for overriding zoom
05-01 18:24:49.805  2599  2682 W libbinder.IPCThreadState: Sending oneway calls to frozen process.
05-01 18:24:49.805  2599  2682 W libbinder.IPCThreadState: Sending oneway calls to frozen process.
05-01 18:24:49.805   521 14965 E EmulatedRequestProcessor: ApplyOverrideZoom: awbRegions needs to be specified for overriding zoom
05-01 18:24:49.841   521 14965 E EmulatedRequestProcessor: ApplyOverrideZoom: awbRegions needs to be specified for overriding zoom
05-01 18:24:49.876   521 14965 E EmulatedRequestProcessor: ApplyOverrideZoom: awbRegions needs to be specified for overriding zoom
05-01 18:24:49.918   521 14965 E EmulatedRequestProcessor: ApplyOverrideZoom: awbRegions needs to be specified for overriding zoom
05-01 18:24:49.956   521 14965 E EmulatedRequestProcessor: ApplyOverrideZoom: awbRegions needs to be specified for overriding zoom
05-01 18:24:49.990   521 14965 E EmulatedRequestProcessor: ApplyOverrideZoom: awbRegions needs to be specified for overriding zoom
05-01 18:24:50.024   521 14965 E EmulatedRequestProcessor: ApplyOverrideZoom: awbRegions needs to be specified for overriding zoom
05-01 18:24:50.059   521 14965 E EmulatedRequestProcessor: ApplyOverrideZoom: awbRegions needs to be specified for overriding zoom
05-01 18:24:50.094   521 14965 E EmulatedRequestProcessor: ApplyOverrideZoom: awbRegions needs to be specified for overriding zoom
05-01 18:24:50.128   521 14965 E EmulatedRequestProcessor: ApplyOverrideZoom: awbRegions needs to be specified for overriding zoom
05-01 18:24:50.163   521 14965 E EmulatedRequestProcessor: ApplyOverrideZoom: awbRegions needs to be specified for overriding zoom
05-01 18:24:50.199   521 14965 E EmulatedRequestProcessor: ApplyOverrideZoom: awbRegions needs to be specified for overriding zoom
05-01 18:24:50.233   521 14965 E EmulatedRequestProcessor: ApplyOverrideZoom: awbRegions needs to be specified for overriding zoom
05-01 18:24:50.267   521 14965 E EmulatedRequestProcessor: ApplyOverrideZoom: awbRegions needs to be specified for overriding zoom
05-01 18:24:50.301   521 14965 E EmulatedRequestProcessor: ApplyOverrideZoom: awbRegions needs to be specified for overriding zoom
05-01 18:24:50.335   521 14965 E EmulatedRequestProcessor: ApplyOverrideZoom: awbRegions needs to be specified for overriding zoom
05-01 18:24:50.370   521 14965 E EmulatedRequestProcessor: ApplyOverrideZoom: awbRegions needs to be specified for overriding zoom
05-01 18:24:50.404   521 14965 E EmulatedRequestProcessor: ApplyOverrideZoom: awbRegions needs to be specified for overriding zoom
05-01 18:24:50.437   521 14965 E EmulatedRequestProcessor: ApplyOverrideZoom: awbRegions needs to be specified for overriding zoom
05-01 18:24:50.472   521 14965 E EmulatedRequestProcessor: ApplyOverrideZoom: awbRegions needs to be specified for overriding zoom
05-01 18:24:50.506   521 14965 E EmulatedRequestProcessor: ApplyOverrideZoom: awbRegions needs to be specified for overriding zoom
05-01 18:24:50.540   521 14965 E EmulatedRequestProcessor: ApplyOverrideZoom: awbRegions needs to be specified for overriding zoom
05-01 18:24:50.575   521 14965 E EmulatedRequestProcessor: ApplyOverrideZoom: awbRegions needs to be specified for overriding zoom
05-01 18:24:50.610   521 14965 E EmulatedRequestProcessor: ApplyOverrideZoom: awbRegions needs to be specified for overriding zoom
05-01 18:24:50.644   521 14965 E EmulatedRequestProcessor: ApplyOverrideZoom: awbRegions needs to be specified for overriding zoom
05-01 18:24:50.665  2599  2796 I HalDevMgr: bestIfaceCreationProposal is null, requestIface=STA, existingIface=[name=wlan0 type=STA]
05-01 18:24:50.683   521 14965 E EmulatedRequestProcessor: ApplyOverrideZoom: awbRegions needs to be specified for overriding zoom
05-01 18:24:50.717   521 14965 E EmulatedRequestProcessor: ApplyOverrideZoom: awbRegions needs to be specified for overriding zoom
05-01 18:24:50.754   521 14965 E EmulatedRequestProcessor: ApplyOverrideZoom: awbRegions needs to be specified for overriding zoom
05-01 18:24:50.790   521 14965 E EmulatedRequestProcessor: ApplyOverrideZoom: awbRegions needs to be specified for overriding zoom
05-01 18:24:50.827   521 14965 E EmulatedRequestProcessor: ApplyOverrideZoom: awbRegions needs to be specified for overriding zoom
05-01 18:24:50.862   521 14965 E EmulatedRequestProcessor: ApplyOverrideZoom: awbRegions needs to be specified for overriding zoom
05-01 18:24:50.891  2599  2682 W libbinder.IPCThreadState: Sending oneway calls to frozen process.
05-01 18:24:50.897   521 14965 E EmulatedRequestProcessor: ApplyOverrideZoom: awbRegions needs to be specified for overriding zoom
05-01 18:24:50.930   521 14965 E EmulatedRequestProcessor: ApplyOverrideZoom: awbRegions needs to be specified for overriding zoom
05-01 18:24:50.966   521 14965 E EmulatedRequestProcessor: ApplyOverrideZoom: awbRegions needs to be specified for overriding zoom
05-01 18:24:51.002   521 14965 E EmulatedRequestProcessor: ApplyOverrideZoom: awbRegions needs to be specified for overriding zoom
05-01 18:24:51.040   521 14965 E EmulatedRequestProcessor: ApplyOverrideZoom: awbRegions needs to be specified for overriding zoom
05-01 18:24:51.074   521 14965 E EmulatedRequestProcessor: ApplyOverrideZoom: awbRegions needs to be specified for overriding zoom
05-01 18:24:51.109   521 14965 E EmulatedRequestProcessor: ApplyOverrideZoom: awbRegions needs to be specified for overriding zoom
05-01 18:24:51.143   521 14965 E EmulatedRequestProcessor: ApplyOverrideZoom: awbRegions needs to be specified for overriding zoom
05-01 18:24:51.179   521 14965 E EmulatedRequestProcessor: ApplyOverrideZoom: awbRegions needs to be specified for overriding zoom
05-01 18:24:51.213   521 14965 E EmulatedRequestProcessor: ApplyOverrideZoom: awbRegions needs to be specified for overriding zoom
05-01 18:24:51.247   521 14965 E EmulatedRequestProcessor: ApplyOverrideZoom: awbRegions needs to be specified for overriding zoom
05-01 18:24:51.281   521 14965 E EmulatedRequestProcessor: ApplyOverrideZoom: awbRegions needs to be specified for overriding zoom
05-01 18:24:51.315   521 14965 E EmulatedRequestProcessor: ApplyOverrideZoom: awbRegions needs to be specified for overriding zoom
05-01 18:24:51.349   521 14965 E EmulatedRequestProcessor: ApplyOverrideZoom: awbRegions needs to be specified for overriding zoom
05-01 18:24:51.383   521 14965 E EmulatedRequestProcessor: ApplyOverrideZoom: awbRegions needs to be specified for overriding zoom
05-01 18:24:51.390  3054  3142 D SatelliteController: iisInCarrierRoamingNbIotNtn: satellite is disabled
05-01 18:24:51.391  2599  3705 W libbinder.IPCThreadState: Sending oneway calls to frozen process.
05-01 18:24:51.391  3054  3142 D SatelliteController: getCarrierRoamingNtnConnectType: Falling back to global carrier config connect type: 0
05-01 18:24:51.419   521 14965 E EmulatedRequestProcessor: ApplyOverrideZoom: awbRegions needs to be specified for overriding zoom
05-01 18:24:51.455   521 14965 E EmulatedRequestProcessor: ApplyOverrideZoom: awbRegions needs to be specified for overriding zoom
05-01 18:24:51.489   521 14965 E EmulatedRequestProcessor: ApplyOverrideZoom: awbRegions needs to be specified for overriding zoom
05-01 18:24:51.523   521 14965 E EmulatedRequestProcessor: ApplyOverrideZoom: awbRegions needs to be specified for overriding zoom
05-01 18:24:51.557   521 14965 E EmulatedRequestProcessor: ApplyOverrideZoom: awbRegions needs to be specified for overriding zoom
05-01 18:24:51.591   521 14965 E EmulatedRequestProcessor: ApplyOverrideZoom: awbRegions needs to be specified for overriding zoom
05-01 18:24:51.624   521 14965 E EmulatedRequestProcessor: ApplyOverrideZoom: awbRegions needs to be specified for overriding zoom
05-01 18:24:51.659   521 14965 E EmulatedRequestProcessor: ApplyOverrideZoom: awbRegions needs to be specified for overriding zoom
05-01 18:24:51.694   521 14965 E EmulatedRequestProcessor: ApplyOverrideZoom: awbRegions needs to be specified for overriding zoom
05-01 18:24:51.729   521 14965 E EmulatedRequestProcessor: ApplyOverrideZoom: awbRegions needs to be specified for overriding zoom
05-01 18:24:51.765   521 14965 E EmulatedRequestProcessor: ApplyOverrideZoom: awbRegions needs to be specified for overriding zoom
05-01 18:24:51.801   521 14965 E EmulatedRequestProcessor: ApplyOverrideZoom: awbRegions needs to be specified for overriding zoom
05-01 18:24:51.837   521 14965 E EmulatedRequestProcessor: ApplyOverrideZoom: awbRegions needs to be specified for overriding zoom
05-01 18:24:51.875   521 14965 E EmulatedRequestProcessor: ApplyOverrideZoom: awbRegions needs to be specified for overriding zoom
05-01 18:24:51.910   521 14965 E EmulatedRequestProcessor: ApplyOverrideZoom: awbRegions needs to be specified for overriding zoom
05-01 18:24:51.946   521 14965 E EmulatedRequestProcessor: ApplyOverrideZoom: awbRegions needs to be specified for overriding zoom
05-01 18:24:51.981   521 14965 E EmulatedRequestProcessor: ApplyOverrideZoom: awbRegions needs to be specified for overriding zoom
05-01 18:24:52.015   521 14965 E EmulatedRequestProcessor: ApplyOverrideZoom: awbRegions needs to be specified for overriding zoom
05-01 18:24:52.050   521 14965 E EmulatedRequestProcessor: ApplyOverrideZoom: awbRegions needs to be specified for overriding zoom
05-01 18:24:52.088   521 14965 E EmulatedRequestProcessor: ApplyOverrideZoom: awbRegions needs to be specified for overriding zoom
05-01 18:24:52.122   521 14965 E EmulatedRequestProcessor: ApplyOverrideZoom: awbRegions needs to be specified for overriding zoom
05-01 18:24:52.156   521 14965 E EmulatedRequestProcessor: ApplyOverrideZoom: awbRegions needs to be specified for overriding zoom
05-01 18:24:52.190   521 14965 E EmulatedRequestProcessor: ApplyOverrideZoom: awbRegions needs to be specified for overriding zoom
05-01 18:24:52.224   521 14965 E EmulatedRequestProcessor: ApplyOverrideZoom: awbRegions needs to be specified for overriding zoom
05-01 18:24:52.258   521 14965 E EmulatedRequestProcessor: ApplyOverrideZoom: awbRegions needs to be specified for overriding zoom
05-01 18:24:52.293   521 14965 E EmulatedRequestProcessor: ApplyOverrideZoom: awbRegions needs to be specified for overriding zoom
05-01 18:24:52.327   521 14965 E EmulatedRequestProcessor: ApplyOverrideZoom: awbRegions needs to be specified for overriding zoom
05-01 18:24:52.362   521 14965 E EmulatedRequestProcessor: ApplyOverrideZoom: awbRegions needs to be specified for overriding zoom
05-01 18:24:52.396   521 14965 E EmulatedRequestProcessor: ApplyOverrideZoom: awbRegions needs to be specified for overriding zoom
05-01 18:24:52.431   521 14965 E EmulatedRequestProcessor: ApplyOverrideZoom: awbRegions needs to be specified for overriding zoom
05-01 18:24:52.466   521 14965 E EmulatedRequestProcessor: ApplyOverrideZoom: awbRegions needs to be specified for overriding zoom
05-01 18:24:52.501   521 14965 E EmulatedRequestProcessor: ApplyOverrideZoom: awbRegions needs to be specified for overriding zoom
05-01 18:24:52.536   521 14965 E EmulatedRequestProcessor: ApplyOverrideZoom: awbRegions needs to be specified for overriding zoom
05-01 18:24:52.570   521 14965 E EmulatedRequestProcessor: ApplyOverrideZoom: awbRegions needs to be specified for overriding zoom
05-01 18:24:52.606   521 14965 E EmulatedRequestProcessor: ApplyOverrideZoom: awbRegions needs to be specified for overriding zoom
05-01 18:24:52.647   521 14965 E EmulatedRequestProcessor: ApplyOverrideZoom: awbRegions needs to be specified for overriding zoom
05-01 18:24:52.681   521 14965 E EmulatedRequestProcessor: ApplyOverrideZoom: awbRegions needs to be specified for overriding zoom
05-01 18:24:52.715   521 14965 E EmulatedRequestProcessor: ApplyOverrideZoom: awbRegions needs to be specified for overriding zoom
05-01 18:24:52.749   521 14965 E EmulatedRequestProcessor: ApplyOverrideZoom: awbRegions needs to be specified for overriding zoom
05-01 18:24:52.783   521 14965 E EmulatedRequestProcessor: ApplyOverrideZoom: awbRegions needs to be specified for overriding zoom
05-01 18:24:52.818   521 14965 E EmulatedRequestProcessor: ApplyOverrideZoom: awbRegions needs to be specified for overriding zoom
05-01 18:24:52.855   521 14965 E EmulatedRequestProcessor: ApplyOverrideZoom: awbRegions needs to be specified for overriding zoom
05-01 18:24:52.890   521 14965 E EmulatedRequestProcessor: ApplyOverrideZoom: awbRegions needs to be specified for overriding zoom
05-01 18:24:52.924   521 14965 E EmulatedRequestProcessor: ApplyOverrideZoom: awbRegions needs to be specified for overriding zoom
05-01 18:24:52.957   521 14965 E EmulatedRequestProcessor: ApplyOverrideZoom: awbRegions needs to be specified for overriding zoom
05-01 18:24:52.991   521 14965 E EmulatedRequestProcessor: ApplyOverrideZoom: awbRegions needs to be specified for overriding zoom
05-01 18:24:53.025   521 14965 E EmulatedRequestProcessor: ApplyOverrideZoom: awbRegions needs to be specified for overriding zoom
05-01 18:24:53.060   521 14965 E EmulatedRequestProcessor: ApplyOverrideZoom: awbRegions needs to be specified for overriding zoom
05-01 18:24:53.086  2970  2970 W DnsResolver: resNetworkResult:android.system.ErrnoException: resNetworkResult failed: ETIMEDOUT (Connection timed out)
05-01 18:24:53.088  2970  2970 W DnsResolver: resNetworkResult:android.system.ErrnoException: resNetworkResult failed: ETIMEDOUT (Connection timed out)
05-01 18:24:53.088  2970  2970 W DnsResolver: resNetworkResult:android.system.ErrnoException: resNetworkResult failed: ETIMEDOUT (Connection timed out)
05-01 18:24:53.088  2970  2970 W DnsResolver: resNetworkResult:android.system.ErrnoException: resNetworkResult failed: ETIMEDOUT (Connection timed out)
05-01 18:24:53.088  2970 15020 D NetworkMonitor/101: PROBE_DNS www.google.com 10021ms FAIL in type ADDRCONFIG android.net.DnsResolver$DnsException: android.system.ErrnoException: resNetworkResult failed: ETIMEDOUT (Connection timed out)
05-01 18:24:53.088  2970 15021 D NetworkMonitor/101: PROBE_DNS connectivitycheck.gstatic.com 10021ms FAIL in type ADDRCONFIG android.net.DnsResolver$DnsException: android.system.ErrnoException: resNetworkResult failed: ETIMEDOUT (Connection timed out)
05-01 18:24:53.094   521 14965 E EmulatedRequestProcessor: ApplyOverrideZoom: awbRegions needs to be specified for overriding zoom
05-01 18:24:53.130   521 14965 E EmulatedRequestProcessor: ApplyOverrideZoom: awbRegions needs to be specified for overriding zoom
05-01 18:24:53.166   521 14965 E EmulatedRequestProcessor: ApplyOverrideZoom: awbRegions needs to be specified for overriding zoom
05-01 18:24:53.201   521 14965 E EmulatedRequestProcessor: ApplyOverrideZoom: awbRegions needs to be specified for overriding zoom
05-01 18:24:53.235   521 14965 E EmulatedRequestProcessor: ApplyOverrideZoom: awbRegions needs to be specified for overriding zoom
05-01 18:24:53.270   521 14965 E EmulatedRequestProcessor: ApplyOverrideZoom: awbRegions needs to be specified for overriding zoom
05-01 18:24:53.306   521 14965 E EmulatedRequestProcessor: ApplyOverrideZoom: awbRegions needs to be specified for overriding zoom
05-01 18:24:53.342   521 14965 E EmulatedRequestProcessor: ApplyOverrideZoom: awbRegions needs to be specified for overriding zoom
05-01 18:24:53.377   521 14965 E EmulatedRequestProcessor: ApplyOverrideZoom: awbRegions needs to be specified for overriding zoom
05-01 18:24:53.411   521 14965 E EmulatedRequestProcessor: ApplyOverrideZoom: awbRegions needs to be specified for overriding zoom
05-01 18:24:53.447   521 14965 E EmulatedRequestProcessor: ApplyOverrideZoom: awbRegions needs to be specified for overriding zoom
05-01 18:24:53.481   521 14965 E EmulatedRequestProcessor: ApplyOverrideZoom: awbRegions needs to be specified for overriding zoom
05-01 18:24:53.516   521 14965 E EmulatedRequestProcessor: ApplyOverrideZoom: awbRegions needs to be specified for overriding zoom
05-01 18:24:53.550   521 14965 E EmulatedRequestProcessor: ApplyOverrideZoom: awbRegions needs to be specified for overriding zoom
05-01 18:24:53.586   521 14965 E EmulatedRequestProcessor: ApplyOverrideZoom: awbRegions needs to be specified for overriding zoom
05-01 18:24:53.620   521 14965 E EmulatedRequestProcessor: ApplyOverrideZoom: awbRegions needs to be specified for overriding zoom
05-01 18:24:53.656   521 14965 E EmulatedRequestProcessor: ApplyOverrideZoom: awbRegions needs to be specified for overriding zoom
05-01 18:24:53.670  2599  2796 I HalDevMgr: bestIfaceCreationProposal is null, requestIface=STA, existingIface=[name=wlan0 type=STA]
05-01 18:24:53.689   521 14965 E EmulatedRequestProcessor: ApplyOverrideZoom: awbRegions needs to be specified for overriding zoom
05-01 18:24:53.723   521 14965 E EmulatedRequestProcessor: ApplyOverrideZoom: awbRegions needs to be specified for overriding zoom
05-01 18:24:53.759   521 14965 E EmulatedRequestProcessor: ApplyOverrideZoom: awbRegions needs to be specified for overriding zoom
05-01 18:24:53.794   521 14965 E EmulatedRequestProcessor: ApplyOverrideZoom: awbRegions needs to be specified for overriding zoom
05-01 18:24:53.831   521 14965 E EmulatedRequestProcessor: ApplyOverrideZoom: awbRegions needs to be specified for overriding zoom
05-01 18:24:53.866   521 14965 E EmulatedRequestProcessor: ApplyOverrideZoom: awbRegions needs to be specified for overriding zoom
05-01 18:24:53.900   521 14965 E EmulatedRequestProcessor: ApplyOverrideZoom: awbRegions needs to be specified for overriding zoom
05-01 18:24:53.936   521 14965 E EmulatedRequestProcessor: ApplyOverrideZoom: awbRegions needs to be specified for overriding zoom
05-01 18:24:53.969   521 14965 E EmulatedRequestProcessor: ApplyOverrideZoom: awbRegions needs to be specified for overriding zoom
05-01 18:24:54.004   521 14965 E EmulatedRequestProcessor: ApplyOverrideZoom: awbRegions needs to be specified for overriding zoom
05-01 18:24:54.039   521 14965 E EmulatedRequestProcessor: ApplyOverrideZoom: awbRegions needs to be specified for overriding zoom
05-01 18:24:54.074   521 14965 E EmulatedRequestProcessor: ApplyOverrideZoom: awbRegions needs to be specified for overriding zoom
05-01 18:24:54.109   521 14965 E EmulatedRequestProcessor: ApplyOverrideZoom: awbRegions needs to be specified for overriding zoom
05-01 18:24:54.144   521 14965 E EmulatedRequestProcessor: ApplyOverrideZoom: awbRegions needs to be specified for overriding zoom
05-01 18:24:54.179   521 14965 E EmulatedRequestProcessor: ApplyOverrideZoom: awbRegions needs to be specified for overriding zoom
05-01 18:24:54.216   521 14965 E EmulatedRequestProcessor: ApplyOverrideZoom: awbRegions needs to be specified for overriding zoom
05-01 18:24:54.251   521 14965 E EmulatedRequestProcessor: ApplyOverrideZoom: awbRegions needs to be specified for overriding zoom
05-01 18:24:54.286   521 14965 E EmulatedRequestProcessor: ApplyOverrideZoom: awbRegions needs to be specified for overriding zoom
05-01 18:24:54.322   521 14965 E EmulatedRequestProcessor: ApplyOverrideZoom: awbRegions needs to be specified for overriding zoom
05-01 18:24:54.335  2970  3128 W AlarmManager: Unrecognized alarm listener com.android.networkstack.android.net.ip.IpClientLinkObserver$Dhcp6PdPreferredPrefixAlarmListener@466d7d8
05-01 18:24:54.335  2970  3128 D ApfFilter: (wlan0): Ignoring RA RA fe80::2 -> ff02::1 1800s fec0::/64 86400s/14400s  which matches RA fe80::2 -> ff02::1 1800s fec0::/64 86400s/14400s 
05-01 18:24:54.355   521 14965 E EmulatedRequestProcessor: ApplyOverrideZoom: awbRegions needs to be specified for overriding zoom
05-01 18:24:54.390   521 14965 E EmulatedRequestProcessor: ApplyOverrideZoom: awbRegions needs to be specified for overriding zoom
05-01 18:24:54.424   521 14965 E EmulatedRequestProcessor: ApplyOverrideZoom: awbRegions needs to be specified for overriding zoom
05-01 18:24:54.457   521 14965 E EmulatedRequestProcessor: ApplyOverrideZoom: awbRegions needs to be specified for overriding zoom
05-01 18:24:54.491   521 14965 E EmulatedRequestProcessor: ApplyOverrideZoom: awbRegions needs to be specified for overriding zoom
05-01 18:24:54.525   521 14965 E EmulatedRequestProcessor: ApplyOverrideZoom: awbRegions needs to be specified for overriding zoom
05-01 18:24:54.560   521 14965 E EmulatedRequestProcessor: ApplyOverrideZoom: awbRegions needs to be specified for overriding zoom
05-01 18:24:54.596   521 14965 E EmulatedRequestProcessor: ApplyOverrideZoom: awbRegions needs to be specified for overriding zoom
05-01 18:24:54.632   521 14965 E EmulatedRequestProcessor: ApplyOverrideZoom: awbRegions needs to be specified for overriding zoom
05-01 18:24:54.667   521 14965 E EmulatedRequestProcessor: ApplyOverrideZoom: awbRegions needs to be specified for overriding zoom
05-01 18:24:54.706   521 14965 E EmulatedRequestProcessor: ApplyOverrideZoom: awbRegions needs to be specified for overriding zoom
05-01 18:24:54.740   521 14965 E EmulatedRequestProcessor: ApplyOverrideZoom: awbRegions needs to be specified for overriding zoom
05-01 18:24:54.776   521 14965 E EmulatedRequestProcessor: ApplyOverrideZoom: awbRegions needs to be specified for overriding zoom
05-01 18:24:54.811   521 14965 E EmulatedRequestProcessor: ApplyOverrideZoom: awbRegions needs to be specified for overriding zoom
05-01 18:24:54.846   521 14965 E EmulatedRequestProcessor: ApplyOverrideZoom: awbRegions needs to be specified for overriding zoom
05-01 18:24:54.886   521 14965 E EmulatedRequestProcessor: ApplyOverrideZoom: awbRegions needs to be specified for overriding zoom
05-01 18:24:54.920   521 14965 E EmulatedRequestProcessor: ApplyOverrideZoom: awbRegions needs to be specified for overriding zoom
05-01 18:24:54.957   521 14965 E EmulatedRequestProcessor: ApplyOverrideZoom: awbRegions needs to be specified for overriding zoom
05-01 18:24:54.991   521 14965 E EmulatedRequestProcessor: ApplyOverrideZoom: awbRegions needs to be specified for overriding zoom
05-01 18:24:55.025   521 14965 E EmulatedRequestProcessor: ApplyOverrideZoom: awbRegions needs to be specified for overriding zoom
05-01 18:24:55.060   521 14965 E EmulatedRequestProcessor: ApplyOverrideZoom: awbRegions needs to be specified for overriding zoom
05-01 18:24:55.094   521 14965 E EmulatedRequestProcessor: ApplyOverrideZoom: awbRegions needs to be specified for overriding zoom
05-01 18:24:55.128   521 14965 E EmulatedRequestProcessor: ApplyOverrideZoom: awbRegions needs to be specified for overriding zoom
05-01 18:24:55.161   521 14965 E EmulatedRequestProcessor: ApplyOverrideZoom: awbRegions needs to be specified for overriding zoom
05-01 18:24:55.195   521 14965 E EmulatedRequestProcessor: ApplyOverrideZoom: awbRegions needs to be specified for overriding zoom
05-01 18:24:55.229   521 14965 E EmulatedRequestProcessor: ApplyOverrideZoom: awbRegions needs to be specified for overriding zoom
05-01 18:24:55.264   521 14965 E EmulatedRequestProcessor: ApplyOverrideZoom: awbRegions needs to be specified for overriding zoom
05-01 18:24:55.301   521 14965 E EmulatedRequestProcessor: ApplyOverrideZoom: awbRegions needs to be specified for overriding zoom
05-01 18:24:55.336   521 14965 E EmulatedRequestProcessor: ApplyOverrideZoom: awbRegions needs to be specified for overriding zoom
05-01 18:24:55.369   521 14965 E EmulatedRequestProcessor: ApplyOverrideZoom: awbRegions needs to be specified for overriding zoom
05-01 18:24:55.406   521 14965 E EmulatedRequestProcessor: ApplyOverrideZoom: awbRegions needs to be specified for overriding zoom
05-01 18:24:55.444   521 14965 E EmulatedRequestProcessor: ApplyOverrideZoom: awbRegions needs to be specified for overriding zoom
05-01 18:24:55.480   521 14965 E EmulatedRequestProcessor: ApplyOverrideZoom: awbRegions needs to be specified for overriding zoom
05-01 18:24:55.516   521 14965 E EmulatedRequestProcessor: ApplyOverrideZoom: awbRegions needs to be specified for overriding zoom
05-01 18:24:55.550   521 14965 E EmulatedRequestProcessor: ApplyOverrideZoom: awbRegions needs to be specified for overriding zoom
05-01 18:24:55.584   521 14965 E EmulatedRequestProcessor: ApplyOverrideZoom: awbRegions needs to be specified for overriding zoom
05-01 18:24:55.619   521 14965 E EmulatedRequestProcessor: ApplyOverrideZoom: awbRegions needs to be specified for overriding zoom
05-01 18:24:55.655   521 14965 E EmulatedRequestProcessor: ApplyOverrideZoom: awbRegions needs to be specified for overriding zoom
05-01 18:24:55.688   521 14965 E EmulatedRequestProcessor: ApplyOverrideZoom: awbRegions needs to be specified for overriding zoom
05-01 18:24:55.722   521 14965 E EmulatedRequestProcessor: ApplyOverrideZoom: awbRegions needs to be specified for overriding zoom
05-01 18:24:55.756   521 14965 E EmulatedRequestProcessor: ApplyOverrideZoom: awbRegions needs to be specified for overriding zoom
05-01 18:24:55.790   521 14965 E EmulatedRequestProcessor: ApplyOverrideZoom: awbRegions needs to be specified for overriding zoom
05-01 18:24:55.824   521 14965 E EmulatedRequestProcessor: ApplyOverrideZoom: awbRegions needs to be specified for overriding zoom
05-01 18:24:55.859   521 14965 E EmulatedRequestProcessor: ApplyOverrideZoom: awbRegions needs to be specified for overriding zoom
05-01 18:24:55.893   521 14965 E EmulatedRequestProcessor: ApplyOverrideZoom: awbRegions needs to be specified for overriding zoom
05-01 18:24:55.928   521 14965 E EmulatedRequestProcessor: ApplyOverrideZoom: awbRegions needs to be specified for overriding zoom
05-01 18:24:55.962   521 14965 E EmulatedRequestProcessor: ApplyOverrideZoom: awbRegions needs to be specified for overriding zoom
05-01 18:24:55.997   521 14965 E EmulatedRequestProcessor: ApplyOverrideZoom: awbRegions needs to be specified for overriding zoom
05-01 18:24:56.031   521 14965 E EmulatedRequestProcessor: ApplyOverrideZoom: awbRegions needs to be specified for overriding zoom
05-01 18:24:56.065   521 14965 E EmulatedRequestProcessor: ApplyOverrideZoom: awbRegions needs to be specified for overriding zoom
05-01 18:24:56.102   521 14965 E EmulatedRequestProcessor: ApplyOverrideZoom: awbRegions needs to be specified for overriding zoom
05-01 18:24:56.136   521 14965 E EmulatedRequestProcessor: ApplyOverrideZoom: awbRegions needs to be specified for overriding zoom
05-01 18:24:56.171   521 14965 E EmulatedRequestProcessor: ApplyOverrideZoom: awbRegions needs to be specified for overriding zoom
05-01 18:24:56.205   521 14965 E EmulatedRequestProcessor: ApplyOverrideZoom: awbRegions needs to be specified for overriding zoom
05-01 18:24:56.239   521 14965 E EmulatedRequestProcessor: ApplyOverrideZoom: awbRegions needs to be specified for overriding zoom
05-01 18:24:56.273   521 14965 E EmulatedRequestProcessor: ApplyOverrideZoom: awbRegions needs to be specified for overriding zoom
05-01 18:24:56.307   521 14965 E EmulatedRequestProcessor: ApplyOverrideZoom: awbRegions needs to be specified for overriding zoom
05-01 18:24:56.341   521 14965 E EmulatedRequestProcessor: ApplyOverrideZoom: awbRegions needs to be specified for overriding zoom
05-01 18:24:56.376   521 14965 E EmulatedRequestProcessor: ApplyOverrideZoom: awbRegions needs to be specified for overriding zoom
05-01 18:24:56.411   521 14965 E EmulatedRequestProcessor: ApplyOverrideZoom: awbRegions needs to be specified for overriding zoom
05-01 18:24:56.445   521 14965 E EmulatedRequestProcessor: ApplyOverrideZoom: awbRegions needs to be specified for overriding zoom
05-01 18:24:56.481   521 14965 E EmulatedRequestProcessor: ApplyOverrideZoom: awbRegions needs to be specified for overriding zoom
05-01 18:24:56.515   521 14965 E EmulatedRequestProcessor: ApplyOverrideZoom: awbRegions needs to be specified for overriding zoom
05-01 18:24:56.549   521 14965 E EmulatedRequestProcessor: ApplyOverrideZoom: awbRegions needs to be specified for overriding zoom
05-01 18:24:56.584   521 14965 E EmulatedRequestProcessor: ApplyOverrideZoom: awbRegions needs to be specified for overriding zoom
05-01 18:24:56.621   521 14965 E EmulatedRequestProcessor: ApplyOverrideZoom: awbRegions needs to be specified for overriding zoom
05-01 18:24:56.656   521 14965 E EmulatedRequestProcessor: ApplyOverrideZoom: awbRegions needs to be specified for overriding zoom
05-01 18:24:56.675  2599  2796 I HalDevMgr: bestIfaceCreationProposal is null, requestIface=STA, existingIface=[name=wlan0 type=STA]
05-01 18:24:56.690   521 14965 E EmulatedRequestProcessor: ApplyOverrideZoom: awbRegions needs to be specified for overriding zoom
05-01 18:24:56.703 15039 15039 W libbinder.BackendUnifiedServiceManager: Thread Pool max thread count is 0. Cannot cache binder as linkToDeath cannot be implemented. serviceName: package
05-01 18:24:56.724   521 14965 E EmulatedRequestProcessor: ApplyOverrideZoom: awbRegions needs to be specified for overriding zoom
05-01 18:24:56.748  3046  3051 I artd    : GetBestInfo: odex next to the dex file (/data/app/~~9zdI27-KZDEvVC_7GO9BLQ==/com.google.android.gms-zDijJikcKxb1i4ibdVh7KA==/oat/arm64/base.odex) is kOatUpToDate with filter 'speed-profile' executable 'false'
05-01 18:24:56.750  3046  3051 I artd    : GetBestInfo: odex next to the dex file (/data/app/~~9zdI27-KZDEvVC_7GO9BLQ==/com.google.android.gms-zDijJikcKxb1i4ibdVh7KA==/oat/arm64/split_AdsDynamite_installtime.odex) is kOatUpToDate with filter 'speed' executable 'false'
05-01 18:24:56.751  3046  3051 I artd    : GetBestInfo: odex next to the dex file (/data/app/~~9zdI27-KZDEvVC_7GO9BLQ==/com.google.android.gms-zDijJikcKxb1i4ibdVh7KA==/oat/arm64/split_CronetDynamite_installtime.odex) is kOatUpToDate with filter 'speed' executable 'false'
05-01 18:24:56.753  3046  3051 I artd    : GetBestInfo: odex next to the dex file (/data/app/~~9zdI27-KZDEvVC_7GO9BLQ==/com.google.android.gms-zDijJikcKxb1i4ibdVh7KA==/oat/arm64/split_DynamiteLoader_installtime.odex) is kOatUpToDate with filter 'speed' executable 'false'
05-01 18:24:56.754  3046  3051 I artd    : GetBestInfo: odex next to the dex file (/data/app/~~9zdI27-KZDEvVC_7GO9BLQ==/com.google.android.gms-zDijJikcKxb1i4ibdVh7KA==/oat/arm64/split_DynamiteModulesA_installtime.odex) is kOatUpToDate with filter 'speed' executable 'false'
05-01 18:24:56.755  3046  3051 I artd    : GetBestInfo: odex next to the dex file (/data/app/~~9zdI27-KZDEvVC_7GO9BLQ==/com.google.android.gms-zDijJikcKxb1i4ibdVh7KA==/oat/arm64/split_DynamiteModulesC_installtime.odex) is kOatUpToDate with filter 'speed' executable 'false'
05-01 18:24:56.756  3046  3051 I artd    : GetBestInfo: odex next to the dex file (/data/app/~~9zdI27-KZDEvVC_7GO9BLQ==/com.google.android.gms-zDijJikcKxb1i4ibdVh7KA==/oat/arm64/split_GoogleCertificates_installtime.odex) is kOatUpToDate with filter 'speed' executable 'false'
05-01 18:24:56.757  3046  3051 I artd    : GetBestInfo: odex next to the dex file (/data/app/~~9zdI27-KZDEvVC_7GO9BLQ==/com.google.android.gms-zDijJikcKxb1i4ibdVh7KA==/oat/arm64/split_MapsDynamite_installtime.odex) is kOatUpToDate with filter 'speed' executable 'false'
05-01 18:24:56.758   521 14965 E EmulatedRequestProcessor: ApplyOverrideZoom: awbRegions needs to be specified for overriding zoom
05-01 18:24:56.758  3046  3051 I artd    : GetBestInfo: odex next to the dex file (/data/app/~~9zdI27-KZDEvVC_7GO9BLQ==/com.google.android.gms-zDijJikcKxb1i4ibdVh7KA==/oat/arm64/split_MeasurementDynamite_installtime.odex) is kOatUpToDate with filter 'speed' executable 'false'
05-01 18:24:56.759  3046  3051 I artd    : GetBestInfo: /data/user_de/0/com.google.android.gms/app_chimera/m/00000024/dl-MlkitOcrCommon.optional_261332100400.apk has no usable artifacts
05-01 18:24:56.760  3046  3051 I artd    : GetBestInfo: /data/user_de/0/com.google.android.gms/app_chimera/m/00000001/CronetDynamite.apk has no usable artifacts
05-01 18:24:56.760  3046  3051 I artd    : GetBestInfo: /data/user_de/0/com.google.android.gms/app_chimera/m/00000002/DynamiteLoader.apk has no usable artifacts
05-01 18:24:56.761  3046  3051 W artd    : Could not get dex checksums for location /data/app/~~3fBXho8HaymPEUVbuDbDyw==/com.google.android.gms-lP3FhbDqyEae3o3ITSwEOg==/base.apk, fd=-1
05-01 18:24:56.761  3046  3051 W artd    : Could not get dex checksums for location /data/app/~~3fBXho8HaymPEUVbuDbDyw==/com.google.android.gms-lP3FhbDqyEae3o3ITSwEOg==/base.apk, fd=-1
05-01 18:24:56.762  3046  3051 I artd    : GetBestInfo: /data/user_de/0/com.google.android.gms/app_chimera/m/00000005/GoogleCertificates.apk has no usable artifacts
05-01 18:24:56.762  3046  3051 W artd    : Could not get dex checksums for location /data/app/~~3fBXho8HaymPEUVbuDbDyw==/com.google.android.gms-lP3FhbDqyEae3o3ITSwEOg==/base.apk, fd=-1
05-01 18:24:56.764  3046  3051 I artd    : GetBestInfo: /data/user_de/0/com.google.android.gms/app_chimera/m/0000000c/dl-PlayCloudSearch.optional_253434100000.apk has no usable artifacts
05-01 18:24:56.764  3046  3051 W artd    : Could not get dex checksums for location /data/app/~~3fBXho8HaymPEUVbuDbDyw==/com.google.android.gms-lP3FhbDqyEae3o3ITSwEOg==/base.apk, fd=-1
05-01 18:24:56.764  3046  3051 W artd    : Could not get dex checksums for location /data/app/~~3fBXho8HaymPEUVbuDbDyw==/com.google.android.gms-lP3FhbDqyEae3o3ITSwEOg==/base.apk, fd=-1
05-01 18:24:56.765  3046  3051 W artd    : Could not get dex checksums for location /data/app/~~3fBXho8HaymPEUVbuDbDyw==/com.google.android.gms-lP3FhbDqyEae3o3ITSwEOg==/base.apk, fd=-1
05-01 18:24:56.767  3046  3051 I artd    : GetBestInfo: /data/user_de/0/com.google.android.gms/app_chimera/m/00000009/dl-Appsearch.optional_253434100400.apk has no usable artifacts
05-01 18:24:56.767  3046  3051 I artd    : GetBestInfo: /data/user_de/0/com.google.android.gms/app_chimera/m/0000001f/dl-MlkitBarcodeUi.optional_261332100400.apk has no usable artifacts
05-01 18:24:56.769  3046  3051 I artd    : GetBestInfo: vdex next to the dex file (/data/user/0/com.google.android.gms/app_dg_cache/C979021594972B0BA2D39F27BF33D93C4B1302BC/oat/arm64/the.vdex) is kOatUpToDate with filter 'verify' executable 'false'
05-01 18:24:56.769  3046  3051 W artd    : Could not get dex checksums for location /data/app/~~3fBXho8HaymPEUVbuDbDyw==/com.google.android.gms-lP3FhbDqyEae3o3ITSwEOg==/base.apk, fd=-1
05-01 18:24:56.769  3046  3051 W artd    : Could not get dex checksums for location /data/app/~~3fBXho8HaymPEUVbuDbDyw==/com.google.android.gms-lP3FhbDqyEae3o3ITSwEOg==/base.apk, fd=-1
05-01 18:24:56.770  3046  3051 I artd    : GetBestInfo: /data/user_de/0/com.google.android.gms/app_chimera/m/0000001e/dl-VisionOcr.optional_261332100000.apk has no usable artifacts
05-01 18:24:56.771  3046  3051 I artd    : GetBestInfo: /data/user_de/0/com.google.android.gms/app_chimera/m/00000020/dl-PlayCloudSearch.optional_261332100000.apk has no usable artifacts
05-01 18:24:56.772  3046  3051 I artd    : GetBestInfo: vdex next to the dex file (/data/user/0/com.google.android.gms/app_dg_cache/707FFD883BF2A7896692338F9625CA52336E933B/oat/arm64/the.vdex) is kOatUpToDate with filter 'verify' executable 'false'
05-01 18:24:56.773  3046  3051 I artd    : GetBestInfo: /data/user_de/0/com.google.android.gms/app_chimera/m/00000019/dl-TfliteDynamiteDynamite.integ_252130102100400.apk has no usable artifacts
05-01 18:24:56.774  3046  3051 W artd    : Could not get dex checksums for location /data/app/~~3fBXho8HaymPEUVbuDbDyw==/com.google.android.gms-lP3FhbDqyEae3o3ITSwEOg==/base.apk, fd=-1
05-01 18:24:56.775  3046  3051 W artd    : Could not get dex checksums for location /data/app/~~dKAWhbpuAhXMPrgX8_uNaA==/com.android.vending-VlQnPVZ5qb-G_00QsqpjnQ==/base.apk, fd=-1
05-01 18:24:56.777  3046  3051 I artd    : GetBestInfo: /data/user_de/0/com.google.android.gms/app_chimera/m/00000021/dl-Appsearch.optional_261332100400.apk has no usable artifacts
05-01 18:24:56.778  3046  3051 I artd    : GetBestInfo: /data/user_de/0/com.google.android.gms/app_chimera/m/0000000b/dl-MlkitBarcodeUi.optional_253434100400.apk has no usable artifacts
05-01 18:24:56.792   521 14965 E EmulatedRequestProcessor: ApplyOverrideZoom: awbRegions needs to be specified for overriding zoom
05-01 18:24:56.825   521 14965 E EmulatedRequestProcessor: ApplyOverrideZoom: awbRegions needs to be specified for overriding zoom
05-01 18:24:56.859   521 14965 E EmulatedRequestProcessor: ApplyOverrideZoom: awbRegions needs to be specified for overriding zoom
05-01 18:24:56.896   521 14965 E EmulatedRequestProcessor: ApplyOverrideZoom: awbRegions needs to be specified for overriding zoom
05-01 18:24:56.932   521 14965 E EmulatedRequestProcessor: ApplyOverrideZoom: awbRegions needs to be specified for overriding zoom
05-01 18:24:56.966   521 14965 E EmulatedRequestProcessor: ApplyOverrideZoom: awbRegions needs to be specified for overriding zoom
05-01 18:24:57.001   521 14965 E EmulatedRequestProcessor: ApplyOverrideZoom: awbRegions needs to be specified for overriding zoom
05-01 18:24:57.035   521 14965 E EmulatedRequestProcessor: ApplyOverrideZoom: awbRegions needs to be specified for overriding zoom
05-01 18:24:57.070   521 14965 E EmulatedRequestProcessor: ApplyOverrideZoom: awbRegions needs to be specified for overriding zoom
05-01 18:24:57.105   521 14965 E EmulatedRequestProcessor: ApplyOverrideZoom: awbRegions needs to be specified for overriding zoom
05-01 18:24:57.141   521 14965 E EmulatedRequestProcessor: ApplyOverrideZoom: awbRegions needs to be specified for overriding zoom
05-01 18:24:57.175   521 14965 E EmulatedRequestProcessor: ApplyOverrideZoom: awbRegions needs to be specified for overriding zoom
05-01 18:24:57.208   521 14965 E EmulatedRequestProcessor: ApplyOverrideZoom: awbRegions needs to be specified for overriding zoom
05-01 18:24:57.243   521 14965 E EmulatedRequestProcessor: ApplyOverrideZoom: awbRegions needs to be specified for overriding zoom
05-01 18:24:57.276   521 14965 E EmulatedRequestProcessor: ApplyOverrideZoom: awbRegions needs to be specified for overriding zoom
05-01 18:24:57.310   521 14965 E EmulatedRequestProcessor: ApplyOverrideZoom: awbRegions needs to be specified for overriding zoom
05-01 18:24:57.344   521 14965 E EmulatedRequestProcessor: ApplyOverrideZoom: awbRegions needs to be specified for overriding zoom
05-01 18:24:57.378   521 14965 E EmulatedRequestProcessor: ApplyOverrideZoom: awbRegions needs to be specified for overriding zoom
05-01 18:24:57.412   521 14965 E EmulatedRequestProcessor: ApplyOverrideZoom: awbRegions needs to be specified for overriding zoom
05-01 18:24:57.446   521 14965 E EmulatedRequestProcessor: ApplyOverrideZoom: awbRegions needs to be specified for overriding zoom
05-01 18:24:57.480   521 14965 E EmulatedRequestProcessor: ApplyOverrideZoom: awbRegions needs to be specified for overriding zoom
05-01 18:24:57.515   521 14965 E EmulatedRequestProcessor: ApplyOverrideZoom: awbRegions needs to be specified for overriding zoom
05-01 18:24:57.548   521 14965 E EmulatedRequestProcessor: ApplyOverrideZoom: awbRegions needs to be specified for overriding zoom
05-01 18:24:57.583   521 14965 E EmulatedRequestProcessor: ApplyOverrideZoom: awbRegions needs to be specified for overriding zoom
05-01 18:24:57.617   521 14965 E EmulatedRequestProcessor: ApplyOverrideZoom: awbRegions needs to be specified for overriding zoom
05-01 18:24:57.651   521 14965 E EmulatedRequestProcessor: ApplyOverrideZoom: awbRegions needs to be specified for overriding zoom
05-01 18:24:57.686   521 14965 E EmulatedRequestProcessor: ApplyOverrideZoom: awbRegions needs to be specified for overriding zoom
05-01 18:24:57.720   521 14965 E EmulatedRequestProcessor: ApplyOverrideZoom: awbRegions needs to be specified for overriding zoom
05-01 18:24:57.754   521 14965 E EmulatedRequestProcessor: ApplyOverrideZoom: awbRegions needs to be specified for overriding zoom
05-01 18:24:57.788   521 14965 E EmulatedRequestProcessor: ApplyOverrideZoom: awbRegions needs to be specified for overriding zoom
05-01 18:24:57.822   521 14965 E EmulatedRequestProcessor: ApplyOverrideZoom: awbRegions needs to be specified for overriding zoom
05-01 18:24:57.856   521 14965 E EmulatedRequestProcessor: ApplyOverrideZoom: awbRegions needs to be specified for overriding zoom
05-01 18:24:57.891   521 14965 E EmulatedRequestProcessor: ApplyOverrideZoom: awbRegions needs to be specified for overriding zoom
05-01 18:24:57.926   521 14965 E EmulatedRequestProcessor: ApplyOverrideZoom: awbRegions needs to be specified for overriding zoom
05-01 18:24:57.960   521 14965 E EmulatedRequestProcessor: ApplyOverrideZoom: awbRegions needs to be specified for overriding zoom
05-01 18:24:57.996   521 14965 E EmulatedRequestProcessor: ApplyOverrideZoom: awbRegions needs to be specified for overriding zoom
05-01 18:24:58.031   521 14965 E EmulatedRequestProcessor: ApplyOverrideZoom: awbRegions needs to be specified for overriding zoom
05-01 18:24:58.067   521 14965 E EmulatedRequestProcessor: ApplyOverrideZoom: awbRegions needs to be specified for overriding zoom
05-01 18:24:58.101   521 14965 E EmulatedRequestProcessor: ApplyOverrideZoom: awbRegions needs to be specified for overriding zoom
05-01 18:24:58.137   521 14965 E EmulatedRequestProcessor: ApplyOverrideZoom: awbRegions needs to be specified for overriding zoom
05-01 18:24:58.172   521 14965 E EmulatedRequestProcessor: ApplyOverrideZoom: awbRegions needs to be specified for overriding zoom
05-01 18:24:58.206   521 14965 E EmulatedRequestProcessor: ApplyOverrideZoom: awbRegions needs to be specified for overriding zoom
05-01 18:24:58.240   521 14965 E EmulatedRequestProcessor: ApplyOverrideZoom: awbRegions needs to be specified for overriding zoom
05-01 18:24:58.276   521 14965 E EmulatedRequestProcessor: ApplyOverrideZoom: awbRegions needs to be specified for overriding zoom
05-01 18:24:58.311   521 14965 E EmulatedRequestProcessor: ApplyOverrideZoom: awbRegions needs to be specified for overriding zoom
05-01 18:24:58.353   521 14965 E EmulatedRequestProcessor: ApplyOverrideZoom: awbRegions needs to be specified for overriding zoom
05-01 18:24:58.390   521 14965 E EmulatedRequestProcessor: ApplyOverrideZoom: awbRegions needs to be specified for overriding zoom
05-01 18:24:58.424   521 14965 E EmulatedRequestProcessor: ApplyOverrideZoom: awbRegions needs to be specified for overriding zoom
05-01 18:24:58.458   521 14965 E EmulatedRequestProcessor: ApplyOverrideZoom: awbRegions needs to be specified for overriding zoom
05-01 18:24:58.493   521 14965 E EmulatedRequestProcessor: ApplyOverrideZoom: awbRegions needs to be specified for overriding zoom
05-01 18:24:58.527   521 14965 E EmulatedRequestProcessor: ApplyOverrideZoom: awbRegions needs to be specified for overriding zoom
05-01 18:24:58.561   521 14965 E EmulatedRequestProcessor: ApplyOverrideZoom: awbRegions needs to be specified for overriding zoom
05-01 18:24:58.596   521 14965 E EmulatedRequestProcessor: ApplyOverrideZoom: awbRegions needs to be specified for overriding zoom
05-01 18:24:58.631   521 14965 E EmulatedRequestProcessor: ApplyOverrideZoom: awbRegions needs to be specified for overriding zoom
05-01 18:24:58.666   521 14965 E EmulatedRequestProcessor: ApplyOverrideZoom: awbRegions needs to be specified for overriding zoom
05-01 18:24:58.701   521 14965 E EmulatedRequestProcessor: ApplyOverrideZoom: awbRegions needs to be specified for overriding zoom
05-01 18:24:58.735   521 14965 E EmulatedRequestProcessor: ApplyOverrideZoom: awbRegions needs to be specified for overriding zoom
05-01 18:24:58.772   521 14965 E EmulatedRequestProcessor: ApplyOverrideZoom: awbRegions needs to be specified for overriding zoom
05-01 18:24:58.805   521 14965 E EmulatedRequestProcessor: ApplyOverrideZoom: awbRegions needs to be specified for overriding zoom
05-01 18:24:58.840   521 14965 E EmulatedRequestProcessor: ApplyOverrideZoom: awbRegions needs to be specified for overriding zoom
05-01 18:24:58.874   521 14965 E EmulatedRequestProcessor: ApplyOverrideZoom: awbRegions needs to be specified for overriding zoom
05-01 18:24:58.909   521 14965 E EmulatedRequestProcessor: ApplyOverrideZoom: awbRegions needs to be specified for overriding zoom
05-01 18:24:58.944   521 14965 E EmulatedRequestProcessor: ApplyOverrideZoom: awbRegions needs to be specified for overriding zoom
05-01 18:24:58.981   521 14965 E EmulatedRequestProcessor: ApplyOverrideZoom: awbRegions needs to be specified for overriding zoom
05-01 18:24:59.017   521 14965 E EmulatedRequestProcessor: ApplyOverrideZoom: awbRegions needs to be specified for overriding zoom
05-01 18:24:59.051   521 14965 E EmulatedRequestProcessor: ApplyOverrideZoom: awbRegions needs to be specified for overriding zoom
05-01 18:24:59.088   521 14965 E EmulatedRequestProcessor: ApplyOverrideZoom: awbRegions needs to be specified for overriding zoom
05-01 18:24:59.122   521 14965 E EmulatedRequestProcessor: ApplyOverrideZoom: awbRegions needs to be specified for overriding zoom
05-01 18:24:59.156   521 14965 E EmulatedRequestProcessor: ApplyOverrideZoom: awbRegions needs to be specified for overriding zoom
05-01 18:24:59.190   521 14965 E EmulatedRequestProcessor: ApplyOverrideZoom: awbRegions needs to be specified for overriding zoom
05-01 18:24:59.224   521 14965 E EmulatedRequestProcessor: ApplyOverrideZoom: awbRegions needs to be specified for overriding zoom
05-01 18:24:59.257   521 14965 E EmulatedRequestProcessor: ApplyOverrideZoom: awbRegions needs to be specified for overriding zoom
05-01 18:24:59.292   521 14965 E EmulatedRequestProcessor: ApplyOverrideZoom: awbRegions needs to be specified for overriding zoom
05-01 18:24:59.327   521 14965 E EmulatedRequestProcessor: ApplyOverrideZoom: awbRegions needs to be specified for overriding zoom
05-01 18:24:59.360  2599  4972 I AppSearchIcing: icing-search-engine.cc:2327: Persisting data to disk with mode 3
05-01 18:24:59.364   521 14965 E EmulatedRequestProcessor: ApplyOverrideZoom: awbRegions needs to be specified for overriding zoom
05-01 18:24:59.366  2599  4972 I AppSearchIcing: icing-search-engine.cc:2340: PersistToDisk completed.
05-01 18:24:59.399   521 14965 E EmulatedRequestProcessor: ApplyOverrideZoom: awbRegions needs to be specified for overriding zoom
05-01 18:24:59.433   521 14965 E EmulatedRequestProcessor: ApplyOverrideZoom: awbRegions needs to be specified for overriding zoom
05-01 18:24:59.466   521 14965 E EmulatedRequestProcessor: ApplyOverrideZoom: awbRegions needs to be specified for overriding zoom
05-01 18:24:59.500   521 14965 E EmulatedRequestProcessor: ApplyOverrideZoom: awbRegions needs to be specified for overriding zoom
05-01 18:24:59.534   521 14965 E EmulatedRequestProcessor: ApplyOverrideZoom: awbRegions needs to be specified for overriding zoom
05-01 18:24:59.569   521 14965 E EmulatedRequestProcessor: ApplyOverrideZoom: awbRegions needs to be specified for overriding zoom
05-01 18:24:59.602   521 14965 E EmulatedRequestProcessor: ApplyOverrideZoom: awbRegions needs to be specified for overriding zoom
05-01 18:24:59.637   521 14965 E EmulatedRequestProcessor: ApplyOverrideZoom: awbRegions needs to be specified for overriding zoom
05-01 18:24:59.671   521 14965 E EmulatedRequestProcessor: ApplyOverrideZoom: awbRegions needs to be specified for overriding zoom
