05-01 18:05:08.193  4139  7353 W arld    : java.util.concurrent.TimeoutException: Waited 150 milliseconds (plus 8 milliseconds, 516750 nanoseconds delay) for hipq@55da4[status=PENDING, info=[inputFuture=[hipq@5a9070d[status=PENDING, setFuture=[hipr@a2c26c2[status=PENDING, info=[inputFuture=[hipr@4a7ccd3[status=PENDING, info=[inputFuture=[hiov@a0cb010[status=PENDING, info=[inputFuture=[hiov@16c0709[status=PENDING, info=[inputFuture=[hiov@f19ed0e[status=PENDING, info=[inputFuture=[hiov@b18632f[status=PENDING, info=[inputFuture=[hipq@cf4bd3c[status=PENDING, info=[inputFuture=[hipq@e450ac5[status=PENDING, info=[inputFuture=[hiov@60bcc1a[status=PENDING, info=[inputFuture=[hipr@152034b[status=PENDING, info=[inputFuture=[hiov@3ee7128[status=PENDING, info=[inputFuture=[hipr@ff08e41[status=PENDING, info=[inputFuture=[hisc@c0a8fe6[status=PENDING, info=[delegate=[hits@a3b8927[status=PENDING, info=[task=[running=[NOT STARTED YET], propagating=[gceo@a4d77d4]]]]]]]], function=[propagating=[gcek@f76cd7d]]]]], exceptionType=[class java.lang.Throwable], fallback=[propagating=[gcel@3dfc472]]]]], function=[gdto@64d90c3]]]], exceptionType=[class java.lang.Exception], fallback=[gdte@af43d40]]]], function=[gdtf@427c479]]]], function=[gdtg@161b5be]]]], exceptionType=[class gdsp], fallback=[gdth@aee761f]]]], exceptionType=[class gdsq], fallback=[gdti@a7fed6c]]]], exceptionType=[class gdsr], fallback=[gdtj@572f35]]]], exceptionType=[class iswx], fallback=[gdtk@d7f6fca]]]], function=[asrt@38e553b]]]], function=[asrr@8347458]]]]]], function=[asrm@dd889b1]]]
05-01 18:05:08.193  4139  7353 W arld    : 	at hipo.v(:com.google.android.gms@261332035@26.13.32 (260400-895912391):371)
05-01 18:05:08.193  4139  7353 W arld    : 	at hipf.get(:com.google.android.gms@261332035@26.13.32 (260400-895912391):6)
05-01 18:05:08.193  4139  7353 W arld    : 	at arld.e(:com.google.android.gms@261332035@26.13.32 (260400-895912391):81)
05-01 18:05:08.193  4139  7353 W arld    : 	at arld.a(:com.google.android.gms@261332035@26.13.32 (260400-895912391):124)
05-01 18:05:08.193  4139  7353 W arld    : 	at arhq.call(:com.google.android.gms@261332035@26.13.32 (260400-895912391):5)
05-01 18:05:08.193  4139  7353 W arld    : 	at java.util.concurrent.FutureTask.run(FutureTask.java:317)
05-01 18:05:08.193  4139  7353 W arld    : 	at bjlx.c(:com.google.android.gms@261332035@26.13.32 (260400-895912391):50)
05-01 18:05:08.193  4139  7353 W arld    : 	at bjlx.run(:com.google.android.gms@261332035@26.13.32 (260400-895912391):73)
05-01 18:05:08.193  4139  7353 W arld    : 	at java.util.concurrent.ThreadPoolExecutor.runWorker(ThreadPoolExecutor.java:1154)
05-01 18:05:08.193  4139  7353 W arld    : 	at java.util.concurrent.ThreadPoolExecutor$Worker.run(ThreadPoolExecutor.java:652)
05-01 18:05:08.193  4139  7353 W arld    : 	at bjro.run(:com.google.android.gms@261332035@26.13.32 (260400-895912391):8)
05-01 18:05:08.193  4139  7353 W arld    : 	at java.lang.Thread.run(Thread.java:1563)
05-01 18:05:08.205  3342 13374 I SuperDelight: SuperDelightManager.syncBundledLanguageModels():725 SuperDelightManager#syncBundledLanguageModels(): Syncing for version 2026031600
05-01 18:05:08.244  3342  3342 I KeyboardViewHelper: KeyboardViewHelper.getView():180 Get view with height ratio:1.000000
05-01 18:05:08.245  3342  4001 W libc    : Access denied finding property "ro.hardware.chipname"
05-01 18:05:08.281  4139  4139 D BoundBrokerSvc: onRebind: Intent { act=com.google.android.gms.auth.aang.events.services.START dat=chimera-action:/... xflg=0x4 cmp=com.google.android.gms/.chimera.PersistentApiService }
05-01 18:05:08.374  3342 13374 I SuperDelight: SuperDelightManager.syncBundledLanguageModels():725 SuperDelightManager#syncBundledLanguageModels(): Syncing for version 2026031600
05-01 18:05:08.378  4139  5088 I FontLog : (REDACTED) Received query %s, URI %s
05-01 18:05:08.378  4139  5088 I FontLog : (REDACTED) Query [%s] resolved to %s
05-01 18:05:08.382  4139  5088 I FontLog : (REDACTED) Font PFD returned from cache for %s
05-01 18:05:08.382  4139  5088 I FontLog : (REDACTED) Fetch %s end status %s
05-01 18:05:08.396  3342  3846 I EmojiSlicingStrategy: EmojiSlicingStrategy.matchEnabledLocalesWithPackLocales():129 matchEnabledLocalesWithPackLocales() : User enabled 1 locales; returning 1 slices
05-01 18:05:08.397  3342  3846 I SP      : Syncing emoji (2026020320) with slices: [{ee0e9c9a532ecf98f5c546b88ef8fdab, m:*:*:*}], metadata: false
05-01 18:05:08.397  3342  4002 I CrankEngineLocales: CrankEngineLocales.getLocaleToUseForCrankEngine():66 Using locale en_US for emoji prediction
05-01 18:05:08.400  3342  3846 I SP      : Syncing kc_tflite_model (2024052201) with slices: [{tflite-kc-en_us_key_pair-20240423_102657, m:*:*:*}], metadata: false
05-01 18:05:08.406  3342  3846 I SP      : Syncing kc_tflite_model (2024052201) with slices: [{tflite-kc-en_us_key_pair-20240423_102657, m:*:*:*}], metadata: false
05-01 18:05:08.408  3342  3846 I SP      : Syncing kc_tflite_model (2024052201) with slices: [{tflite-kc-en_us_key_pair-20240423_102657, m:*:*:*}], metadata: false
05-01 18:05:08.408  3342  3846 I SP      : Syncing kc_tflite_model (2024052201) with slices: [{tflite-kc-en_us_key_pair-20240423_102657, m:*:*:*}], metadata: false
05-01 18:05:08.409  3342  3846 I SP      : Syncing kc_tflite_model (2024052201) with slices: [{tflite-kc-en_us_key_pair-20240423_102657, m:*:*:*}], metadata: false
05-01 18:05:08.425  4139  5088 I FontLog : (REDACTED) Pulling font file for id = %d, cache size = %d
05-01 18:05:08.442  4139  4139 D BoundBrokerSvc: onRebind: Intent { act=com.google.android.gms.libs.gmscorelogger.service.START dat=chimera-action:/... xflg=0x4 cmp=com.google.android.gms/.chimera.PersistentDirectBootAwareApiService }
05-01 18:05:08.600  4139  4145 W System  : A resource failed to call close. 
05-01 18:05:08.601  4139  4145 W System  : A resource failed to call close. 
05-01 18:05:08.610  4139 12889 E jpxr    : *~*~*~ Previous channel {0} was garbage collected without being shut down! ~*~*~*
05-01 18:05:08.610  4139 12889 E jpxr    :     Make sure to call shutdown()/shutdownNow()
05-01 18:05:08.610  4139 12889 E jpxr    : java.lang.RuntimeException: ManagedChannel allocation site
05-01 18:05:08.610  4139 12889 E jpxr    : 	at jpxq.<init>(:com.google.android.gms@261332035@26.13.32 (260400-895912391):21)
05-01 18:05:08.610  4139 12889 E jpxr    : 	at jpxr.<init>(:com.google.android.gms@261332035@26.13.32 (260400-895912391):10)
05-01 18:05:08.610  4139 12889 E jpxr    : 	at jpxp.a(:com.google.android.gms@261332035@26.13.32 (260400-895912391):296)
05-01 18:05:08.610  4139 12889 E jpxr    : 	at jpfl.a(:com.google.android.gms@261332035@26.13.32 (260400-895912391):5)
05-01 18:05:08.610  4139 12889 E jpxr    : 	at bjfu.a(:com.google.android.gms@261332035@26.13.32 (260400-895912391):85)
05-01 18:05:08.610  4139 12889 E jpxr    : 	at bjfl.t(:com.google.android.gms@261332035@26.13.32 (260400-895912391):107)
05-01 18:05:08.610  4139 12889 E jpxr    : 	at bjfl.G(:com.google.android.gms@261332035@26.13.32 (260400-895912391):5)
05-01 18:05:08.610  4139 12889 E jpxr    : 	at ccra.a(:com.google.android.gms@261332035@26.13.32 (260400-895912391):650)
05-01 18:05:08.610  4139 12889 E jpxr    : 	at bjeq.call(:com.google.android.gms@261332035@26.13.32 (260400-895912391):3)
05-01 18:05:08.610  4139 12889 E jpxr    : 	at java.util.concurrent.FutureTask.run(FutureTask.java:317)
05-01 18:05:08.610  4139 12889 E jpxr    : 	at bjlx.c(:com.google.android.gms@261332035@26.13.32 (260400-895912391):50)
05-01 18:05:08.610  4139 12889 E jpxr    : 	at bjlx.run(:com.google.android.gms@261332035@26.13.32 (260400-895912391):92)
05-01 18:05:08.610  4139 12889 E jpxr    : 	at java.util.concurrent.ThreadPoolExecutor.runWorker(ThreadPoolExecutor.java:1154)
05-01 18:05:08.610  4139 12889 E jpxr    : 	at java.util.concurrent.ThreadPoolExecutor$Worker.run(ThreadPoolExecutor.java:652)
05-01 18:05:08.610  4139 12889 E jpxr    : 	at bjro.run(:com.google.android.gms@261332035@26.13.32 (260400-895912391):8)
05-01 18:05:08.610  4139 12889 E jpxr    : 	at java.lang.Thread.run(Thread.java:1563)
05-01 18:05:08.633  2599  2599 W FillRequestEventLogger: Shouldn't be logging AutofillFillRequestReported again for same event
05-01 18:05:08.633  2599  2599 W FillResponseEventLogger: Shouldn't be logging AutofillFillRequestReported again for same event
05-01 18:05:08.633  2599  2599 W PresentationStatsEventLogger: Empty dataset. Autofill ignoring log
05-01 18:05:08.634  2599  2599 D AutofillSession: clearPendingIntentLocked
05-01 18:05:08.638 13250 13250 D Autofill Status: Autofill popup isn't shown because autofill is not available.
05-01 18:05:08.638 13250 13250 D Autofill Status: 
05-01 18:05:08.638 13250 13250 D Autofill Status: Did you set up autofill?
05-01 18:05:08.638 13250 13250 D Autofill Status: 1. Go to Settings > System > Languages&input > Advanced > Autofill Service
05-01 18:05:08.638 13250 13250 D Autofill Status: 2. Pick a service
05-01 18:05:08.638 13250 13250 D Autofill Status: 
05-01 18:05:08.638 13250 13250 D Autofill Status: Did you add an account?
05-01 18:05:08.638 13250 13250 D Autofill Status: 1. Go to Settings > System > Languages&input > Advanced
05-01 18:05:08.638 13250 13250 D Autofill Status: 2. Click on the settings icon next to the Autofill Service
05-01 18:05:08.638 13250 13250 D Autofill Status: 3. Add your account
05-01 18:05:08.645  3081  3081 V InlineSuggestionRenderService: handleDestroySuggestionViews called for 0:1389893559
05-01 18:05:08.657  4139  5088 I libbinder.IPCThreadState: oneway function results for code 1 on binder at 0xb400007c21088ee0 will be dropped but finished with status UNKNOWN_TRANSACTION and reply parcel size 80
05-01 18:05:08.658  2599  2848 D BackgroundInstallControlService: Package event received: 0
05-01 18:05:08.671  3342  3342 I BaseKeyboardSizeHelper: BaseKeyboardSizeHelper.calculateMaxKeyboardBodyHeight():73 leave 281 height for app when ime window height:2337, header height:116 and isFullscreenMode:false, so the max keyboard body height is:1940
05-01 18:05:08.672  3342  3342 I SoftKeyboardView: SoftKeyboardView.setMaxHeight():1102 Set max keyboard height:1940.
05-01 18:05:08.692  3342  3342 I AndroidIME: KeyboardViewManager.updateKeyboardBackgroundFrameVisibility():360 Set background frame visibility. old:8, new:8
05-01 18:05:08.695  3342  3342 I BaseKeyboardSizeHelper: BaseKeyboardSizeHelper.calculateMaxKeyboardBodyHeight():73 leave 281 height for app when ime window height:2337, header height:116 and isFullscreenMode:false, so the max keyboard body height is:1940
05-01 18:05:08.695  3342  3342 I BaseKeyboardSizeHelper: BaseKeyboardSizeHelper.calculateMaxKeyboardBodyHeight():73 leave 281 height for app when ime window height:2337, header height:116 and isFullscreenMode:false, so the max keyboard body height is:1940
05-01 18:05:08.702  3342  3342 I GlobeKeyExtension: GlobeKeyExtension.getKeyboardInitialStates():185 
05-01 18:05:08.705  3342  3351 W putmethod.latin: Reducing the number of considered missed Gc histogram windows from 156 to 100
05-01 18:05:08.708  3342  3342 W KeyboardDef: KeyboardDef.getKeyboardViewDef():831 KeyboardViewDef is not found: keyboardDef=obi{processedConditions={show_comma_key=true, enable_more_candidates_view_for_multilingual=false, layout_9key_split=false, enable_secondary_symbols=false, pref_enable_flick_symbols=false, enable_scrub_move=true, language=en-US, deprecate_long_press_space_for_ime_picker=false, expressions=normal, android_software_xr_api_spatial=false, variant=qwerty, free_cursor=false, show_period_key=true, device=phone, keyboard_mode=normal, show_secondary_digits=true, enable_pk_simulator=false, enable_preemptive_decode=true}, globalConditions={global_theme_key=theme,!gsf,!pgsans,!pgsf,!use_system_font,BORDER,FLAVOR_DPI=XXHDPI,IS_LIGHT,KEYBOARD_WIDTH_CATEGORY=NORMAL,KEY_BORDER_SHAPE=1,LIGHT_THEME=true,PHYSICAL_DIAGONAL=6.1297245,POPUP,SCREEN_SHORTEST_WIDTH=411,SCREEN_SHORTEST_WIDTH_NO_SCALE=411,SW400DP,XXHDPI,bottom4dp,enable_popup_on_keypress=true,keyboard_redesign_google_sans=true,non_linear_scale,noshadow,overlay_builtin_dynamic_color_light_base.binarypb:gm3-light-fffaf8fe-ff4e5e8b-4fee5571778e92b08ff4c2d3d15b9d3f,silkpopup, global_locale=en_US, global_density_dpi=420, global_orientation=1}, className=.latin.keyboard.LatinPrimeKeyboard, resourceIds=[#0x7f1705f9, #0x7f17088e], initialStates=0, keyboardViewDefs=[obx{direction=null, id=#0x7f0b0229, isScalable=true, layoutId=#0x7f0e037d, type=BODY, touchable=true, defaultShow=true}, obx{direction=null, id=#0x7f0b0229, isScalable=false, layoutId=#0x7f0e0212, type=FLOATING_CANDIDATES, touchable=false, defaultShow=false}, obx{direction=LOCALE, id=#0x7f0b0229, isScalable=false, layoutId=#0x7f0e051a, type=HEADER, touchable=true, defaultShow=true}], persistentStates=0, persistentStatesPrefKey=null, popupBubbleLayoutId=#0x7f0e060b, recentKeyLayoutId=#0x0, recentKeyPopupLayoutId=#0x0, recentKeyType=null, rememberRecentKey=NONE, sessionStates=26388279066624}, type=WIDGET, id=2131427881
05-01 18:05:08.711  4139  4162 I FontLog : (REDACTED) Received query %s, URI %s
05-01 18:05:08.711  4139  4162 I FontLog : (REDACTED) Query [%s] resolved to %s
05-01 18:05:08.712  3342  3353 W SP      : File ref is being finalized but wasn't closed, file: tflite-nwp-756c50035b995cfb0f7e8feb7d1b10ee[3]
05-01 18:05:08.712  3342  3353 W SP      : File ref is being finalized but wasn't closed, file: tflite-nwp-756c50035b995cfb0f7e8feb7d1b10ee[3]
05-01 18:05:08.712  3342  3353 W SP      : File ref is being finalized but wasn't closed, file: en_us_20251103_compact_fst_zip[27]
05-01 18:05:08.712  3342  3353 W SP      : File ref is being finalized but wasn't closed, file: transformer_latin_tflite_20251103_zip[27]
05-01 18:05:08.712  3342  3353 W SP      : File ref is being finalized but wasn't closed, file: transformer_latin_seg_tflite_20251103_zip[27]
05-01 18:05:08.712  3342  3353 W SP      : File ref is being finalized but wasn't closed, file: transformer_latin_conf_tflite_20251103_zip[27]
05-01 18:05:08.712  3342  3353 W SP      : File ref is being finalized but wasn't closed, file: qrnn_en-US_reco_20251103_fst_20251103_recospec_zip[27]
05-01 18:05:08.712  3342  3353 W SP      : File ref is being finalized but wasn't closed, file: scribe_latin_20250829tfreco_tflite_zip[27]
05-01 18:05:08.712  3342  3353 W SP      : File ref is being finalized but wasn't closed, file: scribe_latin_20250829tfreco_recospec_zip[27]
05-01 18:05:08.712  3342  3353 W SP      : File ref is being finalized but wasn't closed, file: transformer_latin_conf_tflite_20251103_zip[27]
05-01 18:05:08.712  3342  3353 W SP      : File ref is being finalized but wasn't closed, file: transformer_latin_tflite_20251103_zip[27]
05-01 18:05:08.712  3342  3353 W SP      : File ref is being finalized but wasn't closed, file: scribe_latin_20250829tfreco_recospec_zip[27]
05-01 18:05:08.712  3342  3353 W SP      : File ref is being finalized but wasn't closed, file: qrnn_en-US_reco_20251103_fst_20251103_recospec_zip[27]
05-01 18:05:08.712  3342  3353 W SP      : File ref is being finalized but wasn't closed, file: transformer_latin_seg_tflite_20251103_zip[27]
05-01 18:05:08.712  3342  3353 W SP      : File ref is being finalized but wasn't closed, file: pack_mapping_v1_lstm_20260206[20]
05-01 18:05:08.712  3342  3353 W SP      : File ref is being finalized but wasn't closed, file: en_us_20251103_compact_fst_zip[27]
05-01 18:05:08.712  3342  3353 W SP      : File ref is being finalized but wasn't closed, file: scribe_latin_20250829tfreco_tflite_zip[27]
05-01 18:05:08.714  3342  3342 W Keyboard: Keyboard.getKeyboardViewHelper():607 null helper is returned: keyboardDef=obi{processedConditions={show_comma_key=true, enable_more_candidates_view_for_multilingual=false, layout_9key_split=false, enable_secondary_symbols=false, pref_enable_flick_symbols=false, enable_scrub_move=true, language=en-US, deprecate_long_press_space_for_ime_picker=false, expressions=normal, android_software_xr_api_spatial=false, variant=qwerty, free_cursor=false, show_period_key=true, device=phone, keyboard_mode=normal, show_secondary_digits=true, enable_pk_simulator=false, enable_preemptive_decode=true}, globalConditions={global_theme_key=theme,!gsf,!pgsans,!pgsf,!use_system_font,BORDER,FLAVOR_DPI=XXHDPI,IS_LIGHT,KEYBOARD_WIDTH_CATEGORY=NORMAL,KEY_BORDER_SHAPE=1,LIGHT_THEME=true,PHYSICAL_DIAGONAL=6.1297245,POPUP,SCREEN_SHORTEST_WIDTH=411,SCREEN_SHORTEST_WIDTH_NO_SCALE=411,SW400DP,XXHDPI,bottom4dp,enable_popup_on_keypress=true,keyboard_redesign_google_sans=true,non_linear_scale,noshadow,overlay_builtin_dynamic_color_light_base.binarypb:gm3-light-fffaf8fe-ff4e5e8b-4fee5571778e92b08ff4c2d3d15b9d3f,silkpopup, global_locale=en_US, global_density_dpi=420, global_orientation=1}, className=.latin.keyboard.LatinPrimeKeyboard, resourceIds=[#0x7f1705f9, #0x7f17088e], initialStates=0, keyboardViewDefs=[obx{direction=null, id=#0x7f0b0229, isScalable=true, layoutId=#0x7f0e037d, type=BODY, touchable=true, defaultShow=true}, obx{direction=null, id=#0x7f0b0229, isScalable=false, layoutId=#0x7f0e0212, type=FLOATING_CANDIDATES, touchable=false, defaultShow=false}, obx{direction=LOCALE, id=#0x7f0b0229, isScalable=false, layoutId=#0x7f0e051a, type=HEADER, touchable=true, defaultShow=true}], persistentStates=0, persistentStatesPrefKey=null, popupBubbleLayoutId=#0x7f0e060b, recentKeyLayoutId=#0x0, recentKeyPopupLayoutId=#0x0, recentKeyType=null, rememberRecentKey=NONE, sessionStates=26388279066624}, type=WIDGET, helpersCreated={HEADER=nmg@5279c96, BODY=nmg@5979017, FLOATING_CANDIDATES=nmg@8398c04}, context.getResources().getConfiguration(): {1.0 310mcc260mnc [en_US] ldltr sw411dp w411dp h914dp 420dpi nrml long compactNeeded port finger qwerty/v/v dpad/v winConfig={ mBounds=Rect(0, 0 - 1080, 2400) mAppBounds=Rect(0, 0 - 1080, 2400) mMaxBounds=Rect(0, 0 - 1080, 2400) mDisplayRotation=ROTATION_0 mWindowingMode=fullscreen mActivityType=undefined mAlwaysOnTop=undefined mRotation=ROTATION_0} s.10 fontWeightAdjustment=0}
05-01 18:05:08.722  3342  3353 W SP      : File ref is being finalized but wasn't closed, file: transformer_latin_conf_tflite_20251103_zip[27]
05-01 18:05:08.722  3342  3353 W SP      : File ref is being finalized but wasn't closed, file: transformer_latin_tflite_20251103_zip[27]
05-01 18:05:08.722  3342  3353 W SP      : File ref is being finalized but wasn't closed, file: scribe_latin_20250829tfreco_recospec_zip[27]
05-01 18:05:08.722  3342  3353 W SP      : File ref is being finalized but wasn't closed, file: qrnn_en-US_reco_20251103_fst_20251103_recospec_zip[27]
05-01 18:05:08.722  3342  3353 W SP      : File ref is being finalized but wasn't closed, file: transformer_latin_seg_tflite_20251103_zip[27]
05-01 18:05:08.722  3342  3353 W SP      : File ref is being finalized but wasn't closed, file: pack_mapping_v1_lstm_20260206[20]
05-01 18:05:08.722  3342  3353 W SP      : File ref is being finalized but wasn't closed, file: en_us_20251103_compact_fst_zip[27]
05-01 18:05:08.722  3342  3353 W SP      : File ref is being finalized but wasn't closed, file: scribe_latin_20250829tfreco_tflite_zip[27]
05-01 18:05:08.722  3342  3353 W SP      : File ref is being finalized but wasn't closed, file: transformer_latin_conf_tflite_20251103_zip[27]
05-01 18:05:08.722  3342  3353 W SP      : File ref is being finalized but wasn't closed, file: transformer_latin_tflite_20251103_zip[27]
05-01 18:05:08.722  3342  3353 W SP      : File ref is being finalized but wasn't closed, file: scribe_latin_20250829tfreco_recospec_zip[27]
05-01 18:05:08.722  3342  3353 W SP      : File ref is being finalized but wasn't closed, file: qrnn_en-US_reco_20251103_fst_20251103_recospec_zip[27]
05-01 18:05:08.722  3342  3353 W SP      : File ref is being finalized but wasn't closed, file: transformer_latin_seg_tflite_20251103_zip[27]
05-01 18:05:08.723  3342  3353 W SP      : File ref is being finalized but wasn't closed, file: pack_mapping_v1_lstm_20260206[20]
05-01 18:05:08.723  3342  3353 W SP      : File ref is being finalized but wasn't closed, file: en_us_20251103_compact_fst_zip[27]
05-01 18:05:08.723  3342  3353 W SP      : File ref is being finalized but wasn't closed, file: scribe_latin_20250829tfreco_tflite_zip[27]
05-01 18:05:08.723  3342  3353 W SP      : File ref is being finalized but wasn't closed, file: transformer_latin_conf_tflite_20251103_zip[27]
05-01 18:05:08.723  3342  3353 W SP      : File ref is being finalized but wasn't closed, file: transformer_latin_tflite_20251103_zip[27]
05-01 18:05:08.723  3342  3353 W SP      : File ref is being finalized but wasn't closed, file: scribe_latin_20250829tfreco_recospec_zip[27]
05-01 18:05:08.723  3342  3353 W SP      : File ref is being finalized but wasn't closed, file: qrnn_en-US_reco_20251103_fst_20251103_recospec_zip[27]
05-01 18:05:08.723  3342  3353 W SP      : File ref is being finalized but wasn't closed, file: transformer_latin_seg_tflite_20251103_zip[27]
05-01 18:05:08.723  3342  3353 W SP      : File ref is being finalized but wasn't closed, file: pack_mapping_v1_lstm_20260206[20]
05-01 18:05:08.723  3342  3353 W SP      : File ref is being finalized but wasn't closed, file: en_us_20251103_compact_fst_zip[27]
05-01 18:05:08.723  3342  3353 W SP      : File ref is being finalized but wasn't closed, file: scribe_latin_20250829tfreco_tflite_zip[27]
05-01 18:05:08.724  3342  3353 W SP      : File ref is being finalized but wasn't closed, file: 2023012316_en[5]
05-01 18:05:08.724  3342  3353 W SP      : File ref is being finalized but wasn't closed, file: 2023012316_en[5]
05-01 18:05:08.726  3342  3342 I MotionEventHandlerManager: MotionEventHandlerManager.newHandlerInstance():562 Created handler instance from HiltMotionEventHandlerFactory .libs.latin5.handler.HeaderMotionEventHandler
05-01 18:05:08.726  3342  3342 I MotionEventHandlerManager: MotionEventHandlerManager.newHandlerInstance():562 Created handler instance from HiltMotionEventHandlerFactory .libs.latin5.handler.LatinMotionEventHandler
05-01 18:05:08.727  3342  3342 I MotionEventHandlerManager: MotionEventHandlerManager.newHandlerInstance():562 Created handler instance from HiltMotionEventHandlerFactory .libs.latin5.handler.LatinPreemptiveDecodeHandler
05-01 18:05:08.727  3342  3342 I MotionEventHandlerManager: MotionEventHandlerManager.newHandlerInstance():562 Created handler instance from HiltMotionEventHandlerFactory .libs.latin5.handler.LatinGestureMotionEventHandler
05-01 18:05:08.728  4139  4162 I FontLog : (REDACTED) Font PFD returned from cache for %s
05-01 18:05:08.728  3342  3342 I MotionEventHandlerManager: MotionEventHandlerManager.newHandlerInstance():562 Created handler instance from HiltMotionEventHandlerFactory .motioneventhandler.scrubmove.ScrubDeleteMotionEventHandler
05-01 18:05:08.728  3342  3342 I MotionEventHandlerManager: MotionEventHandlerManager.newHandlerInstance():562 Created handler instance from HiltMotionEventHandlerFactory .inlinesuggestion.InlineSuggestionScrubSpaceMotionEventHandler
05-01 18:05:08.728  3342  3342 I MotionEventHandlerManager: MotionEventHandlerManager.newHandlerInstance():562 Created handler instance from HiltMotionEventHandlerFactory .motioneventhandler.scrubmove.ScrubMoveMotionEventHandler
05-01 18:05:08.729  4139  4162 I FontLog : (REDACTED) Fetch %s end status %s
05-01 18:05:08.744  3342  3342 I MotionEventHandlerManager: MotionEventHandlerManager.newHandlerInstance():574 Created handler instance from reflection .libs.latin5.handler.LatinKeyboardLayoutHandler: com.google.android.apps.inputmethod.libs.latin5.handler.LatinKeyboardLayoutHandler@9066b0f
05-01 18:05:08.744  3342  3342 I MotionEventHandlerManager: MotionEventHandlerManager.newHandlerInstance():562 Created handler instance from HiltMotionEventHandlerFactory com.google.android.libraries.inputmethod.motioneventhandler.BasicMotionEventHandler
05-01 18:05:08.744  3342  3342 I BaseKeyboardSizeHelper: BaseKeyboardSizeHelper.calculateMaxKeyboardBodyHeight():73 leave 281 height for app when ime window height:2337, header height:116 and isFullscreenMode:false, so the max keyboard body height is:1940
05-01 18:05:08.752  4139  4162 I FontLog : (REDACTED) Pulling font file for id = %d, cache size = %d
05-01 18:05:08.767  4139  4162 I FontLog : (REDACTED) Received query %s, URI %s
05-01 18:05:08.768  4139  4162 I FontLog : (REDACTED) Query [%s] resolved to %s
05-01 18:05:08.768  4139  4162 I FontLog : (REDACTED) Font PFD returned from cache for %s
05-01 18:05:08.768  4139  4162 I FontLog : (REDACTED) Fetch %s end status %s
05-01 18:05:08.773  4139  4162 I FontLog : (REDACTED) Pulling font file for id = %d, cache size = %d
05-01 18:05:08.856  3342  3353 W SP      : File ref is being finalized but wasn't closed, file: 2023012316_en[5]
05-01 18:05:08.856  3342  3353 W SP      : File ref is being finalized but wasn't closed, file: 2023012316_en[5]
05-01 18:05:08.907  3342  3342 I AndroidIME: InputBundleManager.startInput():361 startInput() with obt[keyboardType=prime, payload=null]
05-01 18:05:08.928  3342  3342 I PkModeUpdater: PkModeUpdater.onActivate():76 onActivate false true
05-01 18:05:08.930  3342  3846 I SuperDelight: SuperDelightBundledSlicingStrategy.getSlices():41 BundledSlicing#getSlices() : Locale = [en_US]
05-01 18:05:08.930  3342  3846 I SuperDelight: SuperDelightBundledSlicingStrategy.getSlices():67 BundledSlicing#getSlices(): result {slices=[bundled_delight:main_en_us_2025121900_2], last batch=true, sync metadata=false}
05-01 18:05:08.930  3342  3846 I SP      : Syncing bundled_delight (2026031600) with slices: [main_en_us_2025121900_2], metadata: false
05-01 18:05:08.934  3342  3342 I AccessoryInputModeManager: AccessoryInputModeManager.onModeStarted():346 Accessory input mode started: null
05-01 18:05:08.936  3342  3342 W SupplementaryKeyboardsWrapper: SupplementaryKeyboardsWrapper.deactivateKeyboard():162 keyboard accessory_candidates_consumer is not activated before!
05-01 18:05:08.958  3342  4001 W native  : W0000 00:00:1777655108.951695    4001 fst-model-loader.cc:866] The section id=0x4000000000 is not recognized. Skipping.
05-01 18:05:08.995  3342  4001 I Delight5Decoder: Delight5DecoderWrapper.loadLanguageModel():822 Loaded main LM 1.en
05-01 18:05:08.995  3342  4001 I Delight5Decoder: Delight5DecoderWrapper.loadLanguageModel():796 loadLanguageModel() : 7, version [n/a]
05-01 18:05:08.996  3342  4001 I native  : I0000 00:00:1777655108.995997    4001 blocklist-assembly.cc:126] LoadBlocklist en
05-01 18:05:09.002  3342  4001 I Delight5Decoder: Delight5DecoderWrapper.loadLanguageModel():841 Loaded dynamic LM 7.en
05-01 18:05:09.002  3342  4001 I Delight5Decoder: Delight5DecoderWrapper.loadLanguageModel():796 loadLanguageModel() : 4, version [n/a]
05-01 18:05:09.030  3342  4001 I Delight5Decoder: Delight5DecoderWrapper.loadLanguageModel():841 Loaded dynamic LM 4.en
05-01 18:05:09.031  3342  4001 I Delight5Decoder: Delight5DecoderWrapper.loadLanguageModel():796 loadLanguageModel() : 3, version [n/a]
05-01 18:05:09.039  3342  4001 I Delight5Decoder: Delight5DecoderWrapper.loadLanguageModel():841 Loaded dynamic LM 3.en
05-01 18:05:09.042  3342  4001 I Delight5Decoder: Delight5DecoderWrapper.loadLanguageModel():796 loadLanguageModel() : 20, version [n/a]
05-01 18:05:09.051  3342  4001 I Delight5Decoder: Delight5DecoderWrapper.loadLanguageModel():841 Loaded dynamic LM 20.en
05-01 18:05:09.055  3342  3342 I GlobeKeyExtension: GlobeKeyExtension.onActivate():129 
05-01 18:05:09.056  3342  3342 I BaseKeyboardSizeHelper: BaseKeyboardSizeHelper.calculateMaxKeyboardBodyHeight():73 leave 281 height for app when ime window height:2337, header height:116 and isFullscreenMode:false, so the max keyboard body height is:1940
05-01 18:05:09.058  3342  3342 I BaseKeyboardSizeHelper: BaseKeyboardSizeHelper.calculateMaxKeyboardBodyHeight():73 leave 281 height for app when ime window height:2337, header height:116 and isFullscreenMode:false, so the max keyboard body height is:1940
05-01 18:05:09.059  3342  3342 W ExtensionWrapper: ExtensionWrapper.setExtensionViewVisibility():878 interface npz is not activate
05-01 18:05:09.067  3342  4002 I CrankEngineLocales: CrankEngineLocales.getLocaleToUseForCrankEngine():66 Using locale en_US for emoji prediction
05-01 18:05:09.072  3342  3342 I VoiceInputManagerWrapper: VoiceInputManagerWrapper.cancelShutdown():109 cancelShutdown()
05-01 18:05:09.072  3342  3342 I VoiceInputManagerWrapper: VoiceInputManagerWrapper.syncLanguagePacks():121 syncLanguagePacks()
05-01 18:05:09.076  3342  3832 I NetworkInfoNotification: NetworkInfoNotification$Listener.onReceive():107 onNetworkAvailable: networkState = NON_METERED, isAirplaneModeOn = false
05-01 18:05:09.080  3342 13392 I SpeechFactory: SpeechRecognitionFactory.maybeScheduleAutoPackDownloadForFallback():221 maybeScheduleAutoPackDownloadForFallback()
05-01 18:05:09.082  3342 13392 I FallbackOnDeviceRecognitionProvider: FallbackOnDeviceRecognitionProvider.maybeScheduleAutoPackDownload():213 maybeScheduleAutoPackDownload() for language tag en-US
05-01 18:05:09.085  3342  3342 I VoiceInputManager: VoiceInputManager.onKeyboardActivated():1195 onKeyboardActivated() [UD]
05-01 18:05:09.088  3342  3342 I HardKeyTracker: HardKeyTracker.registerKeySequence():201 Register key sequence ozs{labelResId=2132020523, callback=few@c3fbe44, lastModifier=2, keyCodes=[56], actions=[0]}
05-01 18:05:09.088  3342  3342 I HardKeyTracker: HardKeyTracker.registerKeySequence():201 Register key sequence ozs{labelResId=2132020523, callback=few@fb4eb2d, lastModifier=0, keyCodes=[317], actions=[0]}
05-01 18:05:09.088  3342  3342 W AccessPointsManager: AccessPointsManager.addAccessPoint():1087 The holder controller #0x7f0b2487 is not registered
05-01 18:05:09.088  3342  3342 I HardKeyTracker: HardKeyTracker.registerKeySequence():201 Register key sequence ozs{labelResId=2132020533, callback=few@7039df3, lastModifier=2, keyCodes=[47], actions=[0]}
05-01 18:05:09.105  3342  3342 I Module  : DeviceLockedStatusModuleProvider$Module.updateDeviceLockedStatus():103 repeatCheckTimes = 1, locked = false
05-01 18:05:09.107  4139  4162 I FontLog : (REDACTED) Received query %s, URI %s
05-01 18:05:09.107  4139  4162 I FontLog : (REDACTED) Query [%s] resolved to %s
05-01 18:05:09.108  3342  3342 W FDL     : FDL logging failed. Add a dependency for Firebase Analytics to your app to enable logging of Dynamic Link events.
05-01 18:05:09.108  3342  3342 I HardKeyTracker: HardKeyTracker.unregisterKeySequence():259 Unregister key sequence ozs{labelResId=2132020527, callback=few@1ea64f6, lastModifier=2, keyCodes=[48], actions=[0]}
05-01 18:05:09.109  3342  3342 I HardKeyTracker: HardKeyTracker.registerKeySequence():201 Register key sequence ozs{labelResId=2132020527, callback=few@80d413f, lastModifier=2, keyCodes=[48], actions=[0]}
05-01 18:05:09.109  3342  3342 W AccessPointsManager: AccessPointsManager.addAccessPoint():1087 The holder controller #0x7f0b2487 is not registered
05-01 18:05:09.109  3342  3342 I HardKeyTracker: HardKeyTracker.registerKeySequence():201 Register key sequence ozs{labelResId=2132020523, callback=few@d402a0c, lastModifier=2, keyCodes=[56], actions=[0]}
05-01 18:05:09.109  3342  3342 I HardKeyTracker: HardKeyTracker.registerKeySequence():201 Register key sequence ozs{labelResId=2132020523, callback=few@269bf55, lastModifier=0, keyCodes=[317], actions=[0]}
05-01 18:05:09.110  3342  3342 I HardKeyTracker: HardKeyTracker.unregisterKeySequence():259 Unregister key sequence ozs{labelResId=2132020525, callback=few@9977258, lastModifier=2, keyCodes=[37], actions=[0]}
05-01 18:05:09.110  3342  3342 I HardKeyTracker: HardKeyTracker.registerKeySequence():201 Register key sequence ozs{labelResId=2132020525, callback=few@c1eb25b, lastModifier=2, keyCodes=[37], actions=[0]}
05-01 18:05:09.110  3342  3342 I HardKeyTracker: HardKeyTracker.unregisterKeySequence():259 Unregister key sequence ozs{labelResId=2132020525, callback=few@972ec96, lastModifier=2, keyCodes=[37], actions=[0]}
05-01 18:05:09.110  3342  3342 I HardKeyTracker: HardKeyTracker.registerKeySequence():201 Register key sequence ozs{labelResId=2132020525, callback=few@753fbd1, lastModifier=2, keyCodes=[37], actions=[0]}
05-01 18:05:09.112  4139  4162 I FontLog : (REDACTED) Fetch %s end status %s
05-01 18:05:09.115  3342  3342 I HardKeyTracker: HardKeyTracker.unregisterKeySequence():259 Unregister key sequence ozs{labelResId=2132020522, callback=few@2654d91, lastModifier=2, keyCodes=[50], actions=[0]}
05-01 18:05:09.115  3342  3342 I HardKeyTracker: HardKeyTracker.registerKeySequence():201 Register key sequence ozs{labelResId=2132020522, callback=few@75faea4, lastModifier=2, keyCodes=[50], actions=[0]}
05-01 18:05:09.116  3342  3342 I HardKeyTracker: HardKeyTracker.unregisterKeySequence():259 Unregister key sequence ozs{labelResId=2132020522, callback=few@7d420f7, lastModifier=2, keyCodes=[50], actions=[0]}
05-01 18:05:09.116  4139  4162 I FontLog : (REDACTED) Pulling font file for id = %d, cache size = %d
05-01 18:05:09.116  3342  3342 I HardKeyTracker: HardKeyTracker.registerKeySequence():201 Register key sequence ozs{labelResId=2132020522, callback=few@7ff11d3, lastModifier=2, keyCodes=[50], actions=[0]}
05-01 18:05:09.116  3342  3342 W AccessPointsManager: AccessPointsManager.addAccessPoint():1087 The holder controller #0x7f0b2487 is not registered
05-01 18:05:09.117  3342  3342 I HardKeyTracker: HardKeyTracker.unregisterKeySequence():259 Unregister key sequence ozs{labelResId=2132020527, callback=few@86c5bb8, lastModifier=2, keyCodes=[48], actions=[0]}
05-01 18:05:09.117  3342  3342 I HardKeyTracker: HardKeyTracker.registerKeySequence():201 Register key sequence ozs{labelResId=2132020527, callback=few@9b95409, lastModifier=2, keyCodes=[48], actions=[0]}
05-01 18:05:09.118  3342  3342 W NotificationCenter: NotificationCenter$NotificationQueue.notifyPendingNotificationsOnExecutor():877 Heavy notify work detected on UI thread: [nkd->huu, nkd->nje, nkd->gsj, nkd->kzi, nkd->kzi, nkd->kzi, nkd->mjd, nkd->kzi, nkd->kzi, nkd->lcb, nkd->niv, nkd->pcd, nkd->kzi, nkd->kwp, nkd->imj, nkd->kzi, nkd->kzi, nkd->prl, nkd->kzi, nkd->kzi, nkd->kzi, nkd->gvh, nkd->kzi, nkd->kzi, kzc->hkm, kzc->hkm, kzc->hkm, kzc->hkm, kzc->hkm, kzc->hkm, kzc->hkm, kzc->hkm, kzc->hkm, kzc->hkm, kzc->hkm] takes 24ms
05-01 18:05:09.118  3342  3342 I VoiceImeExtension: VoiceImeExtension.shouldStartVoiceInputAutomaticallyInCurrentInputBox():384 No private IME option set to start voice input.
05-01 18:05:09.119  3342  3342 I HardKeyTracker: HardKeyTracker.registerKeySequence():201 Register key sequence ozs{labelResId=2132020528, callback=few@fa7b41, lastModifier=2, keyCodes=[32], actions=[0]}
05-01 18:05:09.119  3342  3342 I HardKeyTracker: HardKeyTracker.registerKeySequence():201 Register key sequence ozs{labelResId=2132020528, callback=few@17a78e6, lastModifier=0, keyCodes=[319], actions=[0]}
05-01 18:05:09.120  3342 13358 I SystemHapticSettings: SystemHapticSettings.updateSystemVibrationState():61 update vibration state: true
05-01 18:05:09.120  4139  4162 I FontLog : (REDACTED) Pulling font file for id = %d, cache size = %d
05-01 18:05:09.151  3593  3593 D BoundBrokerSvc: onBind: Intent { act=com.google.firebase.dynamiclinks.service.START xflg=0x4 pkg=com.google.android.gms }
05-01 18:05:09.151  3593  3593 D BoundBrokerSvc: Loading bound service for intent: Intent { act=com.google.firebase.dynamiclinks.service.START xflg=0x4 pkg=com.google.android.gms }
05-01 18:05:09.166  3342  3342 W NotificationCenter: NotificationCenter$NotificationQueue.notifyPendingNotificationsOnExecutor():877 Heavy notify work detected on UI thread: [kzc->hkm] takes 47ms
05-01 18:05:09.169  3342  3342 I HardKeyTracker: HardKeyTracker.registerKeySequence():201 Register key sequence ozs{labelResId=2132020528, callback=few@6f19e6c, lastModifier=2, keyCodes=[32], actions=[0]}
05-01 18:05:09.169  3342  3342 I HardKeyTracker: HardKeyTracker.registerKeySequence():201 Register key sequence ozs{labelResId=2132020528, callback=few@6ad8c35, lastModifier=0, keyCodes=[319], actions=[0]}
05-01 18:05:09.169  3342  3342 W NotificationCenter: NotificationCenter$NotificationQueue.notifyPendingNotificationsOnExecutor():877 Heavy notify work detected on UI thread: [nkd->eke] takes 51ms
05-01 18:05:09.171  3342  3342 D ImeBackCallbackSender: Register OnBackInvokedCallback with priority=-1 at app window (packageName=com.signbridge)
05-01 18:05:09.184 13250 13250 D WindowOnBackDispatcher: setTopOnBackInvokedCallback (unwrapped): android.view.ImeBackAnimationController@f8d065
05-01 18:05:09.184  2599  3707 D CoreBackPreview: Window{a7d7b4f u0 com.signbridge/com.signbridge.MainActivity}: Setting back callback OnBackInvokedCallbackInfo{mCallback=android.window.IOnBackInvokedCallback$Stub$Proxy@15740ad, mPriority=0, mIsAnimationCallback=true, mOverrideBehavior=0}
05-01 18:05:09.200  3342  3342 W NotificationCenter: NotificationCenter$NotificationQueue.notifyPendingNotificationsOnExecutor():877 Heavy notify work detected on UI thread: [nkd->iix, nkd->ooh, nke->olc, nee->omp, nee->ilv, kxg->nqs, nee->prk, nso->epa, nkd->iix, nkd->ooh] takes 22ms
05-01 18:05:09.200  3342  3342 I Choreographer: Skipped 165 frames!  The application may be doing too much work on its main thread.
05-01 18:05:09.394  3342  3353 W SP      : File ref is being finalized but wasn't closed, file: 2023012316_en[7]
05-01 18:05:09.394  3342  3353 W SP      : File ref is being finalized but wasn't closed, file: 2023012316_en[7]
05-01 18:05:09.395   561   646 W libbinder.ServiceManagerCppClient: Permission failure: android.permission.ACCESS_SURFACE_FLINGER from uid=10166 pid=3342
05-01 18:05:09.395   561   646 D libbinder.PermissionCache: checking android.permission.ACCESS_SURFACE_FLINGER for uid=10166 => denied (5064 us)
05-01 18:05:09.395   561   646 W libbinder.ServiceManagerCppClient: Permission failure: android.permission.ROTATE_SURFACE_FLINGER from uid=10166 pid=3342
05-01 18:05:09.395   561   646 D libbinder.PermissionCache: checking android.permission.ROTATE_SURFACE_FLINGER for uid=10166 => denied (128 us)
05-01 18:05:09.395   561   646 W libbinder.ServiceManagerCppClient: Permission failure: android.permission.INTERNAL_SYSTEM_WINDOW from uid=10166 pid=3342
05-01 18:05:09.395   561   646 D libbinder.PermissionCache: checking android.permission.INTERNAL_SYSTEM_WINDOW for uid=10166 => denied (72 us)
05-01 18:05:09.438  3593  3593 D BoundBrokerSvc: onBind: Intent { act=com.google.android.gms.common.BIND_SHARED_PREFS xflg=0x4 pkg=com.google.android.gms }
05-01 18:05:09.438  3593  3593 D BoundBrokerSvc: Loading bound service for intent: Intent { act=com.google.android.gms.common.BIND_SHARED_PREFS xflg=0x4 pkg=com.google.android.gms }
05-01 18:05:09.444  3342  3342 I AndroidIME: KeyboardViewManager.updateKeyboardBackgroundFrameVisibility():360 Set background frame visibility. old:8, new:8
05-01 18:05:09.444  3342  3342 I WindowMetricsNotification: WindowMetricsNotification.notifyWithWindow():166 
05-01 18:05:09.451  3342  3342 I GoogleInputMethodService: GoogleInputMethodService$8.onWindowMetricsChanged():834 windowMetrics: bounds() = Rect(0, 63 - 1080, 2400), insets() = Rect(0, 0 - 0, 126)
05-01 18:05:09.454  3342  3846 I SP      : Successfully got manifest for bundled_emoji-manifest: manifests:bundled_emoji-2025011518
05-01 18:05:09.454  3342  3342 I AndroidIME: LatinIMEBase.updateInputViewCoverNavigation():321 Update input view padding, isNavbarOverInputWindow=true, bottom inset=126
05-01 18:05:09.454  3342  3342 I BaseKeyboardSizeHelper: BaseKeyboardSizeHelper.calculateMaxKeyboardBodyHeight():73 leave 281 height for app when ime window height:2211, header height:116 and isFullscreenMode:false, so the max keyboard body height is:1814
05-01 18:05:09.454  3342  3342 I SoftKeyboardView: SoftKeyboardView.setMaxHeight():1102 Set max keyboard height:1814.
05-01 18:05:09.454  3342  3342 I KeyboardModeUtils: KeyboardModeUtils.getKeyboardBottomOffset():432 inch: 0.000000 ydpi: 420.000000 adjustKeyboardBottomByDisplaySize: false currentDensityDpi: 420 defaultDensityDpi: 420 keyboardBottomToScreenPx: 0 keyboardBottomToNavBarPx: -126 navBarHeight: 126
05-01 18:05:09.455  3342  3342 I BaseKeyboardSizeHelper: BaseKeyboardSizeHelper.calculateMaxKeyboardBodyHeight():73 leave 281 height for app when ime window height:2211, header height:116 and isFullscreenMode:false, so the max keyboard body height is:1814
05-01 18:05:09.455  3342  3342 I BaseKeyboardSizeHelper: BaseKeyboardSizeHelper.calculateMaxKeyboardBodyHeight():73 leave 281 height for app when ime window height:2211, header height:116 and isFullscreenMode:false, so the max keyboard body height is:1814
05-01 18:05:09.455  3342  3342 I BaseKeyboardSizeHelper: BaseKeyboardSizeHelper.calculateMaxKeyboardBodyHeight():73 leave 281 height for app when ime window height:2211, header height:116 and isFullscreenMode:false, so the max keyboard body height is:1814
05-01 18:05:09.455  3342  3342 I BaseKeyboardSizeHelper: BaseKeyboardSizeHelper.calculateMaxKeyboardBodyHeight():73 leave 281 height for app when ime window height:2211, header height:116 and isFullscreenMode:false, so the max keyboard body height is:1814
05-01 18:05:09.455  3342  3342 I DeviceModeModule: DeviceModeModule.calculateAndNotify():225 Device mode 'phone' from display metrics 'DisplayMetrics{density=0.0, width=1080, height=2400, scaledDensity=0.0, xdpi=420.0, ydpi=420.0}' or smallestScreenWidthDp: 411
05-01 18:05:09.455  3342  3342 I WindowMetricsNotification: WindowMetricsNotification.notify():159 rdv[bounds=Rect(0, 63 - 1080, 2400), insets=Rect(0, 0 - 0, 126), densityDpi=420, smallestScreenWidthDp=411, displayWidth=1080, displayHeight=2400, xdpi=420.0, ydpi=420.0, isTrustable=true, displayId=0]; DisplayMetrics{density=2.625, width=1080, height=2400, scaledDensity=2.625, xdpi=420.0, ydpi=420.0}
05-01 18:05:09.455  3342  3342 W View    : requestLayout() improperly called by com.google.android.libraries.inputmethod.widgets.scaledkeyboard.ScaledKeyboardViewInner{fb4c2cc V.E...... ......ID 0,0-1080,116 #7f0b0397 app:id/0_resource_name_obfuscated} during layout: running second layout pass
05-01 18:05:09.455  3342  3342 W View    : requestLayout() improperly called by com.google.android.libraries.inputmethod.widgets.SoftKeyView{9194915 VFE...C.. ......ID 5,0-115,116 #7f0b04f7 app:id/key_pos_header_access_points_menu} during layout: running second layout pass
05-01 18:05:09.455  3342  3342 W View    : requestLayout() improperly called by com.google.android.libraries.inputmethod.widgets.CopyImageSourceView{f46b42a V.ED..... ......ID 5,0-1075,116 #7f0b01e5 app:id/0_resource_name_obfuscated} during layout: running second layout pass
05-01 18:05:09.455  3342  3342 W View    : requestLayout() improperly called by android.widget.LinearLayout{e7bb21b V.E...... ......ID 115,0-965,116 #7f0b0399 app:id/0_resource_name_obfuscated} during layout: running second layout pass
05-01 18:05:09.455  3342  3342 W View    : requestLayout() improperly called by com.google.android.libraries.inputmethod.widgets.SoftKeyView{6d13fb8 VFE...C.. ......ID 965,0-1075,116 #7f0b04ff app:id/key_pos_header_power_key} during layout: running second layout pass
05-01 18:05:09.455  3342  3342 W View    : requestLayout() improperly called by com.google.android.libraries.inputmethod.inputview.InputView{8d26191 V.ED..... ......ID 0,0-1080,2337 #7f0b03e1 app:id/0_resource_name_obfuscated} during layout: running second layout pass
05-01 18:05:09.456  3342  3342 W View    : requestLayout() improperly called by com.google.android.libraries.inputmethod.widgets.KeyboardHolder{273e8f6 V.E...... ......ID 0,0-1080,757 #7f0b05f9 app:id/keyboard_holder} during layout: running second layout pass
05-01 18:05:09.456  3342  3342 W View    : requestLayout() improperly called by com.google.android.libraries.inputmethod.keyboard.impl.KeyboardViewHolder{9954f7 V.E...... ......ID 0,0-1080,116 #7f0b05f8 app:id/keyboard_header_view_holder} during layout: running second layout pass
05-01 18:05:09.456  3342  3342 W View    : requestLayout() improperly called by com.google.android.libraries.inputmethod.keyboard.impl.KeyboardViewHolder{7369f64 V.E...... ......ID 0,116-1080,757 #7f0b05cf app:id/0_resource_name_obfuscated} during layout: running second layout pass
05-01 18:05:09.456  3342  3342 W View    : requestLayout() improperly called by android.widget.LinearLayout{22a85cd V.E...... ......ID 0,0-1080,757} during layout: running second layout pass
05-01 18:05:09.456  3342  3342 W View    : requestLayout() improperly called by android.widget.FrameLayout{a6d9e82 V.E...... ......ID 0,1580-1080,2337 #7f0b05cc app:id/0_resource_name_obfuscated} during layout: running second layout pass
05-01 18:05:09.550  3342  3846 I SuperDelight: SuperDelightBundledSlicingStrategy.getSlices():41 BundledSlicing#getSlices() : Locale = [en_US]
05-01 18:05:09.552  3342  3846 I SuperDelight: SuperDelightBundledSlicingStrategy.getSlices():67 BundledSlicing#getSlices(): result {slices=[bundled_delight:main_en_us_2025121900_2], last batch=true, sync metadata=false}
05-01 18:05:09.552  3342  3846 I SP      : Syncing bundled_delight (2026031600) with slices: [main_en_us_2025121900_2], metadata: false
05-01 18:05:09.554  3342  3846 I SP      : GC for 'kc_tflite_model' (10) with ttl of 0 ms took 0 ms (0/0/0)
05-01 18:05:09.554  3342  3846 I SP      : GC for 'kc_tflite_model' (10) with ttl of 0 ms took 0 ms (0/0/0)
05-01 18:05:09.554  3342  3846 I SP      : GC for 'kc_tflite_model' (10) with ttl of 0 ms took 0 ms (0/0/0)
05-01 18:05:09.554  3342  3846 I SP      : GC for 'kc_tflite_model' (10) with ttl of 0 ms took 0 ms (0/0/0)
05-01 18:05:09.555  3342  3846 I AbstractSyncResultCallback: AbstractSyncResultCallback.onFailure():38 onFailure(): kc_tflite_model.sync cancelled; expected if new request supersedes pending one.
05-01 18:05:09.555  3342  3846 I AbstractSyncResultCallback: AbstractSyncResultCallback.onFailure():38 onFailure(): kc_tflite_model.sync cancelled; expected if new request supersedes pending one.
05-01 18:05:09.555  3342  3846 I AbstractSyncResultCallback: AbstractSyncResultCallback.onFailure():38 onFailure(): kc_tflite_model.sync cancelled; expected if new request supersedes pending one.
05-01 18:05:09.555  3342  3846 I AbstractSyncResultCallback: AbstractSyncResultCallback.onFailure():38 onFailure(): kc_tflite_model.sync cancelled; expected if new request supersedes pending one.
05-01 18:05:09.559  3342  3958 I GFXSTREAM: [eglDisplay.cpp(297)] Opening libGLESv1_CM_emulation.so
05-01 18:05:09.560  3342  3958 I GFXSTREAM: [eglDisplay.cpp(297)] Opening libGLESv2_emulation.so
05-01 18:05:09.623  3342  3958 W HWUI    : Failed to choose config with EGL_SWAP_BEHAVIOR_PRESERVED, retrying without...
05-01 18:05:09.629  3342  3958 W HWUI    : Failed to initialize 101010-2 format, error = EGL_SUCCESS
05-01 18:05:09.758  3342 13398 W HWUI    : Failed to choose config with EGL_SWAP_BEHAVIOR_PRESERVED, retrying without...
05-01 18:05:09.760  3342 13398 W HWUI    : Failed to initialize 101010-2 format, error = EGL_SUCCESS
05-01 18:05:09.830  3342  3846 I SP      : GC for 'bundled_delight' (10) with ttl of 0 ms took 1 ms (0/1/0)
05-01 18:05:09.836  3342  3846 I LmManager: LmManager$1.onFailure():89 Bundled delight sync failed
05-01 18:05:09.836  3342  3846 I LmManager: java.util.concurrent.CancellationException: Task was cancelled.
05-01 18:05:09.836  3342  3846 I LmManager: 	at uyp.i(PG:33)
05-01 18:05:09.836  3342  3846 I LmManager: 	at uyx.r(PG:24)
05-01 18:05:09.836  3342  3846 I LmManager: 	at uyp.get(PG:1)
05-01 18:05:09.836  3342  3846 I LmManager: 	at a.n(PG:2)
05-01 18:05:09.836  3342  3846 I LmManager: 	at var.run(PG:32)
05-01 18:05:09.836  3342  3846 I LmManager: 	at uzy.execute(PG:1)
05-01 18:05:09.836  3342  3846 I LmManager: 	at uyp.g(PG:1)
05-01 18:05:09.836  3342  3846 I LmManager: 	at uyp.l(PG:101)
05-01 18:05:09.836  3342  3846 I LmManager: 	at uyp.q(PG:28)
05-01 18:05:09.836  3342  3846 I LmManager: 	at uzu.c(PG:5)
05-01 18:05:09.836  3342  3846 I LmManager: 	at uzw.e(PG:6)
05-01 18:05:09.836  3342  3846 I LmManager: 	at vbc.run(PG:73)
05-01 18:05:09.836  3342  3846 I LmManager: 	at java.util.concurrent.Executors$RunnableAdapter.call(Executors.java:520)
05-01 18:05:09.836  3342  3846 I LmManager: 	at java.util.concurrent.FutureTask.run(FutureTask.java:317)
05-01 18:05:09.836  3342  3846 I LmManager: 	at lsz.run(PG:8)
05-01 18:05:09.836  3342  3846 I LmManager: 	at java.util.concurrent.ThreadPoolExecutor.runWorker(ThreadPoolExecutor.java:1154)
05-01 18:05:09.836  3342  3846 I LmManager: 	at java.util.concurrent.ThreadPoolExecutor$Worker.run(ThreadPoolExecutor.java:652)
05-01 18:05:09.836  3342  3846 I LmManager: 	at java.lang.Thread.run(Thread.java:1563)
05-01 18:05:09.836  3342  3846 I LmManager: 	at lsj.run(PG:8)
05-01 18:05:09.839  3342  3846 I EmojiSlicingStrategy: EmojiSlicingStrategy.matchEnabledLocalesWithPackLocales():129 matchEnabledLocalesWithPackLocales() : User enabled 1 locales; returning 1 slices
05-01 18:05:09.839  3342  3846 I SP      : Syncing bundled_emoji (2025011518) with slices: [{2b8bc459159046c494d928dec1c678ff, m:*:*:*}], metadata: false
05-01 18:05:09.840  3342  3846 I AbstractSyncResultCallback: AbstractSyncResultCallback.onFailure():38 onFailure(): bundled_delight.sync cancelled; expected if new request supersedes pending one.
05-01 18:05:09.841  3342  3846 I SP      : Sync for emoji succeeded in 1466 ms: {added: [ee0e9c9a532ecf98f5c546b88ef8fdab], metadata: false
05-01 18:05:09.914  3342  3846 I SP      : GC for 'emoji' (10) with ttl of 0 ms took 0 ms (0/0/0)
05-01 18:05:09.914  3342 13375 I SuperDelight: SuperDelightManager$2.onSuccess():522 bundled_delight sync success, adding to data file manager
05-01 18:05:09.914  3342  3846 I SP      : Sync for kc_tflite_model succeeded in 1518 ms: no changes
