05-01 18:15:25.608  4522  4522 I native  : I0000 00:00:1777655725.608303    4522 android_resource_loader.cc:116] Loaded resource:disambiguation_rules
05-01 18:15:25.608  4522  4522 I native  : I0000 00:00:1777655725.608403    4522 data_source.cc:95] Opening data source "/data/user_de/0/com.google.android.tts/files/superpacks/en-us/en-us-x-multi-seanet-r83/engine_config_en_us_x_embedded_havoc.pb" (as: FILE) ...
05-01 18:15:25.608  4522  4522 I native  : I0000 00:00:1777655725.608450    4522 data_source.cc:99] ... Opened data source "/data/user_de/0/com.google.android.tts/files/superpacks/en-us/en-us-x-multi-seanet-r83/engine_config_en_us_x_embedded_havoc.pb" of size 54
05-01 18:15:25.608  4522  4522 I native  : I0000 00:00:1777655725.608593    4522 android_resource_loader.cc:100] Built resource engine_config
05-01 18:15:25.608  4522  4522 I native  : I0000 00:00:1777655725.608602    4522 android_resource_loader.cc:116] Loaded resource:engine_config
05-01 18:15:25.608  4522  4522 I native  : I0000 00:00:1777655725.608674    4522 android_resource_loader.cc:100] Built resource guided_synthesis
05-01 18:15:25.608  4522  4522 I native  : I0000 00:00:1777655725.608698    4522 android_resource_loader.cc:116] Loaded resource:guided_synthesis
05-01 18:15:25.608  4522  4522 I native  : I0000 00:00:1777655725.608709    4522 data_source.cc:95] Opening data source "/data/user_de/0/com.google.android.tts/files/superpacks/en-us/en-us-x-multi-seanet-r83/../en-us-x-multi-r83/mapping_grammar_en.far" (as: FILE) ...
05-01 18:15:25.608  4522  4522 I native  : I0000 00:00:1777655725.608724    4522 data_source.cc:99] ... Opened data source "/data/user_de/0/com.google.android.tts/files/superpacks/en-us/en-us-x-multi-seanet-r83/../en-us-x-multi-r83/mapping_grammar_en.far" of size 863
05-01 18:15:25.608  4522  4522 I native  : I0000 00:00:1777655725.608841    4522 android_resource_loader.cc:100] Built resource homograph_mapping_grammar
05-01 18:15:25.608  4522  4522 I native  : I0000 00:00:1777655725.608856    4522 android_resource_loader.cc:116] Loaded resource:homograph_mapping_grammar
05-01 18:15:25.608  4522  4522 I native  : I0000 00:00:1777655725.608920    4522 data_source.cc:95] Opening data source "/data/user_de/0/com.google.android.tts/files/superpacks/en-us/en-us-x-multi-seanet-r83/../en-us-x-multi-r83/lettuce_model.fb" (as: MEMORY) ...
05-01 18:15:25.608  4522  4522 I native  : I0000 00:00:1777655725.608972    4522 data_source.cc:99] ... Opened data source "/data/user_de/0/com.google.android.tts/files/superpacks/en-us/en-us-x-multi-seanet-r83/../en-us-x-multi-r83/lettuce_model.fb" of size 2100680
05-01 18:15:25.609  4522  4522 I native  : I0000 00:00:1777655725.609579    4522 android_resource_loader.cc:100] Built resource lettuce_model_resource
05-01 18:15:25.609  4522  4522 I native  : I0000 00:00:1777655725.609604    4522 android_resource_loader.cc:116] Loaded resource:lettuce_model_resource
05-01 18:15:25.609  4522  4522 I native  : I0000 00:00:1777655725.609617    4522 android_resource_loader.cc:100] Built resource lettuce_model_scorer
05-01 18:15:25.609  4522  4522 I native  : I0000 00:00:1777655725.609624    4522 android_resource_loader.cc:116] Loaded resource:lettuce_model_scorer
05-01 18:15:25.609  4522  4522 I native  : I0000 00:00:1777655725.609633    4522 data_source.cc:95] Opening data source "/data/user_de/0/com.google.android.tts/files/superpacks/en-us/en-us-x-multi-seanet-r83/../en-us-x-multi-r83/lettuce_classify_embedded_us_generated_android.far" (as: FILE) ...
05-01 18:15:25.609  4522  4522 I native  : I0000 00:00:1777655725.609671    4522 data_source.cc:99] ... Opened data source "/data/user_de/0/com.google.android.tts/files/superpacks/en-us/en-us-x-multi-seanet-r83/../en-us-x-multi-r83/lettuce_classify_embedded_us_generated_android.far" of size 4439801
05-01 18:15:25.636  4522  4522 I native  : I0000 00:00:1777655725.636821    4522 android_resource_loader.cc:100] Built resource lettuce_node_generator_grm
05-01 18:15:25.636  4522  4522 I native  : I0000 00:00:1777655725.636902    4522 android_resource_loader.cc:116] Loaded resource:lettuce_node_generator_grm
05-01 18:15:25.636  4522  4522 I native  : I0000 00:00:1777655725.636919    4522 data_source.cc:95] Opening data source "/data/user_de/0/com.google.android.tts/files/superpacks/en-us/en-us-x-multi-seanet-r83/../en-us-x-multi-r83/lucid_collection_android.far" (as: FILE) ...
05-01 18:15:25.636  4522  4522 I native  : I0000 00:00:1777655725.636961    4522 data_source.cc:99] ... Opened data source "/data/user_de/0/com.google.android.tts/files/superpacks/en-us/en-us-x-multi-seanet-r83/../en-us-x-multi-r83/lucid_collection_android.far" of size 306120
05-01 18:15:25.638  4522  4522 I native  : I0000 00:00:1777655725.638904    4522 android_resource_loader.cc:100] Built resource lucid_parser_grm_fst
05-01 18:15:25.638  4522  4522 I native  : I0000 00:00:1777655725.638944    4522 android_resource_loader.cc:116] Loaded resource:lucid_parser_grm_fst
05-01 18:15:25.638  4522  4522 I native  : I0000 00:00:1777655725.638990    4522 data_source.cc:95] Opening data source "/data/user_de/0/com.google.android.tts/files/superpacks/en-us/en-us-x-multi-seanet-r83/../en-us-x-multi-r83/markup_triggers.pb" (as: FILE) ...
05-01 18:15:25.639  4522  4522 I native  : I0000 00:00:1777655725.639015    4522 data_source.cc:99] ... Opened data source "/data/user_de/0/com.google.android.tts/files/superpacks/en-us/en-us-x-multi-seanet-r83/../en-us-x-multi-r83/markup_triggers.pb" of size 930
05-01 18:15:25.639  4522  4522 I native  : I0000 00:00:1777655725.639136    4522 android_resource_loader.cc:100] Built resource markup_triggers
05-01 18:15:25.639  4522  4522 I native  : I0000 00:00:1777655725.639166    4522 android_resource_loader.cc:116] Loaded resource:markup_triggers
05-01 18:15:25.639  4522  4522 I native  : I0000 00:00:1777655725.639188    4522 data_source.cc:95] Opening data source "/data/user_de/0/com.google.android.tts/files/superpacks/en-us/en-us-x-multi-seanet-r83/../en-us-x-multi-r83/morphosyntactic_mapping.pb" (as: FILE) ...
05-01 18:15:25.639  4522  4522 I native  : I0000 00:00:1777655725.639201    4522 data_source.cc:99] ... Opened data source "/data/user_de/0/com.google.android.tts/files/superpacks/en-us/en-us-x-multi-seanet-r83/../en-us-x-multi-r83/morphosyntactic_mapping.pb" of size 6
05-01 18:15:25.639  4522  4522 I native  : I0000 00:00:1777655725.639246    4522 android_resource_loader.cc:100] Built resource morph_analyzer_attribute_map
05-01 18:15:25.639  4522  4522 I native  : I0000 00:00:1777655725.639310    4522 android_resource_loader.cc:116] Loaded resource:morph_analyzer_attribute_map
05-01 18:15:25.639  4522  4522 I native  : I0000 00:00:1777655725.639440    4522 android_resource_loader.cc:100] Built resource multilingual_capabilities
05-01 18:15:25.639  4522  4522 I native  : I0000 00:00:1777655725.639474    4522 android_resource_loader.cc:116] Loaded resource:multilingual_capabilities
05-01 18:15:25.639  4522  4522 I native  : I0000 00:00:1777655725.639527    4522 data_source.cc:95] Opening data source "/data/user_de/0/com.google.android.tts/files/superpacks/en-us/en-us-x-multi-seanet-r83/../en-us-x-multi-r83/en_us_phonology.pb" (as: FILE) ...
05-01 18:15:25.639  4522  4522 I native  : I0000 00:00:1777655725.639560    4522 data_source.cc:99] ... Opened data source "/data/user_de/0/com.google.android.tts/files/superpacks/en-us/en-us-x-multi-seanet-r83/../en-us-x-multi-r83/en_us_phonology.pb" of size 2196
05-01 18:15:25.640  4522  4522 W native  : W0000 00:00:1777655725.640618    4522 phonology.cc:80] Phonemes l, r\ have non-distinctive features. See b/111971558.
05-01 18:15:25.640  4522  4522 W native  : W0000 00:00:1777655725.640684    4522 phonology.cc:80] Phonemes @, @` have non-distinctive features. See b/111971558.
05-01 18:15:25.641  4522  4522 I native  : I0000 00:00:1777655725.641150    4522 android_resource_loader.cc:100] Built resource phonology
05-01 18:15:25.641  4522  4522 I native  : I0000 00:00:1777655725.641174    4522 android_resource_loader.cc:116] Loaded resource:phonology
05-01 18:15:25.641  4522  4522 I native  : I0000 00:00:1777655725.641975    4522 data_source.cc:95] Opening data source "/data/user_de/0/com.google.android.tts/files/superpacks/en-us/en-us-x-multi-seanet-r83/../en-us-x-multi-r83/en_morphology" (as: FILE) ...
05-01 18:15:25.642  4522  4522 I native  : I0000 00:00:1777655725.642046    4522 data_source.cc:99] ... Opened data source "/data/user_de/0/com.google.android.tts/files/superpacks/en-us/en-us-x-multi-seanet-r83/../en-us-x-multi-r83/en_morphology" of size 2753822
05-01 18:15:25.650  4522  4522 I native  : I0000 00:00:1777655725.650292    4522 model-api.cc:46] Registered model under key morphology
05-01 18:15:25.654  4522  4522 I native  : I0000 00:00:1777655725.654720    4522 android_resource_loader.cc:100] Built resource analyze_morphology_saft_portable_algo
05-01 18:15:25.654  4522  4522 I native  : I0000 00:00:1777655725.654785    4522 android_resource_loader.cc:116] Loaded resource:analyze_morphology_saft_portable_algo
05-01 18:15:25.654  4522  4522 I native  : I0000 00:00:1777655725.654860    4522 data_source.cc:95] Opening data source "/data/user_de/0/com.google.android.tts/files/superpacks/en-us/en-us-x-multi-seanet-r83/../en-us-x-multi-r83/ipa_to_tts_to-en_us.far" (as: FILE) ...
05-01 18:15:25.654  4522  4522 I native  : I0000 00:00:1777655725.654903    4522 data_source.cc:99] ... Opened data source "/data/user_de/0/com.google.android.tts/files/superpacks/en-us/en-us-x-multi-seanet-r83/../en-us-x-multi-r83/ipa_to_tts_to-en_us.far" of size 465858
05-01 18:15:25.657  4522  4522 I native  : I0000 00:00:1777655725.657142    4522 android_resource_loader.cc:100] Built resource ipa_to_tts_phoneme_mapper
05-01 18:15:25.657  4522  4522 I native  : I0000 00:00:1777655725.657204    4522 android_resource_loader.cc:116] Loaded resource:ipa_to_tts_phoneme_mapper
05-01 18:15:25.657  4522  4522 I native  : I0000 00:00:1777655725.657380    4522 data_source.cc:95] Opening data source "/data/user_de/0/com.google.android.tts/files/superpacks/en-us/en-us-x-multi-seanet-r83/../en-us-x-multi-r83/en_us.hlex.bin" (as: MEMORY) ...
05-01 18:15:25.657  4522  4522 I native  : I0000 00:00:1777655725.657409    4522 data_source.cc:99] ... Opened data source "/data/user_de/0/com.google.android.tts/files/superpacks/en-us/en-us-x-multi-seanet-r83/../en-us-x-multi-r83/en_us.hlex.bin" of size 5117760
05-01 18:15:25.658  4522  4522 I native  : I0000 00:00:1777655725.658258    4522 android_resource_loader.cc:100] Built resource lexicon
05-01 18:15:25.658  4522  4522 I native  : I0000 00:00:1777655725.658382    4522 android_resource_loader.cc:116] Loaded resource:lexicon
05-01 18:15:25.658  4522  4522 I native  : I0000 00:00:1777655725.658417    4522 data_source.cc:95] Opening data source "/data/user_de/0/com.google.android.tts/files/superpacks/en-us/en-us-x-multi-seanet-r83/../en-us-x-multi-r83/homographs_model_en_us_embedded.bin" (as: MEMORY) ...
05-01 18:15:25.658  4522  4522 I native  : I0000 00:00:1777655725.658449    4522 data_source.cc:99] ... Opened data source "/data/user_de/0/com.google.android.tts/files/superpacks/en-us/en-us-x-multi-seanet-r83/../en-us-x-multi-r83/homographs_model_en_us_embedded.bin" of size 399120
05-01 18:15:25.664  4522  4522 I native  : I0000 00:00:1777655725.664436    4522 android_resource_loader.cc:100] Built resource homograph_classifier_model_resource
05-01 18:15:25.664  4522  4522 I native  : I0000 00:00:1777655725.664497    4522 android_resource_loader.cc:116] Loaded resource:homograph_classifier_model_resource
05-01 18:15:25.664  4522  4522 I native  : I0000 00:00:1777655725.664522    4522 data_source.cc:95] Opening data source "/data/user_de/0/com.google.android.tts/files/superpacks/en-us/en-us-x-multi-seanet-r83/lettuce_node_generator_params_embedded_us_runtime.pb" (as: FILE) ...
05-01 18:15:25.664  4522  4522 I native  : I0000 00:00:1777655725.664560    4522 data_source.cc:99] ... Opened data source "/data/user_de/0/com.google.android.tts/files/superpacks/en-us/en-us-x-multi-seanet-r83/lettuce_node_generator_params_embedded_us_runtime.pb" of size 2599
05-01 18:15:25.829  2528 10453 W libbinder.IPCThreadState: Sending oneway calls to frozen process.
05-01 18:15:25.949  4522  4522 I native  : I0000 00:00:1777655725.949136    4522 exl_node_generator.cc:58] Setting legal word grammar as macro_only: true
05-01 18:15:25.949  4522  4522 I native  : I0000 00:00:1777655725.949564    4522 android_resource_loader.cc:100] Built resource lettuce_node_generator
05-01 18:15:25.949  4522  4522 I native  : I0000 00:00:1777655725.949666    4522 android_resource_loader.cc:116] Loaded resource:lettuce_node_generator
05-01 18:15:25.949  4522  4522 I native  : I0000 00:00:1777655725.949734    4522 data_source.cc:95] Opening data source "/data/user_de/0/com.google.android.tts/files/superpacks/en-us/en-us-x-multi-seanet-r83/../en-us-x-multi-r83/burdock_model.params.pb" (as: FILE) ...
05-01 18:15:25.949  4522  4522 I native  : I0000 00:00:1777655725.949826    4522 data_source.cc:99] ... Opened data source "/data/user_de/0/com.google.android.tts/files/superpacks/en-us/en-us-x-multi-seanet-r83/../en-us-x-multi-r83/burdock_model.params.pb" of size 8875
05-01 18:15:25.953  4522  4522 I native  : I0000 00:00:1777655725.953774    4522 android_resource_loader.cc:100] Built resource lstm_add_specification_resource
05-01 18:15:25.953  4522  4522 I native  : I0000 00:00:1777655725.953825    4522 android_resource_loader.cc:116] Loaded resource:lstm_add_specification_resource
05-01 18:15:25.953  4522  4522 I native  : I0000 00:00:1777655725.953859    4522 data_source.cc:95] Opening data source "/data/user_de/0/com.google.android.tts/files/superpacks/en-us/en-us-x-multi-seanet-r83/chive_model_fused.pb" (as: FILE) ...
05-01 18:15:25.953  4522  4522 I native  : I0000 00:00:1777655725.953898    4522 data_source.cc:99] ... Opened data source "/data/user_de/0/com.google.android.tts/files/superpacks/en-us/en-us-x-multi-seanet-r83/chive_model_fused.pb" of size 1281
05-01 18:15:25.954  4522  4522 I native  : I0000 00:00:1777655725.954138    4522 data_source.cc:95] Opening data source "/data/user_de/0/com.google.android.tts/files/superpacks/en-us/en-us-x-multi-seanet-r83/burdock_valerian_model.tflite" (as: MEMORY) ...
05-01 18:15:25.954  4522  4522 I native  : I0000 00:00:1777655725.954209    4522 data_source.cc:99] ... Opened data source "/data/user_de/0/com.google.android.tts/files/superpacks/en-us/en-us-x-multi-seanet-r83/burdock_valerian_model.tflite" of size 1790608
05-01 18:15:25.955  4522  4522 E tflite  : third_party/tensorflow/lite/core/subgraph.cc:1084 tensor.data.raw != nullptr was not true.
05-01 18:15:25.955  4522  4522 I native  : I0000 00:00:1777655725.955047    4522 chive_inference_resource.cc:234] Creating new CHiVE model [model graph]: 
05-01 18:15:25.955  4522  4522 I native  : I0000 00:00:1777655725.955053    4522 chive_model.cc:179] Creating a single pass CHiVE model
05-01 18:15:25.955  4522  4522 I native  : I0000 00:00:1777655725.955676    4522 android_resource_loader.cc:100] Built resource chive_inference_config
05-01 18:15:25.955  4522  4522 I native  : I0000 00:00:1777655725.955706    4522 android_resource_loader.cc:116] Loaded resource:chive_inference_config
05-01 18:15:25.955  4522  4522 I native  : I0000 00:00:1777655725.955717    4522 data_source.cc:95] Opening data source "/data/user_de/0/com.google.android.tts/files/superpacks/en-us/en-us-x-multi-seanet-r83/../en-us-x-multi-r83/converter_en_us_android.far" (as: FILE) ...
05-01 18:15:25.955  4522  4522 I native  : I0000 00:00:1777655725.955736    4522 data_source.cc:99] ... Opened data source "/data/user_de/0/com.google.android.tts/files/superpacks/en-us/en-us-x-multi-seanet-r83/../en-us-x-multi-r83/converter_en_us_android.far" of size 1473
05-01 18:15:25.955  4522  4522 I native  : I0000 00:00:1777655725.955850    4522 android_resource_loader.cc:100] Built resource pron_buffet_to_tts_converter
05-01 18:15:25.955  4522  4522 I native  : I0000 00:00:1777655725.955871    4522 android_resource_loader.cc:116] Loaded resource:pron_buffet_to_tts_converter
05-01 18:15:25.955  4522  4522 I native  : I0000 00:00:1777655725.955885    4522 data_source.cc:95] Opening data source "/data/user_de/0/com.google.android.tts/files/superpacks/en-us/en-us-x-multi-seanet-r83/../en-us-x-multi-r83/regexp_rewrite_embedded.pb" (as: FILE) ...
05-01 18:15:25.955  4522  4522 I native  : I0000 00:00:1777655725.955891    4522 data_source.cc:99] ... Opened data source "/data/user_de/0/com.google.android.tts/files/superpacks/en-us/en-us-x-multi-seanet-r83/../en-us-x-multi-r83/regexp_rewrite_embedded.pb" of size 6025
05-01 18:15:25.956  4522  4522 I native  : I0000 00:00:1777655725.956024    4522 data_source.cc:95] Opening data source "/data/user_de/0/com.google.android.tts/files/superpacks/en-us/en-us-x-multi-seanet-r83/../en-us-x-multi-r83/punctuation.pb" (as: FILE) ...
05-01 18:15:25.956  4522  4522 I native  : I0000 00:00:1777655725.956060    4522 data_source.cc:99] ... Opened data source "/data/user_de/0/com.google.android.tts/files/superpacks/en-us/en-us-x-multi-seanet-r83/../en-us-x-multi-r83/punctuation.pb" of size 452
05-01 18:15:25.990  4522  4522 E native  : E0000 00:00:1777655725.990425    4522 re2.cc:250] Error parsing '^|[^\p{Letter}\\]': invalid character class range: \p{Letter}
05-01 18:15:25.990  4522  4522 E native  : E0000 00:00:1777655725.990492    4522 replacement_rule.cc:40] Invalid context regexp: invalid character class range: \p{Letter}
05-01 18:15:25.990  4522  4522 E native  : E0000 00:00:1777655725.990507    4522 replacement_rule.cc:151] Error creating replacement rule.
05-01 18:15:25.990  4522  4522 E native  : E0000 00:00:1777655725.990517    4522 regexp_rewriter.cc:35] Error creating rule MessageLite at 0xb400007af102b570.
05-01 18:15:25.990  4522  4522 I native  : I0000 00:00:1777655725.990797    4522 android_resource_loader.cc:100] Built resource rewrite_algo
05-01 18:15:25.990  4522  4522 I native  : I0000 00:00:1777655725.990881    4522 android_resource_loader.cc:116] Loaded resource:rewrite_algo
05-01 18:15:25.990  4522  4522 I native  : I0000 00:00:1777655725.990927    4522 data_source.cc:95] Opening data source "/data/user_de/0/com.google.android.tts/files/superpacks/en-us/en-us-x-multi-seanet-r83/../en-us-x-multi-r83/roman_numeral_contexts.pb" (as: FILE) ...
05-01 18:15:25.990  4522  4522 I native  : I0000 00:00:1777655725.990978    4522 data_source.cc:99] ... Opened data source "/data/user_de/0/com.google.android.tts/files/superpacks/en-us/en-us-x-multi-seanet-r83/../en-us-x-multi-r83/roman_numeral_contexts.pb" of size 9114
05-01 18:15:25.991  4522  4522 I native  : I0000 00:00:1777655725.991116    4522 android_resource_loader.cc:100] Built resource roman_numeral_context_words
05-01 18:15:25.991  4522  4522 I native  : I0000 00:00:1777655725.991156    4522 android_resource_loader.cc:116] Loaded resource:roman_numeral_context_words
05-01 18:15:25.991  4522  4522 I native  : I0000 00:00:1777655725.991368    4522 android_resource_loader.cc:100] Built resource classify_roman_numerals_grm_algo
05-01 18:15:25.991  4522  4522 I native  : I0000 00:00:1777655725.991459    4522 android_resource_loader.cc:116] Loaded resource:classify_roman_numerals_grm_algo
05-01 18:15:25.991  4522  4522 I native  : I0000 00:00:1777655725.991498    4522 android_resource_loader.cc:100] Built resource runtime_override
05-01 18:15:25.991  4522  4522 I native  : I0000 00:00:1777655725.991503    4522 android_resource_loader.cc:116] Loaded resource:runtime_override
05-01 18:15:25.991  4522  4522 I native  : I0000 00:00:1777655725.991512    4522 data_source.cc:95] Opening data source "/data/user_de/0/com.google.android.tts/files/superpacks/en-us/en-us-x-multi-seanet-r83/seanet_model_options.pb" (as: FILE) ...
05-01 18:15:25.991  4522  4522 I native  : I0000 00:00:1777655725.991522    4522 data_source.cc:99] ... Opened data source "/data/user_de/0/com.google.android.tts/files/superpacks/en-us/en-us-x-multi-seanet-r83/seanet_model_options.pb" of size 32
05-01 18:15:25.991  4522  4522 I native  : I0000 00:00:1777655725.991542    4522 data_source.cc:95] Opening data source "/data/user_de/0/com.google.android.tts/files/superpacks/en-us/en-us-x-multi-seanet-r83/seanet_model.tflite" (as: FILE) ...
05-01 18:15:25.991  4522  4522 I native  : I0000 00:00:1777655725.991548    4522 data_source.cc:99] ... Opened data source "/data/user_de/0/com.google.android.tts/files/superpacks/en-us/en-us-x-multi-seanet-r83/seanet_model.tflite" of size 2786320
05-01 18:15:25.996  4522  4522 I native  : I0000 00:00:1777655725.996156    4522 android_resource_loader.cc:100] Built resource seanet_enhancer
05-01 18:15:25.996  4522  4522 I native  : I0000 00:00:1777655725.996220    4522 android_resource_loader.cc:116] Loaded resource:seanet_enhancer
05-01 18:15:25.996  4522  4522 I native  : I0000 00:00:1777655725.996250    4522 data_source.cc:95] Opening data source "/data/user_de/0/com.google.android.tts/files/superpacks/en-us/en-us-x-multi-seanet-r83/../en-us-x-multi-r83/sb_model.bin" (as: MEMORY) ...
05-01 18:15:25.996  4522  4522 I native  : I0000 00:00:1777655725.996298    4522 data_source.cc:99] ... Opened data source "/data/user_de/0/com.google.android.tts/files/superpacks/en-us/en-us-x-multi-seanet-r83/../en-us-x-multi-r83/sb_model.bin" of size 48272
05-01 18:15:25.996  4522  4522 I native  : I0000 00:00:1777655725.996340    4522 android_resource_loader.cc:100] Built resource sentence_boundary_model_resource
05-01 18:15:25.996  4522  4522 I native  : I0000 00:00:1777655725.996366    4522 android_resource_loader.cc:116] Loaded resource:sentence_boundary_model_resource
05-01 18:15:25.996  4522  4522 I native  : I0000 00:00:1777655725.996404    4522 data_source.cc:95] Opening data source "/data/user_de/0/com.google.android.tts/files/superpacks/en-us/en-us-x-multi-seanet-r83/../en-us-x-multi-r83/en_verbalize_spec.pb" (as: FILE) ...
05-01 18:15:25.996  4522  4522 I native  : I0000 00:00:1777655725.996424    4522 data_source.cc:99] ... Opened data source "/data/user_de/0/com.google.android.tts/files/superpacks/en-us/en-us-x-multi-seanet-r83/../en-us-x-multi-r83/en_verbalize_spec.pb" of size 3984
05-01 18:15:25.996  4522  4522 I native  : I0000 00:00:1777655725.996511    4522 android_resource_loader.cc:100] Built resource serialization_spec
05-01 18:15:25.996  4522  4522 I native  : I0000 00:00:1777655725.996540    4522 android_resource_loader.cc:116] Loaded resource:serialization_spec
05-01 18:15:25.996  4522  4522 I native  : I0000 00:00:1777655725.996565    4522 data_source.cc:95] Opening data source "/data/user_de/0/com.google.android.tts/files/superpacks/en-us/en-us-x-multi-seanet-r83/../en-us-x-multi-r83/textnorm_params_embedded_en_us.pb" (as: FILE) ...
05-01 18:15:25.996  4522  4522 I native  : I0000 00:00:1777655725.996585    4522 data_source.cc:99] ... Opened data source "/data/user_de/0/com.google.android.tts/files/superpacks/en-us/en-us-x-multi-seanet-r83/../en-us-x-multi-r83/textnorm_params_embedded_en_us.pb" of size 321
05-01 18:15:25.996  4522  4522 I native  : I0000 00:00:1777655725.996662    4522 android_resource_loader.cc:100] Built resource textnorm_params
05-01 18:15:25.996  4522  4522 I native  : I0000 00:00:1777655725.996688    4522 android_resource_loader.cc:116] Loaded resource:textnorm_params
05-01 18:15:25.997  4522  4522 I native  : I0000 00:00:1777655725.997795    4522 android_resource_loader.cc:100] Built resource icu_transliterator_to_latin
05-01 18:15:25.997  4522  4522 I native  : I0000 00:00:1777655725.997819    4522 android_resource_loader.cc:116] Loaded resource:icu_transliterator_to_latin
05-01 18:15:25.997  4522  4522 I native  : I0000 00:00:1777655725.997943    4522 data_source.cc:95] Opening data source "/data/user_de/0/com.google.android.tts/files/superpacks/en-us/en-us-x-multi-seanet-r83/../en-us-x-multi-r83/g2p_m3_syls0_stress0_en-US.fst" (as: FILE) ...
05-01 18:15:25.997  4522  4522 I native  : I0000 00:00:1777655725.997968    4522 data_source.cc:99] ... Opened data source "/data/user_de/0/com.google.android.tts/files/superpacks/en-us/en-us-x-multi-seanet-r83/../en-us-x-multi-r83/g2p_m3_syls0_stress0_en-US.fst" of size 696736
05-01 18:15:25.997  4522  4522 I native  : I0000 00:00:1777655725.997978    4522 compact_fst.cc:20] Loading FST from "/data/user_de/0/com.google.android.tts/files/superpacks/en-us/en-us-x-multi-seanet-r83/../en-us-x-multi-r83/g2p_m3_syls0_stress0_en-US.fst" ...
05-01 18:15:26.171  4522  4522 I native  : I0000 00:00:1777655726.171714    4522 decoder.cc:51] G2P FST loaded (56 graphemes and 41 phonemes).
05-01 18:15:26.178  4522  4522 I native  : I0000 00:00:1777655726.178878    4522 android_resource_loader.cc:100] Built resource learned_fst_g2p_mapper
05-01 18:15:26.178  4522  4522 I native  : I0000 00:00:1777655726.178955    4522 android_resource_loader.cc:116] Loaded resource:learned_fst_g2p_mapper
05-01 18:15:26.178  4522  4522 I native  : I0000 00:00:1777655726.178997    4522 android_resource_loader.cc:100] Built resource spelling_normalizer
05-01 18:15:26.179  4522  4522 I native  : I0000 00:00:1777655726.179001    4522 android_resource_loader.cc:116] Loaded resource:spelling_normalizer
05-01 18:15:26.188  4522  4522 I native  : I0000 00:00:1777655726.188934    4522 android_resource_loader.cc:100] Built resource token_resolver_algo
05-01 18:15:26.189  4522  4522 I native  : I0000 00:00:1777655726.189051    4522 android_resource_loader.cc:116] Loaded resource:token_resolver_algo
05-01 18:15:26.189  4522  4522 I native  : I0000 00:00:1777655726.189070    4522 android_resource_loader.cc:100] Built resource utf8_utils
05-01 18:15:26.189  4522  4522 I native  : I0000 00:00:1777655726.189073    4522 android_resource_loader.cc:116] Loaded resource:utf8_utils
05-01 18:15:26.189  4522  4522 I native  : I0000 00:00:1777655726.189099    4522 android_resource_loader.cc:100] Built resource lexical_classifier
05-01 18:15:26.189  4522  4522 I native  : I0000 00:00:1777655726.189106    4522 android_resource_loader.cc:116] Loaded resource:lexical_classifier
05-01 18:15:26.189  4522  4522 I native  : I0000 00:00:1777655726.189150    4522 data_source.cc:95] Opening data source "/data/user_de/0/com.google.android.tts/files/superpacks/en-us/en-us-x-multi-seanet-r83/universal_carrier_pigeon_config.binarypb" (as: FILE) ...
05-01 18:15:26.189  4522  4522 I native  : I0000 00:00:1777655726.189198    4522 data_source.cc:99] ... Opened data source "/data/user_de/0/com.google.android.tts/files/superpacks/en-us/en-us-x-multi-seanet-r83/universal_carrier_pigeon_config.binarypb" of size 52
05-01 18:15:26.189  4522  4522 I native  : I0000 00:00:1777655726.189483    4522 data_source.cc:95] Opening data source "/data/user_de/0/com.google.android.tts/files/superpacks/en-us/en-us-x-multi-seanet-r83/universal_carrier_pigeon_model.tflite" (as: FILE) ...
05-01 18:15:26.189  4522  4522 I native  : I0000 00:00:1777655726.189521    4522 data_source.cc:99] ... Opened data source "/data/user_de/0/com.google.android.tts/files/superpacks/en-us/en-us-x-multi-seanet-r83/universal_carrier_pigeon_model.tflite" of size 638952
05-01 18:15:26.191  4522  4522 I native  : I0000 00:00:1777655726.191747    4522 android_resource_loader.cc:100] Built resource carrier_pigeon_algo
05-01 18:15:26.191  4522  4522 I native  : I0000 00:00:1777655726.191822    4522 android_resource_loader.cc:116] Loaded resource:carrier_pigeon_algo
05-01 18:15:26.191  4522  4522 I native  : I0000 00:00:1777655726.191871    4522 android_resource_loader.cc:100] Built resource icu_transliterator
05-01 18:15:26.191  4522  4522 I native  : I0000 00:00:1777655726.191875    4522 android_resource_loader.cc:116] Loaded resource:icu_transliterator
05-01 18:15:26.191  4522  4522 I native  : I0000 00:00:1777655726.191884    4522 data_source.cc:95] Opening data source "/data/user_de/0/com.google.android.tts/files/superpacks/en-us/en-us-x-multi-seanet-r83/../en-us-x-multi-r83/variant_overrides_en_us.pb" (as: FILE) ...
05-01 18:15:26.191  4522  4522 I native  : I0000 00:00:1777655726.191908    4522 data_source.cc:99] ... Opened data source "/data/user_de/0/com.google.android.tts/files/superpacks/en-us/en-us-x-multi-seanet-r83/../en-us-x-multi-r83/variant_overrides_en_us.pb" of size 1525
05-01 18:15:26.192  4522  4522 I native  : I0000 00:00:1777655726.192051    4522 android_resource_loader.cc:100] Built resource variant_overrides
05-01 18:15:26.192  4522  4522 I native  : I0000 00:00:1777655726.192087    4522 android_resource_loader.cc:116] Loaded resource:variant_overrides
05-01 18:15:26.192  4522  4522 I native  : I0000 00:00:1777655726.192093    4522 data_source.cc:95] Opening data source "/data/user_de/0/com.google.android.tts/files/superpacks/en-us/en-us-x-multi-seanet-r83/../en-us-x-multi-r83/variant_selection_model_en_us_embedded.bin" (as: MEMORY) ...
05-01 18:15:26.192  4522  4522 I native  : I0000 00:00:1777655726.192120    4522 data_source.cc:99] ... Opened data source "/data/user_de/0/com.google.android.tts/files/superpacks/en-us/en-us-x-multi-seanet-r83/../en-us-x-multi-r83/variant_selection_model_en_us_embedded.bin" of size 221608
05-01 18:15:26.192  4522  4522 I native  : I0000 00:00:1777655726.192141    4522 android_resource_loader.cc:100] Built resource variant_selection_model_data_resource
05-01 18:15:26.192  4522  4522 I native  : I0000 00:00:1777655726.192148    4522 android_resource_loader.cc:116] Loaded resource:variant_selection_model_data_resource
05-01 18:15:26.194  4522  4522 I native  : I0000 00:00:1777655726.194325    4522 select_variants.cc:128] Word with override has only one variant: her
05-01 18:15:26.194  4522  4522 I native  : I0000 00:00:1777655726.194424    4522 android_resource_loader.cc:100] Built resource select_variants_algo
05-01 18:15:26.194  4522  4522 I native  : I0000 00:00:1777655726.194428    4522 android_resource_loader.cc:116] Loaded resource:select_variants_algo
05-01 18:15:26.194  4522  4522 I native  : I0000 00:00:1777655726.194445    4522 data_source.cc:95] Opening data source "/data/user_de/0/com.google.android.tts/files/superpacks/en-us/en-us-x-multi-seanet-r83/../en-us-x-multi-r83/us_verbalization_capabilities.pb" (as: FILE) ...
05-01 18:15:26.194  4522  4522 I native  : I0000 00:00:1777655726.194480    4522 data_source.cc:99] ... Opened data source "/data/user_de/0/com.google.android.tts/files/superpacks/en-us/en-us-x-multi-seanet-r83/../en-us-x-multi-r83/us_verbalization_capabilities.pb" of size 5224
05-01 18:15:26.194  4522  4522 I native  : I0000 00:00:1777655726.194661    4522 android_resource_loader.cc:100] Built resource verbalization_capabilities
05-01 18:15:26.194  4522  4522 I native  : I0000 00:00:1777655726.194696    4522 android_resource_loader.cc:116] Loaded resource:verbalization_capabilities
05-01 18:15:26.194  4522  4522 I native  : I0000 00:00:1777655726.194703    4522 data_source.cc:95] Opening data source "/data/user_de/0/com.google.android.tts/files/superpacks/en-us/en-us-x-multi-seanet-r83/../en-us-x-multi-r83/verbalize_embedded_android.far" (as: FILE) ...
05-01 18:15:26.194  4522  4522 I native  : I0000 00:00:1777655726.194711    4522 data_source.cc:99] ... Opened data source "/data/user_de/0/com.google.android.tts/files/superpacks/en-us/en-us-x-multi-seanet-r83/../en-us-x-multi-r83/verbalize_embedded_android.far" of size 2342559
05-01 18:15:26.198  4522  4522 I native  : I0000 00:00:1777655726.198481    4522 android_resource_loader.cc:100] Built resource verbalize_grm_fst
05-01 18:15:26.198  4522  4522 I native  : I0000 00:00:1777655726.198529    4522 android_resource_loader.cc:116] Loaded resource:verbalize_grm_fst
05-01 18:15:26.198  4522  4522 I native  : I0000 00:00:1777655726.198543    4522 android_resource_loader.cc:100] Built resource speller_algo
05-01 18:15:26.198  4522  4522 I native  : I0000 00:00:1777655726.198546    4522 android_resource_loader.cc:116] Loaded resource:speller_algo
05-01 18:15:26.218  4522  4522 I native  : I0000 00:00:1777655726.218432    4522 android_resource_loader.cc:100] Built resource verbalize_grm_algo
05-01 18:15:26.218  4522  4522 I native  : I0000 00:00:1777655726.218504    4522 android_resource_loader.cc:116] Loaded resource:verbalize_grm_algo
05-01 18:15:26.222  4522  4522 I native  : I0000 00:00:1777655726.222383    4522 voice_params_resource.cc:33] Voice information: MessageLite at 0xb400007b11492b20
05-01 18:15:26.222  4522  4522 I native  : I0000 00:00:1777655726.222431    4522 android_resource_loader.cc:100] Built resource voice_params
05-01 18:15:26.222  4522  4522 I native  : I0000 00:00:1777655726.222436    4522 android_resource_loader.cc:116] Loaded resource:voice_params
05-01 18:15:26.255  4522  4522 I native  : I0000 00:00:1777655726.255609    4522 android_resource_loader.cc:100] Built resource word_resolver_algo
05-01 18:15:26.255  4522  4522 I native  : I0000 00:00:1777655726.255653    4522 android_resource_loader.cc:116] Loaded resource:word_resolver_algo
05-01 18:15:26.255  4522  4522 I native  : I0000 00:00:1777655726.255674    4522 data_source.cc:95] Opening data source "/data/user_de/0/com.google.android.tts/files/superpacks/en-us/en-us-x-multi-seanet-r83/../en-us-x-multi-r83/xsampa_to_tts_to-en_us.far" (as: FILE) ...
05-01 18:15:26.255  4522  4522 I native  : I0000 00:00:1777655726.255710    4522 data_source.cc:99] ... Opened data source "/data/user_de/0/com.google.android.tts/files/superpacks/en-us/en-us-x-multi-seanet-r83/../en-us-x-multi-r83/xsampa_to_tts_to-en_us.far" of size 22132
05-01 18:15:26.256  4522  4522 I native  : I0000 00:00:1777655726.256122    4522 android_resource_loader.cc:100] Built resource xsampa_to_tts_phoneme_mapper
05-01 18:15:26.256  4522  4522 I native  : I0000 00:00:1777655726.256152    4522 android_resource_loader.cc:116] Loaded resource:xsampa_to_tts_phoneme_mapper
05-01 18:15:26.256  4522  4522 I native  : I0000 00:00:1777655726.256163    4522 local_pipeline_runner.cc:49] Done loading all resources from: {/data/user_de/0/com.google.android.tts/files/superpacks/en-us/en-us-x-multi-seanet-r83}
05-01 18:15:26.259  4522  4522 I ComposerWrapperImpl: Done initializing en-us-x-iog-seanet-embedded
05-01 18:15:26.263  2599  2599 D TextToSpeechManagerPerUserService: Connected successfully to TTS engine: com.google.android.tts
05-01 18:15:26.264 14203 14214 I TextToSpeech: Connected to TTS engine
05-01 18:15:27.175  4522 11876 I GoogleTTSServiceImpl: currentLocale = en-US
05-01 18:15:27.247  2599  3491 E TaskPersister: File error accessing recents directory (directory doesn't exist?).
05-01 18:15:27.337  3593  3593 D BoundBrokerSvc: onUnbind: Intent { act=com.google.android.gms.feedback.internal.IFeedbackService dat=chimera-action:/... xflg=0x4 cmp=com.google.android.gms/.chimera.GmsBoundBrokerService }
05-01 18:15:27.554 14236 14236 W libbinder.BackendUnifiedServiceManager: Thread Pool max thread count is 0. Cannot cache binder as linkToDeath cannot be implemented. serviceName: package
05-01 18:15:27.571  4522 11876 I GoogleTTSServiceImpl: For default lang en-us is name en-US-language (en-us-x-iog-server)
05-01 18:15:27.580  4522 11876 W libbinder.Binder: Binder transaction to android.speech.tts.ITextToSpeechService code 15 took 1312ms. Data bytes: 128 Reply bytes: 40 Flags: 18
05-01 18:15:27.581 14203 14235 I TextToSpeech: Setting up the connection to TTS engine...
05-01 18:15:27.666  3046  3051 I artd    : GetBestInfo: odex next to the dex file (/data/app/~~9zdI27-KZDEvVC_7GO9BLQ==/com.google.android.gms-zDijJikcKxb1i4ibdVh7KA==/oat/arm64/base.odex) is kOatUpToDate with filter 'speed-profile' executable 'false'
05-01 18:15:27.669  3046  3051 I artd    : GetBestInfo: odex next to the dex file (/data/app/~~9zdI27-KZDEvVC_7GO9BLQ==/com.google.android.gms-zDijJikcKxb1i4ibdVh7KA==/oat/arm64/split_AdsDynamite_installtime.odex) is kOatUpToDate with filter 'speed' executable 'false'
05-01 18:15:27.715  3046  3051 I artd    : GetBestInfo: odex next to the dex file (/data/app/~~9zdI27-KZDEvVC_7GO9BLQ==/com.google.android.gms-zDijJikcKxb1i4ibdVh7KA==/oat/arm64/split_CronetDynamite_installtime.odex) is kOatUpToDate with filter 'speed' executable 'false'
05-01 18:15:27.717  3046  3051 I artd    : GetBestInfo: odex next to the dex file (/data/app/~~9zdI27-KZDEvVC_7GO9BLQ==/com.google.android.gms-zDijJikcKxb1i4ibdVh7KA==/oat/arm64/split_DynamiteLoader_installtime.odex) is kOatUpToDate with filter 'speed' executable 'false'
05-01 18:15:27.721  3046  7501 I artd    : GetBestInfo: odex next to the dex file (/data/app/~~9zdI27-KZDEvVC_7GO9BLQ==/com.google.android.gms-zDijJikcKxb1i4ibdVh7KA==/oat/arm64/split_DynamiteModulesA_installtime.odex) is kOatUpToDate with filter 'speed' executable 'false'
05-01 18:15:27.728  3046  3051 I artd    : GetBestInfo: odex next to the dex file (/data/app/~~9zdI27-KZDEvVC_7GO9BLQ==/com.google.android.gms-zDijJikcKxb1i4ibdVh7KA==/oat/arm64/split_DynamiteModulesC_installtime.odex) is kOatUpToDate with filter 'speed' executable 'false'
05-01 18:15:27.731  3046  7501 I artd    : GetBestInfo: odex next to the dex file (/data/app/~~9zdI27-KZDEvVC_7GO9BLQ==/com.google.android.gms-zDijJikcKxb1i4ibdVh7KA==/oat/arm64/split_GoogleCertificates_installtime.odex) is kOatUpToDate with filter 'speed' executable 'false'
05-01 18:15:27.735  3046  3051 I artd    : GetBestInfo: odex next to the dex file (/data/app/~~9zdI27-KZDEvVC_7GO9BLQ==/com.google.android.gms-zDijJikcKxb1i4ibdVh7KA==/oat/arm64/split_MapsDynamite_installtime.odex) is kOatUpToDate with filter 'speed' executable 'false'
05-01 18:15:27.738  3046  7501 I artd    : GetBestInfo: odex next to the dex file (/data/app/~~9zdI27-KZDEvVC_7GO9BLQ==/com.google.android.gms-zDijJikcKxb1i4ibdVh7KA==/oat/arm64/split_MeasurementDynamite_installtime.odex) is kOatUpToDate with filter 'speed' executable 'false'
05-01 18:15:27.747  3046  3051 I artd    : GetBestInfo: /data/user_de/0/com.google.android.gms/app_chimera/m/00000024/dl-MlkitOcrCommon.optional_261332100400.apk has no usable artifacts
05-01 18:15:27.747  3046  7501 I artd    : GetBestInfo: /data/user_de/0/com.google.android.gms/app_chimera/m/00000001/CronetDynamite.apk has no usable artifacts
05-01 18:15:27.750  3046  7501 I artd    : GetBestInfo: /data/user_de/0/com.google.android.gms/app_chimera/m/00000002/DynamiteLoader.apk has no usable artifacts
05-01 18:15:27.751  3046  3051 W artd    : Could not get dex checksums for location /data/app/~~3fBXho8HaymPEUVbuDbDyw==/com.google.android.gms-lP3FhbDqyEae3o3ITSwEOg==/base.apk, fd=-1
05-01 18:15:27.753  3046  3046 W artd    : Could not get dex checksums for location /data/app/~~3fBXho8HaymPEUVbuDbDyw==/com.google.android.gms-lP3FhbDqyEae3o3ITSwEOg==/base.apk, fd=-1
05-01 18:15:27.756  3046  3046 I artd    : GetBestInfo: /data/user_de/0/com.google.android.gms/app_chimera/m/00000005/GoogleCertificates.apk has no usable artifacts
05-01 18:15:27.757  3046  3051 W artd    : Could not get dex checksums for location /data/app/~~3fBXho8HaymPEUVbuDbDyw==/com.google.android.gms-lP3FhbDqyEae3o3ITSwEOg==/base.apk, fd=-1
05-01 18:15:27.762  3046  3051 I artd    : GetBestInfo: /data/user_de/0/com.google.android.gms/app_chimera/m/0000000c/dl-PlayCloudSearch.optional_253434100000.apk has no usable artifacts
05-01 18:15:27.762  3046  3046 W artd    : Could not get dex checksums for location /data/app/~~3fBXho8HaymPEUVbuDbDyw==/com.google.android.gms-lP3FhbDqyEae3o3ITSwEOg==/base.apk, fd=-1
05-01 18:15:27.763  3046  3046 W artd    : Could not get dex checksums for location /data/app/~~3fBXho8HaymPEUVbuDbDyw==/com.google.android.gms-lP3FhbDqyEae3o3ITSwEOg==/base.apk, fd=-1
05-01 18:15:27.763  3046  3046 W artd    : Could not get dex checksums for location /data/app/~~3fBXho8HaymPEUVbuDbDyw==/com.google.android.gms-lP3FhbDqyEae3o3ITSwEOg==/base.apk, fd=-1
05-01 18:15:27.769  3046  3046 I artd    : GetBestInfo: /data/user_de/0/com.google.android.gms/app_chimera/m/00000009/dl-Appsearch.optional_253434100400.apk has no usable artifacts
05-01 18:15:27.774  3046  3051 I artd    : GetBestInfo: /data/user_de/0/com.google.android.gms/app_chimera/m/0000001f/dl-MlkitBarcodeUi.optional_261332100400.apk has no usable artifacts
05-01 18:15:27.779  3046  3046 I artd    : GetBestInfo: vdex next to the dex file (/data/user/0/com.google.android.gms/app_dg_cache/C979021594972B0BA2D39F27BF33D93C4B1302BC/oat/arm64/the.vdex) is kOatUpToDate with filter 'verify' executable 'false'
05-01 18:15:27.779  3046  3051 W artd    : Could not get dex checksums for location /data/app/~~3fBXho8HaymPEUVbuDbDyw==/com.google.android.gms-lP3FhbDqyEae3o3ITSwEOg==/base.apk, fd=-1
05-01 18:15:27.791  3046  3046 W artd    : Could not get dex checksums for location /data/app/~~3fBXho8HaymPEUVbuDbDyw==/com.google.android.gms-lP3FhbDqyEae3o3ITSwEOg==/base.apk, fd=-1
05-01 18:15:27.794  3046  3046 I artd    : GetBestInfo: /data/user_de/0/com.google.android.gms/app_chimera/m/0000001e/dl-VisionOcr.optional_261332100000.apk has no usable artifacts
05-01 18:15:27.805  3046  3046 I artd    : GetBestInfo: /data/user_de/0/com.google.android.gms/app_chimera/m/00000020/dl-PlayCloudSearch.optional_261332100000.apk has no usable artifacts
05-01 18:15:27.811  3046  3046 I artd    : GetBestInfo: vdex next to the dex file (/data/user/0/com.google.android.gms/app_dg_cache/707FFD883BF2A7896692338F9625CA52336E933B/oat/arm64/the.vdex) is kOatUpToDate with filter 'verify' executable 'false'
05-01 18:15:27.812  3046  3051 I artd    : GetBestInfo: /data/user_de/0/com.google.android.gms/app_chimera/m/00000019/dl-TfliteDynamiteDynamite.integ_252130102100400.apk has no usable artifacts
05-01 18:15:27.812  3046  3046 W artd    : Could not get dex checksums for location /data/app/~~3fBXho8HaymPEUVbuDbDyw==/com.google.android.gms-lP3FhbDqyEae3o3ITSwEOg==/base.apk, fd=-1
05-01 18:15:27.812  3046  3046 W artd    : Could not get dex checksums for location /data/app/~~dKAWhbpuAhXMPrgX8_uNaA==/com.android.vending-VlQnPVZ5qb-G_00QsqpjnQ==/base.apk, fd=-1
05-01 18:15:27.814  3046  3046 I artd    : GetBestInfo: /data/user_de/0/com.google.android.gms/app_chimera/m/00000021/dl-Appsearch.optional_261332100400.apk has no usable artifacts
05-01 18:15:27.819  3046  3051 I artd    : GetBestInfo: /data/user_de/0/com.google.android.gms/app_chimera/m/0000000b/dl-MlkitBarcodeUi.optional_253434100400.apk has no usable artifacts
05-01 18:15:27.865  4522 11876 I GoogleTTSServiceImpl: currentLocale = en-NG
05-01 18:15:27.867  4522 11876 I GoogleTTSServiceImpl: currentLocale = en-NG
05-01 18:15:27.868  4522 11876 I GoogleTTSServiceImpl: For default lang en-ng is name en-NG-language (en-ng-x-tfn-server)
05-01 18:15:27.869  4522 11876 I GoogleTTSServiceImpl: currentLocale = en-NG
05-01 18:15:28.098  2599  2796 I HalDevMgr: bestIfaceCreationProposal is null, requestIface=STA, existingIface=[name=wlan0 type=STA]
05-01 18:15:28.452  4522 14228 I VoiceDataManager: Already downloading en-ng, ignoring async download request...
05-01 18:15:28.452  4522 14228 I LocalSynthesizer: Attempting to load synthesizer for voice: en-us-x-hol-seanet-embedded
05-01 18:15:28.452  4522 14228 I LocalSynthesizer: Voice en-us-x-hol-seanet-embedded is already supported by loaded synthesizer en-us-x-multi.
05-01 18:15:28.453  4522 14228 I ComposerWrapperImpl: Skipping initialization, can already run voice en-us-x-hol-seanet-embedded.
05-01 18:15:29.252 14203 14242 D ProfileInstaller: Installing profile for com.signbridge
05-01 18:15:30.943  3054  3142 D SatelliteController: iisInCarrierRoamingNbIotNtn: satellite is disabled
05-01 18:15:30.945  2599  3694 W libbinder.IPCThreadState: Sending oneway calls to frozen process.
05-01 18:15:30.948  3054  3142 D SatelliteController: getCarrierRoamingNtnConnectType: Falling back to global carrier config connect type: 0
05-01 18:15:31.106  2599  2796 I HalDevMgr: bestIfaceCreationProposal is null, requestIface=STA, existingIface=[name=wlan0 type=STA]
05-01 18:15:31.462  2599  2742 D ActivityManager: freezing 3301 com.google.android.permissioncontroller
05-01 18:15:31.468  2599  2802 D InetDiagMessage: Destroyed 0 sockets, proto=IPPROTO_TCP, family=AF_INET, states=14
05-01 18:15:31.468  2599  2802 D InetDiagMessage: Destroyed 0 sockets, proto=IPPROTO_TCP, family=AF_INET6, states=14
05-01 18:15:31.468  2599  2802 D InetDiagMessage: Destroyed live tcp sockets for uids={10212} in 1ms
05-01 18:15:32.246  3593  5874 I cn_CronetUrlRequestContext: destroyNativeStreamLocked org.chromium.net.impl.CronetBidirectionalStream@df751aa
05-01 18:15:32.318 14245 14245 D AndroidRuntime: >>>>>> START com.android.internal.os.RuntimeInit uid 2000 <<<<<<
05-01 18:15:32.323 14245 14245 I AndroidRuntime: Using default boot image
05-01 18:15:32.323 14245 14245 I AndroidRuntime: Leaving lock profiling enabled
05-01 18:15:32.325 14245 14245 I app_process: Using CollectorTypeCMC GC.
05-01 18:15:32.371  2599  2802 D InetDiagMessage: Destroyed 0 sockets, proto=IPPROTO_TCP, family=AF_INET, states=14
05-01 18:15:32.371  2599  2802 D InetDiagMessage: Destroyed 0 sockets, proto=IPPROTO_TCP, family=AF_INET6, states=14
05-01 18:15:32.371  2599  2802 D InetDiagMessage: Destroyed live tcp sockets for uids={10202} in 1ms
05-01 18:15:32.372  2599  2802 D InetDiagMessage: Destroyed 0 sockets, proto=IPPROTO_TCP, family=AF_INET, states=14
05-01 18:15:32.372  2599  2802 D InetDiagMessage: Destroyed 0 sockets, proto=IPPROTO_TCP, family=AF_INET6, states=14
05-01 18:15:32.372  2599  2802 D InetDiagMessage: Destroyed live tcp sockets for uids={20202} in 1ms
05-01 18:15:32.511 14245 14245 D nativeloader: InitDefaultPublicLibraries for_preload=1: libandroid.so:libaaudio.so:libamidi.so:libbinder_ndk.so:libc.so:libcamera2ndk.so:libdl.so:libEGL.so:libGLESv1_CM.so:libGLESv2.so:libGLESv3.so:libicu.so:libicui18n.so:libicuuc.so:libjnigraphics.so:liblog.so:libmediandk.so:libm.so:libnativehelper.so:libnativewindow.so:libOpenMAXAL.so:libOpenSLES.so:libRS.so:libstdc++.so:libsync.so:libvulkan.so:libwebviewchromium_plat_support.so:libz.so
05-01 18:15:32.522 14245 14245 D nativeloader: Load libicu_jni.so using APEX ns com_android_art for caller /apex/com.android.art/javalib/core-oj.jar: ok
05-01 18:15:32.522 14245 14245 D app_process: u_setTimeZoneFilesDirectory("/apex/com.android.tzdata/etc/tz/versioned/9/icu") succeeded. 
05-01 18:15:32.522 14245 14245 D app_process: I18n APEX ICU file found: /apex/com.android.i18n/etc/icu/icudt76l.dat
05-01 18:15:32.523 14245 14245 D nativeloader: Load libjavacore.so using APEX ns com_android_art for caller /apex/com.android.art/javalib/core-oj.jar: ok
05-01 18:15:32.524 14245 14245 D nativeloader: Load libopenjdk.so using APEX ns com_android_art for caller /apex/com.android.art/javalib/core-oj.jar: ok
05-01 18:15:32.526 14245 14245 I app_process: Priority-to-niceness mapping: 19, 16, 13, 10, 0, -2, -4, -5, -6, -8
05-01 18:15:32.529 14245 14245 W app_process: ClassLoaderContext shared library size mismatch. Expected=2, found=0 (PCL[]{PCL[/system/framework/android.test.base.jar*1947731759]#PCL[/system/framework/android.test.mock.jar*3673435773]} | PCL[])
05-01 18:15:32.531 14245 14245 W app_process: ClassLoaderContext classpath size mismatch. expected=0, found=1 (PCL[]{PCL[/system/framework/android.test.runner.jar*3527284906]{PCL[/system/framework/android.test.base.jar*1947731759]#PCL[/system/framework/android.test.mock.jar*3673435773]}#PCL[/system/framework/android.test.base.jar*1947731759]} | PCL[/system/framework/android.test.runner.jar*3527284906])
05-01 18:15:32.562 14245 14245 D nativeloader: Load libframework-connectivity-tiramisu-jni.so using APEX ns com_android_tethering for caller /apex/com.android.tethering/javalib/framework-connectivity-t.jar: ok
05-01 18:15:32.563 14245 14245 D AndroidRuntime: Calling main entry com.android.commands.uiautomator.Launcher
05-01 18:15:32.575 14245 14245 I AconfigPackage: android.media.swcodec.flags is mapped to com.android.media.swcodec
05-01 18:15:32.576 14245 14245 I AconfigPackage: com.android.permission.flags is mapped to com.android.permission
05-01 18:15:32.576 14245 14245 I AconfigPackage: com.android.permissioncontroller.flags is mapped to com.android.permission
05-01 18:15:32.576 14245 14245 I AconfigPackage: com.android.icu is mapped to com.android.i18n
05-01 18:15:32.577 14245 14245 I AconfigPackage: com.android.appsearch.flags is mapped to com.android.appsearch
05-01 18:15:32.577 14245 14245 I AconfigPackage: android.uprobestats.mainline.flags is mapped to com.android.uprobestats
05-01 18:15:32.578 14245 14245 I AconfigPackage: com.android.crashrecovery.flags is mapped to com.android.crashrecovery
05-01 18:15:32.578 14245 14245 I AconfigPackage: android.provider.flags is mapped to com.android.configinfrastructure
05-01 18:15:32.578 14245 14245 I AconfigPackage: com.android.server.deviceconfig is mapped to com.android.configinfrastructure
05-01 18:15:32.579 14245 14245 I AconfigPackage: com.android.art.flags is mapped to com.android.art
05-01 18:15:32.579 14245 14245 I AconfigPackage: com.android.art.rw.flags is mapped to com.android.art
05-01 18:15:32.579 14245 14245 I AconfigPackage: com.android.libcore is mapped to com.android.art
05-01 18:15:32.580 14245 14245 I AconfigPackage: com.android.telephony.flags is mapped to com.android.telephonycore
05-01 18:15:32.580 14245 14245 I AconfigPackage: com.android.media.extractor.flags is mapped to com.android.media
05-01 18:15:32.580 14245 14245 I AconfigPackage: com.android.media.mainline.flags is mapped to com.android.media
05-01 18:15:32.580 14245 14245 I AconfigPackage: com.android.wifi.flags is mapped to com.android.wifi
05-01 18:15:32.581 14245 14245 I AconfigPackage: com.android.org.conscrypt.flags is mapped to com.android.conscrypt
05-01 18:15:32.581 14245 14245 I AconfigPackage: com.android.org.conscrypt.net.flags is mapped to com.android.conscrypt
05-01 18:15:32.581 14245 14245 I AconfigPackage: com.android.healthfitness.flags is mapped to com.android.healthfitness
