--------- beginning of system
05-01 18:15:18.685  2599  3707 I AppsFilter: interaction: PackageSetting{ac9ed3 com.cleancontacts.app/10225} -> PackageSetting{a301dbc com.signbridge/10238} BLOCKED
05-01 18:15:18.685  2599  3707 I AppsFilter: interaction: PackageSetting{9ba2909 com.ogabassey.contactscleaner.debug/10226} -> PackageSetting{a301dbc com.signbridge/10238} BLOCKED
05-01 18:15:18.685  2599  3707 I AppsFilter: interaction: PackageSetting{2ba670e com.ogabassey.store/10230} -> PackageSetting{a301dbc com.signbridge/10238} BLOCKED
05-01 18:15:18.685  2599  3707 I AppsFilter: interaction: PackageSetting{798552f com.ogabassey.baci/10224} -> PackageSetting{a301dbc com.signbridge/10238} BLOCKED
--------- beginning of main
05-01 18:15:18.688  3054  3054 D CarrierSvcBindHelper: onHandleForceStop: [com.signbridge]
05-01 18:15:18.689  3054  3054 D CarrierSvcBindHelper: No carrier app for: 0
05-01 18:15:18.986  2599  2796 I HalDevMgr: bestIfaceCreationProposal is null, requestIface=STA, existingIface=[name=wlan0 type=STA]
05-01 18:15:20.943  3054  3142 D SatelliteController: iisInCarrierRoamingNbIotNtn: satellite is disabled
05-01 18:15:20.943  3054  3142 D SatelliteController: getCarrierRoamingNtnConnectType: Falling back to global carrier config connect type: 0
05-01 18:15:21.109  4139 13818 W WakeLock: GCM_HB_ALARM release without a matched acquire! [CONTEXT service_id=259 ]
05-01 18:15:21.109  4139 13818 W WakeLock: GCM_HB_ALARM counter does not exist
05-01 18:15:21.111  4139 13818 I AlarmManager: setExactAndAllowWhileIdle [name: GCM_CONN_ALARM type: 2 triggerAtMillis: 6215609]
05-01 18:15:21.111  4139 13818 W WakeLock: GCM_CONN_ALARM counter does not exist
05-01 18:15:21.119  2599  2682 W libbinder.IPCThreadState: Sending oneway calls to frozen process.
05-01 18:15:21.491  4199  4384 E TraceManagerImpl: Trace Broadcast to com.google.android.apps.wellbeing.common.receiver.coalescedreceivers.PackageFullyRemovedCoalescedBroadcast_Receiver android.intent.action.PACKAGE_FULLY_REMOVED timed out after 1263762 ms. Complete trace: # npv@bf063bdb
05-01 18:15:21.491  4199  4384 E TraceManagerImpl: nqa: 
05-01 18:15:21.491  4199  4384 E TraceManagerImpl: 	at tk_trace.Update PackageSuspensionHandlerPreferences(Started After:0)
05-01 18:15:21.491  4199  4384 E TraceManagerImpl: 	at tk_trace.Processing on the broadcast queue workerId PACKAGE_FULLY_REMOVED_COALESCED_BROADCAST_WORKER_ID(Started After:0)
05-01 18:15:21.491  4199  4384 E TraceManagerImpl: 	at tk_trace.handleBroadcast(Started After:0)
05-01 18:15:21.491  4199  4384 E TraceManagerImpl: 	at tk_trace.Broadcast to com.google.android.apps.wellbeing.common.receiver.coalescedreceivers.PackageFullyRemovedCoalescedBroadcast_Receiver android.intent.action.PACKAGE_FULLY_REMOVED(Started After:0)
05-01 18:15:21.493  2599  2742 D ActivityManager: freezing 4522 com.google.android.tts
05-01 18:15:21.495  2599  2802 D InetDiagMessage: Destroyed 0 sockets, proto=IPPROTO_TCP, family=AF_INET, states=14
05-01 18:15:21.496  2599  2802 D InetDiagMessage: Destroyed 0 sockets, proto=IPPROTO_TCP, family=AF_INET6, states=14
05-01 18:15:21.496  2599  2802 D InetDiagMessage: Destroyed live tcp sockets for uids={10165} in 0ms
05-01 18:15:21.633  2599  2742 D ActivityManager: freezing 5567 com.android.vending:background
05-01 18:15:21.633  2599  2742 D ActivityManager: freezing 8138 com.android.vending
05-01 18:15:21.634  2599  2742 D ActivityManager: freezing 4352 com.google.android.apps.messaging
05-01 18:15:21.682  2599  2802 D InetDiagMessage: Destroyed 0 sockets, proto=IPPROTO_TCP, family=AF_INET, states=14
05-01 18:15:21.682  2599  2802 D InetDiagMessage: Destroyed 0 sockets, proto=IPPROTO_TCP, family=AF_INET6, states=14
05-01 18:15:21.682  2599  2802 D InetDiagMessage: Destroyed live tcp sockets for uids={10153} in 1ms
05-01 18:15:21.994  2599  2796 I HalDevMgr: bestIfaceCreationProposal is null, requestIface=STA, existingIface=[name=wlan0 type=STA]
05-01 18:15:22.688  2970  2970 W DnsResolver: resNetworkResult:android.system.ErrnoException: resNetworkResult failed: ETIMEDOUT (Connection timed out)
05-01 18:15:22.689  2970  2970 W DnsResolver: resNetworkResult:android.system.ErrnoException: resNetworkResult failed: ETIMEDOUT (Connection timed out)
05-01 18:15:22.689  2970  2970 W DnsResolver: resNetworkResult:android.system.ErrnoException: resNetworkResult failed: ETIMEDOUT (Connection timed out)
05-01 18:15:22.689  2970  2970 W DnsResolver: resNetworkResult:android.system.ErrnoException: resNetworkResult failed: ETIMEDOUT (Connection timed out)
05-01 18:15:22.690  2970 14167 D NetworkMonitor/103: PROBE_DNS www.google.com 10022ms FAIL in type ADDRCONFIG android.net.DnsResolver$DnsException: android.system.ErrnoException: resNetworkResult failed: ETIMEDOUT (Connection timed out)
05-01 18:15:22.690  2970 14168 D NetworkMonitor/103: PROBE_DNS connectivitycheck.gstatic.com 10022ms FAIL in type ADDRCONFIG android.net.DnsResolver$DnsException: android.system.ErrnoException: resNetworkResult failed: ETIMEDOUT (Connection timed out)
05-01 18:15:22.839  2599  2802 D InetDiagMessage: Destroyed 0 sockets, proto=IPPROTO_TCP, family=AF_INET, states=14
05-01 18:15:22.839  2599  2802 D InetDiagMessage: Destroyed 0 sockets, proto=IPPROTO_TCP, family=AF_INET6, states=14
05-01 18:15:22.839  2599  2802 D InetDiagMessage: Destroyed live tcp sockets for uids={10159} in 1ms
05-01 18:15:22.840  2599  2802 D InetDiagMessage: Destroyed 0 sockets, proto=IPPROTO_TCP, family=AF_INET, states=14
05-01 18:15:22.840  2599  2802 D InetDiagMessage: Destroyed 0 sockets, proto=IPPROTO_TCP, family=AF_INET6, states=14
05-01 18:15:22.840  2599  2802 D InetDiagMessage: Destroyed live tcp sockets for uids={20159} in 1ms
05-01 18:15:23.029  2599  3694 W ActivityTaskManager: callingPackage for (uid=2000, pid=14200) has no WPC
05-01 18:15:23.030  2599  3694 V WindowManager: DesktopModeLaunchParamsModifier: phase= 0 task=null activity=null display-area-from-current-params=null display-area-from-default-fallback=DefaultTaskDisplayArea@257994866 display-id=0 task-display-area-windowing-mode=1 suggested-display-area=DefaultTaskDisplayArea@257994866 task null, skipping
05-01 18:15:23.030  2599  3694 V WindowManager: TaskLaunchParamsModifier:phase=0 task=null activity=null display-area-from-current-params=null display-area-from-default-fallback=DefaultTaskDisplayArea@257994866 display-id=0 task-display-area-windowing-mode=1 suggested-display-area=DefaultTaskDisplayArea@257994866
05-01 18:15:23.031  2599  3694 V GrammaticalInflectionUtils: AttributionSource: android.content.AttributionSource@33257688 does not have READ_SYSTEM_GRAMMATICAL_GENDER permission.
05-01 18:15:23.031  2599  3694 V WindowManager: DesktopModeLaunchParamsModifier: phase= 0 task=null activity=ActivityRecord{43602563 u0 com.signbridge/.MainActivity display-area-from-current-params=null display-area-from-default-fallback=DefaultTaskDisplayArea@257994866 display-id=0 task-display-area-windowing-mode=1 suggested-display-area=DefaultTaskDisplayArea@257994866 task null, skipping
05-01 18:15:23.031  2599  3694 V WindowManager: TaskLaunchParamsModifier:phase=0 task=null activity=ActivityRecord{43602563 u0 com.signbridge/.MainActivity t-1} display-area-from-current-params=null display-area-from-default-fallback=DefaultTaskDisplayArea@257994866 display-id=0 task-display-area-windowing-mode=1 suggested-display-area=DefaultTaskDisplayArea@257994866
05-01 18:15:23.031  2599  3694 V WindowManager: DesktopModeLaunchParamsModifier: phase= 3 task=null activity=ActivityRecord{43602563 u0 com.signbridge/.MainActivity t-1} display-area-from-current-params=null display-area-from-default-fallback=DefaultTaskDisplayArea@257994866 display-id=0 task-display-area-windowing-mode=1 suggested-display-area=DefaultTaskDisplayArea@257994866 task null, skipping
05-01 18:15:23.031  2599  3694 V WindowManager: TaskLaunchParamsModifier:phase=3 task=null activity=ActivityRecord{43602563 u0 com.signbridge/.MainActivity t-1} display-area-from-current-params=null display-area-from-default-fallback=DefaultTaskDisplayArea@257994866 display-id=0 task-display-area-windowing-mode=1 suggested-display-area=DefaultTaskDisplayArea@257994866 non-freeform-task-display-area display-area=DefaultTaskDisplayArea@257994866 skip-bounds-fullscreen
05-01 18:15:23.033  2599  3694 V WindowManager: DesktopModeLaunchParamsModifier: phase= 3 task=Task{6be3c00 #71 type=standard A=10238:com.signbridge} activity=ActivityRecord{43602563 u0 com.signbridge/.MainActivity t-1} display-from-task=0 display-id=0 task-display-area-windowing-mode=1 suggested-display-area=DefaultTaskDisplayArea@257994866 not entering desktop mode, skipping
05-01 18:15:23.033  2599  3694 V WindowManager: TaskLaunchParamsModifier:phase=3 task=Task{6be3c00 #71 type=standard A=10238:com.signbridge} activity=ActivityRecord{43602563 u0 com.signbridge/.MainActivity t-1} display-from-task=0 display-id=0 task-display-area-windowing-mode=1 suggested-display-area=DefaultTaskDisplayArea@257994866 inherit-from-task=fullscreen non-freeform-task-display-area display-area=DefaultTaskDisplayArea@257994866 skip-bounds-fullscreen
05-01 18:15:23.034   561   645 I libbinder.BpBinder: onLastStrongRef automatically unlinking death recipients for descriptor: '(not cached)'
05-01 18:15:23.035  2599  3694 I ActivityTaskManager: START u0 {flg=0x10000000 xflg=0x5 cmp=com.signbridge/.MainActivity} with LAUNCH_MULTIPLE from uid 2000 (com.android.shell) (BAL_ALLOW_PERMISSION) result code=0
05-01 18:15:23.036  3066  3066 D BaseActivity: Launcher flags updated: [state_started|state_resumed|state_deferred_resumed|state_window_focused] -[state_user_active]
05-01 18:15:23.036  3066  3066 D BaseActivity: Launcher flags updated: [state_started|state_window_focused] -[state_resumed|state_deferred_resumed]
05-01 18:15:23.036  2896  2967 V WindowManagerShell: Transition requested (#53): android.os.BinderProxy@37c0be1 TransitionRequestInfo { type = OPEN, triggerTask = TaskInfo{userId=0 taskId=71 effectiveUid=10238 displayId=0 isRunning=true baseIntent=Intent { flg=0x10000000 cmp=com.signbridge/.MainActivity } baseActivity=ComponentInfo{com.signbridge/com.signbridge.MainActivity} topActivity=ComponentInfo{com.signbridge/com.signbridge.MainActivity} origActivity=null realActivity=ComponentInfo{com.signbridge/com.signbridge.MainActivity} numActivities=1 lastActiveTime=6105534 supportsMultiWindow=true resizeMode=1 isResizeable=true minWidth=-1 minHeight=-1 defaultMinSize=220 token=WCT{android.os.BinderProxy@875cd06} topActivityType=1 pictureInPictureParams=null shouldDockBigOverlays=false launchIntoPipHostTaskId=-1 lastParentTaskIdBeforePip=-1 displayCutoutSafeInsets=Rect(0, 0 - 0, 0) topActivityInfo=ActivityInfo{7444fc7 com.signbridge.MainActivity} launchCookies=[] positionInParent=Point(0, 0) parentTaskId=-1 isFocused=false isVisible=false isVisibleRequested=false isTopActivityNoDisplay=false isSleeping=false locusId=null displayAreaFeatureId=1 isTopActivityTransparent=false isActivityStackTransparent=false lastNonFullscreenBounds=null capturedLink=null capturedLinkTimestamp=0 requestedVisibleTypes=503 topActivityRequestOpenInBrowserEducationTimestamp=0 appCompatTaskInfo=AppCompatTaskInfo { topActivityInSizeCompat=false isLeafTask= true eligibleForLetterboxEducation= false isLetterboxEducationEnabled= true isLetterboxDoubleTapEnabled= false eligibleForUserAspectRatioButton= false topActivityBoundsLetterboxed= false isFromLetterboxDoubleTap= false topActivityLetterboxVerticalPosition= -1 topActivityLetterboxHorizontalPosition= -1 topActivityLetterboxWidth=-1 topActivityLetterboxHeight=-1 topActivityAppBounds=Rect(0, 0 - 1080, 2400) isUserFullscreenOverrideEnabled=false isSystemFullscreenOverrideEnabled=false hasMinAspectRatioOverride=false topActivityLetterboxBounds=null cameraCompatTaskInfo=CameraCompatTaskInfo { cameraCompatMode=undefinedundefined} topNonResizableActivityAspectRatio=-1.0} topActivityMainWindowFrame=null isAppBubble=false}, pipChange = null, remoteTransition = null, displayChange = null, requestedLocation = null, userChange = null, windowingLayerChange = null, flags = 0, debugId = 53 }
05-01 18:15:23.036  2896  2967 D ShellSplitScreen: logExit: no-op, mLoggerSessionId is null
05-01 18:15:23.036  2896  2967 V ShellDesktopMode: DesktopTasksController: handleRequest request=TransitionRequestInfo { type = OPEN, triggerTask = TaskInfo{userId=0 taskId=71 effectiveUid=10238 displayId=0 isRunning=true baseIntent=Intent { flg=0x10000000 cmp=com.signbridge/.MainActivity } baseActivity=ComponentInfo{com.signbridge/com.signbridge.MainActivity} topActivity=ComponentInfo{com.signbridge/com.signbridge.MainActivity} origActivity=null realActivity=ComponentInfo{com.signbridge/com.signbridge.MainActivity} numActivities=1 lastActiveTime=6105534 supportsMultiWindow=true resizeMode=1 isResizeable=true minWidth=-1 minHeight=-1 defaultMinSize=220 token=WCT{android.os.BinderProxy@875cd06} topActivityType=1 pictureInPictureParams=null shouldDockBigOverlays=false launchIntoPipHostTaskId=-1 lastParentTaskIdBeforePip=-1 displayCutoutSafeInsets=Rect(0, 0 - 0, 0) topActivityInfo=ActivityInfo{7444fc7 com.signbridge.MainActivity} launchCookies=[] positionInParent=Point(0, 0) parentTaskId=-1 isFocused=false isVisible=false isVisibleRequested=false isTopActivityNoDisplay=false isSleeping=false locusId=null displayAreaFeatureId=1 isTopActivityTransparent=false isActivityStackTransparent=false lastNonFullscreenBounds=null capturedLink=null capturedLinkTimestamp=0 requestedVisibleTypes=503 topActivityRequestOpenInBrowserEducationTimestamp=0 appCompatTaskInfo=AppCompatTaskInfo { topActivityInSizeCompat=false isLeafTask= true eligibleForLetterboxEducation= false isLetterboxEducationEnabled= true isLetterboxDoubleTapEnabled= false eligibleForUserAspectRatioButton= false topActivityBoundsLetterboxed= false isFromLetterboxDoubleTap= false topActivityLetterboxVerticalPosition= -1 topActivityLetterboxHorizontalPosition= -1 topActivityLetterboxWidth=-1 topActivityLetterboxHeight=-1 topActivityAppBounds=Rect(0, 0 - 1080, 2400) isUserFullscreenOverrideEnabled=false isSystemFullscreenOverrideEnabled=false hasMinAspectRatioOverride=false topActivityLetterboxBounds=null cameraCompatTaskInfo=CameraCompatTaskInfo { cameraCompatMode=undefinedundefined} topNonResizableActivityAspectRatio=-1.0} topActivityMainWindowFrame=null isAppBubble=false}, pipChange = null, remoteTransition = null, displayChange = null, requestedLocation = null, userChange = null, windowingLayerChange = null, flags = 0, debugId = 53 }
05-01 18:15:23.036  2896  2967 V ShellDesktopMode: DesktopTasksController: skipping handleRequest reason=triggerTask's display doesn't support desktop mode
05-01 18:15:23.037  3066  3066 W SplitSelectStateCtor: Missing session instanceIds
05-01 18:15:23.037  3066  3066 D StatsLog: LAUNCHER_SPLIT_SELECTION_EXIT_INTERRUPTED
05-01 18:15:23.038  2599  3707 D CompatChangeReporter: Compat change id reported: 377864165; UID 10238; state: ENABLED
05-01 18:15:23.038  2599  3144 I AppsFilter: interaction: PackageSetting{ac9ed3 com.cleancontacts.app/10225} -> PackageSetting{cb182c com.signbridge/10238} BLOCKED
05-01 18:15:23.038  2599  3144 I AppsFilter: interaction: PackageSetting{9ba2909 com.ogabassey.contactscleaner.debug/10226} -> PackageSetting{cb182c com.signbridge/10238} BLOCKED
05-01 18:15:23.038  2599  3144 I AppsFilter: interaction: PackageSetting{2ba670e com.ogabassey.store/10230} -> PackageSetting{cb182c com.signbridge/10238} BLOCKED
05-01 18:15:23.038  2599  3144 I AppsFilter: interaction: PackageSetting{798552f com.ogabassey.baci/10224} -> PackageSetting{cb182c com.signbridge/10238} BLOCKED
05-01 18:15:23.038  2896  2967 D WindowManagerShell: setLauncherKeepClearAreaHeight: visible=false, height=495
05-01 18:15:23.046  2599  3144 V WindowManager: Defer transition id=53 for TaskFragmentTransaction=android.os.Binder@5dee2f5
05-01 18:15:23.046  2599  3144 V WindowManager: deferTransitionReady deferReadyDepth=1 stack=com.android.server.wm.TransitionController.deferTransitionReady:1061 com.android.server.wm.TaskFragmentOrganizerController$TaskFragmentOrganizerState.dispatchTransaction:517 com.android.server.wm.TaskFragmentOrganizerController.dispatchPendingEvents:1259 com.android.server.wm.TaskFragmentOrganizerController.dispatchPendingEvents:1228 com.android.server.wm.RootWindowContainer.performSurfacePlacement:777 
05-01 18:15:23.047  3066  3066 D RecentsView: onTaskDisplayChanged: 71, new displayId = 0
05-01 18:15:23.047  2599  2621 V GrammaticalInflectionUtils: AttributionSource: android.content.AttributionSource@33257688 does not have READ_SYSTEM_GRAMMATICAL_GENDER permission.
05-01 18:15:23.048  3066  3066 D b/417220811: invalidateLoadedTasks - previous requestLoadId: -1
05-01 18:15:23.049  2599  3707 V WindowManager: Continue transition id=53 for TaskFragmentTransaction=android.os.Binder@5dee2f5
05-01 18:15:23.049  2599  2848 D BackgroundInstallControlService: Package event received: 0
05-01 18:15:23.049  2896  2967 D ShellDesktopMode: DesktopRepository: Removes freeform task: taskId=70
05-01 18:15:23.050  2896  2967 W ShellDesktopMode: DesktopRepository: No display id found for task: taskId=70
05-01 18:15:23.050  3066  3066 D b/417220811: invalidateLoadedTasks - previous requestLoadId: -1
05-01 18:15:23.055  2599  3707 V WindowManager: continueTransitionReady deferReadyDepth=0 stack=com.android.server.wm.TransitionController.continueTransitionReady:1071 com.android.server.wm.TaskFragmentOrganizerController$TaskFragmentOrganizerState.onTransactionFinished:546 com.android.server.wm.TaskFragmentOrganizerController.onTransactionHandled:740 android.window.ITaskFragmentOrganizerController$Stub.onTransact:225 android.os.Binder.execTransactInternal:1473 
05-01 18:15:23.065  2526  2526 D Zygote  : Forked child process 14203
05-01 18:15:23.066  2599  2684 I ActivityManager: Start proc 14203:com.signbridge/u0a238 for next-top-activity {com.signbridge/com.signbridge.MainActivity}
05-01 18:15:23.066  2528 10476 W libbinder.IPCThreadState: Sending oneway calls to frozen process.
05-01 18:15:23.078  3066  3066 D BaseActivity: Launcher flags updated: [state_started] -[state_window_focused]
05-01 18:15:23.079 14203 14203 I Zygote  : Process 14203 created for com.signbridge
05-01 18:15:23.080 14203 14203 I com.signbridge: Late-enabling -Xcheck:jni
05-01 18:15:23.087  2599  2618 V WindowManager: Sent Transition (#53) createdAt=05-01 18:15:23.031 via request=TransitionRequestInfo { type = OPEN, triggerTask = TaskInfo{userId=0 taskId=71 effectiveUid=10238 displayId=0 isRunning=true baseIntent=Intent { flg=0x10000000 cmp=com.signbridge/.MainActivity } baseActivity=ComponentInfo{com.signbridge/com.signbridge.MainActivity} topActivity=ComponentInfo{com.signbridge/com.signbridge.MainActivity} origActivity=null realActivity=ComponentInfo{com.signbridge/com.signbridge.MainActivity} numActivities=1 lastActiveTime=6105534 supportsMultiWindow=true resizeMode=1 isResizeable=true minWidth=-1 minHeight=-1 defaultMinSize=220 token=WCT{RemoteToken{3ef7365 Task{6be3c00 #71 type=standard A=10238:com.signbridge}}} topActivityType=1 pictureInPictureParams=null shouldDockBigOverlays=false launchIntoPipHostTaskId=-1 lastParentTaskIdBeforePip=-1 displayCutoutSafeInsets=Rect(0, 0 - 0, 0) topActivityInfo=ActivityInfo{73b183a com.signbridge.MainActivity} launchCookies=[] positionInParent=Point(0, 0) parentTaskId=-1 isFocused=false isVisible=false isVisibleRequested=false isTopActivityNoDisplay=false isSleeping=false locusId=null displayAreaFeatureId=1 isTopActivityTransparent=false isActivityStackTransparent=false lastNonFullscreenBounds=null capturedLink=null capturedLinkTimestamp=0 requestedVisibleTypes=503 topActivityRequestOpenInBrowserEducationTimestamp=0 appCompatTaskInfo=AppCompatTaskInfo { topActivityInSizeCompat=false isLeafTask= true eligibleForLetterboxEducation= false isLetterboxEducationEnabled= true isLetterboxDoubleTapEnabled= false eligibleForUserAspectRatioButton= false topActivityBoundsLetterboxed= false isFromLetterboxDoubleTap= false topActivityLetterboxVerticalPosition= -1 topActivityLetterboxHorizontalPosition= -1 topActivityLetterboxWidth=-1 topActivityLetterboxHeight=-1 topActivityAppBounds=Rect(0, 0 - 1080, 2400) isUserFullscreenOverrideEnabled=false isSystemFullscreenOverrideEnabled=false hasMinAspectRatioOverride=false topActivityLetterboxBounds=null cameraCompatTaskInfo=CameraCompatTaskInfo { cameraCompatMode=undefinedundefined} topNonResizableActivityAspectRatio=-1.0} topActivityMainWindowFrame=null isAppBubble=false}, pipChange = null, remoteTransition = null, displayChange = null, requestedLocation = null, userChange = null, windowingLayerChange = null, flags = 0, debugId = 53 }
05-01 18:15:23.087  2599  2618 V WindowManager:     startWCT=WindowContainerTransaction { changes= {} hops= [] errorCallbackToken=null taskFragmentOrganizer=null }
05-01 18:15:23.087  2599  2618 V WindowManager:     info={id=53 t=OPEN f=0x0 trk=0 r=[0@Point(0, 0)] c=[
05-01 18:15:23.087  2599  2618 V WindowManager:         {WCT{RemoteToken{3ef7365 Task{6be3c00 #71 type=standard A=10238:com.signbridge}}} m=OPEN f=NONE leash=Surface(name=Task=71#719)/@0xaf032cf sb=Rect(0, 0 - 1080, 2400) eb=Rect(0, 0 - 1080, 2400) epz=Point(1080, 2400) d=0 taskParent=-1 winMode=1 userId=0},
05-01 18:15:23.087  2599  2618 V WindowManager:         {WCT{RemoteToken{e625e3 Task{1ff2bd0 #1 type=home}}} m=TO_BACK f=SHOW_WALLPAPER leash=Surface(name=Task=1#131)/@0x8e7ebac sb=Rect(0, 0 - 1080, 2400) eb=Rect(0, 0 - 1080, 2400) epz=Point(1080, 2400) d=0 taskParent=-1 winMode=1 userId=0},
05-01 18:15:23.087  2599  2618 V WindowManager:         {m=TO_BACK f=IS_WALLPAPER leash=Surface(name=WallpaperWindowToken{d1eaf57}#147)/@0xc9a855f sb=Rect(0, 0 - 1080, 2400) eb=Rect(0, 0 - 1080, 2400) epz=Point(1080, 2400) d=0}
05-01 18:15:23.087  2599  2618 V WindowManager:     ]}
05-01 18:15:23.088  2896  3099 V WindowManagerShell: onTransitionReady(transaction=11162620007070)
05-01 18:15:23.088  2896  2967 V WindowManagerShell: onTransitionReady (#53) android.os.BinderProxy@37c0be1: {id=53 t=OPEN f=0x0 trk=0 r=[0@Point(0, 0)] c=[
05-01 18:15:23.088  2896  2967 V WindowManagerShell:         {m=OPEN f=NONE leash=Surface(name=Task=71#719)/@0x4bb1a9a sb=Rect(0, 0 - 1080, 2400) eb=Rect(0, 0 - 1080, 2400) epz=Point(1080, 2400) d=0 taskParent=-1 winMode=1 userId=0},
05-01 18:15:23.088  2896  2967 V WindowManagerShell:         {m=TO_BACK f=SHOW_WALLPAPER leash=Surface(name=Task=1#131)/@0x2e16fcb sb=Rect(0, 0 - 1080, 2400) eb=Rect(0, 0 - 1080, 2400) epz=Point(1080, 2400) d=0 taskParent=-1 winMode=1 userId=0},
05-01 18:15:23.088  2896  2967 V WindowManagerShell:         {m=TO_BACK f=IS_WALLPAPER leash=Surface(name=WallpaperWindowToken{d1eaf57}#147)/@0xc0ea3a8 sb=Rect(0, 0 - 1080, 2400) eb=Rect(0, 0 - 1080, 2400) epz=Point(1080, 2400) d=0}
05-01 18:15:23.088  2896  2967 V WindowManagerShell:     ]}
05-01 18:15:23.089  2896  2967 V WindowManagerShell: Playing animation for (#53) android.os.BinderProxy@37c0be1@0
05-01 18:15:23.090  2896  2967 V ShellRecents: RecentsTransitionHandler.startAnimation: no controller found
05-01 18:15:23.090  2896  2967 V ShellDesktopMode: DesktopMixedTransitionHandler: No pending desktop transition
05-01 18:15:23.090  2896  2967 V WindowManagerShell: Transition doesn't have explicit remote, search filters for match for {id=53 t=OPEN f=0x0 trk=0 r=[0@Point(0, 0)] c=[{m=OPEN f=NONE leash=Surface(name=Task=71#719)/@0x4bb1a9a sb=Rect(0, 0 - 1080, 2400) eb=Rect(0, 0 - 1080, 2400) epz=Point(1080, 2400) d=0 taskParent=-1 winMode=1 userId=0},{m=TO_BACK f=SHOW_WALLPAPER leash=Surface(name=Task=1#131)/@0x2e16fcb sb=Rect(0, 0 - 1080, 2400) eb=Rect(0, 0 - 1080, 2400) epz=Point(1080, 2400) d=0 taskParent=-1 winMode=1 userId=0},{m=TO_BACK f=IS_WALLPAPER leash=Surface(name=WallpaperWindowToken{d1eaf57}#147)/@0xc0ea3a8 sb=Rect(0, 0 - 1080, 2400) eb=Rect(0, 0 - 1080, 2400) epz=Point(1080, 2400) d=0}]}
05-01 18:15:23.090  2896  2967 V WindowManagerShell:  Checking filter Pair{{types=[] flags=0x0] notFlags=0x0 checks=[{atype=undefined independent=true modes=[CLOSE,TO_BACK] flags=IN_TASK_WITH_EMBEDDED_ACTIVITY mustBeTask=false order=ANY topActivity=null launchCookie=null taskFragmentToken=android.os.BinderProxy@b2b4dc windowingMode=undefined isCrossDisplayMove=false}]} RemoteTransition { remoteTransition = android.window.IRemoteTransition$Stub$Proxy@d5a39e5, appThread = android.app.IApplicationThread$Stub$Proxy@92c9cba, debugName = overlayBackTransition }}
05-01 18:15:23.090  2896  2967 V WindowManagerShell:  Checking filter Pair{{types=[] flags=0x0] notFlags=0x0 checks=[{atype=dream independent=true modes=[OPEN,TO_FRONT] flags=NONE mustBeTask=false order=ANY topActivity=null launchCookie=null windowingMode=undefined isCrossDisplayMove=false},{atype=home independent=true modes=[CLOSE,TO_BACK] flags=NONE mustBeTask=false order=ANY topActivity=null launchCookie=null windowingMode=undefined isCrossDisplayMove=false}]} RemoteTransition { remoteTransition = android.window.IRemoteTransition$Stub$Proxy@19b976b, appThread = android.app.IApplicationThread$Stub$Proxy@f2442c8, debugName = LauncherToDream }}
05-01 18:15:23.090  2896  2967 V WindowManagerShell:  Checking filter Pair{{types=[] flags=0x0] notFlags=0x100 checks=[{atype=home independent=true modes=[OPEN,TO_FRONT] flags=NONE mustBeTask=false order=TOP topActivity=ComponentInfo{com.google.android.apps.nexuslauncher/com.google.android.apps.nexuslauncher.NexusLauncherActivity} launchCookie=null windowingMode=undefined isCrossDisplayMove=false},{atype=standard independent=true modes=[CLOSE,TO_BACK] flags=NONE mustBeTask=false order=ANY topActivity=null launchCookie=null windowingMode=undefined isCrossDisplayMove=false},{NOT atype=undefined independent=true modes=[] flags=NONE mustBeTask=true order=ANY topActivity=null launchCookie=null customAnim=true windowingMode=undefined isCrossDisplayMove=false}]} RemoteTransition { remoteTransition = android.window.IRemoteTransition$Stub$Proxy@c77ca86, appThread = android.app.IApplicationThread$Stub$Proxy@85a3f47, debugName = QuickstepLaunchHome }}
05-01 18:15:23.090  2896  2967 V WindowManagerShell:  Checking filter Pair{{types=[OPEN,TO_FRONT] flags=0x0] notFlags=0x0 checks=[{atype=standard independent=true modes=[OPEN,TO_FRONT] flags=NONE mustBeTask=true order=ANY topActivity=null launchCookie=null windowingMode=freeform isCrossDisplayMove=false}]} RemoteTransition { remoteTransition = android.window.IRemoteTransition$Stub$Proxy@55bf5ad, appThread = null, debugName = DesktopWindowLimitUnminimize }}
05-01 18:15:23.090  2896  2967 V WindowManagerShell:  Delegate animation for (#53) to null
05-01 18:15:23.090  2896  2967 V WindowManagerShell: start default transition animation, info = {id=53 t=OPEN f=0x0 trk=0 r=[0@Point(0, 0)] c=[{m=OPEN f=NONE leash=Surface(name=Task=71#719)/@0x4bb1a9a sb=Rect(0, 0 - 1080, 2400) eb=Rect(0, 0 - 1080, 2400) epz=Point(1080, 2400) d=0 taskParent=-1 winMode=1 userId=0},{m=TO_BACK f=SHOW_WALLPAPER leash=Surface(name=Task=1#131)/@0x2e16fcb sb=Rect(0, 0 - 1080, 2400) eb=Rect(0, 0 - 1080, 2400) epz=Point(1080, 2400) d=0 taskParent=-1 winMode=1 userId=0},{m=TO_BACK f=IS_WALLPAPER leash=Surface(name=WallpaperWindowToken{d1eaf57}#147)/@0xc0ea3a8 sb=Rect(0, 0 - 1080, 2400) eb=Rect(0, 0 - 1080, 2400) epz=Point(1080, 2400) d=0}]}
05-01 18:15:23.090  2896  2967 V WindowManagerShell: loadAnimation: anim=android.view.animation.AnimationSet@4a04666 animAttr=0x13 type=OPEN isEntrance=false
05-01 18:15:23.091  2896  2967 V WindowManagerShell: loadAnimation: anim=android.view.animation.AnimationSet@c7e5254 animAttr=0x12 type=OPEN isEntrance=true
05-01 18:15:23.095  2896  2967 V WindowManagerShell:  animated by com.android.wm.shell.transition.DefaultTransitionHandler@2381992
05-01 18:15:23.095  2896  2967 V ShellTaskOrganizer: Task appeared taskId=71 listener=FullscreenTaskListener
05-01 18:15:23.095  2896  2967 V ShellTaskOrganizer: Fullscreen Task Appeared: #71
05-01 18:15:23.114  3066  3066 D b/417220811: invalidateLoadedTasks - previous requestLoadId: -1
05-01 18:15:23.116 14203 14203 I com.signbridge: Using CollectorTypeCMC GC.
05-01 18:15:23.119   563   621 I adbd    : jdwp connection from 14203
05-01 18:15:23.132 14203 14203 D nativeloader: Load libframework-connectivity-tiramisu-jni.so using APEX ns com_android_tethering for caller /apex/com.android.tethering/javalib/framework-connectivity-t.jar: ok
05-01 18:15:23.148  3066  3066 D b/417220811: invalidateLoadedTasks - previous requestLoadId: -1
05-01 18:15:23.153  2599  2848 D BackgroundInstallControlService: Package event received: 0
05-01 18:15:23.168  2599  3694 W WindowManager: takeTaskSnapshot: taskId=50 not found or not visible
05-01 18:15:23.187 14203 14203 D ApplicationLoaders: Returning zygote-cached class loader: /system_ext/framework/androidx.window.extensions.jar
05-01 18:15:23.187 14203 14203 D ApplicationLoaders: Returning zygote-cached class loader: /system_ext/framework/androidx.window.sidecar.jar
05-01 18:15:23.406  2896  2967 V WindowManagerShell: Transition animation finished (aborted=false), notifying core (#53) android.os.BinderProxy@37c0be1@0
05-01 18:15:23.410  2599  2618 V WindowManager: Finish Transition (#53): created at 05-01 18:15:23.031 collect-started=0.014ms request-sent=4.211ms started=5.708ms ready=54.229ms sent=55.578ms commit=21.189ms finished=378.486ms
05-01 18:15:23.411  2896  2967 V WindowManagerShell: Track 0 became idle
05-01 18:15:23.411  2896  2967 V WindowManagerShell: All active transition animations finished
05-01 18:15:23.411  3066  3066 D VRI[NexusLauncherActivity]: visibilityChanged oldVisibility=true newVisibility=false
05-01 18:15:23.411  2896  3196 D WallpaperService: onVisibilityChanged(false): com.android.systemui.wallpapers.ImageWallpaper$CanvasEngine@a55e8a6
05-01 18:15:23.412 14203 14203 D nativeloader: Configuring clns-9 for other apk /data/app/~~8QQ5iPi6WHBhaXDWXqP_Cg==/com.signbridge-KeWfXFilsrNyVgYxRR94wg==/base.apk. target_sdk_version=36, uses_libraries=, library_path=/data/app/~~8QQ5iPi6WHBhaXDWXqP_Cg==/com.signbridge-KeWfXFilsrNyVgYxRR94wg==/lib/arm64:/data/app/~~8QQ5iPi6WHBhaXDWXqP_Cg==/com.signbridge-KeWfXFilsrNyVgYxRR94wg==/base.apk!/lib/arm64-v8a, permitted_path=/data:/mnt/expand:/data/user/0/com.signbridge
05-01 18:15:23.423  3066  3066 D NexusLauncherModelDelegate: notifySmartspaceEvent: SmartspaceTargetEvent{mSmartspaceTarget=null, mSmartspaceActionId='null', mEventType=7}
05-01 18:15:23.424 14203 14203 V GraphicsEnvironment: Currently set values for:
05-01 18:15:23.424 14203 14203 V GraphicsEnvironment:   angle_gl_driver_selection_pkgs=[]
05-01 18:15:23.424 14203 14203 V GraphicsEnvironment:   angle_gl_driver_selection_values=[]
05-01 18:15:23.424 14203 14203 V GraphicsEnvironment: com.signbridge is not listed in per-application setting
05-01 18:15:23.424 14203 14203 V GraphicsEnvironment: ANGLE allowlist from config: com.dreamgames.royalmatch com.dts.freefiremax com.dxx.firenow com.gramgames.mergedragons com.ludo.king com.mojang.minecraftpe com.my.defense com.nintendo.zaka com.os.airforce com.playrix.fishdomdd.gplay io.teslatech.callbreak jp.konami.prospia net.peakgames.toonblast
05-01 18:15:23.424 14203 14203 V GraphicsEnvironment: No special selections for ANGLE, returning default driver choice
05-01 18:15:23.424 14203 14203 V GraphicsEnvironment: Neither updatable production driver nor prerelease driver is supported.
05-01 18:15:23.470  2599  2848 D BackgroundInstallControlService: Package event received: 0
05-01 18:15:23.470  2599  2848 D BackgroundInstallControlService: Package event received: 0
05-01 18:15:23.470 14203 14219 I DisplayManager: Choreographer implicitly registered for the refresh rate.
05-01 18:15:23.485 14203 14203 D DesktopExperienceFlags: Toggle override initialized to: false
05-01 18:15:23.494 14203 14203 E ashmem  : Pinning is deprecated since Android Q. Please use trim or other methods.
05-01 18:15:23.502 14203 14219 I GFXSTREAM: [eglDisplay.cpp(297)] Opening libGLESv1_CM_emulation.so
05-01 18:15:23.502 14203 14219 I GFXSTREAM: [eglDisplay.cpp(297)] Opening libGLESv2_emulation.so
05-01 18:15:23.510 14203 14219 W HWUI    : Failed to choose config with EGL_SWAP_BEHAVIOR_PRESERVED, retrying without...
05-01 18:15:23.510 14203 14219 W HWUI    : Failed to initialize 101010-2 format, error = EGL_SUCCESS
05-01 18:15:23.512 14203 14203 D CompatChangeReporter: Compat change id reported: 377864165; UID 10238; state: ENABLED
05-01 18:15:23.513 14203 14203 D DesktopModeFlags: Toggle override initialized to: OVERRIDE_UNSET
05-01 18:15:23.575 14203 14203 W HWUI    : Unknown dataspace 0
05-01 18:15:23.589 14203 14203 D WindowOnBackDispatcher: setTopOnBackInvokedCallback (unwrapped): android.app.Activity$$ExternalSyntheticLambda0@4987e23
05-01 18:15:23.589  2599  3694 D CoreBackPreview: Window{ad7c0bc u0 com.signbridge/com.signbridge.MainActivity}: Setting back callback OnBackInvokedCallbackInfo{mCallback=android.window.IOnBackInvokedCallback$Stub$Proxy@ee57ccb, mPriority=-1, mIsAnimationCallback=false, mOverrideBehavior=0}
05-01 18:15:24.039 14203 14203 W com.signbridge: Verification of androidx.compose.ui.graphics.colorspace.Connector androidx.compose.ui.graphics.colorspace.ColorSpaceKt.createConnector-YBCOT_4(androidx.compose.ui.graphics.colorspace.ColorSpace, androidx.compose.ui.graphics.colorspace.ColorSpace, int) took 222.194ms (319.54 bytecodes/s) (0B arena alloc)
05-01 18:15:24.445 14203 14203 W com.signbridge: Verification of void androidx.compose.ui.platform.AndroidComposeViewAccessibilityDelegateCompat.addExtraDataToAccessibilityNodeInfoHelper(int, androidx.core.view.accessibility.AccessibilityNodeInfoCompat, java.lang.String, android.os.Bundle) took 329.056ms (2953.90 bytecodes/s) (0B arena alloc)
05-01 18:15:25.032  2599  2796 I HalDevMgr: bestIfaceCreationProposal is null, requestIface=STA, existingIface=[name=wlan0 type=STA]
05-01 18:15:25.045 14203 14203 I com.signbridge: hiddenapi: Accessing hidden method Landroid/os/SystemProperties;->addChangeCallback(Ljava/lang/Runnable;)V (runtime_flags=0, domain=platform, api=unsupported) from Landroidx/compose/ui/platform/AndroidComposeView$Companion; (domain=app, TargetSdkVersion=36) using reflection: allowed
05-01 18:15:25.132 14203 14203 I TextToSpeech: Sucessfully bound to com.google.android.tts
05-01 18:15:25.133  2599  3694 D TextToSpeechManagerPerUserService: Trying to start connection to TTS engine: com.google.android.tts
05-01 18:15:25.138  2599  2848 D BackgroundInstallControlService: Package event received: 0
05-01 18:15:25.160  2599  2599 D ActivityManager: sync unfroze 4522 com.google.android.tts for 6
05-01 18:15:25.162  2599  2848 D BackgroundInstallControlService: Package event received: 0
05-01 18:15:25.177  3457  3470 I egip    : (REDACTED) appOpsListener %s %s
05-01 18:15:25.177  3457  3470 I egip    : (REDACTED) Ignoring irrelevant audio permission changes for package %s
05-01 18:15:25.205 14203 14208 I com.signbridge: Compiler allocated 5155KB to compile void android.view.ViewRootImpl.performTraversals()
05-01 18:15:25.237  4522  4522 I GoogleTtsServicePeer: Creating Google TTS service, version googletts.google-speech-apk_20260316.02_p0.884694279
05-01 18:15:25.243  4522  4522 I ExoPlayerImpl: Init 13f7bd [AndroidXMedia3/1.10.0-rc02] [emu64a, sdk_gphone64_arm64, Google, 36]
05-01 18:15:25.257 14203 14203 D VRI[MainActivity]: WindowInsets changed: 1080x2400 statusBars:[0,63,0,0] navigationBars:[0,0,0,63] mandatorySystemGestures:[0,63,0,84] 
05-01 18:15:25.266  4522  4522 I ExoPlayerImpl: Init 72a41b2 [AndroidXMedia3/1.10.0-rc02] [emu64a, sdk_gphone64_arm64, Google, 36]
05-01 18:15:25.270  4522  4522 I VoiceDataManager: checkData: Refreshing list of all available voices...
05-01 18:15:25.281 14203 14203 I HWUI    : Using FreeType backend (prop=Auto)
05-01 18:15:25.290  4522  4689 I VoiceDataDownloader: getAvailableVoicesInfo en-us
05-01 18:15:25.291  4522  4689 I VoiceGenerator: Cache cleared
05-01 18:15:25.291  4522  4689 I VoiceDataManager: Calling onVoicesDataChange: updated voices
05-01 18:15:25.291  4522  4689 I VoiceDataManager: Calling onVoicesDataChange: updated voices
05-01 18:15:25.291  4522  4689 I VoiceDataManager: Calling onVoicesDataChange: updated voices
05-01 18:15:25.291  4522  4689 I VoiceDataManager: Calling onVoicesDataChange: updated voices
05-01 18:15:25.291  4522  4689 I VoiceDataManager: Calling onVoicesDataChange: updated voices
05-01 18:15:25.291  4522  4689 I VoiceDataManager: Calling onVoicesDataChange: updated voices
05-01 18:15:25.291  4522  4689 I VoiceDataManager: Calling onVoicesDataChange: updated voices
05-01 18:15:25.291  4522  4689 I VoiceDataManager: Calling onVoicesDataChange: updated voices
05-01 18:15:25.291  4522  4689 I VoiceDataManager: Calling onVoicesDataChange: updated voices
05-01 18:15:25.291  4522  4689 I VoiceDataManager: Calling onVoicesDataChange: updated voices
05-01 18:15:25.359 14203 14203 D nativeloader: Load libstats_jni.so using APEX ns com_android_os_statsd for caller /apex/com.android.os.statsd/javalib/framework-statsd.jar: ok
05-01 18:15:25.451 14203 14203 I Choreographer: Skipped 106 frames!  The application may be doing too much work on its main thread.
05-01 18:15:25.456  2599  2618 I ActivityTaskManager: Displayed com.signbridge/.MainActivity for user 0: +2s421ms
05-01 18:15:25.461 14203 14214 I HWUI    : Davey! duration=1971ms; Flags=1, FrameTimelineVsyncId=123125, IntendedVsync=6105971506505, Vsync=6106071506501, InputEventId=0, HandleInputStart=6106086742368, AnimationStart=6106086745702, PerformTraversalsStart=6106086890910, DrawStart=6107884409994, FrameDeadline=6105988173171, FrameStartTime=6106086326618, FrameInterval=16666666, WorkloadTarget=16666666, SyncQueued=6107899097119, SyncStart=6107899420244, IssueDrawCommandsStart=6107899763911, SwapBuffers=6107924987702, FrameCompleted=6107943532411, DequeueBufferDuration=3792, QueueBufferDuration=871583, GpuCompleted=6107943467161, SwapBuffersCompleted=6107943532411, DisplayPresentTime=0, CommandSubmissionCompleted=6107924987702, 
05-01 18:15:25.472  2599  2621 W ProcessStats: Tracking association SourceState{37340e8 system/1000 BFgs #62390} whose proc state 4 is better than process ProcessState{d7996d0 com.google.android.tts/10165 pkg=com.google.android.tts} proc state 14 (33 skipped)
05-01 18:15:25.490  2599  2760 I ImeTracker: com.signbridge:5e5c082a: onRequestHide at ORIGIN_SERVER reason HIDE_UNSPECIFIED_WINDOW fromUser false
05-01 18:15:25.492 14203 14203 D InsetsController: hide(ime())
05-01 18:15:25.492 14203 14203 I ImeTracker: com.signbridge:5e5c082a: onCancelled at PHASE_CLIENT_ALREADY_HIDDEN
05-01 18:15:25.494  3066  3066 D BaseActivity: Launcher flags updated: [] -[state_started]
05-01 18:15:25.495  3066  3066 D BaseDepthController: setSurface:
05-01 18:15:25.495  3066  3066 D BaseDepthController: 	mWaitingOnSurfaceValidity: false
05-01 18:15:25.495  3066  3066 D BaseDepthController: 	mBaseSurface: null
05-01 18:15:25.495  3066  3066 D BaseDepthController: mSurface is null and mCurrentBlur is: 0
05-01 18:15:25.500  3066  3066 D LauncherStateManager: StateManager.goToState: fromState: Normal, toState: Normal, partial trace:
05-01 18:15:25.500  3066  3066 D LauncherStateManager: 	at com.android.launcher3.statemanager.StateManager.moveToRestState(go/retraceme f3a19d912c87c27267cfbc05ba0bc7b202ab72a6648bd76225f5f7e128d94583:6)
05-01 18:15:25.500  3066  3066 D LauncherStateManager: 	at com.android.launcher3.statemanager.StateManager.moveToRestState(go/retraceme f3a19d912c87c27267cfbc05ba0bc7b202ab72a6648bd76225f5f7e128d94583:2)
05-01 18:15:25.500  3066  3066 D LauncherStateManager: 	at com.android.launcher3.statemanager.StatefulActivity.onStop(go/retraceme f3a19d912c87c27267cfbc05ba0bc7b202ab72a6648bd76225f5f7e128d94583:32)
05-01 18:15:25.501  3066  3066 D LauncherStateManager: StateManager.onRepeatStateSetAborted: state: Normal
05-01 18:15:25.502  4139  4242 I FontLog : (REDACTED) Received query %s, URI %s
05-01 18:15:25.504  3066  3066 D ActivityContext: hideKeyboard
05-01 18:15:25.504  4139  4242 I FontLog : (REDACTED) Query [%s] resolved to %s
05-01 18:15:25.512  4139  4242 I FontLog : (REDACTED) Fetch %s end status %s
05-01 18:15:25.512  4522  4522 I LocalSynthesizer: Attempting to load synthesizer for voice: en-us-x-iog-seanet-embedded
05-01 18:15:25.512  4522  4522 I LocalSynthesizer: Voice en-us-x-iog-seanet-embedded is not supported by any existing synthesizers.
05-01 18:15:25.512  4522  4522 I ComposerWrapperImpl: Initializing new monolithic pipeline. New voice: en-us-x-iog-seanet-embedded
05-01 18:15:25.512  4522  4522 I PipelineReaderImpl: Initializing monolithic pipeline from disk: /data/user_de/0/com.google.android.tts/files/superpacks/en-us/en-us-x-multi-seanet-r83/pipeline.pb
05-01 18:15:25.513  3066  3066 D ActivityContext: isImeShown: false
05-01 18:15:25.515  3066  3066 D StatsLog: LAUNCHER_ONSTOP
05-01 18:15:25.519  4139  4261 I FontLog : (REDACTED) Pulling font file for id = %d, cache size = %d
05-01 18:15:25.519  3066  3066 D StatsLog: LAUNCHER_GOOGLE_SEARCH_RESTORE_LIST_SIZE_AFTER_ACTIVITY_RESTART
05-01 18:15:25.521  3342  3342 I GoogleInputMethodService: GoogleInputMethodService.onFinishInput():2186 
05-01 18:15:25.521  2599  2884 I ImeTracker: system_server:5ae06960: onRequestHide at ORIGIN_SERVER reason IME_REQUESTED_CHANGED_LISTENER fromUser false
05-01 18:15:25.522  2599  2621 I ImeTracker: system_server:5ae06960: onCancelled at PHASE_SERVER_SHOULD_HIDE
05-01 18:15:25.524  4522  4522 I native  : I0000 00:00:1777655725.524194    4522 android_resource_loader.cc:109] Loading resources for en_us_x_embedded_havoc/12200944599972786779
05-01 18:15:25.525  4139  4261 I FontLog : (REDACTED) Pulling font file for id = %d, cache size = %d
05-01 18:15:25.525  4522  4522 I native  : I0000 00:00:1777655725.525608    4522 data_source.cc:95] Opening data source "/data/user_de/0/com.google.android.tts/files/superpacks/en-us/en-us-x-multi-seanet-r83/../en-us-x-multi-r83/burdock_frame_config.pb" (as: FILE) ...
05-01 18:15:25.525  4522  4522 I native  : I0000 00:00:1777655725.525895    4522 data_source.cc:99] ... Opened data source "/data/user_de/0/com.google.android.tts/files/superpacks/en-us/en-us-x-multi-seanet-r83/../en-us-x-multi-r83/burdock_frame_config.pb" of size 68
05-01 18:15:25.525  3342  3342 I Module  : DeviceLockedStatusModuleProvider$Module.updateDeviceLockedStatus():103 repeatCheckTimes = 0, locked = false
05-01 18:15:25.528  3342  3342 I GoogleInputMethodService: GoogleInputMethodService.onStartInput():1444 onStartInput(EditorInfo{EditorInfo{packageName=com.signbridge, inputType=0, inputTypeString=NULL, enableLearning=false, autoCorrection=false, autoComplete=false, imeOptions=0, privateImeOptions=null, actionName=UNSPECIFIED, actionLabel=null, initialSelStart=-1, initialSelEnd=-1, initialCapsMode=0, label=null, fieldId=0, fieldName=null, extras=null, hintText=null, hintLocales=[]}}, false)
05-01 18:15:25.530  2599  2848 D BackgroundInstallControlService: Package event received: 0
05-01 18:15:25.531  3342  3342 I AndroidIME: LatinIMEBase.updateInputViewCoverNavigation():321 Update input view padding, isNavbarOverInputWindow=true, bottom inset=126
05-01 18:15:25.534  3342  3342 I Module  : DeviceLockedStatusModuleProvider$Module.updateDeviceLockedStatus():103 repeatCheckTimes = 1, locked = false
05-01 18:15:25.545  4522  4522 I native  : I0000 00:00:1777655725.545179    4522 android_resource_loader.cc:100] Built resource acoustic_frame_config
05-01 18:15:25.545  4522  4522 I native  : I0000 00:00:1777655725.545499    4522 android_resource_loader.cc:116] Loaded resource:acoustic_frame_config
05-01 18:15:25.546  4522  4522 I native  : I0000 00:00:1777655725.546083    4522 data_source.cc:95] Opening data source "/data/user_de/0/com.google.android.tts/files/superpacks/en-us/en-us-x-multi-seanet-r83/../en-us-x-multi-r83/affixes_en_us_android.far" (as: FILE) ...
05-01 18:15:25.546  4522  4522 I native  : I0000 00:00:1777655725.546253    4522 data_source.cc:99] ... Opened data source "/data/user_de/0/com.google.android.tts/files/superpacks/en-us/en-us-x-multi-seanet-r83/../en-us-x-multi-r83/affixes_en_us_android.far" of size 36782
05-01 18:15:25.549  4522  4522 I native  : I0000 00:00:1777655725.549393    4522 android_resource_loader.cc:100] Built resource affix_word_splitter_grm
05-01 18:15:25.549  4522  4522 I native  : I0000 00:00:1777655725.549456    4522 android_resource_loader.cc:116] Loaded resource:affix_word_splitter_grm
05-01 18:15:25.549  4522  4522 I native  : I0000 00:00:1777655725.549546    4522 data_source.cc:95] Opening data source "/data/user_de/0/com.google.android.tts/files/superpacks/en-us/en-us-x-multi-seanet-r83/../en-us-x-multi-r83/affixes_params_en_us.pb" (as: FILE) ...
05-01 18:15:25.549  4522  4522 I native  : I0000 00:00:1777655725.549595    4522 data_source.cc:99] ... Opened data source "/data/user_de/0/com.google.android.tts/files/superpacks/en-us/en-us-x-multi-seanet-r83/../en-us-x-multi-r83/affixes_params_en_us.pb" of size 420
05-01 18:15:25.549  4522  4522 I native  : I0000 00:00:1777655725.549852    4522 affix_word_splitter_data.cc:33] Ambiguous affix entries for spelling ['s] -- their grammars should disambiguate them.
05-01 18:15:25.549  4522  4522 I native  : I0000 00:00:1777655725.549884    4522 affix_word_splitter_data.cc:33] Ambiguous affix entries for spelling ['s] -- their grammars should disambiguate them.
05-01 18:15:25.549  4522  4522 I native  : I0000 00:00:1777655725.549911    4522 affix_word_splitter_data.cc:33] Ambiguous affix entries for spelling ['s] -- their grammars should disambiguate them.
05-01 18:15:25.549  4522  4522 I native  : I0000 00:00:1777655725.549931    4522 affix_word_splitter_data.cc:33] Ambiguous affix entries for spelling [s] -- their grammars should disambiguate them.
05-01 18:15:25.549  4522  4522 I native  : I0000 00:00:1777655725.549941    4522 affix_word_splitter_data.cc:33] Ambiguous affix entries for spelling [s] -- their grammars should disambiguate them.
05-01 18:15:25.549  4522  4522 I native  : I0000 00:00:1777655725.549947    4522 affix_word_splitter_data.cc:33] Ambiguous affix entries for spelling [s] -- their grammars should disambiguate them.
05-01 18:15:25.549  4522  4522 I native  : I0000 00:00:1777655725.549965    4522 affix_word_splitter_data.cc:33] Ambiguous affix entries for spelling [ed] -- their grammars should disambiguate them.
05-01 18:15:25.549  4522  4522 I native  : I0000 00:00:1777655725.549973    4522 affix_word_splitter_data.cc:33] Ambiguous affix entries for spelling [ed] -- their grammars should disambiguate them.
05-01 18:15:25.549  4522  4522 I native  : I0000 00:00:1777655725.549978    4522 affix_word_splitter_data.cc:33] Ambiguous affix entries for spelling [ed] -- their grammars should disambiguate them.
05-01 18:15:25.550  4522  4522 I native  : I0000 00:00:1777655725.550016    4522 affix_word_splitter_data.cc:89] Loaded affixes in [/data/user_de/0/com.google.android.tts/files/superpacks/en-us/en-us-x-multi-seanet-r83/../en-us-x-multi-r83/affixes_params_en_us.pb].
05-01 18:15:25.550  4522  4522 I native  : I0000 00:00:1777655725.550076    4522 android_resource_loader.cc:100] Built resource affix_word_splitter
05-01 18:15:25.550  4522  4522 I native  : I0000 00:00:1777655725.550254    4522 android_resource_loader.cc:116] Loaded resource:affix_word_splitter
05-01 18:15:25.550  4522  4522 I native  : I0000 00:00:1777655725.550274    4522 data_source.cc:95] Opening data source "/data/user_de/0/com.google.android.tts/files/superpacks/en-us/en-us-x-multi-seanet-r83/../en-us-x-multi-r83/roman_numeral_android.far" (as: FILE) ...
05-01 18:15:25.550  4522  4522 I native  : I0000 00:00:1777655725.550289    4522 data_source.cc:99] ... Opened data source "/data/user_de/0/com.google.android.tts/files/superpacks/en-us/en-us-x-multi-seanet-r83/../en-us-x-multi-r83/roman_numeral_android.far" of size 5112
05-01 18:15:25.550  4522  4522 I native  : I0000 00:00:1777655725.550606    4522 android_resource_loader.cc:100] Built resource classify_roman_numerals_grm_fst
05-01 18:15:25.550  4522  4522 I native  : I0000 00:00:1777655725.550625    4522 android_resource_loader.cc:116] Loaded resource:classify_roman_numerals_grm_fst
05-01 18:15:25.550  4522  4522 I native  : I0000 00:00:1777655725.550635    4522 data_source.cc:95] Opening data source "/data/user_de/0/com.google.android.tts/files/superpacks/en-us/en-us-x-multi-seanet-r83/../en-us-x-multi-r83/en_us_pronounce.far" (as: FILE) ...
05-01 18:15:25.550  4522  4522 I native  : I0000 00:00:1777655725.550654    4522 data_source.cc:99] ... Opened data source "/data/user_de/0/com.google.android.tts/files/superpacks/en-us/en-us-x-multi-seanet-r83/../en-us-x-multi-r83/en_us_pronounce.far" of size 5040
05-01 18:15:25.550  4522  4522 I native  : I0000 00:00:1777655725.550807    4522 android_resource_loader.cc:100] Built resource compound_pronounce_grm_fst
05-01 18:15:25.550  4522  4522 I native  : I0000 00:00:1777655725.550826    4522 android_resource_loader.cc:116] Loaded resource:compound_pronounce_grm_fst
05-01 18:15:25.550  4522  4522 I native  : I0000 00:00:1777655725.550918    4522 data_source.cc:95] Opening data source "/data/user_de/0/com.google.android.tts/files/superpacks/en-us/en-us-x-multi-seanet-r83/../en-us-x-multi-r83/disambiguation_rules_en_us.pb" (as: FILE) ...
05-01 18:15:25.550  4522  4522 I native  : I0000 00:00:1777655725.550941    4522 data_source.cc:99] ... Opened data source "/data/user_de/0/com.google.android.tts/files/superpacks/en-us/en-us-x-multi-seanet-r83/../en-us-x-multi-r83/disambiguation_rules_en_us.pb" of size 317147
05-01 18:15:25.553  2599  2884 W PackageConfigPersister: App-specific configuration not found for packageName: com.signbridge and userId: 0
05-01 18:15:25.608  4522  4522 I native  : I0000 00:00:1777655725.608162    4522 android_resource_loader.cc:100] Built resource disambiguation_rules
