05-01 18:15:32.582 14245 14245 I AconfigPackage: com.android.ipsec.flags is mapped to com.android.ipsec
05-01 18:15:32.582 14245 14245 I AconfigPackage: com.android.nfc.module.flags is mapped to com.android.nfcservices
05-01 18:15:32.582 14245 14245 I AconfigPackage: com.android.adservices.ondevicepersonalization.flags is mapped to com.android.ondevicepersonalization
05-01 18:15:32.583 14245 14245 I AconfigPackage: com.android.adbd.flags is mapped to com.android.adbd
05-01 18:15:32.583 14245 14245 I AconfigPackage: com.android.bluetooth.flags is mapped to com.android.bt
05-01 18:15:32.583 14245 14245 I AconfigPackage: com.android.devicelock.flags is mapped to com.android.devicelock
05-01 18:15:32.583 14245 14245 I AconfigPackage: android.os.profiling is mapped to com.android.profiling
05-01 18:15:32.583 14245 14245 I AconfigPackage: android.os.profiling.anomaly.flags is mapped to com.android.profiling
05-01 18:15:32.584 14245 14245 I AconfigPackage: com.android.os.statsd.flags is mapped to com.android.os.statsd
05-01 18:15:32.584 14245 14245 I AconfigPackage: com.android.rkpd.flags is mapped to com.android.rkpd
05-01 18:15:32.584 14245 14245 I AconfigPackage: com.android.cellbroadcastreceiver.flags is mapped to com.android.cellbroadcast
05-01 18:15:32.585 14245 14245 I AconfigPackage: com.android.adservices.flags is mapped to com.android.adservices
05-01 18:15:32.585 14245 14245 I AconfigPackage: com.android.sdksandbox.flags is mapped to com.android.adservices
05-01 18:15:32.585 14245 14245 I AconfigPackage: com.android.uwb.flags is mapped to com.android.uwb
05-01 18:15:32.585 14245 14245 I AconfigPackage: com.android.ranging.flags is mapped to com.android.uwb
05-01 18:15:32.585 14245 14245 I AconfigPackage: android.graphics.pdf.flags is mapped to com.android.mediaprovider
05-01 18:15:32.585 14245 14245 I AconfigPackage: com.android.providers.media.flags is mapped to com.android.mediaprovider
05-01 18:15:32.585 14245 14245 I AconfigPackage: android.graphics.pdf.flags.readonly is mapped to com.android.mediaprovider
05-01 18:15:32.585 14245 14245 I AconfigPackage: com.android.tethering.mainline.beta is mapped to com.android.tethering
05-01 18:15:32.585 14245 14245 I AconfigPackage: android.net.http is mapped to com.android.tethering
05-01 18:15:32.586 14245 14245 I AconfigPackage: com.android.tethering.readonly.flags is mapped to com.android.tethering
05-01 18:15:32.586 14245 14245 I AconfigPackage: android.net.vcn is mapped to com.android.tethering
05-01 18:15:32.586 14245 14245 I AconfigPackage: com.android.net.flags is mapped to com.android.tethering
05-01 18:15:32.586 14245 14245 I AconfigPackage: com.android.tethering.beta.test is mapped to com.android.tethering
05-01 18:15:32.586 14245 14245 I AconfigPackage: com.android.nearby.flags is mapped to com.android.tethering
05-01 18:15:32.586 14245 14245 I AconfigPackage: com.android.net.ct.flags is mapped to com.android.tethering
05-01 18:15:32.586 14245 14245 I AconfigPackage: com.android.net.thread.flags is mapped to com.android.tethering
05-01 18:15:32.586 14245 14245 I AconfigPackage: com.android.system.virtualmachine.flags is mapped to com.android.virt
05-01 18:15:32.586 14245 14245 E FeatureFlagsImplExport: android.os.flagging.AconfigStorageReadException: ERROR_PACKAGE_NOT_FOUND: package android.xr cannot be found on the device
05-01 18:15:32.589 14245 14245 D UiAutomationConnection: Created on user UserHandle{0}
05-01 18:15:32.589 14245 14245 I UiAutomation: Initialized for user 0 on display 0
05-01 18:15:32.589 14245 14245 W UiAutomation: Created with deprecatead constructor, assumes DEFAULT_DISPLAY
05-01 18:15:32.592  2599  3694 D AccessibilityManagerService: changeCurrentUserForTestAutomationIfNeededLocked(0): ignoring because device doesn't support visible background users
05-01 18:15:32.592  2599  3694 I UiAutomationManager: Registering UiTestAutomationService (id=com.android.server.accessibility/UiAutomation, flags=0x0) when called by user 0
05-01 18:15:32.593  2599  3694 V AccessibilityManagerService: onUserStateChangedLocked for userId: 0, forceUpdate: false
05-01 18:15:32.598  2599  3694 V AccessibilityUserState: updateShortcutTargets: type:accessibility_shortcut_target_service, current:{}, new:{}
05-01 18:15:32.598  2599  3694 V AccessibilityUserState: updateShortcutTargets: type:accessibility_button_targets, current:{}, new:{}
05-01 18:15:32.598  2599  3694 V AccessibilityUserState: updateShortcutTargets: type:accessibility_gesture_targets, current:{}, new:{}
05-01 18:15:32.598  2599  3694 V AccessibilityUserState: updateShortcutTargets: type:accessibility_qs_targets, current:{}, new:{}
05-01 18:15:32.598  2599  3694 V AccessibilityUserState: updateShortcutTargets: type:accessibility_key_gesture_targets, current:{}, new:{}
05-01 18:15:32.598  2599  3694 W MagnificationConnectionManager: requestConnection duplicated request: connect=false, mConnectionState=DISCONNECTED
05-01 18:15:32.599  3482  5184 I AiAiEcho: Settings changed for uri: content://settings/secure/accessibility_enabled
05-01 18:15:32.603  3482  3713 I AiAiEcho: Predicting[0]:  [CONTEXT sampling_count=5 ]
05-01 18:15:32.604  3482  3713 I AiAiEcho: EchoTargets: 
05-01 18:15:32.604  3482  3713 I AiAiEcho: Filtered by AiAi flag check: 
05-01 18:15:32.604  3482  3713 I AiAiEcho: [CONTEXT ratelimit_period="10 SECONDS" ]
05-01 18:15:32.604  2599  2599 W libbinder.IPCThreadState: Sending oneway calls to frozen process.
05-01 18:15:32.604  2599  2599 W libbinder.IPCThreadState: Sending oneway calls to frozen process.
05-01 18:15:32.604  2599  2599 W libbinder.IPCThreadState: Sending oneway calls to frozen process.
05-01 18:15:32.604  2599  2599 W libbinder.IPCThreadState: Sending oneway calls to frozen process.
05-01 18:15:32.605  3482  3713 I AiAiEcho: #remoteViewsTwiddler: feature disabled.
05-01 18:15:32.605  3482  3713 I AiAiEcho: Predicting[0]:  [CONTEXT sampling_count=5 ]
05-01 18:15:32.605  3482  3713 I AiAiEcho: EchoTargets: 
05-01 18:15:32.605  3482  3713 I AiAiEcho: Filtered by AiAi flag check: 
05-01 18:15:32.605  3482  3713 I AiAiEcho: [CONTEXT ratelimit_period="10 SECONDS" ]
05-01 18:15:32.606  2599  2599 W libbinder.IPCThreadState: Sending oneway calls to frozen process.
05-01 18:15:32.606  2599  2599 W libbinder.IPCThreadState: Sending oneway calls to frozen process.
05-01 18:15:32.606  2599  2599 W libbinder.IPCThreadState: Sending oneway calls to frozen process.
05-01 18:15:32.606  2599  2599 W libbinder.IPCThreadState: Sending oneway calls to frozen process.
05-01 18:15:32.607  2599  2599 W libbinder.IPCThreadState: Sending oneway calls to frozen process.
05-01 18:15:32.607  2599  2599 W libbinder.IPCThreadState: Sending oneway calls to frozen process.
05-01 18:15:32.607  2599  2599 W libbinder.IPCThreadState: Sending oneway calls to frozen process.
05-01 18:15:32.607  2599  2599 W libbinder.IPCThreadState: Sending oneway calls to frozen process.
05-01 18:15:32.610  2599  2599 D BatterySaverPolicy: accessibility changed to true, updating policy.
05-01 18:15:32.637  3482  3713 I AiAiEcho: #remoteViewsTwiddler: feature disabled.
05-01 18:15:32.637  3482  3713 I AiAiEcho: Predicting[0]:  [CONTEXT sampling_count=5 ]
05-01 18:15:32.639  3482  3713 I AiAiEcho: EchoTargets: 
05-01 18:15:32.639  3482  3713 I AiAiEcho: Filtered by AiAi flag check: 
05-01 18:15:32.639  3482  3713 I AiAiEcho: [CONTEXT ratelimit_period="10 SECONDS" ]
05-01 18:15:32.639  2599  3504 V AccessibilityManagerService: onUserStateChangedLocked for userId: 0, forceUpdate: false
05-01 18:15:32.640  2599  3504 V AccessibilityUserState: updateShortcutTargets: type:accessibility_shortcut_target_service, current:{}, new:{}
05-01 18:15:32.640  2599  3504 V AccessibilityUserState: updateShortcutTargets: type:accessibility_button_targets, current:{}, new:{}
05-01 18:15:32.640  2599  3504 V AccessibilityUserState: updateShortcutTargets: type:accessibility_gesture_targets, current:{}, new:{}
05-01 18:15:32.640  2599  3504 V AccessibilityUserState: updateShortcutTargets: type:accessibility_qs_targets, current:{}, new:{}
05-01 18:15:32.640  2599  3504 V AccessibilityUserState: updateShortcutTargets: type:accessibility_key_gesture_targets, current:{}, new:{}
05-01 18:15:32.640  2599  3504 W MagnificationConnectionManager: requestConnection duplicated request: connect=false, mConnectionState=DISCONNECTED
05-01 18:15:32.640  2599  2599 W libbinder.IPCThreadState: Sending oneway calls to frozen process.
05-01 18:15:32.640  2599  2599 W libbinder.IPCThreadState: Sending oneway calls to frozen process.
05-01 18:15:32.640  2599  2599 W libbinder.IPCThreadState: Sending oneway calls to frozen process.
05-01 18:15:32.640  2599  2599 W libbinder.IPCThreadState: Sending oneway calls to frozen process.
05-01 18:15:32.641  3482  3713 I AiAiEcho: #remoteViewsTwiddler: feature disabled.
05-01 18:15:32.641  3482  3518 I AiAiEcho: Settings changed for uri: content://settings/secure/accessibility_enabled
05-01 18:15:32.642  2599  2599 W libbinder.IPCThreadState: Sending oneway calls to frozen process.
05-01 18:15:32.642  2599  2599 W libbinder.IPCThreadState: Sending oneway calls to frozen process.
05-01 18:15:32.642  2599  2599 W libbinder.IPCThreadState: Sending oneway calls to frozen process.
05-01 18:15:32.642  2599  2599 W libbinder.IPCThreadState: Sending oneway calls to frozen process.
05-01 18:15:32.646  2599  3504 D AccessibilityManagerService: .getAccessibilityShortcutTargets {shortcutType=32, userId=0}
05-01 18:15:32.647  3482  3713 I AiAiEcho: #postPredictionTargets: Sending updates to UISurface ambientcue with targets# 0 (types=[])
05-01 18:15:32.647  3482  3713 I AiAiEcho: #postPredictionTargets: Sending updates to UISurface home with targets# 0 (types=[])
05-01 18:15:32.648  2896  3022 I AmbientCueRepository: Receiving SmartSpace targets # 0
05-01 18:15:32.648  3482  3713 I AiAiEcho: #postPredictionTargets: Sending updates to UISurface lockscreen with targets# 0 (types=[])
05-01 18:15:32.648  3482  3713 I AiAiEcho: Predicting[0]:  [CONTEXT sampling_count=5 ]
05-01 18:15:32.648  3482  3713 I AiAiEcho: EchoTargets: 
05-01 18:15:32.648  3482  3713 I AiAiEcho: Filtered by AiAi flag check: 
05-01 18:15:32.648  3482  3713 I AiAiEcho: [CONTEXT ratelimit_period="10 SECONDS" ]
05-01 18:15:32.649  2896  2896 W SsPagerDots: Total number of pages invalid: 0. Assuming 1 page.
05-01 18:15:32.650  3482  3713 I AiAiEcho: #remoteViewsTwiddler: feature disabled.
05-01 18:15:32.650  3482  3713 I AiAiEcho: Predicting[0]:  [CONTEXT sampling_count=5 ]
05-01 18:15:32.650  3482  3713 I AiAiEcho: EchoTargets: 
05-01 18:15:32.650  3482  3713 I AiAiEcho: Filtered by AiAi flag check: 
05-01 18:15:32.650  3482  3713 I AiAiEcho: [CONTEXT ratelimit_period="10 SECONDS" ]
05-01 18:15:32.650  3482  3713 I AiAiEcho: #remoteViewsTwiddler: feature disabled.
05-01 18:15:32.650  3482  3713 I AiAiEcho: Predicting[0]:  [CONTEXT sampling_count=5 ]
05-01 18:15:32.650  3482  3713 I AiAiEcho: EchoTargets: 
05-01 18:15:32.650  3482  3713 I AiAiEcho: Filtered by AiAi flag check: 
05-01 18:15:32.650  3482  3713 I AiAiEcho: [CONTEXT ratelimit_period="10 SECONDS" ]
05-01 18:15:32.650  3482  3713 I AiAiEcho: #remoteViewsTwiddler: feature disabled.
05-01 18:15:32.650  3482  3713 I AiAiEcho: #postPredictionTargets: Sending updates to UISurface ambientcue with targets# 0 (types=[])
05-01 18:15:32.651  3482  3713 I AiAiEcho: #postPredictionTargets: Sending updates to UISurface home with targets# 0 (types=[])
05-01 18:15:32.651  2896  3022 I AmbientCueRepository: Receiving SmartSpace targets # 0
05-01 18:15:32.651  3482  3713 I AiAiEcho: #postPredictionTargets: Sending updates to UISurface lockscreen with targets# 0 (types=[])
05-01 18:15:32.651  2896  2896 W SsPagerDots: Total number of pages invalid: 0. Assuming 1 page.
05-01 18:15:32.707  2970 14168 D NetworkMonitor/103: PROBE_HTTP http://connectivitycheck.gstatic.com/generate_204 Probe failed with exception java.net.UnknownHostException: Unable to resolve host "connectivitycheck.gstatic.com": No address associated with hostname
05-01 18:15:32.707  2970 14167 D NetworkMonitor/103: PROBE_HTTPS https://www.google.com/generate_204 Probe failed with exception java.net.UnknownHostException: Unable to resolve host "www.google.com": No address associated with hostname
05-01 18:15:32.707  2970 14166 D NetworkMonitor/103: PROBE_FALLBACK http://www.google.com/gen_204 Probe failed with exception java.net.UnknownHostException: Unable to resolve host "www.google.com": No address associated with hostname
05-01 18:15:32.708  2970 14166 D NetworkMonitor/103: isCaptivePortal: isSuccessful()=false isPortal()=false RedirectUrl=null isPartialConnectivity()=false Time=20041ms
05-01 18:15:32.709  2599  2802 D ConnectivityService: [103 WIFI] validation failed
05-01 18:15:33.664 14203 14209 W com.signbridge: userfaultfd: MOVE ioctl seems unsupported: Try again
05-01 18:15:33.711 14245 14245 W AccessibilityNodeInfoDumper: Fetch time: 81ms
05-01 18:15:33.712  2599  2884 V AccessibilityManagerService: onUserStateChangedLocked for userId: 0, forceUpdate: false
05-01 18:15:33.714  2599  2884 V AccessibilityUserState: updateShortcutTargets: type:accessibility_shortcut_target_service, current:{}, new:{}
05-01 18:15:33.714  2599  2884 V AccessibilityUserState: updateShortcutTargets: type:accessibility_button_targets, current:{}, new:{}
05-01 18:15:33.714  2599  2884 V AccessibilityUserState: updateShortcutTargets: type:accessibility_gesture_targets, current:{}, new:{}
05-01 18:15:33.714  2599  2884 V AccessibilityUserState: updateShortcutTargets: type:accessibility_qs_targets, current:{}, new:{}
05-01 18:15:33.714  2599  2884 V AccessibilityUserState: updateShortcutTargets: type:accessibility_key_gesture_targets, current:{}, new:{}
05-01 18:15:33.714  2599  2884 W MagnificationConnectionManager: requestConnection duplicated request: connect=false, mConnectionState=DISCONNECTED
05-01 18:15:33.714  2599  2884 D AccessibilityManagerService: restoreCurrentUserForTestAutomationIfNeededLocked(): ignoring because device doesn't support visible background users
05-01 18:15:33.714  2599  2599 W libbinder.IPCThreadState: Sending oneway calls to frozen process.
05-01 18:15:33.714  2599  2599 W libbinder.IPCThreadState: Sending oneway calls to frozen process.
05-01 18:15:33.714  2599  2599 W libbinder.IPCThreadState: Sending oneway calls to frozen process.
05-01 18:15:33.714  2599  2599 W libbinder.IPCThreadState: Sending oneway calls to frozen process.
05-01 18:15:33.714  3482  3518 I AiAiEcho: Settings changed for uri: content://settings/secure/accessibility_enabled
05-01 18:15:33.715  3482  3713 I AiAiEcho: Predicting[0]:  [CONTEXT sampling_count=5 ]
05-01 18:15:33.715  3482  3713 I AiAiEcho: EchoTargets: 
05-01 18:15:33.715  3482  3713 I AiAiEcho: Filtered by AiAi flag check: 
05-01 18:15:33.715  3482  3713 I AiAiEcho: [CONTEXT ratelimit_period="10 SECONDS" ]
05-01 18:15:33.715  3482  3713 I AiAiEcho: #remoteViewsTwiddler: feature disabled.
05-01 18:15:33.715  2599  2599 W libbinder.IPCThreadState: Sending oneway calls to frozen process.
05-01 18:15:33.715  2599  2599 W libbinder.IPCThreadState: Sending oneway calls to frozen process.
05-01 18:15:33.715  2599  2599 W libbinder.IPCThreadState: Sending oneway calls to frozen process.
05-01 18:15:33.715  2599  2599 W libbinder.IPCThreadState: Sending oneway calls to frozen process.
05-01 18:15:33.716 14245 14245 D AndroidRuntime: Shutting down VM
05-01 18:15:33.716  2599  2599 W libbinder.IPCThreadState: Sending oneway calls to frozen process.
05-01 18:15:33.716  2599  2599 W libbinder.IPCThreadState: Sending oneway calls to frozen process.
05-01 18:15:33.716  2599  2599 W libbinder.IPCThreadState: Sending oneway calls to frozen process.
05-01 18:15:33.716  2599  2599 W libbinder.IPCThreadState: Sending oneway calls to frozen process.
05-01 18:15:33.716  3482  3713 I AiAiEcho: Predicting[0]:  [CONTEXT sampling_count=5 ]
05-01 18:15:33.716 14245 14257 W libbinder.IPCThreadState: call to talkWithDriver in joinThreadPool returned error: -9 (Bad file descriptor), FD: -1
05-01 18:15:33.716 14245 14258 W libbinder.IPCThreadState: call to talkWithDriver in joinThreadPool returned error: -9 (Bad file descriptor), FD: -1
05-01 18:15:33.716  3482  3713 I AiAiEcho: EchoTargets: 
05-01 18:15:33.716  3482  3713 I AiAiEcho: Filtered by AiAi flag check: 
05-01 18:15:33.716  3482  3713 I AiAiEcho: [CONTEXT ratelimit_period="10 SECONDS" ]
05-01 18:15:33.716  3482  3713 I AiAiEcho: #remoteViewsTwiddler: feature disabled.
05-01 18:15:33.716  3482  3713 I AiAiEcho: Predicting[0]:  [CONTEXT sampling_count=5 ]
05-01 18:15:33.716  3482  3713 I AiAiEcho: EchoTargets: 
05-01 18:15:33.716  3482  3713 I AiAiEcho: Filtered by AiAi flag check: 
05-01 18:15:33.716  3482  3713 I AiAiEcho: [CONTEXT ratelimit_period="10 SECONDS" ]
05-01 18:15:33.716  3482  3713 I AiAiEcho: #remoteViewsTwiddler: feature disabled.
05-01 18:15:33.716 14245 14261 W libbinder.IPCThreadState: call to talkWithDriver in joinThreadPool returned error: -9 (Bad file descriptor), FD: -1
05-01 18:15:33.716  3482  3713 I AiAiEcho: #postPredictionTargets: Sending updates to UISurface ambientcue with targets# 0 (types=[])
05-01 18:15:33.717  3482  3713 I AiAiEcho: #postPredictionTargets: Sending updates to UISurface home with targets# 0 (types=[])
05-01 18:15:33.717  2599  2599 D BatterySaverPolicy: accessibility changed to false, updating policy.
05-01 18:15:33.717  3482  3713 I AiAiEcho: #postPredictionTargets: Sending updates to UISurface lockscreen with targets# 0 (types=[])
05-01 18:15:33.718  2896  3022 I AmbientCueRepository: Receiving SmartSpace targets # 0
05-01 18:15:33.722  2896  2896 W SsPagerDots: Total number of pages invalid: 0. Assuming 1 page.
05-01 18:15:34.112  2599  2796 I HalDevMgr: bestIfaceCreationProposal is null, requestIface=STA, existingIface=[name=wlan0 type=STA]
05-01 18:15:36.718 14262 14262 W libbinder.BackendUnifiedServiceManager: Thread Pool max thread count is 0. Cannot cache binder as linkToDeath cannot be implemented. serviceName: package
05-01 18:15:36.753  3046  3051 I artd    : GetBestInfo: odex next to the dex file (/data/app/~~9zdI27-KZDEvVC_7GO9BLQ==/com.google.android.gms-zDijJikcKxb1i4ibdVh7KA==/oat/arm64/base.odex) is kOatUpToDate with filter 'speed-profile' executable 'false'
05-01 18:15:36.755  3046  3051 I artd    : GetBestInfo: odex next to the dex file (/data/app/~~9zdI27-KZDEvVC_7GO9BLQ==/com.google.android.gms-zDijJikcKxb1i4ibdVh7KA==/oat/arm64/split_AdsDynamite_installtime.odex) is kOatUpToDate with filter 'speed' executable 'false'
05-01 18:15:36.756  3046  3051 I artd    : GetBestInfo: odex next to the dex file (/data/app/~~9zdI27-KZDEvVC_7GO9BLQ==/com.google.android.gms-zDijJikcKxb1i4ibdVh7KA==/oat/arm64/split_CronetDynamite_installtime.odex) is kOatUpToDate with filter 'speed' executable 'false'
05-01 18:15:36.757  3046  3051 I artd    : GetBestInfo: odex next to the dex file (/data/app/~~9zdI27-KZDEvVC_7GO9BLQ==/com.google.android.gms-zDijJikcKxb1i4ibdVh7KA==/oat/arm64/split_DynamiteLoader_installtime.odex) is kOatUpToDate with filter 'speed' executable 'false'
05-01 18:15:36.758  3046  3051 I artd    : GetBestInfo: odex next to the dex file (/data/app/~~9zdI27-KZDEvVC_7GO9BLQ==/com.google.android.gms-zDijJikcKxb1i4ibdVh7KA==/oat/arm64/split_DynamiteModulesA_installtime.odex) is kOatUpToDate with filter 'speed' executable 'false'
05-01 18:15:36.760  3046  3051 I artd    : GetBestInfo: odex next to the dex file (/data/app/~~9zdI27-KZDEvVC_7GO9BLQ==/com.google.android.gms-zDijJikcKxb1i4ibdVh7KA==/oat/arm64/split_DynamiteModulesC_installtime.odex) is kOatUpToDate with filter 'speed' executable 'false'
05-01 18:15:36.761  3046  3051 I artd    : GetBestInfo: odex next to the dex file (/data/app/~~9zdI27-KZDEvVC_7GO9BLQ==/com.google.android.gms-zDijJikcKxb1i4ibdVh7KA==/oat/arm64/split_GoogleCertificates_installtime.odex) is kOatUpToDate with filter 'speed' executable 'false'
05-01 18:15:36.762  3046  3051 I artd    : GetBestInfo: odex next to the dex file (/data/app/~~9zdI27-KZDEvVC_7GO9BLQ==/com.google.android.gms-zDijJikcKxb1i4ibdVh7KA==/oat/arm64/split_MapsDynamite_installtime.odex) is kOatUpToDate with filter 'speed' executable 'false'
05-01 18:15:36.763  3046  3051 I artd    : GetBestInfo: odex next to the dex file (/data/app/~~9zdI27-KZDEvVC_7GO9BLQ==/com.google.android.gms-zDijJikcKxb1i4ibdVh7KA==/oat/arm64/split_MeasurementDynamite_installtime.odex) is kOatUpToDate with filter 'speed' executable 'false'
05-01 18:15:36.764  3046  3051 I artd    : GetBestInfo: /data/user_de/0/com.google.android.gms/app_chimera/m/00000024/dl-MlkitOcrCommon.optional_261332100400.apk has no usable artifacts
05-01 18:15:36.764  3046  3051 I artd    : GetBestInfo: /data/user_de/0/com.google.android.gms/app_chimera/m/00000001/CronetDynamite.apk has no usable artifacts
05-01 18:15:36.764  3046  3051 I artd    : GetBestInfo: /data/user_de/0/com.google.android.gms/app_chimera/m/00000002/DynamiteLoader.apk has no usable artifacts
05-01 18:15:36.765  3046  3051 W artd    : Could not get dex checksums for location /data/app/~~3fBXho8HaymPEUVbuDbDyw==/com.google.android.gms-lP3FhbDqyEae3o3ITSwEOg==/base.apk, fd=-1
05-01 18:15:36.765  3046  3051 W artd    : Could not get dex checksums for location /data/app/~~3fBXho8HaymPEUVbuDbDyw==/com.google.android.gms-lP3FhbDqyEae3o3ITSwEOg==/base.apk, fd=-1
05-01 18:15:36.766  3046  3051 I artd    : GetBestInfo: /data/user_de/0/com.google.android.gms/app_chimera/m/00000005/GoogleCertificates.apk has no usable artifacts
05-01 18:15:36.766  3046  3051 W artd    : Could not get dex checksums for location /data/app/~~3fBXho8HaymPEUVbuDbDyw==/com.google.android.gms-lP3FhbDqyEae3o3ITSwEOg==/base.apk, fd=-1
05-01 18:15:36.767  3046  3051 I artd    : GetBestInfo: /data/user_de/0/com.google.android.gms/app_chimera/m/0000000c/dl-PlayCloudSearch.optional_253434100000.apk has no usable artifacts
05-01 18:15:36.768  3046  3051 W artd    : Could not get dex checksums for location /data/app/~~3fBXho8HaymPEUVbuDbDyw==/com.google.android.gms-lP3FhbDqyEae3o3ITSwEOg==/base.apk, fd=-1
05-01 18:15:36.768  3046  3051 W artd    : Could not get dex checksums for location /data/app/~~3fBXho8HaymPEUVbuDbDyw==/com.google.android.gms-lP3FhbDqyEae3o3ITSwEOg==/base.apk, fd=-1
05-01 18:15:36.768  3046  3051 W artd    : Could not get dex checksums for location /data/app/~~3fBXho8HaymPEUVbuDbDyw==/com.google.android.gms-lP3FhbDqyEae3o3ITSwEOg==/base.apk, fd=-1
05-01 18:15:36.769  3046  3051 I artd    : GetBestInfo: /data/user_de/0/com.google.android.gms/app_chimera/m/00000009/dl-Appsearch.optional_253434100400.apk has no usable artifacts
05-01 18:15:36.770  3046  3051 I artd    : GetBestInfo: /data/user_de/0/com.google.android.gms/app_chimera/m/0000001f/dl-MlkitBarcodeUi.optional_261332100400.apk has no usable artifacts
05-01 18:15:36.772  3046  3051 I artd    : GetBestInfo: vdex next to the dex file (/data/user/0/com.google.android.gms/app_dg_cache/C979021594972B0BA2D39F27BF33D93C4B1302BC/oat/arm64/the.vdex) is kOatUpToDate with filter 'verify' executable 'false'
05-01 18:15:36.772  3046  3051 W artd    : Could not get dex checksums for location /data/app/~~3fBXho8HaymPEUVbuDbDyw==/com.google.android.gms-lP3FhbDqyEae3o3ITSwEOg==/base.apk, fd=-1
05-01 18:15:36.772  3046  3051 W artd    : Could not get dex checksums for location /data/app/~~3fBXho8HaymPEUVbuDbDyw==/com.google.android.gms-lP3FhbDqyEae3o3ITSwEOg==/base.apk, fd=-1
05-01 18:15:36.774  3046  3051 I artd    : GetBestInfo: /data/user_de/0/com.google.android.gms/app_chimera/m/0000001e/dl-VisionOcr.optional_261332100000.apk has no usable artifacts
05-01 18:15:36.774  3046  3051 I artd    : GetBestInfo: /data/user_de/0/com.google.android.gms/app_chimera/m/00000020/dl-PlayCloudSearch.optional_261332100000.apk has no usable artifacts
05-01 18:15:36.776  3046  3051 I artd    : GetBestInfo: vdex next to the dex file (/data/user/0/com.google.android.gms/app_dg_cache/707FFD883BF2A7896692338F9625CA52336E933B/oat/arm64/the.vdex) is kOatUpToDate with filter 'verify' executable 'false'
05-01 18:15:36.776  3046  3051 I artd    : GetBestInfo: /data/user_de/0/com.google.android.gms/app_chimera/m/00000019/dl-TfliteDynamiteDynamite.integ_252130102100400.apk has no usable artifacts
05-01 18:15:36.777  3046  3051 W artd    : Could not get dex checksums for location /data/app/~~3fBXho8HaymPEUVbuDbDyw==/com.google.android.gms-lP3FhbDqyEae3o3ITSwEOg==/base.apk, fd=-1
05-01 18:15:36.777  3046  3051 W artd    : Could not get dex checksums for location /data/app/~~dKAWhbpuAhXMPrgX8_uNaA==/com.android.vending-VlQnPVZ5qb-G_00QsqpjnQ==/base.apk, fd=-1
05-01 18:15:36.778  3046  3051 I artd    : GetBestInfo: /data/user_de/0/com.google.android.gms/app_chimera/m/00000021/dl-Appsearch.optional_261332100400.apk has no usable artifacts
05-01 18:15:36.779  3046  3051 I artd    : GetBestInfo: /data/user_de/0/com.google.android.gms/app_chimera/m/0000000b/dl-MlkitBarcodeUi.optional_253434100400.apk has no usable artifacts
05-01 18:15:37.122  2599  2796 I HalDevMgr: bestIfaceCreationProposal is null, requestIface=STA, existingIface=[name=wlan0 type=STA]
05-01 18:15:37.366  2599  2742 D ActivityManager: freezing 3593 com.google.android.gms
05-01 18:15:37.368  2599  2742 D ActivityManager: freezing 5036 com.google.android.adservices.api
05-01 18:15:37.555  2599  2802 D InetDiagMessage: Destroyed 0 sockets, proto=IPPROTO_TCP, family=AF_INET, states=14
05-01 18:15:37.556  2599  2802 D InetDiagMessage: Destroyed 0 sockets, proto=IPPROTO_TCP, family=AF_INET6, states=14
05-01 18:15:37.556  2599  2802 D InetDiagMessage: Destroyed live tcp sockets for uids={10202} in 0ms
05-01 18:15:40.135  2599  2796 I HalDevMgr: bestIfaceCreationProposal is null, requestIface=STA, existingIface=[name=wlan0 type=STA]
05-01 18:15:40.947  3054  3142 D SatelliteController: iisInCarrierRoamingNbIotNtn: satellite is disabled
05-01 18:15:40.948  2599  3707 W libbinder.IPCThreadState: Sending oneway calls to frozen process.
05-01 18:15:40.948  3054  3142 D SatelliteController: getCarrierRoamingNtnConnectType: Falling back to global carrier config connect type: 0
05-01 18:15:42.603  2599  2682 W libbinder.IPCThreadState: Sending oneway calls to frozen process.
05-01 18:15:42.640  2599  2682 W libbinder.IPCThreadState: Sending oneway calls to frozen process.
05-01 18:15:43.143  2599  2796 I HalDevMgr: bestIfaceCreationProposal is null, requestIface=STA, existingIface=[name=wlan0 type=STA]
05-01 18:15:43.724  2599  2682 W libbinder.IPCThreadState: Sending oneway calls to frozen process.
05-01 18:15:46.158  2599  2796 I HalDevMgr: bestIfaceCreationProposal is null, requestIface=STA, existingIface=[name=wlan0 type=STA]
05-01 18:15:46.339 14273 14273 D AndroidRuntime: >>>>>> START com.android.internal.os.RuntimeInit uid 2000 <<<<<<
05-01 18:15:46.342 14273 14273 I AndroidRuntime: Using default boot image
05-01 18:15:46.342 14273 14273 I AndroidRuntime: Leaving lock profiling enabled
05-01 18:15:46.344 14273 14273 I app_process: Using CollectorTypeCMC GC.
05-01 18:15:46.394 14273 14273 D nativeloader: InitDefaultPublicLibraries for_preload=1: libandroid.so:libaaudio.so:libamidi.so:libbinder_ndk.so:libc.so:libcamera2ndk.so:libdl.so:libEGL.so:libGLESv1_CM.so:libGLESv2.so:libGLESv3.so:libicu.so:libicui18n.so:libicuuc.so:libjnigraphics.so:liblog.so:libmediandk.so:libm.so:libnativehelper.so:libnativewindow.so:libOpenMAXAL.so:libOpenSLES.so:libRS.so:libstdc++.so:libsync.so:libvulkan.so:libwebviewchromium_plat_support.so:libz.so
05-01 18:15:46.399 14273 14273 D nativeloader: Load libicu_jni.so using APEX ns com_android_art for caller /apex/com.android.art/javalib/core-oj.jar: ok
05-01 18:15:46.399 14273 14273 D app_process: u_setTimeZoneFilesDirectory("/apex/com.android.tzdata/etc/tz/versioned/9/icu") succeeded. 
05-01 18:15:46.399 14273 14273 D app_process: I18n APEX ICU file found: /apex/com.android.i18n/etc/icu/icudt76l.dat
05-01 18:15:46.400 14273 14273 D nativeloader: Load libjavacore.so using APEX ns com_android_art for caller /apex/com.android.art/javalib/core-oj.jar: ok
05-01 18:15:46.400 14273 14273 D nativeloader: Load libopenjdk.so using APEX ns com_android_art for caller /apex/com.android.art/javalib/core-oj.jar: ok
05-01 18:15:46.401 14273 14273 I app_process: Priority-to-niceness mapping: 19, 16, 13, 10, 0, -2, -4, -5, -6, -8
05-01 18:15:46.402 14273 14273 W app_process: ClassLoaderContext shared library size mismatch. Expected=2, found=0 (PCL[]{PCL[/system/framework/android.test.base.jar*1947731759]#PCL[/system/framework/android.test.mock.jar*3673435773]} | PCL[])
05-01 18:15:46.402 14273 14273 W app_process: ClassLoaderContext classpath size mismatch. expected=0, found=1 (PCL[]{PCL[/system/framework/android.test.runner.jar*3527284906]{PCL[/system/framework/android.test.base.jar*1947731759]#PCL[/system/framework/android.test.mock.jar*3673435773]}#PCL[/system/framework/android.test.base.jar*1947731759]} | PCL[/system/framework/android.test.runner.jar*3527284906])
05-01 18:15:46.415 14273 14273 D nativeloader: Load libframework-connectivity-tiramisu-jni.so using APEX ns com_android_tethering for caller /apex/com.android.tethering/javalib/framework-connectivity-t.jar: ok
05-01 18:15:46.415 14273 14273 D AndroidRuntime: Calling main entry com.android.commands.uiautomator.Launcher
05-01 18:15:46.417 14273 14273 I AconfigPackage: android.media.swcodec.flags is mapped to com.android.media.swcodec
05-01 18:15:46.417 14273 14273 I AconfigPackage: com.android.permission.flags is mapped to com.android.permission
05-01 18:15:46.417 14273 14273 I AconfigPackage: com.android.permissioncontroller.flags is mapped to com.android.permission
05-01 18:15:46.417 14273 14273 I AconfigPackage: com.android.icu is mapped to com.android.i18n
05-01 18:15:46.418 14273 14273 I AconfigPackage: com.android.appsearch.flags is mapped to com.android.appsearch
05-01 18:15:46.418 14273 14273 I AconfigPackage: android.uprobestats.mainline.flags is mapped to com.android.uprobestats
05-01 18:15:46.418 14273 14273 I AconfigPackage: com.android.crashrecovery.flags is mapped to com.android.crashrecovery
05-01 18:15:46.418 14273 14273 I AconfigPackage: android.provider.flags is mapped to com.android.configinfrastructure
05-01 18:15:46.418 14273 14273 I AconfigPackage: com.android.server.deviceconfig is mapped to com.android.configinfrastructure
05-01 18:15:46.418 14273 14273 I AconfigPackage: com.android.art.flags is mapped to com.android.art
05-01 18:15:46.418 14273 14273 I AconfigPackage: com.android.art.rw.flags is mapped to com.android.art
05-01 18:15:46.418 14273 14273 I AconfigPackage: com.android.libcore is mapped to com.android.art
05-01 18:15:46.418 14273 14273 I AconfigPackage: com.android.telephony.flags is mapped to com.android.telephonycore
05-01 18:15:46.418 14273 14273 I AconfigPackage: com.android.media.extractor.flags is mapped to com.android.media
05-01 18:15:46.418 14273 14273 I AconfigPackage: com.android.media.mainline.flags is mapped to com.android.media
05-01 18:15:46.418 14273 14273 I AconfigPackage: com.android.wifi.flags is mapped to com.android.wifi
05-01 18:15:46.418 14273 14273 I AconfigPackage: com.android.org.conscrypt.flags is mapped to com.android.conscrypt
05-01 18:15:46.418 14273 14273 I AconfigPackage: com.android.org.conscrypt.net.flags is mapped to com.android.conscrypt
05-01 18:15:46.418 14273 14273 I AconfigPackage: com.android.healthfitness.flags is mapped to com.android.healthfitness
05-01 18:15:46.418 14273 14273 I AconfigPackage: com.android.ipsec.flags is mapped to com.android.ipsec
05-01 18:15:46.418 14273 14273 I AconfigPackage: com.android.nfc.module.flags is mapped to com.android.nfcservices
05-01 18:15:46.418 14273 14273 I AconfigPackage: com.android.adservices.ondevicepersonalization.flags is mapped to com.android.ondevicepersonalization
05-01 18:15:46.418 14273 14273 I AconfigPackage: com.android.adbd.flags is mapped to com.android.adbd
05-01 18:15:46.418 14273 14273 I AconfigPackage: com.android.bluetooth.flags is mapped to com.android.bt
05-01 18:15:46.418 14273 14273 I AconfigPackage: com.android.devicelock.flags is mapped to com.android.devicelock
05-01 18:15:46.419 14273 14273 I AconfigPackage: android.os.profiling is mapped to com.android.profiling
05-01 18:15:46.419 14273 14273 I AconfigPackage: android.os.profiling.anomaly.flags is mapped to com.android.profiling
05-01 18:15:46.419 14273 14273 I AconfigPackage: com.android.os.statsd.flags is mapped to com.android.os.statsd
05-01 18:15:46.419 14273 14273 I AconfigPackage: com.android.rkpd.flags is mapped to com.android.rkpd
05-01 18:15:46.419 14273 14273 I AconfigPackage: com.android.cellbroadcastreceiver.flags is mapped to com.android.cellbroadcast
05-01 18:15:46.419 14273 14273 I AconfigPackage: com.android.adservices.flags is mapped to com.android.adservices
05-01 18:15:46.419 14273 14273 I AconfigPackage: com.android.sdksandbox.flags is mapped to com.android.adservices
05-01 18:15:46.419 14273 14273 I AconfigPackage: com.android.uwb.flags is mapped to com.android.uwb
05-01 18:15:46.419 14273 14273 I AconfigPackage: com.android.ranging.flags is mapped to com.android.uwb
05-01 18:15:46.419 14273 14273 I AconfigPackage: android.graphics.pdf.flags is mapped to com.android.mediaprovider
05-01 18:15:46.419 14273 14273 I AconfigPackage: com.android.providers.media.flags is mapped to com.android.mediaprovider
05-01 18:15:46.419 14273 14273 I AconfigPackage: android.graphics.pdf.flags.readonly is mapped to com.android.mediaprovider
05-01 18:15:46.419 14273 14273 I AconfigPackage: com.android.tethering.mainline.beta is mapped to com.android.tethering
05-01 18:15:46.419 14273 14273 I AconfigPackage: android.net.http is mapped to com.android.tethering
05-01 18:15:46.419 14273 14273 I AconfigPackage: com.android.tethering.readonly.flags is mapped to com.android.tethering
05-01 18:15:46.419 14273 14273 I AconfigPackage: android.net.vcn is mapped to com.android.tethering
05-01 18:15:46.419 14273 14273 I AconfigPackage: com.android.net.flags is mapped to com.android.tethering
05-01 18:15:46.419 14273 14273 I AconfigPackage: com.android.tethering.beta.test is mapped to com.android.tethering
05-01 18:15:46.419 14273 14273 I AconfigPackage: com.android.nearby.flags is mapped to com.android.tethering
05-01 18:15:46.419 14273 14273 I AconfigPackage: com.android.net.ct.flags is mapped to com.android.tethering
05-01 18:15:46.419 14273 14273 I AconfigPackage: com.android.net.thread.flags is mapped to com.android.tethering
05-01 18:15:46.419 14273 14273 I AconfigPackage: com.android.system.virtualmachine.flags is mapped to com.android.virt
05-01 18:15:46.419 14273 14273 E FeatureFlagsImplExport: android.os.flagging.AconfigStorageReadException: ERROR_PACKAGE_NOT_FOUND: package android.xr cannot be found on the device
05-01 18:15:46.420 14273 14273 D UiAutomationConnection: Created on user UserHandle{0}
05-01 18:15:46.421 14273 14273 I UiAutomation: Initialized for user 0 on display 0
05-01 18:15:46.421 14273 14273 W UiAutomation: Created with deprecatead constructor, assumes DEFAULT_DISPLAY
05-01 18:15:46.421  2599  3707 D AccessibilityManagerService: changeCurrentUserForTestAutomationIfNeededLocked(0): ignoring because device doesn't support visible background users
05-01 18:15:46.421  2599  3707 I UiAutomationManager: Registering UiTestAutomationService (id=com.android.server.accessibility/UiAutomation, flags=0x0) when called by user 0
05-01 18:15:46.422  2599  3707 V AccessibilityManagerService: onUserStateChangedLocked for userId: 0, forceUpdate: false
05-01 18:15:46.422  2599  3707 V AccessibilityUserState: updateShortcutTargets: type:accessibility_shortcut_target_service, current:{}, new:{}
05-01 18:15:46.422  2599  3707 V AccessibilityUserState: updateShortcutTargets: type:accessibility_button_targets, current:{}, new:{}
05-01 18:15:46.422  2599  3707 V AccessibilityUserState: updateShortcutTargets: type:accessibility_gesture_targets, current:{}, new:{}
05-01 18:15:46.422  2599  3707 V AccessibilityUserState: updateShortcutTargets: type:accessibility_qs_targets, current:{}, new:{}
05-01 18:15:46.422  2599  3707 V AccessibilityUserState: updateShortcutTargets: type:accessibility_key_gesture_targets, current:{}, new:{}
05-01 18:15:46.422  2599  3707 W MagnificationConnectionManager: requestConnection duplicated request: connect=false, mConnectionState=DISCONNECTED
05-01 18:15:46.423  3482  3518 I AiAiEcho: Settings changed for uri: content://settings/secure/accessibility_enabled
05-01 18:15:46.424  2599  2599 W libbinder.IPCThreadState: Sending oneway calls to frozen process.
05-01 18:15:46.424  2599  2599 W libbinder.IPCThreadState: Sending oneway calls to frozen process.
05-01 18:15:46.424  2599  2599 W libbinder.IPCThreadState: Sending oneway calls to frozen process.
05-01 18:15:46.424  2599  2599 W libbinder.IPCThreadState: Sending oneway calls to frozen process.
05-01 18:15:46.424  3482  3713 I AiAiEcho: Predicting[0]:  [CONTEXT sampling_count=5 ]
05-01 18:15:46.424  2599  2599 W libbinder.IPCThreadState: Sending oneway calls to frozen process.
05-01 18:15:46.424  2599  2599 W libbinder.IPCThreadState: Sending oneway calls to frozen process.
05-01 18:15:46.424  2599  2599 W libbinder.IPCThreadState: Sending oneway calls to frozen process.
05-01 18:15:46.424  2599  2599 W libbinder.IPCThreadState: Sending oneway calls to frozen process.
05-01 18:15:46.424  2599  2599 W libbinder.IPCThreadState: Sending oneway calls to frozen process.
05-01 18:15:46.424  2599  2599 W libbinder.IPCThreadState: Sending oneway calls to frozen process.
05-01 18:15:46.424  3482  3713 I AiAiEcho: EchoTargets: 
05-01 18:15:46.424  3482  3713 I AiAiEcho: Filtered by AiAi flag check: 
05-01 18:15:46.424  3482  3713 I AiAiEcho: [CONTEXT ratelimit_period="10 SECONDS" ]
05-01 18:15:46.424  2599  2599 W libbinder.IPCThreadState: Sending oneway calls to frozen process.
05-01 18:15:46.424  2599  2599 W libbinder.IPCThreadState: Sending oneway calls to frozen process.
05-01 18:15:46.424  2599  2599 D BatterySaverPolicy: accessibility changed to true, updating policy.
05-01 18:15:46.424  3482  3713 I AiAiEcho: #remoteViewsTwiddler: feature disabled.
05-01 18:15:46.425  3482  3713 I AiAiEcho: Predicting[0]:  [CONTEXT sampling_count=5 ]
05-01 18:15:46.425  3482  3713 I AiAiEcho: EchoTargets: 
05-01 18:15:46.425  3482  3713 I AiAiEcho: Filtered by AiAi flag check: 
05-01 18:15:46.425  3482  3713 I AiAiEcho: [CONTEXT ratelimit_period="10 SECONDS" ]
05-01 18:15:46.425  3482  3713 I AiAiEcho: #remoteViewsTwiddler: feature disabled.
05-01 18:15:46.426  2599  2613 V AccessibilityManagerService: onUserStateChangedLocked for userId: 0, forceUpdate: false
05-01 18:15:46.426  3482  3713 I AiAiEcho: Predicting[0]:  [CONTEXT sampling_count=5 ]
05-01 18:15:46.426  3482  3713 I AiAiEcho: EchoTargets: 
05-01 18:15:46.426  3482  3713 I AiAiEcho: Filtered by AiAi flag check: 
05-01 18:15:46.426  3482  3713 I AiAiEcho: [CONTEXT ratelimit_period="10 SECONDS" ]
05-01 18:15:46.426  3482  3713 I AiAiEcho: #remoteViewsTwiddler: feature disabled.
05-01 18:15:46.427  3482  3713 I AiAiEcho: #postPredictionTargets: Sending updates to UISurface ambientcue with targets# 0 (types=[])
05-01 18:15:46.427  3482  3713 I AiAiEcho: #postPredictionTargets: Sending updates to UISurface home with targets# 0 (types=[])
05-01 18:15:46.427  2896  3022 I AmbientCueRepository: Receiving SmartSpace targets # 0
05-01 18:15:46.427  2599  2613 V AccessibilityUserState: updateShortcutTargets: type:accessibility_shortcut_target_service, current:{}, new:{}
05-01 18:15:46.427  2599  2613 V AccessibilityUserState: updateShortcutTargets: type:accessibility_button_targets, current:{}, new:{}
05-01 18:15:46.427  2599  2613 V AccessibilityUserState: updateShortcutTargets: type:accessibility_gesture_targets, current:{}, new:{}
05-01 18:15:46.427  2599  2613 V AccessibilityUserState: updateShortcutTargets: type:accessibility_qs_targets, current:{}, new:{}
05-01 18:15:46.427  2599  2613 V AccessibilityUserState: updateShortcutTargets: type:accessibility_key_gesture_targets, current:{}, new:{}
05-01 18:15:46.427  2599  2613 W MagnificationConnectionManager: requestConnection duplicated request: connect=false, mConnectionState=DISCONNECTED
05-01 18:15:46.427  3482  3713 I AiAiEcho: #postPredictionTargets: Sending updates to UISurface lockscreen with targets# 0 (types=[])
05-01 18:15:46.428  3482  3518 I AiAiEcho: Settings changed for uri: content://settings/secure/accessibility_enabled
05-01 18:15:46.428  3482  3713 I AiAiEcho: Predicting[0]:  [CONTEXT sampling_count=5 ]
05-01 18:15:46.428  3482  3713 I AiAiEcho: EchoTargets: 
05-01 18:15:46.428  3482  3713 I AiAiEcho: Filtered by AiAi flag check: 
05-01 18:15:46.428  3482  3713 I AiAiEcho: [CONTEXT ratelimit_period="10 SECONDS" ]
05-01 18:15:46.428  3482  3713 I AiAiEcho: #remoteViewsTwiddler: feature disabled.
05-01 18:15:46.428  3482  3713 I AiAiEcho: Predicting[0]:  [CONTEXT sampling_count=5 ]
05-01 18:15:46.428  3482  3713 I AiAiEcho: EchoTargets: 
05-01 18:15:46.428  3482  3713 I AiAiEcho: Filtered by AiAi flag check: 
05-01 18:15:46.428  3482  3713 I AiAiEcho: [CONTEXT ratelimit_period="10 SECONDS" ]
05-01 18:15:46.428  2599  2599 W libbinder.IPCThreadState: Sending oneway calls to frozen process.
05-01 18:15:46.428  3482  3713 I AiAiEcho: #remoteViewsTwiddler: feature disabled.
05-01 18:15:46.428  3482  3713 I AiAiEcho: Predicting[0]:  [CONTEXT sampling_count=5 ]
05-01 18:15:46.428  3482  3713 I AiAiEcho: EchoTargets: 
05-01 18:15:46.428  3482  3713 I AiAiEcho: Filtered by AiAi flag check: 
05-01 18:15:46.428  3482  3713 I AiAiEcho: [CONTEXT ratelimit_period="10 SECONDS" ]
05-01 18:15:46.428  3482  3713 I AiAiEcho: #remoteViewsTwiddler: feature disabled.
05-01 18:15:46.429  2599  2599 W libbinder.IPCThreadState: Sending oneway calls to frozen process.
05-01 18:15:46.429  2599  2599 W libbinder.IPCThreadState: Sending oneway calls to frozen process.
05-01 18:15:46.429  2599  2599 W libbinder.IPCThreadState: Sending oneway calls to frozen process.
05-01 18:15:46.429  3482  3713 I AiAiEcho: #postPredictionTargets: Sending updates to UISurface ambientcue with targets# 0 (types=[])
05-01 18:15:46.429  2599  2599 W libbinder.IPCThreadState: Sending oneway calls to frozen process.
05-01 18:15:46.429  2599  2599 W libbinder.IPCThreadState: Sending oneway calls to frozen process.
05-01 18:15:46.429  2599  2599 W libbinder.IPCThreadState: Sending oneway calls to frozen process.
05-01 18:15:46.429  2599  2599 W libbinder.IPCThreadState: Sending oneway calls to frozen process.
05-01 18:15:46.429  3482  3713 I AiAiEcho: #postPredictionTargets: Sending updates to UISurface home with targets# 0 (types=[])
05-01 18:15:46.430  3482  3713 I AiAiEcho: #postPredictionTargets: Sending updates to UISurface lockscreen with targets# 0 (types=[])
05-01 18:15:46.430  2896  3022 I AmbientCueRepository: Receiving SmartSpace targets # 0
05-01 18:15:46.431  2896  2896 W SsPagerDots: Total number of pages invalid: 0. Assuming 1 page.
05-01 18:15:46.432  2599  3144 D AccessibilityManagerService: .getAccessibilityShortcutTargets {shortcutType=32, userId=0}
05-01 18:15:46.432  2896  2896 W SsPagerDots: Total number of pages invalid: 0. Assuming 1 page.
05-01 18:15:46.707 14285 14285 W libbinder.BackendUnifiedServiceManager: Thread Pool max thread count is 0. Cannot cache binder as linkToDeath cannot be implemented. serviceName: package
05-01 18:15:46.740  3046  3051 I artd    : GetBestInfo: odex next to the dex file (/data/app/~~9zdI27-KZDEvVC_7GO9BLQ==/com.google.android.gms-zDijJikcKxb1i4ibdVh7KA==/oat/arm64/base.odex) is kOatUpToDate with filter 'speed-profile' executable 'false'
05-01 18:15:46.741  3046  3051 I artd    : GetBestInfo: odex next to the dex file (/data/app/~~9zdI27-KZDEvVC_7GO9BLQ==/com.google.android.gms-zDijJikcKxb1i4ibdVh7KA==/oat/arm64/split_AdsDynamite_installtime.odex) is kOatUpToDate with filter 'speed' executable 'false'
05-01 18:15:46.742  3046  3051 I artd    : GetBestInfo: odex next to the dex file (/data/app/~~9zdI27-KZDEvVC_7GO9BLQ==/com.google.android.gms-zDijJikcKxb1i4ibdVh7KA==/oat/arm64/split_CronetDynamite_installtime.odex) is kOatUpToDate with filter 'speed' executable 'false'
05-01 18:15:46.743  3046  3051 I artd    : GetBestInfo: odex next to the dex file (/data/app/~~9zdI27-KZDEvVC_7GO9BLQ==/com.google.android.gms-zDijJikcKxb1i4ibdVh7KA==/oat/arm64/split_DynamiteLoader_installtime.odex) is kOatUpToDate with filter 'speed' executable 'false'
05-01 18:15:46.744  3046  3051 I artd    : GetBestInfo: odex next to the dex file (/data/app/~~9zdI27-KZDEvVC_7GO9BLQ==/com.google.android.gms-zDijJikcKxb1i4ibdVh7KA==/oat/arm64/split_DynamiteModulesA_installtime.odex) is kOatUpToDate with filter 'speed' executable 'false'
05-01 18:15:46.745  3046  3051 I artd    : GetBestInfo: odex next to the dex file (/data/app/~~9zdI27-KZDEvVC_7GO9BLQ==/com.google.android.gms-zDijJikcKxb1i4ibdVh7KA==/oat/arm64/split_DynamiteModulesC_installtime.odex) is kOatUpToDate with filter 'speed' executable 'false'
05-01 18:15:46.746  3046  3051 I artd    : GetBestInfo: odex next to the dex file (/data/app/~~9zdI27-KZDEvVC_7GO9BLQ==/com.google.android.gms-zDijJikcKxb1i4ibdVh7KA==/oat/arm64/split_GoogleCertificates_installtime.odex) is kOatUpToDate with filter 'speed' executable 'false'
05-01 18:15:46.747  3046  3051 I artd    : GetBestInfo: odex next to the dex file (/data/app/~~9zdI27-KZDEvVC_7GO9BLQ==/com.google.android.gms-zDijJikcKxb1i4ibdVh7KA==/oat/arm64/split_MapsDynamite_installtime.odex) is kOatUpToDate with filter 'speed' executable 'false'
05-01 18:15:46.748  3046  3051 I artd    : GetBestInfo: odex next to the dex file (/data/app/~~9zdI27-KZDEvVC_7GO9BLQ==/com.google.android.gms-zDijJikcKxb1i4ibdVh7KA==/oat/arm64/split_MeasurementDynamite_installtime.odex) is kOatUpToDate with filter 'speed' executable 'false'
05-01 18:15:46.749  3046  3051 I artd    : GetBestInfo: /data/user_de/0/com.google.android.gms/app_chimera/m/00000024/dl-MlkitOcrCommon.optional_261332100400.apk has no usable artifacts
05-01 18:15:46.749  3046  3051 I artd    : GetBestInfo: /data/user_de/0/com.google.android.gms/app_chimera/m/00000001/CronetDynamite.apk has no usable artifacts
05-01 18:15:46.750  3046  3051 I artd    : GetBestInfo: /data/user_de/0/com.google.android.gms/app_chimera/m/00000002/DynamiteLoader.apk has no usable artifacts
05-01 18:15:46.750  3046  3051 W artd    : Could not get dex checksums for location /data/app/~~3fBXho8HaymPEUVbuDbDyw==/com.google.android.gms-lP3FhbDqyEae3o3ITSwEOg==/base.apk, fd=-1
05-01 18:15:46.750  3046  3051 W artd    : Could not get dex checksums for location /data/app/~~3fBXho8HaymPEUVbuDbDyw==/com.google.android.gms-lP3FhbDqyEae3o3ITSwEOg==/base.apk, fd=-1
05-01 18:15:46.751  3046  3051 I artd    : GetBestInfo: /data/user_de/0/com.google.android.gms/app_chimera/m/00000005/GoogleCertificates.apk has no usable artifacts
05-01 18:15:46.751  3046  3051 W artd    : Could not get dex checksums for location /data/app/~~3fBXho8HaymPEUVbuDbDyw==/com.google.android.gms-lP3FhbDqyEae3o3ITSwEOg==/base.apk, fd=-1
05-01 18:15:46.752  3046  3051 I artd    : GetBestInfo: /data/user_de/0/com.google.android.gms/app_chimera/m/0000000c/dl-PlayCloudSearch.optional_253434100000.apk has no usable artifacts
05-01 18:15:46.752  3046  3051 W artd    : Could not get dex checksums for location /data/app/~~3fBXho8HaymPEUVbuDbDyw==/com.google.android.gms-lP3FhbDqyEae3o3ITSwEOg==/base.apk, fd=-1
05-01 18:15:46.753  3046  3051 W artd    : Could not get dex checksums for location /data/app/~~3fBXho8HaymPEUVbuDbDyw==/com.google.android.gms-lP3FhbDqyEae3o3ITSwEOg==/base.apk, fd=-1
05-01 18:15:46.753  3046  3051 W artd    : Could not get dex checksums for location /data/app/~~3fBXho8HaymPEUVbuDbDyw==/com.google.android.gms-lP3FhbDqyEae3o3ITSwEOg==/base.apk, fd=-1
05-01 18:15:46.754  3046  3051 I artd    : GetBestInfo: /data/user_de/0/com.google.android.gms/app_chimera/m/00000009/dl-Appsearch.optional_253434100400.apk has no usable artifacts
05-01 18:15:46.755  3046  3051 I artd    : GetBestInfo: /data/user_de/0/com.google.android.gms/app_chimera/m/0000001f/dl-MlkitBarcodeUi.optional_261332100400.apk has no usable artifacts
05-01 18:15:46.756  3046  3051 I artd    : GetBestInfo: vdex next to the dex file (/data/user/0/com.google.android.gms/app_dg_cache/C979021594972B0BA2D39F27BF33D93C4B1302BC/oat/arm64/the.vdex) is kOatUpToDate with filter 'verify' executable 'false'
05-01 18:15:46.757  3046  3051 W artd    : Could not get dex checksums for location /data/app/~~3fBXho8HaymPEUVbuDbDyw==/com.google.android.gms-lP3FhbDqyEae3o3ITSwEOg==/base.apk, fd=-1
05-01 18:15:46.757  3046  3051 W artd    : Could not get dex checksums for location /data/app/~~3fBXho8HaymPEUVbuDbDyw==/com.google.android.gms-lP3FhbDqyEae3o3ITSwEOg==/base.apk, fd=-1
05-01 18:15:46.758  3046  3051 I artd    : GetBestInfo: /data/user_de/0/com.google.android.gms/app_chimera/m/0000001e/dl-VisionOcr.optional_261332100000.apk has no usable artifacts
05-01 18:15:46.759  3046  3051 I artd    : GetBestInfo: /data/user_de/0/com.google.android.gms/app_chimera/m/00000020/dl-PlayCloudSearch.optional_261332100000.apk has no usable artifacts
05-01 18:15:46.760  3046  3051 I artd    : GetBestInfo: vdex next to the dex file (/data/user/0/com.google.android.gms/app_dg_cache/707FFD883BF2A7896692338F9625CA52336E933B/oat/arm64/the.vdex) is kOatUpToDate with filter 'verify' executable 'false'
05-01 18:15:46.761  3046  3051 I artd    : GetBestInfo: /data/user_de/0/com.google.android.gms/app_chimera/m/00000019/dl-TfliteDynamiteDynamite.integ_252130102100400.apk has no usable artifacts
05-01 18:15:46.761  3046  3051 W artd    : Could not get dex checksums for location /data/app/~~3fBXho8HaymPEUVbuDbDyw==/com.google.android.gms-lP3FhbDqyEae3o3ITSwEOg==/base.apk, fd=-1
05-01 18:15:46.762  3046  3051 W artd    : Could not get dex checksums for location /data/app/~~dKAWhbpuAhXMPrgX8_uNaA==/com.android.vending-VlQnPVZ5qb-G_00QsqpjnQ==/base.apk, fd=-1
