05-01 18:52:48.756  3046  3051 W artd    : Could not get dex checksums for location /data/app/~~3fBXho8HaymPEUVbuDbDyw==/com.google.android.gms-lP3FhbDqyEae3o3ITSwEOg==/base.apk, fd=-1
05-01 18:52:48.765  3046  3046 W artd    : Could not get dex checksums for location /data/app/~~3fBXho8HaymPEUVbuDbDyw==/com.google.android.gms-lP3FhbDqyEae3o3ITSwEOg==/base.apk, fd=-1
05-01 18:52:48.766  3046  3051 W artd    : Could not get dex checksums for location /data/app/~~3fBXho8HaymPEUVbuDbDyw==/com.google.android.gms-lP3FhbDqyEae3o3ITSwEOg==/base.apk, fd=-1
05-01 18:52:48.777  3046  3046 I artd    : GetBestInfo: /data/user_de/0/com.google.android.gms/app_chimera/m/00000009/dl-Appsearch.optional_253434100400.apk has no usable artifacts
05-01 18:52:48.780  3046  3051 I artd    : GetBestInfo: /data/user_de/0/com.google.android.gms/app_chimera/m/0000001f/dl-MlkitBarcodeUi.optional_261332100400.apk has no usable artifacts
05-01 18:52:48.781   521 17806 E EmulatedRequestProcessor: ApplyOverrideZoom: awbRegions needs to be specified for overriding zoom
05-01 18:52:48.807  3046  3046 I artd    : GetBestInfo: vdex next to the dex file (/data/user/0/com.google.android.gms/app_dg_cache/C979021594972B0BA2D39F27BF33D93C4B1302BC/oat/arm64/the.vdex) is kOatUpToDate with filter 'verify' executable 'false'
05-01 18:52:48.810  3046  3046 W artd    : Could not get dex checksums for location /data/app/~~3fBXho8HaymPEUVbuDbDyw==/com.google.android.gms-lP3FhbDqyEae3o3ITSwEOg==/base.apk, fd=-1
05-01 18:52:48.811  3046  3046 W artd    : Could not get dex checksums for location /data/app/~~3fBXho8HaymPEUVbuDbDyw==/com.google.android.gms-lP3FhbDqyEae3o3ITSwEOg==/base.apk, fd=-1
05-01 18:52:48.816  3046  3046 I artd    : GetBestInfo: /data/user_de/0/com.google.android.gms/app_chimera/m/0000001e/dl-VisionOcr.optional_261332100000.apk has no usable artifacts
05-01 18:52:48.822  3046  3051 I artd    : GetBestInfo: /data/user_de/0/com.google.android.gms/app_chimera/m/00000020/dl-PlayCloudSearch.optional_261332100000.apk has no usable artifacts
05-01 18:52:48.827   521 17806 E EmulatedRequestProcessor: ApplyOverrideZoom: awbRegions needs to be specified for overriding zoom
05-01 18:52:48.828  3046  3051 I artd    : GetBestInfo: vdex next to the dex file (/data/user/0/com.google.android.gms/app_dg_cache/707FFD883BF2A7896692338F9625CA52336E933B/oat/arm64/the.vdex) is kOatUpToDate with filter 'verify' executable 'false'
05-01 18:52:48.842  3046  3051 I artd    : GetBestInfo: /data/user_de/0/com.google.android.gms/app_chimera/m/00000019/dl-TfliteDynamiteDynamite.integ_252130102100400.apk has no usable artifacts
05-01 18:52:48.859  3046  3046 W artd    : Could not get dex checksums for location /data/app/~~3fBXho8HaymPEUVbuDbDyw==/com.google.android.gms-lP3FhbDqyEae3o3ITSwEOg==/base.apk, fd=-1
05-01 18:52:48.863  3046  3046 W artd    : Could not get dex checksums for location /data/app/~~dKAWhbpuAhXMPrgX8_uNaA==/com.android.vending-VlQnPVZ5qb-G_00QsqpjnQ==/base.apk, fd=-1
05-01 18:52:48.865  3046  3046 I artd    : GetBestInfo: /data/user_de/0/com.google.android.gms/app_chimera/m/00000021/dl-Appsearch.optional_261332100400.apk has no usable artifacts
05-01 18:52:48.867  3046  3046 I artd    : GetBestInfo: /data/user_de/0/com.google.android.gms/app_chimera/m/0000000b/dl-MlkitBarcodeUi.optional_253434100400.apk has no usable artifacts
05-01 18:52:48.879   521 17806 E EmulatedRequestProcessor: ApplyOverrideZoom: awbRegions needs to be specified for overriding zoom
05-01 18:52:48.889  2599  2971 W libbinder.Binder: Binder transaction to android.content.pm.IPackageManager code 1598311760 took 1057ms. Data bytes: 80 Reply bytes: 4 Flags: 16
05-01 18:52:48.947   521 17806 E EmulatedRequestProcessor: ApplyOverrideZoom: awbRegions needs to be specified for overriding zoom
05-01 18:52:48.974   521 17806 E EmulatedRequestProcessor: ApplyOverrideZoom: awbRegions needs to be specified for overriding zoom
05-01 18:52:49.012   521 17806 E EmulatedRequestProcessor: ApplyOverrideZoom: awbRegions needs to be specified for overriding zoom
05-01 18:52:49.071   521 17806 E EmulatedRequestProcessor: ApplyOverrideZoom: awbRegions needs to be specified for overriding zoom
05-01 18:52:49.114   521 17806 E EmulatedRequestProcessor: ApplyOverrideZoom: awbRegions needs to be specified for overriding zoom
05-01 18:52:49.144   521 17806 E EmulatedRequestProcessor: ApplyOverrideZoom: awbRegions needs to be specified for overriding zoom
05-01 18:52:49.182   521 17806 E EmulatedRequestProcessor: ApplyOverrideZoom: awbRegions needs to be specified for overriding zoom
05-01 18:52:49.217   521 17806 E EmulatedRequestProcessor: ApplyOverrideZoom: awbRegions needs to be specified for overriding zoom
05-01 18:52:49.311   521 17806 E EmulatedRequestProcessor: ApplyOverrideZoom: awbRegions needs to be specified for overriding zoom
05-01 18:52:49.384   521 17806 E EmulatedRequestProcessor: ApplyOverrideZoom: awbRegions needs to be specified for overriding zoom
05-01 18:52:49.430   521 17806 E EmulatedRequestProcessor: ApplyOverrideZoom: awbRegions needs to be specified for overriding zoom
05-01 18:52:49.503   521 17806 E EmulatedRequestProcessor: ApplyOverrideZoom: awbRegions needs to be specified for overriding zoom
05-01 18:52:49.550   521 17806 E EmulatedRequestProcessor: ApplyOverrideZoom: awbRegions needs to be specified for overriding zoom
05-01 18:52:49.562   521 17814 W GCH_PendingRequestsTracker: WaitAndTrackAcquiredBuffers: Waiting to acquire buffer timed out.
05-01 18:52:49.562   521 17814 W GCH_CameraDeviceSession: RequestStreamBuffers: Waiting until available buffer failed: Connection timed out(-110)
05-01 18:52:49.562   521 17814 W StreamBufferCacheManager: Refill: Failed to acquire buffer for stream 1, error 1
05-01 18:52:49.562   521 17814 I StreamBufferCacheManager: Refill: No buffer available or max buffer exceeded for stream 1. Will retry for next request or when refilling other streams.
05-01 18:52:49.585   521 17806 E EmulatedRequestProcessor: ApplyOverrideZoom: awbRegions needs to be specified for overriding zoom
05-01 18:52:49.619   521 17806 E EmulatedRequestProcessor: ApplyOverrideZoom: awbRegions needs to be specified for overriding zoom
05-01 18:52:49.716   521 17806 E EmulatedRequestProcessor: ApplyOverrideZoom: awbRegions needs to be specified for overriding zoom
05-01 18:52:49.752  2599  2796 I HalDevMgr: bestIfaceCreationProposal is null, requestIface=STA, existingIface=[name=wlan0 type=STA]
05-01 18:52:49.821   521 17806 E EmulatedRequestProcessor: ApplyOverrideZoom: awbRegions needs to be specified for overriding zoom
05-01 18:52:49.901   521 17806 E EmulatedRequestProcessor: ApplyOverrideZoom: awbRegions needs to be specified for overriding zoom
05-01 18:52:49.956   521 17806 E EmulatedRequestProcessor: ApplyOverrideZoom: awbRegions needs to be specified for overriding zoom
05-01 18:52:50.089   521 17806 E EmulatedRequestProcessor: ApplyOverrideZoom: awbRegions needs to be specified for overriding zoom
05-01 18:52:50.480   521 17806 E EmulatedRequestProcessor: ApplyOverrideZoom: awbRegions needs to be specified for overriding zoom
05-01 18:52:50.509   521 17806 E EmulatedRequestProcessor: ApplyOverrideZoom: awbRegions needs to be specified for overriding zoom
05-01 18:52:50.542  2896  2896 I Choreographer: Skipped 35 frames!  The application may be doing too much work on its main thread.
05-01 18:52:50.567   521 17814 W GCH_PendingRequestsTracker: WaitAndTrackAcquiredBuffers: Waiting to acquire buffer timed out.
05-01 18:52:50.568   521 17814 W GCH_CameraDeviceSession: RequestStreamBuffers: Waiting until available buffer failed: Connection timed out(-110)
05-01 18:52:50.568   521 17814 W StreamBufferCacheManager: Refill: Failed to acquire buffer for stream 1, error 1
05-01 18:52:50.568   521 17814 I StreamBufferCacheManager: Refill: No buffer available or max buffer exceeded for stream 1. Will retry for next request or when refilling other streams.
05-01 18:52:50.738   521 17806 E EmulatedRequestProcessor: ApplyOverrideZoom: awbRegions needs to be specified for overriding zoom
05-01 18:52:50.969  2896  3199 I Choreographer: Skipped 55 frames!  The application may be doing too much work on its main thread.
05-01 18:52:50.990   521 17806 E EmulatedRequestProcessor: ApplyOverrideZoom: awbRegions needs to be specified for overriding zoom
05-01 18:52:51.006  2896  3582 I HWUI    : Davey! duration=900ms; Flags=1, FrameTimelineVsyncId=238509, IntendedVsync=8352454754731, Vsync=8352471421396, InputEventId=0, HandleInputStart=8352480907731, AnimationStart=8352480908398, PerformTraversalsStart=8352630524564, DrawStart=8353261815481, FrameDeadline=8352471421397, FrameStartTime=8352480903981, FrameInterval=16666665, WorkloadTarget=16666666, SyncQueued=8353262230940, SyncStart=8353387979731, IssueDrawCommandsStart=8353415361023, SwapBuffers=8353441292898, FrameCompleted=8353480750148, DequeueBufferDuration=7500, QueueBufferDuration=604458, GpuCompleted=8353480750148, SwapBuffersCompleted=8353453712565, DisplayPresentTime=0, CommandSubmissionCompleted=8353441292898, 
05-01 18:52:51.013  2896  3582 I HWUI    : Davey! duration=998ms; Flags=0, FrameTimelineVsyncId=238502, IntendedVsync=8352454754731, Vsync=8353038088006, InputEventId=0, HandleInputStart=8353073744815, AnimationStart=8353073749065, PerformTraversalsStart=8353086952190, DrawStart=8353423418273, FrameDeadline=8353138096865, FrameStartTime=8353040965856, FrameInterval=16666665, WorkloadTarget=16666666, SyncQueued=8353437314481, SyncStart=8353465330940, IssueDrawCommandsStart=8353465441481, SwapBuffers=8353475003440, FrameCompleted=8353481050815, DequeueBufferDuration=4042, QueueBufferDuration=354458, GpuCompleted=8353481050815, SwapBuffersCompleted=8353479959440, DisplayPresentTime=0, CommandSubmissionCompleted=8353475003440, 
05-01 18:52:51.045   521 17806 E EmulatedRequestProcessor: ApplyOverrideZoom: awbRegions needs to be specified for overriding zoom
05-01 18:52:51.075   521 17806 E EmulatedRequestProcessor: ApplyOverrideZoom: awbRegions needs to be specified for overriding zoom
05-01 18:52:51.115   521 17806 E EmulatedRequestProcessor: ApplyOverrideZoom: awbRegions needs to be specified for overriding zoom
05-01 18:52:51.149   521 17806 E EmulatedRequestProcessor: ApplyOverrideZoom: awbRegions needs to be specified for overriding zoom
05-01 18:52:51.186   521 17806 E EmulatedRequestProcessor: ApplyOverrideZoom: awbRegions needs to be specified for overriding zoom
05-01 18:52:51.218   521 17806 E EmulatedRequestProcessor: ApplyOverrideZoom: awbRegions needs to be specified for overriding zoom
05-01 18:52:51.272   521 17806 E EmulatedRequestProcessor: ApplyOverrideZoom: awbRegions needs to be specified for overriding zoom
05-01 18:52:51.368   521 17806 E EmulatedRequestProcessor: ApplyOverrideZoom: awbRegions needs to be specified for overriding zoom
05-01 18:52:51.402   521 17806 E EmulatedRequestProcessor: ApplyOverrideZoom: awbRegions needs to be specified for overriding zoom
05-01 18:52:51.412   521 17806 E EmulatedRequestProcessor: ApplyOverrideZoom: awbRegions needs to be specified for overriding zoom
05-01 18:52:51.445   521 17806 E EmulatedRequestProcessor: ApplyOverrideZoom: awbRegions needs to be specified for overriding zoom
05-01 18:52:51.479   521 17806 E EmulatedRequestProcessor: ApplyOverrideZoom: awbRegions needs to be specified for overriding zoom
05-01 18:52:51.514   521 17806 E EmulatedRequestProcessor: ApplyOverrideZoom: awbRegions needs to be specified for overriding zoom
05-01 18:52:51.570   521 17806 E EmulatedRequestProcessor: ApplyOverrideZoom: awbRegions needs to be specified for overriding zoom
05-01 18:52:51.616   521 17806 E EmulatedRequestProcessor: ApplyOverrideZoom: awbRegions needs to be specified for overriding zoom
05-01 18:52:51.650   521 17806 E EmulatedRequestProcessor: ApplyOverrideZoom: awbRegions needs to be specified for overriding zoom
05-01 18:52:51.694   521 17806 E EmulatedRequestProcessor: ApplyOverrideZoom: awbRegions needs to be specified for overriding zoom
05-01 18:52:51.725   521 17806 E EmulatedRequestProcessor: ApplyOverrideZoom: awbRegions needs to be specified for overriding zoom
05-01 18:52:51.760   521 17806 E EmulatedRequestProcessor: ApplyOverrideZoom: awbRegions needs to be specified for overriding zoom
05-01 18:52:51.795   521 17806 E EmulatedRequestProcessor: ApplyOverrideZoom: awbRegions needs to be specified for overriding zoom
05-01 18:52:51.864   521 17806 E EmulatedRequestProcessor: ApplyOverrideZoom: awbRegions needs to be specified for overriding zoom
05-01 18:52:51.889   521 17806 E EmulatedRequestProcessor: ApplyOverrideZoom: awbRegions needs to be specified for overriding zoom
05-01 18:52:51.929   521 17806 E EmulatedRequestProcessor: ApplyOverrideZoom: awbRegions needs to be specified for overriding zoom
05-01 18:52:52.007   521 17806 E EmulatedRequestProcessor: ApplyOverrideZoom: awbRegions needs to be specified for overriding zoom
05-01 18:52:52.069   521 17806 E EmulatedRequestProcessor: ApplyOverrideZoom: awbRegions needs to be specified for overriding zoom
05-01 18:52:52.135   521 17806 E EmulatedRequestProcessor: ApplyOverrideZoom: awbRegions needs to be specified for overriding zoom
05-01 18:52:52.153   521 17806 E EmulatedRequestProcessor: ApplyOverrideZoom: awbRegions needs to be specified for overriding zoom
05-01 18:52:52.185   521 17806 E EmulatedRequestProcessor: ApplyOverrideZoom: awbRegions needs to be specified for overriding zoom
05-01 18:52:52.238   521 17806 E EmulatedRequestProcessor: ApplyOverrideZoom: awbRegions needs to be specified for overriding zoom
05-01 18:52:52.314 17829 17829 D AndroidRuntime: >>>>>> START com.android.internal.os.RuntimeInit uid 2000 <<<<<<
05-01 18:52:52.324   521 17806 E EmulatedRequestProcessor: ApplyOverrideZoom: awbRegions needs to be specified for overriding zoom
05-01 18:52:52.347 17829 17829 I AndroidRuntime: Using default boot image
05-01 18:52:52.347 17829 17829 I AndroidRuntime: Leaving lock profiling enabled
05-01 18:52:52.374   521 17806 E EmulatedRequestProcessor: ApplyOverrideZoom: awbRegions needs to be specified for overriding zoom
05-01 18:52:52.377 17829 17829 I app_process: Using CollectorTypeCMC GC.
05-01 18:52:52.517   521 17806 E EmulatedRequestProcessor: ApplyOverrideZoom: awbRegions needs to be specified for overriding zoom
05-01 18:52:52.585   521 17806 E EmulatedRequestProcessor: ApplyOverrideZoom: awbRegions needs to be specified for overriding zoom
05-01 18:52:52.621   521 17806 E EmulatedRequestProcessor: ApplyOverrideZoom: awbRegions needs to be specified for overriding zoom
05-01 18:52:52.655   521 17806 E EmulatedRequestProcessor: ApplyOverrideZoom: awbRegions needs to be specified for overriding zoom
05-01 18:52:52.723   521 17806 E EmulatedRequestProcessor: ApplyOverrideZoom: awbRegions needs to be specified for overriding zoom
05-01 18:52:52.750   521 17806 E EmulatedRequestProcessor: ApplyOverrideZoom: awbRegions needs to be specified for overriding zoom
05-01 18:52:52.798   521 17806 E EmulatedRequestProcessor: ApplyOverrideZoom: awbRegions needs to be specified for overriding zoom
05-01 18:52:52.799  2599  2796 I HalDevMgr: bestIfaceCreationProposal is null, requestIface=STA, existingIface=[name=wlan0 type=STA]
05-01 18:52:52.842   521 17806 E EmulatedRequestProcessor: ApplyOverrideZoom: awbRegions needs to be specified for overriding zoom
05-01 18:52:52.882   521 17806 E EmulatedRequestProcessor: ApplyOverrideZoom: awbRegions needs to be specified for overriding zoom
05-01 18:52:52.917   521 17806 E EmulatedRequestProcessor: ApplyOverrideZoom: awbRegions needs to be specified for overriding zoom
05-01 18:52:52.957   521 17806 E EmulatedRequestProcessor: ApplyOverrideZoom: awbRegions needs to be specified for overriding zoom
05-01 18:52:53.056   521 17806 E EmulatedRequestProcessor: ApplyOverrideZoom: awbRegions needs to be specified for overriding zoom
05-01 18:52:53.091   521 17806 E EmulatedRequestProcessor: ApplyOverrideZoom: awbRegions needs to be specified for overriding zoom
05-01 18:52:53.131   521 17806 E EmulatedRequestProcessor: ApplyOverrideZoom: awbRegions needs to be specified for overriding zoom
05-01 18:52:53.155 17829 17829 D nativeloader: InitDefaultPublicLibraries for_preload=1: libandroid.so:libaaudio.so:libamidi.so:libbinder_ndk.so:libc.so:libcamera2ndk.so:libdl.so:libEGL.so:libGLESv1_CM.so:libGLESv2.so:libGLESv3.so:libicu.so:libicui18n.so:libicuuc.so:libjnigraphics.so:liblog.so:libmediandk.so:libm.so:libnativehelper.so:libnativewindow.so:libOpenMAXAL.so:libOpenSLES.so:libRS.so:libstdc++.so:libsync.so:libvulkan.so:libwebviewchromium_plat_support.so:libz.so
05-01 18:52:53.166   521 17806 E EmulatedRequestProcessor: ApplyOverrideZoom: awbRegions needs to be specified for overriding zoom
05-01 18:52:53.213   521 17806 E EmulatedRequestProcessor: ApplyOverrideZoom: awbRegions needs to be specified for overriding zoom
05-01 18:52:53.254   521 17806 E EmulatedRequestProcessor: ApplyOverrideZoom: awbRegions needs to be specified for overriding zoom
05-01 18:52:53.275 17829 17829 D nativeloader: Load libicu_jni.so using APEX ns com_android_art for caller /apex/com.android.art/javalib/core-oj.jar: ok
05-01 18:52:53.275 17829 17829 D app_process: u_setTimeZoneFilesDirectory("/apex/com.android.tzdata/etc/tz/versioned/9/icu") succeeded. 
05-01 18:52:53.276 17829 17829 D app_process: I18n APEX ICU file found: /apex/com.android.i18n/etc/icu/icudt76l.dat
05-01 18:52:53.280 17829 17829 D nativeloader: Load libjavacore.so using APEX ns com_android_art for caller /apex/com.android.art/javalib/core-oj.jar: ok
05-01 18:52:53.287 17829 17829 D nativeloader: Load libopenjdk.so using APEX ns com_android_art for caller /apex/com.android.art/javalib/core-oj.jar: ok
05-01 18:52:53.290   521 17806 E EmulatedRequestProcessor: ApplyOverrideZoom: awbRegions needs to be specified for overriding zoom
05-01 18:52:53.305 17829 17829 I app_process: Priority-to-niceness mapping: 19, 16, 13, 10, 0, -2, -4, -5, -6, -8
05-01 18:52:53.318 17829 17829 W app_process: ClassLoaderContext shared library size mismatch. Expected=2, found=0 (PCL[]{PCL[/system/framework/android.test.base.jar*1947731759]#PCL[/system/framework/android.test.mock.jar*3673435773]} | PCL[])
05-01 18:52:53.319 17829 17829 W app_process: ClassLoaderContext classpath size mismatch. expected=0, found=1 (PCL[]{PCL[/system/framework/android.test.runner.jar*3527284906]{PCL[/system/framework/android.test.base.jar*1947731759]#PCL[/system/framework/android.test.mock.jar*3673435773]}#PCL[/system/framework/android.test.base.jar*1947731759]} | PCL[/system/framework/android.test.runner.jar*3527284906])
05-01 18:52:53.326   521 17806 E EmulatedRequestProcessor: ApplyOverrideZoom: awbRegions needs to be specified for overriding zoom
05-01 18:52:53.380   521 17806 E EmulatedRequestProcessor: ApplyOverrideZoom: awbRegions needs to be specified for overriding zoom
05-01 18:52:53.415   521 17806 E EmulatedRequestProcessor: ApplyOverrideZoom: awbRegions needs to be specified for overriding zoom
05-01 18:52:53.450   521 17806 E EmulatedRequestProcessor: ApplyOverrideZoom: awbRegions needs to be specified for overriding zoom
05-01 18:52:53.507   521 17806 E EmulatedRequestProcessor: ApplyOverrideZoom: awbRegions needs to be specified for overriding zoom
05-01 18:52:53.542 17829 17829 D nativeloader: Load libframework-connectivity-tiramisu-jni.so using APEX ns com_android_tethering for caller /apex/com.android.tethering/javalib/framework-connectivity-t.jar: ok
05-01 18:52:53.543 17829 17829 D AndroidRuntime: Calling main entry com.android.commands.uiautomator.Launcher
05-01 18:52:53.546   521 17806 E EmulatedRequestProcessor: ApplyOverrideZoom: awbRegions needs to be specified for overriding zoom
05-01 18:52:53.587   521 17806 E EmulatedRequestProcessor: ApplyOverrideZoom: awbRegions needs to be specified for overriding zoom
05-01 18:52:53.589 17829 17829 I AconfigPackage: android.media.swcodec.flags is mapped to com.android.media.swcodec
05-01 18:52:53.608 17829 17829 I AconfigPackage: com.android.permission.flags is mapped to com.android.permission
05-01 18:52:53.608 17829 17829 I AconfigPackage: com.android.permissioncontroller.flags is mapped to com.android.permission
05-01 18:52:53.608 17829 17829 I AconfigPackage: com.android.icu is mapped to com.android.i18n
05-01 18:52:53.608 17829 17829 I AconfigPackage: com.android.appsearch.flags is mapped to com.android.appsearch
05-01 18:52:53.608 17829 17829 I AconfigPackage: android.uprobestats.mainline.flags is mapped to com.android.uprobestats
05-01 18:52:53.609 17829 17829 I AconfigPackage: com.android.crashrecovery.flags is mapped to com.android.crashrecovery
05-01 18:52:53.610 17829 17829 I AconfigPackage: android.provider.flags is mapped to com.android.configinfrastructure
05-01 18:52:53.610 17829 17829 I AconfigPackage: com.android.server.deviceconfig is mapped to com.android.configinfrastructure
05-01 18:52:53.610 17829 17829 I AconfigPackage: com.android.art.flags is mapped to com.android.art
05-01 18:52:53.610 17829 17829 I AconfigPackage: com.android.art.rw.flags is mapped to com.android.art
05-01 18:52:53.610 17829 17829 I AconfigPackage: com.android.libcore is mapped to com.android.art
05-01 18:52:53.610 17829 17829 I AconfigPackage: com.android.telephony.flags is mapped to com.android.telephonycore
05-01 18:52:53.610 17829 17829 I AconfigPackage: com.android.media.extractor.flags is mapped to com.android.media
05-01 18:52:53.610 17829 17829 I AconfigPackage: com.android.media.mainline.flags is mapped to com.android.media
05-01 18:52:53.612 17829 17829 I AconfigPackage: com.android.wifi.flags is mapped to com.android.wifi
05-01 18:52:53.613 17829 17829 I AconfigPackage: com.android.org.conscrypt.flags is mapped to com.android.conscrypt
05-01 18:52:53.614 17829 17829 I AconfigPackage: com.android.org.conscrypt.net.flags is mapped to com.android.conscrypt
05-01 18:52:53.614 17829 17829 I AconfigPackage: com.android.healthfitness.flags is mapped to com.android.healthfitness
05-01 18:52:53.614 17829 17829 I AconfigPackage: com.android.ipsec.flags is mapped to com.android.ipsec
05-01 18:52:53.615 17829 17829 I AconfigPackage: com.android.nfc.module.flags is mapped to com.android.nfcservices
05-01 18:52:53.616 17829 17829 I AconfigPackage: com.android.adservices.ondevicepersonalization.flags is mapped to com.android.ondevicepersonalization
05-01 18:52:53.616 17829 17829 I AconfigPackage: com.android.adbd.flags is mapped to com.android.adbd
05-01 18:52:53.626 17829 17829 I AconfigPackage: com.android.bluetooth.flags is mapped to com.android.bt
05-01 18:52:53.626 17829 17829 I AconfigPackage: com.android.devicelock.flags is mapped to com.android.devicelock
05-01 18:52:53.626 17829 17829 I AconfigPackage: android.os.profiling is mapped to com.android.profiling
05-01 18:52:53.626 17829 17829 I AconfigPackage: android.os.profiling.anomaly.flags is mapped to com.android.profiling
05-01 18:52:53.626 17829 17829 I AconfigPackage: com.android.os.statsd.flags is mapped to com.android.os.statsd
05-01 18:52:53.626 17829 17829 I AconfigPackage: com.android.rkpd.flags is mapped to com.android.rkpd
05-01 18:52:53.627 17829 17829 I AconfigPackage: com.android.cellbroadcastreceiver.flags is mapped to com.android.cellbroadcast
05-01 18:52:53.627 17829 17829 I AconfigPackage: com.android.adservices.flags is mapped to com.android.adservices
05-01 18:52:53.627 17829 17829 I AconfigPackage: com.android.sdksandbox.flags is mapped to com.android.adservices
05-01 18:52:53.641 17829 17829 I AconfigPackage: com.android.uwb.flags is mapped to com.android.uwb
05-01 18:52:53.641 17829 17829 I AconfigPackage: com.android.ranging.flags is mapped to com.android.uwb
05-01 18:52:53.641 17829 17829 I AconfigPackage: android.graphics.pdf.flags is mapped to com.android.mediaprovider
05-01 18:52:53.641 17829 17829 I AconfigPackage: com.android.providers.media.flags is mapped to com.android.mediaprovider
05-01 18:52:53.641 17829 17829 I AconfigPackage: android.graphics.pdf.flags.readonly is mapped to com.android.mediaprovider
05-01 18:52:53.642 17829 17829 I AconfigPackage: com.android.tethering.mainline.beta is mapped to com.android.tethering
05-01 18:52:53.642 17829 17829 I AconfigPackage: android.net.http is mapped to com.android.tethering
05-01 18:52:53.642 17829 17829 I AconfigPackage: com.android.tethering.readonly.flags is mapped to com.android.tethering
05-01 18:52:53.642 17829 17829 I AconfigPackage: android.net.vcn is mapped to com.android.tethering
05-01 18:52:53.642 17829 17829 I AconfigPackage: com.android.net.flags is mapped to com.android.tethering
05-01 18:52:53.642 17829 17829 I AconfigPackage: com.android.tethering.beta.test is mapped to com.android.tethering
05-01 18:52:53.642 17829 17829 I AconfigPackage: com.android.nearby.flags is mapped to com.android.tethering
05-01 18:52:53.642 17829 17829 I AconfigPackage: com.android.net.ct.flags is mapped to com.android.tethering
05-01 18:52:53.642 17829 17829 I AconfigPackage: com.android.net.thread.flags is mapped to com.android.tethering
05-01 18:52:53.642 17829 17829 I AconfigPackage: com.android.system.virtualmachine.flags is mapped to com.android.virt
05-01 18:52:53.642 17829 17829 E FeatureFlagsImplExport: android.os.flagging.AconfigStorageReadException: ERROR_PACKAGE_NOT_FOUND: package android.xr cannot be found on the device
05-01 18:52:53.655   521 17806 E EmulatedRequestProcessor: ApplyOverrideZoom: awbRegions needs to be specified for overriding zoom
05-01 18:52:53.655 17829 17829 D UiAutomationConnection: Created on user UserHandle{0}
05-01 18:52:53.656 17829 17829 I UiAutomation: Initialized for user 0 on display 0
05-01 18:52:53.656 17829 17829 W UiAutomation: Created with deprecatead constructor, assumes DEFAULT_DISPLAY
05-01 18:52:53.671  2599  2971 D AccessibilityManagerService: changeCurrentUserForTestAutomationIfNeededLocked(0): ignoring because device doesn't support visible background users
05-01 18:52:53.671  2599  2971 I UiAutomationManager: Registering UiTestAutomationService (id=com.android.server.accessibility/UiAutomation, flags=0x0) when called by user 0
05-01 18:52:53.672  2599  2971 V AccessibilityManagerService: onUserStateChangedLocked for userId: 0, forceUpdate: false
05-01 18:52:53.688  2599  2971 V AccessibilityUserState: updateShortcutTargets: type:accessibility_shortcut_target_service, current:{}, new:{}
05-01 18:52:53.689  2599  2971 V AccessibilityUserState: updateShortcutTargets: type:accessibility_button_targets, current:{}, new:{}
05-01 18:52:53.689  2599  2971 V AccessibilityUserState: updateShortcutTargets: type:accessibility_gesture_targets, current:{}, new:{}
05-01 18:52:53.689  2599  2971 V AccessibilityUserState: updateShortcutTargets: type:accessibility_qs_targets, current:{}, new:{}
05-01 18:52:53.689  2599  2971 V AccessibilityUserState: updateShortcutTargets: type:accessibility_key_gesture_targets, current:{}, new:{}
05-01 18:52:53.692  2599  2971 W MagnificationConnectionManager: requestConnection duplicated request: connect=false, mConnectionState=DISCONNECTED
05-01 18:52:53.699   521 17806 E EmulatedRequestProcessor: ApplyOverrideZoom: awbRegions needs to be specified for overriding zoom
05-01 18:52:53.707  2599  2599 W libbinder.IPCThreadState: Sending oneway calls to frozen process.
05-01 18:52:53.708  2599  2599 W libbinder.IPCThreadState: Sending oneway calls to frozen process.
05-01 18:52:53.708  2599  2599 W libbinder.IPCThreadState: Sending oneway calls to frozen process.
05-01 18:52:53.708  2599  2599 W libbinder.IPCThreadState: Sending oneway calls to frozen process.
05-01 18:52:53.708  2599  2599 W libbinder.IPCThreadState: Sending oneway calls to frozen process.
05-01 18:52:53.708  2599  2599 W libbinder.IPCThreadState: Sending oneway calls to frozen process.
05-01 18:52:53.708  2599  2599 W libbinder.IPCThreadState: Sending oneway calls to frozen process.
05-01 18:52:53.712  2599  2599 W libbinder.IPCThreadState: Sending oneway calls to frozen process.
05-01 18:52:53.712  2599  2599 W libbinder.IPCThreadState: Sending oneway calls to frozen process.
05-01 18:52:53.712  2599  2599 W libbinder.IPCThreadState: Sending oneway calls to frozen process.
05-01 18:52:53.713  2599  2599 W libbinder.IPCThreadState: Sending oneway calls to frozen process.
05-01 18:52:53.713  2599  2599 W libbinder.IPCThreadState: Sending oneway calls to frozen process.
05-01 18:52:53.713  2599  2599 W libbinder.IPCThreadState: Sending oneway calls to frozen process.
05-01 18:52:53.713  2599  2599 W libbinder.IPCThreadState: Sending oneway calls to frozen process.
05-01 18:52:53.714  2599  2599 W libbinder.IPCThreadState: Sending oneway calls to frozen process.
05-01 18:52:53.715  2599  2599 D BatterySaverPolicy: accessibility changed to true, updating policy.
05-01 18:52:53.759  3482  5184 I AiAiEcho: Settings changed for uri: content://settings/secure/accessibility_enabled
05-01 18:52:53.780  3482  3713 I AiAiEcho: Predicting[0]:  [CONTEXT sampling_count=5 ]
05-01 18:52:53.780  3482  3713 I AiAiEcho: EchoTargets: 
05-01 18:52:53.780  3482  3713 I AiAiEcho: Filtered by AiAi flag check: 
05-01 18:52:53.780  3482  3713 I AiAiEcho: [CONTEXT ratelimit_period="10 SECONDS" ]
05-01 18:52:53.782  3482  3713 I AiAiEcho: #remoteViewsTwiddler: feature disabled.
05-01 18:52:53.783  3482  3713 I AiAiEcho: Predicting[0]:  [CONTEXT sampling_count=5 ]
05-01 18:52:53.783  3482  3713 I AiAiEcho: EchoTargets: 
05-01 18:52:53.783  3482  3713 I AiAiEcho: Filtered by AiAi flag check: 
05-01 18:52:53.783  3482  3713 I AiAiEcho: [CONTEXT ratelimit_period="10 SECONDS" ]
05-01 18:52:53.783  3482  3713 I AiAiEcho: #remoteViewsTwiddler: feature disabled.
05-01 18:52:53.783  3482  3713 I AiAiEcho: Predicting[0]:  [CONTEXT sampling_count=5 ]
05-01 18:52:53.783  3482  3713 I AiAiEcho: EchoTargets: 
05-01 18:52:53.783  3482  3713 I AiAiEcho: Filtered by AiAi flag check: 
05-01 18:52:53.783  3482  3713 I AiAiEcho: [CONTEXT ratelimit_period="10 SECONDS" ]
05-01 18:52:53.784  3482  3713 I AiAiEcho: #remoteViewsTwiddler: feature disabled.
05-01 18:52:53.790  2599  3707 V AccessibilityManagerService: onUserStateChangedLocked for userId: 0, forceUpdate: false
05-01 18:52:53.790  2599  3707 V AccessibilityUserState: updateShortcutTargets: type:accessibility_shortcut_target_service, current:{}, new:{}
05-01 18:52:53.790  2599  3707 V AccessibilityUserState: updateShortcutTargets: type:accessibility_button_targets, current:{}, new:{}
05-01 18:52:53.790  2599  3707 V AccessibilityUserState: updateShortcutTargets: type:accessibility_gesture_targets, current:{}, new:{}
05-01 18:52:53.791  2599  3707 V AccessibilityUserState: updateShortcutTargets: type:accessibility_qs_targets, current:{}, new:{}
05-01 18:52:53.791  2599  3707 V AccessibilityUserState: updateShortcutTargets: type:accessibility_key_gesture_targets, current:{}, new:{}
05-01 18:52:53.791  2599  3707 W MagnificationConnectionManager: requestConnection duplicated request: connect=false, mConnectionState=DISCONNECTED
05-01 18:52:53.797  2599  2599 W libbinder.IPCThreadState: Sending oneway calls to frozen process.
05-01 18:52:53.809   521 17806 E EmulatedRequestProcessor: ApplyOverrideZoom: awbRegions needs to be specified for overriding zoom
05-01 18:52:53.814  2599  2599 W libbinder.IPCThreadState: Sending oneway calls to frozen process.
05-01 18:52:53.814  2599  2599 W libbinder.IPCThreadState: Sending oneway calls to frozen process.
05-01 18:52:53.814  2599  2599 W libbinder.IPCThreadState: Sending oneway calls to frozen process.
05-01 18:52:53.814  2599  2599 W libbinder.IPCThreadState: Sending oneway calls to frozen process.
05-01 18:52:53.815  2599  3707 D AccessibilityManagerService: .getAccessibilityShortcutTargets {shortcutType=32, userId=0}
05-01 18:52:53.815  2599  2599 W libbinder.IPCThreadState: Sending oneway calls to frozen process.
05-01 18:52:53.815  2599  2599 W libbinder.IPCThreadState: Sending oneway calls to frozen process.
05-01 18:52:53.815  2599  2599 W libbinder.IPCThreadState: Sending oneway calls to frozen process.
05-01 18:52:53.815  2599  2599 W libbinder.IPCThreadState: Sending oneway calls to frozen process.
05-01 18:52:53.815  2599  2599 W libbinder.IPCThreadState: Sending oneway calls to frozen process.
05-01 18:52:53.823  3482  5184 I AiAiEcho: Settings changed for uri: content://settings/secure/accessibility_enabled
05-01 18:52:53.824  3482  3713 I AiAiEcho: #postPredictionTargets: Sending updates to UISurface ambientcue with targets# 0 (types=[])
05-01 18:52:53.825  2896  3022 I AmbientCueRepository: Receiving SmartSpace targets # 0
05-01 18:52:53.825  3482  3713 I AiAiEcho: #postPredictionTargets: Sending updates to UISurface home with targets# 0 (types=[])
05-01 18:52:53.830  3482  3713 I AiAiEcho: #postPredictionTargets: Sending updates to UISurface lockscreen with targets# 0 (types=[])
05-01 18:52:53.831  2896  2896 W SsPagerDots: Total number of pages invalid: 0. Assuming 1 page.
05-01 18:52:53.831  3482  3713 I AiAiEcho: Predicting[0]:  [CONTEXT sampling_count=5 ]
05-01 18:52:53.831  3482  3713 I AiAiEcho: EchoTargets: 
05-01 18:52:53.831  3482  3713 I AiAiEcho: Filtered by AiAi flag check: 
05-01 18:52:53.831  3482  3713 I AiAiEcho: [CONTEXT ratelimit_period="10 SECONDS" ]
05-01 18:52:53.831  3482  3713 I AiAiEcho: #remoteViewsTwiddler: feature disabled.
05-01 18:52:53.832  3482  3713 I AiAiEcho: Predicting[0]:  [CONTEXT sampling_count=5 ]
05-01 18:52:53.832  3482  3713 I AiAiEcho: EchoTargets: 
05-01 18:52:53.832  3482  3713 I AiAiEcho: Filtered by AiAi flag check: 
05-01 18:52:53.832  3482  3713 I AiAiEcho: [CONTEXT ratelimit_period="10 SECONDS" ]
05-01 18:52:53.832  3482  3713 I AiAiEcho: #remoteViewsTwiddler: feature disabled.
05-01 18:52:53.832  3482  3713 I AiAiEcho: Predicting[0]:  [CONTEXT sampling_count=5 ]
05-01 18:52:53.832  3482  3713 I AiAiEcho: EchoTargets: 
05-01 18:52:53.832  3482  3713 I AiAiEcho: Filtered by AiAi flag check: 
05-01 18:52:53.832  3482  3713 I AiAiEcho: [CONTEXT ratelimit_period="10 SECONDS" ]
05-01 18:52:53.833  3482  3713 I AiAiEcho: #remoteViewsTwiddler: feature disabled.
05-01 18:52:53.834  3482  3713 I AiAiEcho: #postPredictionTargets: Sending updates to UISurface ambientcue with targets# 0 (types=[])
05-01 18:52:53.835  3482  3713 I AiAiEcho: #postPredictionTargets: Sending updates to UISurface home with targets# 0 (types=[])
05-01 18:52:53.835  3482  3713 I AiAiEcho: #postPredictionTargets: Sending updates to UISurface lockscreen with targets# 0 (types=[])
05-01 18:52:53.835  2896  3022 I AmbientCueRepository: Receiving SmartSpace targets # 0
05-01 18:52:53.836  2896  2896 W SsPagerDots: Total number of pages invalid: 0. Assuming 1 page.
05-01 18:52:53.844   521 17806 E EmulatedRequestProcessor: ApplyOverrideZoom: awbRegions needs to be specified for overriding zoom
05-01 18:52:53.887   521 17806 E EmulatedRequestProcessor: ApplyOverrideZoom: awbRegions needs to be specified for overriding zoom
05-01 18:52:53.920   521 17806 E EmulatedRequestProcessor: ApplyOverrideZoom: awbRegions needs to be specified for overriding zoom
05-01 18:52:53.953   521 17806 E EmulatedRequestProcessor: ApplyOverrideZoom: awbRegions needs to be specified for overriding zoom
05-01 18:52:53.989   521 17806 E EmulatedRequestProcessor: ApplyOverrideZoom: awbRegions needs to be specified for overriding zoom
05-01 18:52:54.022   521 17806 E EmulatedRequestProcessor: ApplyOverrideZoom: awbRegions needs to be specified for overriding zoom
05-01 18:52:54.056   521 17806 E EmulatedRequestProcessor: ApplyOverrideZoom: awbRegions needs to be specified for overriding zoom
05-01 18:52:54.113   521 17806 E EmulatedRequestProcessor: ApplyOverrideZoom: awbRegions needs to be specified for overriding zoom
05-01 18:52:54.150   521 17806 E EmulatedRequestProcessor: ApplyOverrideZoom: awbRegions needs to be specified for overriding zoom
05-01 18:52:54.195   521 17806 E EmulatedRequestProcessor: ApplyOverrideZoom: awbRegions needs to be specified for overriding zoom
05-01 18:52:54.232   521 17806 E EmulatedRequestProcessor: ApplyOverrideZoom: awbRegions needs to be specified for overriding zoom
05-01 18:52:54.267   521 17806 E EmulatedRequestProcessor: ApplyOverrideZoom: awbRegions needs to be specified for overriding zoom
05-01 18:52:54.306   521 17806 E EmulatedRequestProcessor: ApplyOverrideZoom: awbRegions needs to be specified for overriding zoom
05-01 18:52:54.345   521 17806 E EmulatedRequestProcessor: ApplyOverrideZoom: awbRegions needs to be specified for overriding zoom
05-01 18:52:54.385   521 17806 E EmulatedRequestProcessor: ApplyOverrideZoom: awbRegions needs to be specified for overriding zoom
05-01 18:52:54.415   521 17806 E EmulatedRequestProcessor: ApplyOverrideZoom: awbRegions needs to be specified for overriding zoom
05-01 18:52:54.453   521 17806 E EmulatedRequestProcessor: ApplyOverrideZoom: awbRegions needs to be specified for overriding zoom
05-01 18:52:54.484   521 17806 E EmulatedRequestProcessor: ApplyOverrideZoom: awbRegions needs to be specified for overriding zoom
05-01 18:52:54.520   521 17806 E EmulatedRequestProcessor: ApplyOverrideZoom: awbRegions needs to be specified for overriding zoom
05-01 18:52:54.600   521 17806 E EmulatedRequestProcessor: ApplyOverrideZoom: awbRegions needs to be specified for overriding zoom
05-01 18:52:54.789   521 17806 E EmulatedRequestProcessor: ApplyOverrideZoom: awbRegions needs to be specified for overriding zoom
05-01 18:52:54.831   521 17806 E EmulatedRequestProcessor: ApplyOverrideZoom: awbRegions needs to be specified for overriding zoom
05-01 18:52:54.889   521 17806 E EmulatedRequestProcessor: ApplyOverrideZoom: awbRegions needs to be specified for overriding zoom
05-01 18:52:55.005   521 17806 E EmulatedRequestProcessor: ApplyOverrideZoom: awbRegions needs to be specified for overriding zoom
05-01 18:52:55.088   521 17806 E EmulatedRequestProcessor: ApplyOverrideZoom: awbRegions needs to be specified for overriding zoom
05-01 18:52:55.105 17829 17829 I AccessibilityNodeInfoDumper: Skipping invisible child: android.view.accessibility.AccessibilityNodeInfo@a31c; boundsInParent: Rect(0, 0 - 954, 1272); boundsInScreen: Rect(63, 378 - 1017, 1650); boundsInWindow: Rect(63, 378 - 1017, 1650); packageName: com.signbridge; className: android.view.View; text: null; error: null; maxTextLength: -1; stateDescription: null; contentDescription: null; tooltipText: null; containerTitle: null; viewIdResName: null; uniqueId: null; checkable: false; checked: false; focusable: false; focused: false; selected: false; clickable: false; longClickable: false; contextClickable: false; enabled: true; password: false; scrollable: false; granularScrollingSupported: false; importantForAccessibility: false; visible: false; actions: [AccessibilityAction: ACTION_SELECT - null, AccessibilityAction: ACTION_CLEAR_SELECTION - null, AccessibilityAction: ACTION_ACCESSIBILITY_FOCUS - null, AccessibilityAction: ACTION_SHOW_ON_SCREEN - null]; isTextSelectable: false
05-01 18:52:55.119 17829 17829 W AccessibilityNodeInfoDumper: Fetch time: 261ms
05-01 18:52:55.120  2599  3707 V AccessibilityManagerService: onUserStateChangedLocked for userId: 0, forceUpdate: false
05-01 18:52:55.121  2599  3707 V AccessibilityUserState: updateShortcutTargets: type:accessibility_shortcut_target_service, current:{}, new:{}
05-01 18:52:55.121  2599  3707 V AccessibilityUserState: updateShortcutTargets: type:accessibility_button_targets, current:{}, new:{}
05-01 18:52:55.121  2599  3707 V AccessibilityUserState: updateShortcutTargets: type:accessibility_gesture_targets, current:{}, new:{}
05-01 18:52:55.121  2599  3707 V AccessibilityUserState: updateShortcutTargets: type:accessibility_qs_targets, current:{}, new:{}
05-01 18:52:55.121  2599  3707 V AccessibilityUserState: updateShortcutTargets: type:accessibility_key_gesture_targets, current:{}, new:{}
05-01 18:52:55.121  2599  3707 W MagnificationConnectionManager: requestConnection duplicated request: connect=false, mConnectionState=DISCONNECTED
05-01 18:52:55.121  2599  3707 D AccessibilityManagerService: restoreCurrentUserForTestAutomationIfNeededLocked(): ignoring because device doesn't support visible background users
05-01 18:52:55.124 17829 17838 W libbinder.IPCThreadState: call to talkWithDriver in joinThreadPool returned error: -9 (Bad file descriptor), FD: -1
05-01 18:52:55.124 17829 17829 D AndroidRuntime: Shutting down VM
05-01 18:52:55.127 17829 17839 W libbinder.IPCThreadState: call to talkWithDriver in joinThreadPool returned error: -9 (Bad file descriptor), FD: -1
05-01 18:52:55.128 17829 17842 W libbinder.IPCThreadState: call to talkWithDriver in joinThreadPool returned error: -9 (Bad file descriptor), FD: -1
05-01 18:52:55.128  2599  2599 W libbinder.IPCThreadState: Sending oneway calls to frozen process.
05-01 18:52:55.128  2599  2599 W libbinder.IPCThreadState: Sending oneway calls to frozen process.
05-01 18:52:55.128  2599  2599 W libbinder.IPCThreadState: Sending oneway calls to frozen process.
05-01 18:52:55.128  2599  2599 W libbinder.IPCThreadState: Sending oneway calls to frozen process.
05-01 18:52:55.128  2599  2599 W libbinder.IPCThreadState: Sending oneway calls to frozen process.
05-01 18:52:55.138  2599  2599 W libbinder.IPCThreadState: Sending oneway calls to frozen process.
05-01 18:52:55.138  2599  2599 W libbinder.IPCThreadState: Sending oneway calls to frozen process.
05-01 18:52:55.138  2599  2599 W libbinder.IPCThreadState: Sending oneway calls to frozen process.
05-01 18:52:55.138  2599  2599 W libbinder.IPCThreadState: Sending oneway calls to frozen process.
05-01 18:52:55.138  2599  2599 W libbinder.IPCThreadState: Sending oneway calls to frozen process.
05-01 18:52:55.138  2599  2599 W libbinder.IPCThreadState: Sending oneway calls to frozen process.
05-01 18:52:55.138  2599  2599 W libbinder.IPCThreadState: Sending oneway calls to frozen process.
05-01 18:52:55.138  2599  2599 W libbinder.IPCThreadState: Sending oneway calls to frozen process.
05-01 18:52:55.138  2599  2599 W libbinder.IPCThreadState: Sending oneway calls to frozen process.
05-01 18:52:55.170   521 17806 E EmulatedRequestProcessor: ApplyOverrideZoom: awbRegions needs to be specified for overriding zoom
05-01 18:52:55.148  2599  2599 W libbinder.IPCThreadState: Sending oneway calls to frozen process.
05-01 18:52:55.216  2599  2599 D BatterySaverPolicy: accessibility changed to false, updating policy.
05-01 18:52:55.267   521 17806 E EmulatedRequestProcessor: ApplyOverrideZoom: awbRegions needs to be specified for overriding zoom
05-01 18:52:55.283  3482  5184 I AiAiEcho: Settings changed for uri: content://settings/secure/accessibility_enabled
05-01 18:52:55.285  3482  3713 I AiAiEcho: Predicting[0]:  [CONTEXT sampling_count=5 ]
05-01 18:52:55.285  3482  3713 I AiAiEcho: EchoTargets: 
05-01 18:52:55.285  3482  3713 I AiAiEcho: Filtered by AiAi flag check: 
05-01 18:52:55.285  3482  3713 I AiAiEcho: [CONTEXT ratelimit_period="10 SECONDS" ]
05-01 18:52:55.286  3482  3713 I AiAiEcho: #remoteViewsTwiddler: feature disabled.
05-01 18:52:55.286  3482  3713 I AiAiEcho: Predicting[0]:  [CONTEXT sampling_count=5 ]
05-01 18:52:55.286  3482  3713 I AiAiEcho: EchoTargets: 
05-01 18:52:55.286  3482  3713 I AiAiEcho: Filtered by AiAi flag check: 
05-01 18:52:55.286  3482  3713 I AiAiEcho: [CONTEXT ratelimit_period="10 SECONDS" ]
05-01 18:52:55.286  3482  3713 I AiAiEcho: #remoteViewsTwiddler: feature disabled.
05-01 18:52:55.286  3482  3713 I AiAiEcho: Predicting[0]:  [CONTEXT sampling_count=5 ]
05-01 18:52:55.286  3482  3713 I AiAiEcho: EchoTargets: 
05-01 18:52:55.286  3482  3713 I AiAiEcho: Filtered by AiAi flag check: 
05-01 18:52:55.286  3482  3713 I AiAiEcho: [CONTEXT ratelimit_period="10 SECONDS" ]
05-01 18:52:55.287  3482  3713 I AiAiEcho: #remoteViewsTwiddler: feature disabled.
05-01 18:52:55.287  3482  3713 I AiAiEcho: #postPredictionTargets: Sending updates to UISurface ambientcue with targets# 0 (types=[])
05-01 18:52:55.287  3482  3713 I AiAiEcho: #postPredictionTargets: Sending updates to UISurface home with targets# 0 (types=[])
05-01 18:52:55.287  3482  3713 I AiAiEcho: #postPredictionTargets: Sending updates to UISurface lockscreen with targets# 0 (types=[])
05-01 18:52:55.288  2896  3022 I AmbientCueRepository: Receiving SmartSpace targets # 0
05-01 18:52:55.291  2896  2896 W SsPagerDots: Total number of pages invalid: 0. Assuming 1 page.
05-01 18:52:55.302   521 17806 E EmulatedRequestProcessor: ApplyOverrideZoom: awbRegions needs to be specified for overriding zoom
05-01 18:52:55.391   521 17806 E EmulatedRequestProcessor: ApplyOverrideZoom: awbRegions needs to be specified for overriding zoom
05-01 18:52:55.442   521 17806 E EmulatedRequestProcessor: ApplyOverrideZoom: awbRegions needs to be specified for overriding zoom
05-01 18:52:55.471   521 17806 E EmulatedRequestProcessor: ApplyOverrideZoom: awbRegions needs to be specified for overriding zoom
05-01 18:52:55.508   521 17806 E EmulatedRequestProcessor: ApplyOverrideZoom: awbRegions needs to be specified for overriding zoom
05-01 18:52:55.545   521 17806 E EmulatedRequestProcessor: ApplyOverrideZoom: awbRegions needs to be specified for overriding zoom
05-01 18:52:55.583   521 17806 E EmulatedRequestProcessor: ApplyOverrideZoom: awbRegions needs to be specified for overriding zoom
05-01 18:52:55.667   521 17806 E EmulatedRequestProcessor: ApplyOverrideZoom: awbRegions needs to be specified for overriding zoom
05-01 18:52:55.700   521 17806 E EmulatedRequestProcessor: ApplyOverrideZoom: awbRegions needs to be specified for overriding zoom
05-01 18:52:55.744   521 17806 E EmulatedRequestProcessor: ApplyOverrideZoom: awbRegions needs to be specified for overriding zoom
05-01 18:52:55.781   521 17806 E EmulatedRequestProcessor: ApplyOverrideZoom: awbRegions needs to be specified for overriding zoom
05-01 18:52:55.815   521 17806 E EmulatedRequestProcessor: ApplyOverrideZoom: awbRegions needs to be specified for overriding zoom
05-01 18:52:55.860  2599  2796 I HalDevMgr: bestIfaceCreationProposal is null, requestIface=STA, existingIface=[name=wlan0 type=STA]
05-01 18:52:55.884   521 17806 E EmulatedRequestProcessor: ApplyOverrideZoom: awbRegions needs to be specified for overriding zoom
05-01 18:52:55.929   521 17806 E EmulatedRequestProcessor: ApplyOverrideZoom: awbRegions needs to be specified for overriding zoom
05-01 18:52:56.018   521 17806 E EmulatedRequestProcessor: ApplyOverrideZoom: awbRegions needs to be specified for overriding zoom
05-01 18:52:56.051   521 17806 E EmulatedRequestProcessor: ApplyOverrideZoom: awbRegions needs to be specified for overriding zoom
05-01 18:52:56.124   521 17806 E EmulatedRequestProcessor: ApplyOverrideZoom: awbRegions needs to be specified for overriding zoom
05-01 18:52:56.166   521 17806 E EmulatedRequestProcessor: ApplyOverrideZoom: awbRegions needs to be specified for overriding zoom
05-01 18:52:56.215   521 17806 E EmulatedRequestProcessor: ApplyOverrideZoom: awbRegions needs to be specified for overriding zoom
05-01 18:52:56.286   521 17806 E EmulatedRequestProcessor: ApplyOverrideZoom: awbRegions needs to be specified for overriding zoom
05-01 18:52:56.320   521 17806 E EmulatedRequestProcessor: ApplyOverrideZoom: awbRegions needs to be specified for overriding zoom
05-01 18:52:56.354   521 17806 E EmulatedRequestProcessor: ApplyOverrideZoom: awbRegions needs to be specified for overriding zoom
05-01 18:52:56.388   521 17806 E EmulatedRequestProcessor: ApplyOverrideZoom: awbRegions needs to be specified for overriding zoom
05-01 18:52:56.444   521 17806 E EmulatedRequestProcessor: ApplyOverrideZoom: awbRegions needs to be specified for overriding zoom
05-01 18:52:56.465   521 17806 E EmulatedRequestProcessor: ApplyOverrideZoom: awbRegions needs to be specified for overriding zoom
05-01 18:52:56.515   521 17806 E EmulatedRequestProcessor: ApplyOverrideZoom: awbRegions needs to be specified for overriding zoom
05-01 18:52:56.553   521 17806 E EmulatedRequestProcessor: ApplyOverrideZoom: awbRegions needs to be specified for overriding zoom
05-01 18:52:56.606   521 17806 E EmulatedRequestProcessor: ApplyOverrideZoom: awbRegions needs to be specified for overriding zoom
05-01 18:52:56.618   521 17806 E EmulatedRequestProcessor: ApplyOverrideZoom: awbRegions needs to be specified for overriding zoom
05-01 18:52:56.660   521 17806 E EmulatedRequestProcessor: ApplyOverrideZoom: awbRegions needs to be specified for overriding zoom
05-01 18:52:56.702   521 17806 E EmulatedRequestProcessor: ApplyOverrideZoom: awbRegions needs to be specified for overriding zoom
05-01 18:52:56.749   521 17806 E EmulatedRequestProcessor: ApplyOverrideZoom: awbRegions needs to be specified for overriding zoom
05-01 18:52:56.786   521 17806 E EmulatedRequestProcessor: ApplyOverrideZoom: awbRegions needs to be specified for overriding zoom
05-01 18:52:56.823   521 17806 E EmulatedRequestProcessor: ApplyOverrideZoom: awbRegions needs to be specified for overriding zoom
05-01 18:52:56.857   521 17806 E EmulatedRequestProcessor: ApplyOverrideZoom: awbRegions needs to be specified for overriding zoom
05-01 18:52:56.893   521 17806 E EmulatedRequestProcessor: ApplyOverrideZoom: awbRegions needs to be specified for overriding zoom
05-01 18:52:57.106   521 17806 E EmulatedRequestProcessor: ApplyOverrideZoom: awbRegions needs to be specified for overriding zoom
05-01 18:52:57.181   521 17806 E EmulatedRequestProcessor: ApplyOverrideZoom: awbRegions needs to be specified for overriding zoom
05-01 18:52:57.223   521 17806 E EmulatedRequestProcessor: ApplyOverrideZoom: awbRegions needs to be specified for overriding zoom
05-01 18:52:57.272   521 17806 E EmulatedRequestProcessor: ApplyOverrideZoom: awbRegions needs to be specified for overriding zoom
05-01 18:52:57.304   521 17806 E EmulatedRequestProcessor: ApplyOverrideZoom: awbRegions needs to be specified for overriding zoom
