05-01 17:24:39.627  2599  2848 D BackgroundInstallControlService: Package event received: 0
05-01 17:24:39.628  2599  2848 D BackgroundInstallControlService: Package event received: 0
05-01 17:24:39.628  2599  2848 D BackgroundInstallControlService: Package event received: 0
05-01 17:24:39.724  2599  2848 D BackgroundInstallControlService: Package event received: 0
05-01 17:24:39.944 10191 10191 D InsetsController: hide(ime())
05-01 17:24:39.962 10191 10191 I ImeTracker: com.signbridge:df1119d2: onCancelled at PHASE_CLIENT_ALREADY_HIDDEN
05-01 17:24:39.999 10191 10411 D DeviceQuirks: camera2 DeviceQuirks = CaptureSessionShouldUseMrirQuirk
05-01 17:24:40.010 10191 10191 I Choreographer: Skipped 106 frames!  The application may be doing too much work on its main thread.
05-01 17:24:40.025 10191 10411 I CameraManagerGlobal: Connecting to camera service
05-01 17:24:40.112  3046  3052 I artd    : GetBestInfo: odex next to the dex file (/data/app/~~9zdI27-KZDEvVC_7GO9BLQ==/com.google.android.gms-zDijJikcKxb1i4ibdVh7KA==/oat/arm64/base.odex) is kOatUpToDate with filter 'speed-profile' executable 'false'
05-01 17:24:40.136  3046  3052 I artd    : GetBestInfo: odex next to the dex file (/data/app/~~9zdI27-KZDEvVC_7GO9BLQ==/com.google.android.gms-zDijJikcKxb1i4ibdVh7KA==/oat/arm64/split_AdsDynamite_installtime.odex) is kOatUpToDate with filter 'speed' executable 'false'
05-01 17:24:40.141  2599  2621 W ProcessStats: Tracking association SourceState{37340e8 system/1000 BFgs #60647} whose proc state 4 is better than process ProcessState{d7996d0 com.google.android.tts/10165 pkg=com.google.android.tts} proc state 14 (7 skipped)
05-01 17:24:40.144 10191 10205 I HWUI    : Davey! duration=3755ms; Flags=0, FrameTimelineVsyncId=33420, IntendedVsync=3058821628391, Vsync=3059088295031, InputEventId=0, HandleInputStart=3059093428665, AnimationStart=3059093438457, PerformTraversalsStart=3062189626292, DrawStart=3062193950708, FrameDeadline=3058838295057, FrameStartTime=3059093190999, FrameInterval=16666665, WorkloadTarget=16666666, SyncQueued=3062438373500, SyncStart=3062438515959, IssueDrawCommandsStart=3062438884250, SwapBuffers=3062511374709, FrameCompleted=3062576826084, DequeueBufferDuration=9333, QueueBufferDuration=534958, GpuCompleted=3062576826084, SwapBuffersCompleted=3062552622709, DisplayPresentTime=0, CommandSubmissionCompleted=3062511374709, 
05-01 17:24:40.184  3046  3052 I artd    : GetBestInfo: odex next to the dex file (/data/app/~~9zdI27-KZDEvVC_7GO9BLQ==/com.google.android.gms-zDijJikcKxb1i4ibdVh7KA==/oat/arm64/split_CronetDynamite_installtime.odex) is kOatUpToDate with filter 'speed' executable 'false'
05-01 17:24:40.212  3046  3052 I artd    : GetBestInfo: odex next to the dex file (/data/app/~~9zdI27-KZDEvVC_7GO9BLQ==/com.google.android.gms-zDijJikcKxb1i4ibdVh7KA==/oat/arm64/split_DynamiteLoader_installtime.odex) is kOatUpToDate with filter 'speed' executable 'false'
05-01 17:24:40.230  3046  3052 I artd    : GetBestInfo: odex next to the dex file (/data/app/~~9zdI27-KZDEvVC_7GO9BLQ==/com.google.android.gms-zDijJikcKxb1i4ibdVh7KA==/oat/arm64/split_DynamiteModulesA_installtime.odex) is kOatUpToDate with filter 'speed' executable 'false'
05-01 17:24:40.238  3046  3052 I artd    : GetBestInfo: odex next to the dex file (/data/app/~~9zdI27-KZDEvVC_7GO9BLQ==/com.google.android.gms-zDijJikcKxb1i4ibdVh7KA==/oat/arm64/split_DynamiteModulesC_installtime.odex) is kOatUpToDate with filter 'speed' executable 'false'
05-01 17:24:40.250  3046  3052 I artd    : GetBestInfo: odex next to the dex file (/data/app/~~9zdI27-KZDEvVC_7GO9BLQ==/com.google.android.gms-zDijJikcKxb1i4ibdVh7KA==/oat/arm64/split_GoogleCertificates_installtime.odex) is kOatUpToDate with filter 'speed' executable 'false'
05-01 17:24:40.264  3046  3052 I artd    : GetBestInfo: odex next to the dex file (/data/app/~~9zdI27-KZDEvVC_7GO9BLQ==/com.google.android.gms-zDijJikcKxb1i4ibdVh7KA==/oat/arm64/split_MapsDynamite_installtime.odex) is kOatUpToDate with filter 'speed' executable 'false'
05-01 17:24:40.280  3046  3052 I artd    : GetBestInfo: odex next to the dex file (/data/app/~~9zdI27-KZDEvVC_7GO9BLQ==/com.google.android.gms-zDijJikcKxb1i4ibdVh7KA==/oat/arm64/split_MeasurementDynamite_installtime.odex) is kOatUpToDate with filter 'speed' executable 'false'
05-01 17:24:40.282  3046  3052 I artd    : GetBestInfo: /data/user_de/0/com.google.android.gms/app_chimera/m/00000024/dl-MlkitOcrCommon.optional_261332100400.apk has no usable artifacts
05-01 17:24:40.283  3046  3052 I artd    : GetBestInfo: /data/user_de/0/com.google.android.gms/app_chimera/m/00000001/CronetDynamite.apk has no usable artifacts
05-01 17:24:40.284  3046  3052 I artd    : GetBestInfo: /data/user_de/0/com.google.android.gms/app_chimera/m/00000002/DynamiteLoader.apk has no usable artifacts
05-01 17:24:40.284  3046  3052 W artd    : Could not get dex checksums for location /data/app/~~3fBXho8HaymPEUVbuDbDyw==/com.google.android.gms-lP3FhbDqyEae3o3ITSwEOg==/base.apk, fd=-1
05-01 17:24:40.285  3046  3052 W artd    : Could not get dex checksums for location /data/app/~~3fBXho8HaymPEUVbuDbDyw==/com.google.android.gms-lP3FhbDqyEae3o3ITSwEOg==/base.apk, fd=-1
05-01 17:24:40.286  3046  3052 I artd    : GetBestInfo: /data/user_de/0/com.google.android.gms/app_chimera/m/00000005/GoogleCertificates.apk has no usable artifacts
05-01 17:24:40.286  3046  3052 W artd    : Could not get dex checksums for location /data/app/~~3fBXho8HaymPEUVbuDbDyw==/com.google.android.gms-lP3FhbDqyEae3o3ITSwEOg==/base.apk, fd=-1
05-01 17:24:40.310  3046  3052 I artd    : GetBestInfo: /data/user_de/0/com.google.android.gms/app_chimera/m/0000000c/dl-PlayCloudSearch.optional_253434100000.apk has no usable artifacts
05-01 17:24:40.310  3046  3052 W artd    : Could not get dex checksums for location /data/app/~~3fBXho8HaymPEUVbuDbDyw==/com.google.android.gms-lP3FhbDqyEae3o3ITSwEOg==/base.apk, fd=-1
05-01 17:24:40.312  3046  3052 W artd    : Could not get dex checksums for location /data/app/~~3fBXho8HaymPEUVbuDbDyw==/com.google.android.gms-lP3FhbDqyEae3o3ITSwEOg==/base.apk, fd=-1
05-01 17:24:40.312  3046  3052 W artd    : Could not get dex checksums for location /data/app/~~3fBXho8HaymPEUVbuDbDyw==/com.google.android.gms-lP3FhbDqyEae3o3ITSwEOg==/base.apk, fd=-1
05-01 17:24:40.317  3046  3052 I artd    : GetBestInfo: /data/user_de/0/com.google.android.gms/app_chimera/m/00000009/dl-Appsearch.optional_253434100400.apk has no usable artifacts
05-01 17:24:40.342  3046  3051 I artd    : GetBestInfo: /data/user_de/0/com.google.android.gms/app_chimera/m/0000001f/dl-MlkitBarcodeUi.optional_261332100400.apk has no usable artifacts
05-01 17:24:40.370  3046  3052 I artd    : GetBestInfo: vdex next to the dex file (/data/user/0/com.google.android.gms/app_dg_cache/C979021594972B0BA2D39F27BF33D93C4B1302BC/oat/arm64/the.vdex) is kOatUpToDate with filter 'verify' executable 'false'
05-01 17:24:40.379  3046  3052 W artd    : Could not get dex checksums for location /data/app/~~3fBXho8HaymPEUVbuDbDyw==/com.google.android.gms-lP3FhbDqyEae3o3ITSwEOg==/base.apk, fd=-1
05-01 17:24:40.380  3046  3052 W artd    : Could not get dex checksums for location /data/app/~~3fBXho8HaymPEUVbuDbDyw==/com.google.android.gms-lP3FhbDqyEae3o3ITSwEOg==/base.apk, fd=-1
05-01 17:24:40.400  3046  3051 I artd    : GetBestInfo: /data/user_de/0/com.google.android.gms/app_chimera/m/0000001e/dl-VisionOcr.optional_261332100000.apk has no usable artifacts
05-01 17:24:40.448  3046  3052 I artd    : GetBestInfo: /data/user_de/0/com.google.android.gms/app_chimera/m/00000020/dl-PlayCloudSearch.optional_261332100000.apk has no usable artifacts
05-01 17:24:40.471  3046  3051 I artd    : GetBestInfo: vdex next to the dex file (/data/user/0/com.google.android.gms/app_dg_cache/707FFD883BF2A7896692338F9625CA52336E933B/oat/arm64/the.vdex) is kOatUpToDate with filter 'verify' executable 'false'
05-01 17:24:40.478  3046  3052 I artd    : GetBestInfo: /data/user_de/0/com.google.android.gms/app_chimera/m/00000019/dl-TfliteDynamiteDynamite.integ_252130102100400.apk has no usable artifacts
05-01 17:24:40.481  3046  3051 W artd    : Could not get dex checksums for location /data/app/~~3fBXho8HaymPEUVbuDbDyw==/com.google.android.gms-lP3FhbDqyEae3o3ITSwEOg==/base.apk, fd=-1
05-01 17:24:40.496  3046  3051 W artd    : Could not get dex checksums for location /data/app/~~dKAWhbpuAhXMPrgX8_uNaA==/com.android.vending-VlQnPVZ5qb-G_00QsqpjnQ==/base.apk, fd=-1
05-01 17:24:40.512  3046  3051 I artd    : GetBestInfo: /data/user_de/0/com.google.android.gms/app_chimera/m/00000021/dl-Appsearch.optional_261332100400.apk has no usable artifacts
05-01 17:24:40.535  3046  3051 I artd    : GetBestInfo: /data/user_de/0/com.google.android.gms/app_chimera/m/0000000b/dl-MlkitBarcodeUi.optional_253434100400.apk has no usable artifacts
05-01 17:24:40.609  2599  2613 W libbinder.Binder: Binder transaction to android.content.pm.IPackageManager code 1598311760 took 3272ms. Data bytes: 80 Reply bytes: 4 Flags: 16
05-01 17:24:40.855 10191 10411 D CameraRepository: Added camera: 1
05-01 17:24:40.885 10191 10411 D CameraQuirks: camera2 CameraQuirks = 
05-01 17:24:40.968 10191 10411 I Camera2CameraInfo: Device Level: INFO_SUPPORTED_HARDWARE_LEVEL_FULL
05-01 17:24:41.021 10191 10411 D CameraRepository: Added camera: 10
05-01 17:24:41.024 10191 10411 D CameraQuirks: camera2 CameraQuirks = 
05-01 17:24:41.030 10191 10411 I Camera2CameraInfo: Device Level: INFO_SUPPORTED_HARDWARE_LEVEL_LIMITED
05-01 17:24:41.038 10191 10411 D CameraValidator: Verifying camera lens facing on emu64a, lensFacingInteger: null
05-01 17:24:41.083  2599  2609 I system_server: Background young concurrent mark compact GC freed 23MB AllocSpace bytes, 6(152KB) LOS objects, 38% free, 37MB/61MB, paused 3.612ms,19.565ms total 1.380s
05-01 17:24:41.663  2532 10409 W android.hardware.audio@7.1-impl.ranchu: pcmWrite:259 pcm_writei failed with 'cannot read/write stream data: I/O error' (-1)
05-01 17:24:41.663  2532 10409 E android.hardware.audio@7.1-impl.ranchu: pcmWrite:260 failure: -1
05-01 17:24:41.772  2532 10409 W android.hardware.audio@7.1-impl.ranchu: pcmWrite:259 pcm_writei failed with 'cannot read/write stream data: I/O error' (-1)
05-01 17:24:41.772  2532 10409 E android.hardware.audio@7.1-impl.ranchu: pcmWrite:260 failure: -1
05-01 17:24:41.879  2532 10409 W android.hardware.audio@7.1-impl.ranchu: pcmWrite:259 pcm_writei failed with 'cannot read/write stream data: I/O error' (-1)
05-01 17:24:41.879  2532 10409 E android.hardware.audio@7.1-impl.ranchu: pcmWrite:260 failure: -1
05-01 17:24:41.919 10191 10191 D DynamicRangeResolver: Resolved dynamic range for use case androidx.camera.core.Preview-4b194a5b-593a-4d87-ab28-0b73db581226 to no compatible HDR dynamic ranges.
05-01 17:24:41.919 10191 10191 D DynamicRangeResolver: DynamicRange@d11f413{encoding=UNSPECIFIED, bitDepth=0}
05-01 17:24:41.919 10191 10191 D DynamicRangeResolver: ->
05-01 17:24:41.919 10191 10191 D DynamicRangeResolver: DynamicRange@b556302{encoding=SDR, bitDepth=8}
05-01 17:24:41.972 10191 10191 D CameraQuirks: camera2 CameraQuirks = 
05-01 17:24:41.974 10191 10191 D CameraQuirks: camera2 CameraQuirks = 
05-01 17:24:41.991  2532 10409 W android.hardware.audio@7.1-impl.ranchu: pcmWrite:259 pcm_writei failed with 'cannot read/write stream data: I/O error' (-1)
05-01 17:24:41.991  2532 10409 E android.hardware.audio@7.1-impl.ranchu: pcmWrite:260 failure: -1
05-01 17:24:42.060 10191 10191 D DeferrableSurface: Surface created[total_surfaces=1, used_surfaces=0](androidx.camera.core.processing.SurfaceEdge$SettableSurface@f1dbe6f}
05-01 17:24:42.077  3301  3307 W ssioncontroller: Suspending all threads took: 9.580ms
05-01 17:24:42.095  2532 10409 W android.hardware.audio@7.1-impl.ranchu: pcmWrite:259 pcm_writei failed with 'cannot read/write stream data: I/O error' (-1)
05-01 17:24:42.095  2532 10409 E android.hardware.audio@7.1-impl.ranchu: pcmWrite:260 failure: -1
05-01 17:24:42.143 10191 10191 D DeferrableSurface: Surface created[total_surfaces=2, used_surfaces=0](androidx.camera.core.SurfaceRequest$2@171d28b}
05-01 17:24:42.170 10191 10191 D DeferrableSurface: New surface in use[total_surfaces=2, used_surfaces=1](androidx.camera.core.SurfaceRequest$2@171d28b}
05-01 17:24:42.171 10191 10191 D DeferrableSurface: use count+1, useCount=1 androidx.camera.core.SurfaceRequest$2@171d28b
05-01 17:24:42.210  2532 10409 W android.hardware.audio@7.1-impl.ranchu: pcmWrite:259 pcm_writei failed with 'cannot read/write stream data: I/O error' (-1)
05-01 17:24:42.210  2532 10409 E android.hardware.audio@7.1-impl.ranchu: pcmWrite:260 failure: -1
05-01 17:24:42.329  2532 10409 W android.hardware.audio@7.1-impl.ranchu: pcmWrite:259 pcm_writei failed with 'cannot read/write stream data: I/O error' (-1)
05-01 17:24:42.329  2532 10409 E android.hardware.audio@7.1-impl.ranchu: pcmWrite:260 failure: -1
05-01 17:24:42.430  2532 10409 W android.hardware.audio@7.1-impl.ranchu: pcmWrite:259 pcm_writei failed with 'cannot read/write stream data: I/O error' (-1)
05-01 17:24:42.430  2532 10409 E android.hardware.audio@7.1-impl.ranchu: pcmWrite:260 failure: -1
05-01 17:24:42.553  2532 10409 W android.hardware.audio@7.1-impl.ranchu: pcmWrite:259 pcm_writei failed with 'cannot read/write stream data: I/O error' (-1)
05-01 17:24:42.553  2532 10409 E android.hardware.audio@7.1-impl.ranchu: pcmWrite:260 failure: -1
05-01 17:24:42.570 10191 10191 D DeferrableSurface: Surface created[total_surfaces=3, used_surfaces=1](androidx.camera.core.impl.ImmediateSurface@b6bda14}
05-01 17:24:42.580 10191 10191 D PreviewView: Surface requested by Preview.
05-01 17:24:42.596 10191 10191 D DeviceQuirks: view DeviceQuirks = 
05-01 17:24:42.667  2532 10409 W android.hardware.audio@7.1-impl.ranchu: pcmWrite:259 pcm_writei failed with 'cannot read/write stream data: I/O error' (-1)
05-01 17:24:42.667  2532 10409 E android.hardware.audio@7.1-impl.ranchu: pcmWrite:260 failure: -1
05-01 17:24:42.751 10191 10411 D Camera2CameraImpl: {Camera@14d2416[id=1]} Use case androidx.camera.core.Preview-4b194a5b-593a-4d87-ab28-0b73db58122613657462 ACTIVE
05-01 17:24:42.768  2599  2796 I HalDevMgr: bestIfaceCreationProposal is null, requestIface=STA, existingIface=[name=wlan0 type=STA]
05-01 17:24:42.778  2532  9383 D android.hardware.audio@7.1-impl.ranchu: threadLoop: entering standby, frames: 263296
05-01 17:24:42.778  2532  9383 D android.hardware.audio@7.1-impl.ranchu: ~TinyalsaSink: joining consumeThread
05-01 17:24:42.779  2532 10409 W android.hardware.audio@7.1-impl.ranchu: pcmWrite:259 pcm_writei failed with 'cannot read/write stream data: I/O error' (-1)
05-01 17:24:42.779  2532 10409 E android.hardware.audio@7.1-impl.ranchu: pcmWrite:260 failure: -1
05-01 17:24:42.779  2532 10409 D android.hardware.audio@7.1-impl.ranchu: consumeThread: exiting
05-01 17:24:42.792 10191 10411 D DeviceQuirks: core DeviceQuirks = SurfaceOrderQuirk
05-01 17:24:42.794 10191 10411 D UseCaseAttachState: Active and attached use case: [] for camera: 1
05-01 17:24:42.795 10191 10411 D Camera2CameraImpl: {Camera@14d2416[id=1]} Use case androidx.camera.core.ImageAnalysis-aa07988c-b2c8-479f-a576-0d6a88e21003115955575 ACTIVE
05-01 17:24:42.795 10191 10411 D UseCaseAttachState: Active and attached use case: [] for camera: 1
05-01 17:24:42.796 10191 10411 D Camera2CameraImpl: {Camera@14d2416[id=1]} Use cases [androidx.camera.core.Preview-4b194a5b-593a-4d87-ab28-0b73db58122613657462, androidx.camera.core.ImageAnalysis-aa07988c-b2c8-479f-a576-0d6a88e21003115955575] now ATTACHED
05-01 17:24:42.796 10191 10411 D Camera2CameraControlImp: setActive: isActive = true
05-01 17:24:42.804 10191 10411 D UseCaseAttachState: All use case: [androidx.camera.core.Preview-4b194a5b-593a-4d87-ab28-0b73db58122613657462, androidx.camera.core.ImageAnalysis-aa07988c-b2c8-479f-a576-0d6a88e21003115955575] for camera: 1
05-01 17:24:42.804 10191 10411 D UseCaseAttachState: Active and attached use case: [androidx.camera.core.Preview-4b194a5b-593a-4d87-ab28-0b73db58122613657462, androidx.camera.core.ImageAnalysis-aa07988c-b2c8-479f-a576-0d6a88e21003115955575] for camera: 1
05-01 17:24:42.808  2532  9383 D android.hardware.audio@7.1-impl.ranchu: ~TinyalsaSink: stopping PCM stream
05-01 17:24:42.808 10191 10191 D PreviewView: Preview transformation info updated. TransformationInfo{getCropRect=Rect(0, 0 - 1600, 1200), getRotationDegrees=270, getTargetRotation=-1, hasCameraTransform=true, getSensorToBufferTransform=Matrix{[0.8333333, 0.0, -0.0][0.0, 0.8333333, -0.0][0.0, 0.0, 1.0]}, isMirroring=true}
05-01 17:24:42.809 10191 10191 D PreviewTransform: Transformation info set: TransformationInfo{getCropRect=Rect(0, 0 - 1600, 1200), getRotationDegrees=270, getTargetRotation=-1, hasCameraTransform=true, getSensorToBufferTransform=Matrix{[0.8333333, 0.0, -0.0][0.0, 0.8333333, -0.0][0.0, 0.0, 1.0]}, isMirroring=true} 1600x1200 true
05-01 17:24:42.822 10191 10411 D Camera2CameraImpl: {Camera@14d2416[id=1]} Resetting Capture Session
05-01 17:24:42.840 10191 10411 D Camera2CameraImpl: {Camera@14d2416[id=1]} Skipping Capture Session state check due to current camera state: INITIALIZED and previous session status: false
05-01 17:24:42.840 10191 10411 D Camera2CameraImpl: {Camera@14d2416[id=1]} Releasing session in state INITIALIZED
05-01 17:24:42.841 10191 10411 D Camera2CameraImpl: {Camera@14d2416[id=1]} Attempting to force open the camera.
05-01 17:24:42.842 10191 10411 D CameraStateRegistry: tryOpenCamera(Camera@14d2416[id=1]) [Available Cameras: 1, Already Open: false (Previous state: null)] --> SUCCESS
05-01 17:24:42.842 10191 10411 D CameraStateRegistry: Recalculating open cameras:
05-01 17:24:42.842 10191 10411 D CameraStateRegistry: Camera                                       State                 
05-01 17:24:42.842 10191 10411 D CameraStateRegistry: -------------------------------------------------------------------
05-01 17:24:42.842 10191 10411 D CameraStateRegistry: Camera@2703969[id=10]                        UNKNOWN               
05-01 17:24:42.842 10191 10411 D CameraStateRegistry: Camera@14d2416[id=1]                         OPENING               
05-01 17:24:42.842 10191 10411 D CameraStateRegistry: -------------------------------------------------------------------
05-01 17:24:42.842 10191 10411 D CameraStateRegistry: Open count: 1 (Max allowed: 1)
05-01 17:24:42.842 10191 10411 D Camera2CameraImpl: {Camera@14d2416[id=1]} Opening camera.
05-01 17:24:42.842 10191 10411 D Camera2CameraImpl: {Camera@14d2416[id=1]} Transitioning camera internal state: INITIALIZED --> OPENING
05-01 17:24:42.842 10191 10411 D CameraStateMachine: New public camera state CameraState{type=OPENING, error=null} from OPENING and null
05-01 17:24:42.842 10191 10411 D CameraStateMachine: Publishing new public camera state CameraState{type=OPENING, error=null}
05-01 17:24:42.845 10191 10411 D UseCaseAttachState: All use case: [androidx.camera.core.Preview-4b194a5b-593a-4d87-ab28-0b73db58122613657462, androidx.camera.core.ImageAnalysis-aa07988c-b2c8-479f-a576-0d6a88e21003115955575] for camera: 1
05-01 17:24:42.897 10191 10211 I com.signbridge: Waiting for a blocking GC ProfileSaver
05-01 17:24:42.905 10191 10191 D SurfaceViewImpl: Wait for new Surface creation.
05-01 17:24:43.019 10191 10191 D SurfaceViewImpl: Surface created.
05-01 17:24:43.019 10191 10191 D SurfaceViewImpl: Surface changed. Size: 1600x1200
05-01 17:24:43.019 10191 10191 D SurfaceViewImpl: Surface set on Preview.
05-01 17:24:43.100  2528  2528 I CameraService: CameraService::connect call (PID 10191 "com.signbridge", camera ID 1) and Camera API version 2
05-01 17:24:43.247  2528  2528 I CameraService: onTorchStatusChangedLocked: Torch status changed for cameraId=1, newStatus=0
05-01 17:24:43.259  2528  2528 W libbinder.IPCThreadState: Sending oneway calls to frozen process.
05-01 17:24:43.260  2528  2528 W libbinder.IPCThreadState: Sending oneway calls to frozen process.
05-01 17:24:43.263 10191 10200 I com.signbridge: Background young concurrent mark compact GC freed 2588KB AllocSpace bytes, 0(0B) LOS objects, 42% free, 4551KB/7935KB, paused 2.961ms,9.933ms total 686.673ms
05-01 17:24:43.265 10191 10211 I com.signbridge: WaitForGcToComplete blocked ProfileSaver on Background for 411.486ms
05-01 17:24:43.363   521   521 W EmulatedCameraDeviceInfo: InitializeControlDefaults: No available post RAW boost! Setting default!
05-01 17:24:43.457  2599  2710 W PackageManager: Not removing package com.google.android.trichromelibrary hosting lib com.google.android.trichromelibrary version 768017733 used by [VersionedPackage[com.android.chrome/768017733]] for user 0
05-01 17:24:43.497  2599 10418 I HidlSensorManager: hidl_ssvc_poll started.
05-01 17:24:43.510   521   521 W EmulatedCameraDeviceInfo: InitializeControlDefaults: No available post RAW boost! Setting default!
05-01 17:24:43.510   521 10419 E EmulatedRequestProcessor: onEvent: unexpected event received type: 33
05-01 17:24:43.511   521   521 W EmulatedCameraDeviceInfo: InitializeControlDefaults: No available post RAW boost! Setting default!
05-01 17:24:43.511   521 10419 E EmulatedRequestProcessor: onEvent: unexpected event received type: 33
05-01 17:24:43.511   521 10419 E EmulatedRequestProcessor: onEvent: unexpected event received type: 33
05-01 17:24:43.511   521   521 W EmulatedCameraDeviceInfo: InitializeControlDefaults: No available post RAW boost! Setting default!
05-01 17:24:43.514  2528  2528 I CameraProviderManager: Camera device device@1.1/internal/1 torch status is now NOT_AVAILABLE
05-01 17:24:43.514  2528  2528 I CameraService: onTorchStatusChangedLocked: Torch status changed for cameraId=1, newStatus=0
05-01 17:24:43.515   521   521 I GCH_CameraDeviceSession: Initialize: measure buffer allocation time: 0 
05-01 17:24:43.530   521   521 I GCH_CameraDeviceSession: Create: Created a device session for camera 1 with 2 physical cameras: 4 5 
05-01 17:24:43.532   521 10421 I GCH_CameraDevice: Pinning memory config is set to 0 shared libraries.
05-01 17:24:43.546   521   521 W libbinder.ServiceManagerCppClient: Failed to get isDeclared for android.hardware.thermal.IThermal/default: Status(-1, EX_SECURITY): 'SELinux denied for service.'
05-01 17:24:43.546   521   521 W GCH_AidlCameraDeviceSession: Thermal AIDL service is not declared
05-01 17:24:43.546   521   521 E GCH_AidlCameraDeviceSession: RegisterThermalChangedCallback: thermal was not initialized.
05-01 17:24:43.546   521   521 W GCH_CameraDeviceSession: SetSessionCallback: Registering thermal callback failed: No such device(-19)
05-01 17:24:43.642 10191 10411 D Camera2CameraImpl: {Camera@14d2416[id=1]} Use case androidx.camera.core.Preview-4b194a5b-593a-4d87-ab28-0b73db58122613657462 ACTIVE
05-01 17:24:43.643 10191 10411 D UseCaseAttachState: Active and attached use case: [androidx.camera.core.Preview-4b194a5b-593a-4d87-ab28-0b73db58122613657462, androidx.camera.core.ImageAnalysis-aa07988c-b2c8-479f-a576-0d6a88e21003115955575] for camera: 1
05-01 17:24:43.647 10191 10411 D Camera2CameraImpl: {Camera@14d2416[id=1]} Use case androidx.camera.core.ImageAnalysis-aa07988c-b2c8-479f-a576-0d6a88e21003115955575 ACTIVE
05-01 17:24:43.650 10191 10411 D UseCaseAttachState: Active and attached use case: [androidx.camera.core.Preview-4b194a5b-593a-4d87-ab28-0b73db58122613657462, androidx.camera.core.ImageAnalysis-aa07988c-b2c8-479f-a576-0d6a88e21003115955575] for camera: 1
05-01 17:24:43.654 10191 10411 D Camera2CameraImpl: {Camera@14d2416[id=1]} CameraDevice.onOpened()
05-01 17:24:43.660 10191 10411 D Camera2CameraImpl: {Camera@14d2416[id=1]} Transitioning camera internal state: OPENING --> OPENED
05-01 17:24:43.660 10191 10411 D CameraStateRegistry: Recalculating open cameras:
05-01 17:24:43.660 10191 10411 D CameraStateRegistry: Camera                                       State                 
05-01 17:24:43.660 10191 10411 D CameraStateRegistry: -------------------------------------------------------------------
05-01 17:24:43.660 10191 10411 D CameraStateRegistry: Camera@2703969[id=10]                        UNKNOWN               
05-01 17:24:43.660 10191 10411 D CameraStateRegistry: Camera@14d2416[id=1]                         OPEN                  
05-01 17:24:43.660 10191 10411 D CameraStateRegistry: -------------------------------------------------------------------
05-01 17:24:43.660 10191 10411 D CameraStateRegistry: Open count: 1 (Max allowed: 1)
05-01 17:24:43.661 10191 10411 D CameraStateMachine: New public camera state CameraState{type=OPEN, error=null} from OPEN and null
05-01 17:24:43.661 10191 10411 D CameraStateMachine: Publishing new public camera state CameraState{type=OPEN, error=null}
05-01 17:24:43.662 10191 10411 D UseCaseAttachState: All use case: [androidx.camera.core.Preview-4b194a5b-593a-4d87-ab28-0b73db58122613657462, androidx.camera.core.ImageAnalysis-aa07988c-b2c8-479f-a576-0d6a88e21003115955575] for camera: 1
05-01 17:24:43.667 10191 10411 D UseCaseAttachState: Active and attached use case: [androidx.camera.core.Preview-4b194a5b-593a-4d87-ab28-0b73db58122613657462, androidx.camera.core.ImageAnalysis-aa07988c-b2c8-479f-a576-0d6a88e21003115955575] for camera: 1
05-01 17:24:43.670 10191 10411 D SyncCaptureSessionBase: [androidx.camera.camera2.internal.SynchronizedCaptureSessionImpl@fbfc39d] getSurface done with results: [Surface(name=null mNativeObject=-5476376616973980464)/@0xd43f044, Surface(name=null mNativeObject=-5476376616974087584)/@0xe25f274]
05-01 17:24:43.671 10191 10411 D CaptureSession: Opening capture session.
05-01 17:24:43.706 10191 10411 D Camera2CaptureRequestBuilder: template type = 1
05-01 17:24:43.741 10191 10411 D SyncCaptureSessionImpl: [androidx.camera.camera2.internal.SynchronizedCaptureSessionImpl@fbfc39d] start openCaptureSession
05-01 17:24:43.745 10191 10411 D DeferrableSurface: use count+1, useCount=2 androidx.camera.core.SurfaceRequest$2@171d28b
05-01 17:24:43.745 10191 10411 D DeferrableSurface: New surface in use[total_surfaces=3, used_surfaces=2](androidx.camera.core.impl.ImmediateSurface@b6bda14}
05-01 17:24:43.745 10191 10411 D DeferrableSurface: use count+1, useCount=1 androidx.camera.core.impl.ImmediateSurface@b6bda14
05-01 17:24:43.841  2528  2528 W cameraserver: createConfiguredSurface: Camera 1: Overriding format 0x4 to IMPLEMENTATION_DEFINED
05-01 17:24:44.092   521  1905 I GCH_HalUtils: ======== App stream configuration ========
05-01 17:24:44.092   521  1905 I GCH_HalUtils: == stream num: 2, operation_mode:0
05-01 17:24:44.092   521  1905 I GCH_HalUtils: ==== [0]stream_id 0, type 0, format 34, res 1600x1200, usage 2304, is_phy 0, phy_cam_id 0, group_id -1
05-01 17:24:44.092   521  1905 I GCH_HalUtils: ==== [1]stream_id 1, type 0, format 35, res 1920x1440, usage 3, is_phy 0, phy_cam_id 0, group_id -1
05-01 17:24:44.092   521  1905 I GCH_HalUtils: ======== App stream configuration ========
05-01 17:24:44.139   521  1905 I GCH_ZslSnapshotCaptureSession: IsStreamConfigurationSupported: Software denoised not enabled
05-01 17:24:44.139   521  1905 D GCH_BasicCaptureSession: IsStreamConfigurationSupported: BasicCaptureSession supports the stream config
05-01 17:24:44.139   521  1905 D GCH_BasicCaptureSession: IsStreamConfigurationSupported: BasicCaptureSession supports the stream config
05-01 17:24:44.150   521  1905 I GCH_ResultDispatcher: [Cam1_ResultDispatcher] ResultDispatcher: SetRealtimeThread OK
05-01 17:24:44.151   521  1905 I StreamBufferCacheManager: Create: Created StreamBufferCacheManager.
05-01 17:24:44.151   521  1905 I GCH_CameraDeviceSession: RegisterStreamsIntoCacheManagerLocked: [sbc] Registered stream 1 into SBC manager.
05-01 17:24:44.148   521   521 W binder:521_4: type=1400 audit(0.0:177): avc:  denied  { sys_nice } for  capability=23  scontext=u:r:hal_camera_default:s0 tcontext=u:r:hal_camera_default:s0 tclass=capability permissive=0
05-01 17:24:44.343  2528  2528 W libprocessgroup: A JoinCgroup action in the SystemMemoryProcess profile is used for controller memory in the cgroup v2 hierarchy and will be ignored
05-01 17:24:44.673 10191 10411 D SyncCaptureSessionImpl: [androidx.camera.camera2.internal.SynchronizedCaptureSessionImpl@fbfc39d] Session onConfigured()
05-01 17:24:44.674 10191 10411 D CaptureSession: Attempting to send capture request onConfigured
05-01 17:24:44.680 10191 10411 D CaptureSession: Issuing request for session.
05-01 17:24:44.680 10191 10411 D Camera2CaptureRequestBuilder: createCaptureRequest
05-01 17:24:44.700  2528 10422 I CameraService: Start camera streaming for com.signbridge (PID 10191, UID 10234)
05-01 17:24:44.759 10191 10411 D CaptureSession: CameraCaptureSession.onConfigured() mState=OPENED
05-01 17:24:44.760 10191 10411 D CaptureSession: CameraCaptureSession.onReady() OPENED
05-01 17:24:44.916   561   561 I SurfaceFlinger: Display 4619827259835644672 policy changed
05-01 17:24:44.916   561   561 I SurfaceFlinger: Previous: {defaultModeId=0, allowGroupSwitching=false, primaryRanges={physical=[0.00 Hz, inf Hz], render=[0.00 Hz, 60.00 Hz]}, appRequestRanges={physical=[0.00 Hz, inf Hz], render=[0.00 Hz, inf Hz]} idleScreenConfig=nullptr}
05-01 17:24:44.916   561   561 I SurfaceFlinger: Current:  DisplayManagerPolicy{defaultModeId=0, allowGroupSwitching=false, primaryRanges={physical=[60.00 Hz, inf Hz], render=[60.00 Hz, 60.00 Hz]}, appRequestRanges={physical=[60.00 Hz, inf Hz], render=[60.00 Hz, 60.00 Hz]} idleScreenConfig=nullptr}
05-01 17:24:44.916   561   561 I SurfaceFlinger: 0 mode changes were performed under the previous policy
05-01 17:24:44.918   561   561 D SurfaceFlinger: setDesiredMode 4619827259835644672 {mode={fps=60.00 Hz, modePtr={id=0, vsyncRate=60.00 Hz, peakRefreshRate=60.00 Hz}}, emitEvent=true, force=false}
05-01 17:24:45.139  3054  3142 D SatelliteController: iisInCarrierRoamingNbIotNtn: satellite is disabled
05-01 17:24:45.157  3054  3142 D SatelliteController: getCarrierRoamingNtnConnectType: Falling back to global carrier config connect type: 0
05-01 17:24:45.168  2599  2991 W libbinder.IPCThreadState: Sending oneway calls to frozen process.
05-01 17:24:45.275   521  1905 I GCH_CameraDeviceSession: ProcessCaptureRequest: [sbc] Stream 1 1st req arrived, notify SBC Manager.
05-01 17:24:45.452  2896  2896 D PerDisplayStore: <SystemEventChipAnimationController> new instance created for displayId=0
05-01 17:24:45.676   521 10427 W GCH_ResultDispatcher: [Cam1_ResultDispatcher] PrintTimeoutMessages: pending shutter for frame 0 ready 0
05-01 17:24:45.677   521 10427 W GCH_ResultDispatcher: [Cam1_ResultDispatcher] PrintTimeoutMessages: pending early result metadata for frame 0 ready 0
05-01 17:24:45.677   521 10427 W GCH_ResultDispatcher: [Cam1_ResultDispatcher] PrintTimeoutMessages: pending final result metadata for frame 0 ready 0
05-01 17:24:45.677   521 10427 W GCH_ResultDispatcher: [Cam1_ResultDispatcher] PrintTimeoutMessages: pending buffer of stream 0 for frame 0 ready 0
05-01 17:24:45.677   521 10427 W GCH_ResultDispatcher: [Cam1_ResultDispatcher] PrintTimeoutMessages: pending buffer of stream 1 for frame 0 ready 0
05-01 17:24:45.827  2599  2796 I HalDevMgr: bestIfaceCreationProposal is null, requestIface=STA, existingIface=[name=wlan0 type=STA]
05-01 17:24:45.893   521 10416 E EmulatedRequestProcessor: ApplyOverrideZoom: awbRegions needs to be specified for overriding zoom
05-01 17:24:46.029   521 10416 E EmulatedRequestProcessor: ApplyOverrideZoom: awbRegions needs to be specified for overriding zoom
05-01 17:24:46.523   521 10427 W GCH_ResultDispatcher: [Cam1_ResultDispatcher] PrintTimeoutMessages: pending shutter for frame 1 ready 0
05-01 17:24:46.523   521 10427 W GCH_ResultDispatcher: [Cam1_ResultDispatcher] PrintTimeoutMessages: pending shutter for frame 2 ready 0
05-01 17:24:46.524   521 10427 W GCH_ResultDispatcher: [Cam1_ResultDispatcher] PrintTimeoutMessages: pending early result metadata for frame 0 ready 0
05-01 17:24:46.524   521 10427 W GCH_ResultDispatcher: [Cam1_ResultDispatcher] PrintTimeoutMessages: pending early result metadata for frame 1 ready 0
05-01 17:24:46.524   521 10427 W GCH_ResultDispatcher: [Cam1_ResultDispatcher] PrintTimeoutMessages: pending early result metadata for frame 2 ready 0
05-01 17:24:46.524   521 10427 W GCH_ResultDispatcher: [Cam1_ResultDispatcher] PrintTimeoutMessages: pending final result metadata for frame 0 ready 0
05-01 17:24:46.524   521 10427 W GCH_ResultDispatcher: [Cam1_ResultDispatcher] PrintTimeoutMessages: pending final result metadata for frame 1 ready 0
05-01 17:24:46.524   521 10427 W GCH_ResultDispatcher: [Cam1_ResultDispatcher] PrintTimeoutMessages: pending final result metadata for frame 2 ready 0
05-01 17:24:46.524   521 10427 W GCH_ResultDispatcher: [Cam1_ResultDispatcher] PrintTimeoutMessages: pending buffer of stream 0 for frame 0 ready 0
05-01 17:24:46.524   521 10427 W GCH_ResultDispatcher: [Cam1_ResultDispatcher] PrintTimeoutMessages: pending buffer of stream 0 for frame 1 ready 0
05-01 17:24:46.524   521 10427 W GCH_ResultDispatcher: [Cam1_ResultDispatcher] PrintTimeoutMessages: pending buffer of stream 0 for frame 2 ready 0
05-01 17:24:46.524   521 10427 W GCH_ResultDispatcher: [Cam1_ResultDispatcher] PrintTimeoutMessages: pending buffer of stream 1 for frame 0 ready 0
05-01 17:24:46.524   521 10427 W GCH_ResultDispatcher: [Cam1_ResultDispatcher] PrintTimeoutMessages: pending buffer of stream 1 for frame 1 ready 0
05-01 17:24:46.524   521 10427 W GCH_ResultDispatcher: [Cam1_ResultDispatcher] PrintTimeoutMessages: pending buffer of stream 1 for frame 2 ready 0
05-01 17:24:46.975  2896  2896 I Choreographer: Skipped 60 frames!  The application may be doing too much work on its main thread.
05-01 17:24:47.024   521 10427 W GCH_ResultDispatcher: [Cam1_ResultDispatcher] PrintTimeoutMessages: pending shutter for frame 1 ready 0
05-01 17:24:47.025   521 10427 W GCH_ResultDispatcher: [Cam1_ResultDispatcher] PrintTimeoutMessages: pending shutter for frame 2 ready 0
05-01 17:24:47.025   521 10427 W GCH_ResultDispatcher: [Cam1_ResultDispatcher] PrintTimeoutMessages: pending early result metadata for frame 0 ready 0
05-01 17:24:47.025   521 10427 W GCH_ResultDispatcher: [Cam1_ResultDispatcher] PrintTimeoutMessages: pending early result metadata for frame 1 ready 0
05-01 17:24:47.025   521 10427 W GCH_ResultDispatcher: [Cam1_ResultDispatcher] PrintTimeoutMessages: pending early result metadata for frame 2 ready 0
05-01 17:24:47.025   521 10427 W GCH_ResultDispatcher: [Cam1_ResultDispatcher] PrintTimeoutMessages: pending final result metadata for frame 0 ready 0
05-01 17:24:47.025   521 10427 W GCH_ResultDispatcher: [Cam1_ResultDispatcher] PrintTimeoutMessages: pending final result metadata for frame 1 ready 0
05-01 17:24:47.025   521 10427 W GCH_ResultDispatcher: [Cam1_ResultDispatcher] PrintTimeoutMessages: pending final result metadata for frame 2 ready 0
05-01 17:24:47.025   521 10427 W GCH_ResultDispatcher: [Cam1_ResultDispatcher] PrintTimeoutMessages: pending buffer of stream 0 for frame 0 ready 0
05-01 17:24:47.025   521 10427 W GCH_ResultDispatcher: [Cam1_ResultDispatcher] PrintTimeoutMessages: pending buffer of stream 0 for frame 1 ready 0
05-01 17:24:47.025   521 10427 W GCH_ResultDispatcher: [Cam1_ResultDispatcher] PrintTimeoutMessages: pending buffer of stream 0 for frame 2 ready 0
05-01 17:24:47.025   521 10427 W GCH_ResultDispatcher: [Cam1_ResultDispatcher] PrintTimeoutMessages: pending buffer of stream 1 for frame 0 ready 0
05-01 17:24:47.025   521 10427 W GCH_ResultDispatcher: [Cam1_ResultDispatcher] PrintTimeoutMessages: pending buffer of stream 1 for frame 1 ready 0
05-01 17:24:47.025   521 10427 W GCH_ResultDispatcher: [Cam1_ResultDispatcher] PrintTimeoutMessages: pending buffer of stream 1 for frame 2 ready 0
05-01 17:24:47.258  2599  2742 D ActivityManager: freezing 3301 com.google.android.permissioncontroller
05-01 17:24:47.289  2599  2802 D InetDiagMessage: Destroyed 0 sockets, proto=IPPROTO_TCP, family=AF_INET, states=14
05-01 17:24:47.294  2599  2802 D InetDiagMessage: Destroyed 0 sockets, proto=IPPROTO_TCP, family=AF_INET6, states=14
05-01 17:24:47.294  2599  2802 D InetDiagMessage: Destroyed live tcp sockets for uids={10212} in 8ms
05-01 17:24:47.355 10431 10431 W libbinder.BackendUnifiedServiceManager: Thread Pool max thread count is 0. Cannot cache binder as linkToDeath cannot be implemented. serviceName: package
05-01 17:24:47.525   521 10427 W GCH_ResultDispatcher: [Cam1_ResultDispatcher] PrintTimeoutMessages: pending shutter for frame 1 ready 0
05-01 17:24:47.525   521 10427 W GCH_ResultDispatcher: [Cam1_ResultDispatcher] PrintTimeoutMessages: pending shutter for frame 2 ready 0
05-01 17:24:47.525   521 10427 W GCH_ResultDispatcher: [Cam1_ResultDispatcher] PrintTimeoutMessages: pending early result metadata for frame 0 ready 0
05-01 17:24:47.525   521 10427 W GCH_ResultDispatcher: [Cam1_ResultDispatcher] PrintTimeoutMessages: pending early result metadata for frame 1 ready 0
05-01 17:24:47.525   521 10427 W GCH_ResultDispatcher: [Cam1_ResultDispatcher] PrintTimeoutMessages: pending early result metadata for frame 2 ready 0
05-01 17:24:47.525   521 10427 W GCH_ResultDispatcher: [Cam1_ResultDispatcher] PrintTimeoutMessages: pending final result metadata for frame 0 ready 0
05-01 17:24:47.525   521 10427 W GCH_ResultDispatcher: [Cam1_ResultDispatcher] PrintTimeoutMessages: pending final result metadata for frame 1 ready 0
05-01 17:24:47.525   521 10427 W GCH_ResultDispatcher: [Cam1_ResultDispatcher] PrintTimeoutMessages: pending final result metadata for frame 2 ready 0
05-01 17:24:47.525   521 10427 W GCH_ResultDispatcher: [Cam1_ResultDispatcher] PrintTimeoutMessages: pending buffer of stream 0 for frame 0 ready 0
05-01 17:24:47.525   521 10427 W GCH_ResultDispatcher: [Cam1_ResultDispatcher] PrintTimeoutMessages: pending buffer of stream 0 for frame 1 ready 0
05-01 17:24:47.525   521 10427 W GCH_ResultDispatcher: [Cam1_ResultDispatcher] PrintTimeoutMessages: pending buffer of stream 0 for frame 2 ready 0
05-01 17:24:47.525   521 10427 W GCH_ResultDispatcher: [Cam1_ResultDispatcher] PrintTimeoutMessages: pending buffer of stream 1 for frame 0 ready 0
05-01 17:24:47.525   521 10427 W GCH_ResultDispatcher: [Cam1_ResultDispatcher] PrintTimeoutMessages: pending buffer of stream 1 for frame 1 ready 0
05-01 17:24:47.525   521 10427 W GCH_ResultDispatcher: [Cam1_ResultDispatcher] PrintTimeoutMessages: pending buffer of stream 1 for frame 2 ready 0
05-01 17:24:48.024   532   675 W libbinder.Binder: Binder transaction to android.hardware.graphics.composer3.IComposerClient code 5 took 1833ms. Data bytes: 192 Reply bytes: 240 Flags: 16
05-01 17:24:48.033   521 10427 I GCH_AidlCameraDeviceSession: ProcessBatchCaptureResult: First frame done
05-01 17:24:48.111   521  1905 W libbinder.Binder: Binder transaction to android.hardware.camera.device.ICameraDeviceSession code 8 took 1893ms. Data bytes: 524 Reply bytes: 8 Flags: 16
05-01 17:24:48.122  2896  2896 I Choreographer: Skipped 66 frames!  The application may be doing too much work on its main thread.
05-01 17:24:48.123   521 10416 E EmulatedRequestProcessor: ApplyOverrideZoom: awbRegions needs to be specified for overriding zoom
05-01 17:24:48.139  2896  3099 I HWUI    : Davey! duration=2596ms; Flags=0, FrameTimelineVsyncId=33717, IntendedVsync=3067988294691, Vsync=3068388294675, InputEventId=0, HandleInputStart=3068461774211, AnimationStart=3068461775420, PerformTraversalsStart=3068465697295, DrawStart=3068511687253, FrameDeadline=3068004961357, FrameStartTime=3068403811711, FrameInterval=16666666, WorkloadTarget=16666666, SyncQueued=3068516174003, SyncStart=3068523474045, IssueDrawCommandsStart=3068714468462, SwapBuffers=3070547194712, FrameCompleted=3070592350254, DequeueBufferDuration=5292, QueueBufferDuration=1108333, GpuCompleted=3070592350254, SwapBuffersCompleted=3070579528004, DisplayPresentTime=0, CommandSubmissionCompleted=3070547194712, 
05-01 17:24:48.207  3046  3052 I artd    : GetBestInfo: odex next to the dex file (/data/app/~~9zdI27-KZDEvVC_7GO9BLQ==/com.google.android.gms-zDijJikcKxb1i4ibdVh7KA==/oat/arm64/base.odex) is kOatUpToDate with filter 'speed-profile' executable 'false'
05-01 17:24:48.232  2896  3099 I HWUI    : Davey! duration=1164ms; Flags=0, FrameTimelineVsyncId=33732, IntendedVsync=3068471628005, Vsync=3069471627905, InputEventId=0, HandleInputStart=3069512547545, AnimationStart=3069512548837, PerformTraversalsStart=3069513839754, DrawStart=3069513883754, FrameDeadline=3070621627919, FrameStartTime=3069474723087, FrameInterval=16666665, WorkloadTarget=16666666, SyncQueued=3069513899004, SyncStart=3070587014796, IssueDrawCommandsStart=3070587255337, SwapBuffers=3070668209462, FrameCompleted=3070709617421, DequeueBufferDuration=13500, QueueBufferDuration=15040291, GpuCompleted=3070698760504, SwapBuffersCompleted=3070709617421, DisplayPresentTime=0, CommandSubmissionCompleted=3070668209462, 
05-01 17:24:48.232  3046  3052 I artd    : GetBestInfo: odex next to the dex file (/data/app/~~9zdI27-KZDEvVC_7GO9BLQ==/com.google.android.gms-zDijJikcKxb1i4ibdVh7KA==/oat/arm64/split_AdsDynamite_installtime.odex) is kOatUpToDate with filter 'speed' executable 'false'
05-01 17:24:48.284   521 10416 E EmulatedRequestProcessor: ApplyOverrideZoom: awbRegions needs to be specified for overriding zoom
05-01 17:24:48.312  3046  3052 I artd    : GetBestInfo: odex next to the dex file (/data/app/~~9zdI27-KZDEvVC_7GO9BLQ==/com.google.android.gms-zDijJikcKxb1i4ibdVh7KA==/oat/arm64/split_CronetDynamite_installtime.odex) is kOatUpToDate with filter 'speed' executable 'false'
05-01 17:24:48.331  3046  3052 I artd    : GetBestInfo: odex next to the dex file (/data/app/~~9zdI27-KZDEvVC_7GO9BLQ==/com.google.android.gms-zDijJikcKxb1i4ibdVh7KA==/oat/arm64/split_DynamiteLoader_installtime.odex) is kOatUpToDate with filter 'speed' executable 'false'
05-01 17:24:48.345  2896  9217 I HWUI    : Davey! duration=1293ms; Flags=0, FrameTimelineVsyncId=33763, IntendedVsync=3069521627963, Vsync=3070621627853, InputEventId=0, HandleInputStart=3070707102462, AnimationStart=3070707103879, PerformTraversalsStart=3070763311962, DrawStart=3070763346587, FrameDeadline=3070721627781, FrameStartTime=3070621707296, FrameInterval=16666665, WorkloadTarget=16666666, SyncQueued=3070764117337, SyncStart=3070774767088, IssueDrawCommandsStart=3070775113254, SwapBuffers=3070787838671, FrameCompleted=3070825380296, DequeueBufferDuration=4417, QueueBufferDuration=293334, GpuCompleted=3070825380296, SwapBuffersCompleted=3070812953171, DisplayPresentTime=0, CommandSubmissionCompleted=3070787838671, 
05-01 17:24:48.360  3046  3051 I artd    : GetBestInfo: odex next to the dex file (/data/app/~~9zdI27-KZDEvVC_7GO9BLQ==/com.google.android.gms-zDijJikcKxb1i4ibdVh7KA==/oat/arm64/split_DynamiteModulesA_installtime.odex) is kOatUpToDate with filter 'speed' executable 'false'
05-01 17:24:48.374 10191 10413 D StreamStateObserver: Update Preview stream state to STREAMING
05-01 17:24:48.395  3046  3052 I artd    : GetBestInfo: odex next to the dex file (/data/app/~~9zdI27-KZDEvVC_7GO9BLQ==/com.google.android.gms-zDijJikcKxb1i4ibdVh7KA==/oat/arm64/split_DynamiteModulesC_installtime.odex) is kOatUpToDate with filter 'speed' executable 'false'
05-01 17:24:48.413  3046  3052 I artd    : GetBestInfo: odex next to the dex file (/data/app/~~9zdI27-KZDEvVC_7GO9BLQ==/com.google.android.gms-zDijJikcKxb1i4ibdVh7KA==/oat/arm64/split_GoogleCertificates_installtime.odex) is kOatUpToDate with filter 'speed' executable 'false'
05-01 17:24:48.493   521 10416 E EmulatedRequestProcessor: ApplyOverrideZoom: awbRegions needs to be specified for overriding zoom
05-01 17:24:48.493   521 10416 E EmulatedRequestProcessor: ApplyOverrideZoom: awbRegions needs to be specified for overriding zoom
05-01 17:24:48.493   521 10416 E EmulatedRequestProcessor: ApplyOverrideZoom: awbRegions needs to be specified for overriding zoom
05-01 17:24:48.531  3046  3052 I artd    : GetBestInfo: odex next to the dex file (/data/app/~~9zdI27-KZDEvVC_7GO9BLQ==/com.google.android.gms-zDijJikcKxb1i4ibdVh7KA==/oat/arm64/split_MapsDynamite_installtime.odex) is kOatUpToDate with filter 'speed' executable 'false'
05-01 17:24:48.547  3046  3052 I artd    : GetBestInfo: odex next to the dex file (/data/app/~~9zdI27-KZDEvVC_7GO9BLQ==/com.google.android.gms-zDijJikcKxb1i4ibdVh7KA==/oat/arm64/split_MeasurementDynamite_installtime.odex) is kOatUpToDate with filter 'speed' executable 'false'
05-01 17:24:48.564  3046  3052 I artd    : GetBestInfo: /data/user_de/0/com.google.android.gms/app_chimera/m/00000024/dl-MlkitOcrCommon.optional_261332100400.apk has no usable artifacts
05-01 17:24:48.570  3046  3052 I artd    : GetBestInfo: /data/user_de/0/com.google.android.gms/app_chimera/m/00000001/CronetDynamite.apk has no usable artifacts
05-01 17:24:48.571  3046  3052 I artd    : GetBestInfo: /data/user_de/0/com.google.android.gms/app_chimera/m/00000002/DynamiteLoader.apk has no usable artifacts
05-01 17:24:48.571  3046  3051 W artd    : Could not get dex checksums for location /data/app/~~3fBXho8HaymPEUVbuDbDyw==/com.google.android.gms-lP3FhbDqyEae3o3ITSwEOg==/base.apk, fd=-1
05-01 17:24:48.586  3046  3052 W artd    : Could not get dex checksums for location /data/app/~~3fBXho8HaymPEUVbuDbDyw==/com.google.android.gms-lP3FhbDqyEae3o3ITSwEOg==/base.apk, fd=-1
05-01 17:24:48.590  3046  3052 I artd    : GetBestInfo: /data/user_de/0/com.google.android.gms/app_chimera/m/00000005/GoogleCertificates.apk has no usable artifacts
05-01 17:24:48.590  3046  3052 W artd    : Could not get dex checksums for location /data/app/~~3fBXho8HaymPEUVbuDbDyw==/com.google.android.gms-lP3FhbDqyEae3o3ITSwEOg==/base.apk, fd=-1
05-01 17:24:48.623  3046  3052 I artd    : GetBestInfo: /data/user_de/0/com.google.android.gms/app_chimera/m/0000000c/dl-PlayCloudSearch.optional_253434100000.apk has no usable artifacts
05-01 17:24:48.627  3046  3051 W artd    : Could not get dex checksums for location /data/app/~~3fBXho8HaymPEUVbuDbDyw==/com.google.android.gms-lP3FhbDqyEae3o3ITSwEOg==/base.apk, fd=-1
05-01 17:24:48.629  3046  3051 W artd    : Could not get dex checksums for location /data/app/~~3fBXho8HaymPEUVbuDbDyw==/com.google.android.gms-lP3FhbDqyEae3o3ITSwEOg==/base.apk, fd=-1
05-01 17:24:48.633   521 10416 E EmulatedRequestProcessor: ApplyOverrideZoom: awbRegions needs to be specified for overriding zoom
05-01 17:24:48.634  3046  3051 W artd    : Could not get dex checksums for location /data/app/~~3fBXho8HaymPEUVbuDbDyw==/com.google.android.gms-lP3FhbDqyEae3o3ITSwEOg==/base.apk, fd=-1
05-01 17:24:48.648  3046  3051 I artd    : GetBestInfo: /data/user_de/0/com.google.android.gms/app_chimera/m/00000009/dl-Appsearch.optional_253434100400.apk has no usable artifacts
05-01 17:24:48.666   521 10416 E EmulatedRequestProcessor: ApplyOverrideZoom: awbRegions needs to be specified for overriding zoom
05-01 17:24:48.670  3046  3051 I artd    : GetBestInfo: /data/user_de/0/com.google.android.gms/app_chimera/m/0000001f/dl-MlkitBarcodeUi.optional_261332100400.apk has no usable artifacts
05-01 17:24:48.698  3046  3051 I artd    : GetBestInfo: vdex next to the dex file (/data/user/0/com.google.android.gms/app_dg_cache/C979021594972B0BA2D39F27BF33D93C4B1302BC/oat/arm64/the.vdex) is kOatUpToDate with filter 'verify' executable 'false'
05-01 17:24:48.700  3046  3052 W artd    : Could not get dex checksums for location /data/app/~~3fBXho8HaymPEUVbuDbDyw==/com.google.android.gms-lP3FhbDqyEae3o3ITSwEOg==/base.apk, fd=-1
05-01 17:24:48.718   521 10416 E EmulatedRequestProcessor: ApplyOverrideZoom: awbRegions needs to be specified for overriding zoom
05-01 17:24:48.744  3046  3051 W artd    : Could not get dex checksums for location /data/app/~~3fBXho8HaymPEUVbuDbDyw==/com.google.android.gms-lP3FhbDqyEae3o3ITSwEOg==/base.apk, fd=-1
05-01 17:24:48.750  3046  3051 I artd    : GetBestInfo: /data/user_de/0/com.google.android.gms/app_chimera/m/0000001e/dl-VisionOcr.optional_261332100000.apk has no usable artifacts
05-01 17:24:48.766  3046  3051 I artd    : GetBestInfo: /data/user_de/0/com.google.android.gms/app_chimera/m/00000020/dl-PlayCloudSearch.optional_261332100000.apk has no usable artifacts
05-01 17:24:48.786  3046  3051 I artd    : GetBestInfo: vdex next to the dex file (/data/user/0/com.google.android.gms/app_dg_cache/707FFD883BF2A7896692338F9625CA52336E933B/oat/arm64/the.vdex) is kOatUpToDate with filter 'verify' executable 'false'
05-01 17:24:48.794  3046  3051 I artd    : GetBestInfo: /data/user_de/0/com.google.android.gms/app_chimera/m/00000019/dl-TfliteDynamiteDynamite.integ_252130102100400.apk has no usable artifacts
05-01 17:24:48.795  3046  3051 W artd    : Could not get dex checksums for location /data/app/~~3fBXho8HaymPEUVbuDbDyw==/com.google.android.gms-lP3FhbDqyEae3o3ITSwEOg==/base.apk, fd=-1
05-01 17:24:48.796  3046  3051 W artd    : Could not get dex checksums for location /data/app/~~dKAWhbpuAhXMPrgX8_uNaA==/com.android.vending-VlQnPVZ5qb-G_00QsqpjnQ==/base.apk, fd=-1
05-01 17:24:48.796   521 10416 E EmulatedRequestProcessor: ApplyOverrideZoom: awbRegions needs to be specified for overriding zoom
05-01 17:24:48.799  3046  3051 I artd    : GetBestInfo: /data/user_de/0/com.google.android.gms/app_chimera/m/00000021/dl-Appsearch.optional_261332100400.apk has no usable artifacts
05-01 17:24:48.804  3046  3051 I artd    : GetBestInfo: /data/user_de/0/com.google.android.gms/app_chimera/m/0000000b/dl-MlkitBarcodeUi.optional_253434100400.apk has no usable artifacts
05-01 17:24:48.824   521 10416 E EmulatedRequestProcessor: ApplyOverrideZoom: awbRegions needs to be specified for overriding zoom
05-01 17:24:48.860  2599  2796 I HalDevMgr: bestIfaceCreationProposal is null, requestIface=STA, existingIface=[name=wlan0 type=STA]
05-01 17:24:48.864  2599  2991 W libbinder.Binder: Binder transaction to android.content.pm.IPackageManager code 1598311760 took 1506ms. Data bytes: 80 Reply bytes: 4 Flags: 16
05-01 17:24:48.894   521 10416 E EmulatedRequestProcessor: ApplyOverrideZoom: awbRegions needs to be specified for overriding zoom
