05-01 18:05:09.923  3342 13375 I DataFileManager: DataFileManager.removeDataWithoutNotify():222 removing data en-US bundled_delight
05-01 18:05:10.067  3342 13300 I FetchBundledResourceTask: FetchBundledResourceTask.execute():71 Successfully copied file from /data/user/0/com.google.android.inputmethod.latin/files/emoji_en_us_20250115185814.zip to /data/user/0/com.google.android.inputmethod.latin/files/superpacks/bundled_emoji/2b8bc459159046c494d928dec1c678ff.zip.fetched.
05-01 18:05:10.162  3342  3846 I SP      : GC for 'kc_tflite_model' (10) with ttl of 0 ms took 0 ms (0/0/0)
05-01 18:05:10.167  2599  3707 W libbinder.ServiceManagerCppClient: Permission failure: android.permission.ACCESS_SURFACE_FLINGER from uid=10166 pid=0
05-01 18:05:10.167  2599  3707 D libbinder.PermissionCache: checking android.permission.ACCESS_SURFACE_FLINGER for uid=10166 => denied (358 us)
05-01 18:05:10.167  2599  3707 W libbinder.ServiceManagerCppClient: Permission failure: android.permission.ROTATE_SURFACE_FLINGER from uid=10166 pid=0
05-01 18:05:10.167  2599  3707 D libbinder.PermissionCache: checking android.permission.ROTATE_SURFACE_FLINGER for uid=10166 => denied (226 us)
05-01 18:05:10.168  2599  3707 W libbinder.ServiceManagerCppClient: Permission failure: android.permission.INTERNAL_SYSTEM_WINDOW from uid=10166 pid=0
05-01 18:05:10.168  2599  3707 D libbinder.PermissionCache: checking android.permission.INTERNAL_SYSTEM_WINDOW for uid=10166 => denied (651 us)
05-01 18:05:10.210  3342  4500 I HWUI    : Davey! duration=3719ms; Flags=1, FrameTimelineVsyncId=108004, IntendedVsync=5488938197853, Vsync=5491688197743, InputEventId=0, HandleInputStart=5491703342784, AnimationStart=5491703345409, PerformTraversalsStart=5491703345659, DrawStart=5492227650325, FrameDeadline=5488954864519, FrameStartTime=5491699173950, FrameInterval=16666666, WorkloadTarget=16666666, SyncQueued=5492316676201, SyncStart=5492318436159, IssueDrawCommandsStart=5492322077451, SwapBuffers=5492613891201, FrameCompleted=5492659871034, DequeueBufferDuration=9458, QueueBufferDuration=771500, GpuCompleted=5492659714201, SwapBuffersCompleted=5492659871034, DisplayPresentTime=0, CommandSubmissionCompleted=5492613891201, 
05-01 18:05:10.218  2896  2967 D Bubbles : BubbleController.BubblesImeListener.onImeVisibilityChanged visible=truerunnable=null stackView=null
05-01 18:05:10.222  3342  3342 I GoogleInputMethodService: GoogleInputMethodService$1.onKeyboardViewShown():343 onKeyboardViewShown: keyboardType=prime, keyboardViewType=HEADER keyboardView=com.google.android.libraries.inputmethod.widgets.SoftKeyboardView{e108353 V.E...... ........ 0,0-1080,116}
05-01 18:05:10.222  3342  3342 I BaseKeyboardSizeHelper: BaseKeyboardSizeHelper.calculateMaxKeyboardBodyHeight():73 leave 281 height for app when ime window height:2211, header height:116 and isFullscreenMode:false, so the max keyboard body height is:1814
05-01 18:05:10.224  3342  3342 I GoogleInputMethodService: GoogleInputMethodService$1.onKeyboardViewShown():343 onKeyboardViewShown: keyboardType=prime, keyboardViewType=BODY keyboardView=com.google.android.libraries.inputmethod.widgets.SoftKeyboardView{1f553b2 V.E...... ........ 0,0-1080,641}
05-01 18:05:10.224  3342  3342 I BaseKeyboardSizeHelper: BaseKeyboardSizeHelper.calculateMaxKeyboardBodyHeight():73 leave 281 height for app when ime window height:2211, header height:116 and isFullscreenMode:false, so the max keyboard body height is:1814
05-01 18:05:10.228  3342  3342 I GlobeKeyExtension: GlobeKeyExtension$1.onKeyboardViewShown():76 maybeDisableLanguageSwitchKeyPref when the keyboard is shown
05-01 18:05:10.238  3342  3342 I GlobeKeyExtension: GlobeKeyExtension.maybeDisableLanguageSwitchKeyPref():210 maybeDisableLanguageSwitchKeyPref hasGlobeKeyBeenDisabled: true, shouldDisableLanguageSwitchKey: true
05-01 18:05:10.239  3342  3342 I NewLanguagePromptExtension: NewLanguagePromptExtension$1.onKeyboardViewShown():98 Not show new language banner: no change in enabled input method entries
05-01 18:05:10.262  3342  3342 I DynamicLayoutHandler: DynamicLayoutHandler.loadDynamicKeys():92 This isn't a dynamic layout.
05-01 18:05:10.262  3342  3342 I KeyboardInterfacePrivate: IKeyboard.createKeyboard():67 Keyboard created from HiltKeyboardFactory: com.google.android.apps.inputmethod.latin.keyboard.LatinDigitsKeyboard
05-01 18:05:10.263 13250 13250 D VRI[MainActivity]: WindowInsets changed: ime:[0,0,0,883] 
05-01 18:05:10.263  3342  3342 I KeyboardInterfacePrivate: IKeyboard.createKeyboard():67 Keyboard created from HiltKeyboardFactory: com.google.android.apps.inputmethod.latin.keyboard.LatinSymbolsKeyboard
05-01 18:05:10.263  3342  3342 I KeyboardManager: KeyboardManager.requestKeyboard():249 Creating keyboard prime, imeId=ime_english_united_states, cacheKey=theme,!gsf,!pgsans,!pgsf,!use_system_font,BORDER,FLAVOR_DPI=XXHDPI,IS_LIGHT,KEYBOARD_WIDTH_CATEGORY=NORMAL,KEY_BORDER_SHAPE=1,LIGHT_THEME=true,PHYSICAL_DIAGONAL=6.1297245,POPUP,SCREEN_SHORTEST_WIDTH=411,SCREEN_SHORTEST_WIDTH_NO_SCALE=411,SW400DP,XXHDPI,bottom4dp,enable_popup_on_keypress=true,keyboard_redesign_google_sans=true,non_linear_scale,noshadow,overlay_builtin_dynamic_color_light_base.binarypb:gm3-light-fffaf8fe-ff4e5e8b-4fee5571778e92b08ff4c2d3d15b9d3f,silkpopup
05-01 18:05:10.266  3342  4001 I Delight5Decoder: Delight5DecoderWrapper.setKeyboardLayout():549 setKeyboardLayout()
05-01 18:05:10.270  3342  3342 W ExtensionWrapper: ExtensionWrapper.requestKeyboard():860 class mcz is not activate
05-01 18:05:10.272  3593  3593 D BoundBrokerSvc: onBind: Intent { act=com.google.android.gms.chimera.container.moduleinstall.ModuleInstallService.START dat=chimera-action:/... xflg=0x4 cmp=com.google.android.gms/.chimera.GmsApiService }
05-01 18:05:10.272  3593  3593 D BoundBrokerSvc: Loading bound service for intent: Intent { act=com.google.android.gms.chimera.container.moduleinstall.ModuleInstallService.START dat=chimera-action:/... xflg=0x4 cmp=com.google.android.gms/.chimera.GmsApiService }
05-01 18:05:10.282 13250 13250 W InteractionJankMonitor: Initializing without READ_DEVICE_CONFIG permission. enabled=false, interval=1, missedFrameThreshold=3, frameTimeThreshold=64, package=com.signbridge
05-01 18:05:10.322  3342  3342 I Choreographer: Skipped 58 frames!  The application may be doing too much work on its main thread.
05-01 18:05:10.368  3342  3342 I DynamicLayoutHandler: DynamicLayoutHandler.loadDynamicKeys():92 This isn't a dynamic layout.
05-01 18:05:10.369  3342  3342 I KeyboardModeUtils: KeyboardModeUtils.getKeyboardBottomOffset():432 inch: 0.000000 ydpi: 420.000000 adjustKeyboardBottomByDisplaySize: false currentDensityDpi: 420 defaultDensityDpi: 420 keyboardBottomToScreenPx: 0 keyboardBottomToNavBarPx: -126 navBarHeight: 126
05-01 18:05:10.369  3342  3342 I BaseKeyboardSizeHelper: BaseKeyboardSizeHelper.calculateMaxKeyboardBodyHeight():73 leave 281 height for app when ime window height:2211, header height:116 and isFullscreenMode:false, so the max keyboard body height is:1814
05-01 18:05:10.369  3342  3342 I BaseKeyboardSizeHelper: BaseKeyboardSizeHelper.calculateMaxKeyboardBodyHeight():73 leave 281 height for app when ime window height:2211, header height:116 and isFullscreenMode:false, so the max keyboard body height is:1814
05-01 18:05:10.370  3342  3342 I KeyboardModeUtils: KeyboardModeUtils.getKeyboardBottomOffset():432 inch: 0.000000 ydpi: 420.000000 adjustKeyboardBottomByDisplaySize: false currentDensityDpi: 420 defaultDensityDpi: 420 keyboardBottomToScreenPx: 0 keyboardBottomToNavBarPx: -126 navBarHeight: 126
05-01 18:05:10.370  3342  3342 I BaseKeyboardSizeHelper: BaseKeyboardSizeHelper.calculateMaxKeyboardBodyHeight():73 leave 281 height for app when ime window height:2211, header height:116 and isFullscreenMode:false, so the max keyboard body height is:1814
05-01 18:05:10.370  3342  3342 I BaseKeyboardSizeHelper: BaseKeyboardSizeHelper.calculateMaxKeyboardBodyHeight():73 leave 281 height for app when ime window height:2211, header height:116 and isFullscreenMode:false, so the max keyboard body height is:1814
05-01 18:05:10.370  3342  3342 I AndroidIME: KeyboardViewManager.saveKeyboardBottomGap():305 windowHeight: 2211 windowHeightInInches: 5.264286
05-01 18:05:10.370  3342  3342 I AndroidIME: keyboardHolderHeight: 757 navigationHeight: 126
05-01 18:05:10.370  3342  3342 I AndroidIME: getKeyboardBodyViewHolderPaddingBottom(): 0
05-01 18:05:10.370  3342  3342 I AndroidIME: keyboardBottomGap: 126 bodyViewHolderBottomPadding: 0
05-01 18:05:10.370  3342  3342 I AndroidIME: decorViewStableInsetBottom: 126 updated: false
05-01 18:05:10.370  3342  3342 I KeyboardModeUtils: KeyboardModeUtils.getKeyboardBottomOffset():432 inch: 0.000000 ydpi: 420.000000 adjustKeyboardBottomByDisplaySize: false currentDensityDpi: 420 defaultDensityDpi: 420 keyboardBottomToScreenPx: 0 keyboardBottomToNavBarPx: -126 navBarHeight: 126
05-01 18:05:10.370  3342  3342 I BaseKeyboardSizeHelper: BaseKeyboardSizeHelper.calculateMaxKeyboardBodyHeight():73 leave 281 height for app when ime window height:2211, header height:116 and isFullscreenMode:false, so the max keyboard body height is:1814
05-01 18:05:10.370  3342  3342 I BaseKeyboardSizeHelper: BaseKeyboardSizeHelper.calculateMaxKeyboardBodyHeight():73 leave 281 height for app when ime window height:2211, header height:116 and isFullscreenMode:false, so the max keyboard body height is:1814
05-01 18:05:10.370  3342  3342 I KeyboardModeUtils: KeyboardModeUtils.getKeyboardBottomOffset():432 inch: 0.000000 ydpi: 420.000000 adjustKeyboardBottomByDisplaySize: false currentDensityDpi: 420 defaultDensityDpi: 420 keyboardBottomToScreenPx: 0 keyboardBottomToNavBarPx: -126 navBarHeight: 126
05-01 18:05:10.370  3342  3342 I BaseKeyboardSizeHelper: BaseKeyboardSizeHelper.calculateMaxKeyboardBodyHeight():73 leave 281 height for app when ime window height:2211, header height:116 and isFullscreenMode:false, so the max keyboard body height is:1814
05-01 18:05:10.370  3342  3342 I BaseKeyboardSizeHelper: BaseKeyboardSizeHelper.calculateMaxKeyboardBodyHeight():73 leave 281 height for app when ime window height:2211, header height:116 and isFullscreenMode:false, so the max keyboard body height is:1814
05-01 18:05:10.426  3342  3846 I SP      : Sync for bundled_delight succeeded in 1254 ms: {added: [main_en_us_2025121900_2], metadata: false
05-01 18:05:10.457  3342 13300 I EmojiSuperpacksManager: EmojiSuperpacksManager.processPackSet():566 processPackSet() : isBundled = false
05-01 18:05:10.523  3342  3342 W NotificationCenter: NotificationCenter$NotificationQueue.notifyPendingNotificationsOnExecutor():877 Heavy notify work detected on UI thread: [ogq->ogp, ogq->ogp, ogq->ogp, ogq->ogp, ogq->ogp, ogq->ogp, ogq->ogp, ogq->ogp, ogq->ogp, mwe->hkm] takes 114ms
05-01 18:05:10.588  2599  2796 I HalDevMgr: bestIfaceCreationProposal is null, requestIface=STA, existingIface=[name=wlan0 type=STA]
05-01 18:05:10.604  3342  4001 I Delight5Decoder: Delight5DecoderWrapper.setKeyboardLayout():549 setKeyboardLayout()
05-01 18:05:10.794 13250 13250 I ImeTracker: com.signbridge:559eef85: onShown
05-01 18:05:10.868  3342  4002 I EmojiShortcutsLoader: EmojiShortcutsLoader.getEmojiShortcuts():135 Reading en_US emoji shortcuts
05-01 18:05:10.953  3342  4024 I HWUI    : Davey! duration=1432ms; Flags=0, FrameTimelineVsyncId=108145, IntendedVsync=5491838197737, Vsync=5492804864365, InputEventId=0, HandleInputStart=5492825387201, AnimationStart=5492825388076, PerformTraversalsStart=5492825664826, DrawStart=5492845635451, FrameDeadline=5492688197703, FrameStartTime=5492821466451, FrameInterval=16666666, WorkloadTarget=16666666, SyncQueued=5492845991117, SyncStart=5492858808617, IssueDrawCommandsStart=5492861003034, SwapBuffers=5493170187993, FrameCompleted=5493283981284, DequeueBufferDuration=6542, QueueBufferDuration=1492375, GpuCompleted=5493283749118, SwapBuffersCompleted=5493283981284, DisplayPresentTime=0, CommandSubmissionCompleted=5493170187993, 
05-01 18:05:11.019  3342  3351 W putmethod.latin: Suspending all threads took: 31.367ms
05-01 18:05:11.050  3342  4002 I EmojiShortcutsLoader: EmojiShortcutsLoader.getEmojiShortcuts():156 Read en_US emoji shortcuts successfully.
05-01 18:05:11.054  3342  4002 I EmojiShortcutsLoader: EmojiShortcutsLoader.call():71 1 emoji shortcut maps loaded.
05-01 18:05:11.062  3342  4002 I EmojiShortcutsLoader: EmojiShortcutsLoader.call():82 Finished loading emoji shortcuts
05-01 18:05:11.214  3342  3846 I SP      : GC for 'bundled_delight' (10) with ttl of 0 ms took 0 ms (0/0/0)
05-01 18:05:11.215  3342  3846 I LmManager: LmManager$1.onSuccess():84 Bundled delight sync success
05-01 18:05:11.219  3342 13375 I SuperDelight: SuperDelightManager$2.onSuccess():522 bundled_delight sync success, adding to data file manager
05-01 18:05:11.220  3342 13375 I DataFileManager: DataFileManager.addDataWithoutNotify():188 adding data en-US bundled_delight
05-01 18:05:11.266  3342  3342 I MlKitModuleManager: MlKitModuleManager.onCreate():47 MlKit modules are available.
05-01 18:05:11.288  3342  3342 W NotificationCenter: NotificationCenter$NotificationQueue.notifyPendingNotificationsOnExecutor():877 Heavy notify work detected on UI thread: [ibw->olc, ibw->olc, ogq->ogp, ogq->ogp, ogq->ogp, nee->icm, pbe->olc, njw->olc, pbr->olc, nkd->kzi, ogq->ogp, ogq->ogp, ogq->ogp, kzc->hkm, kzc->hkm] takes 22ms
05-01 18:05:11.301  3342  4024 I HWUI    : Davey! duration=907ms; Flags=0, FrameTimelineVsyncId=108388, IntendedVsync=5492821531031, Vsync=5493038197689, InputEventId=0, HandleInputStart=5493049567826, AnimationStart=5493049570868, PerformTraversalsStart=5493050067159, DrawStart=5493290651868, FrameDeadline=5493304864345, FrameStartTime=5493049140701, FrameInterval=16666666, WorkloadTarget=16666666, SyncQueued=5493418302618, SyncStart=5493452808368, IssueDrawCommandsStart=5493453086409, SwapBuffers=5493740332618, FrameCompleted=5493763140201, DequeueBufferDuration=7958, QueueBufferDuration=4481208, GpuCompleted=5493762996076, SwapBuffersCompleted=5493763140201, DisplayPresentTime=0, CommandSubmissionCompleted=5493740332618, 
05-01 18:05:11.320  3342  3342 I Choreographer: Skipped 46 frames!  The application may be doing too much work on its main thread.
05-01 18:05:11.383  3342  3342 I KeyboardModeUtils: KeyboardModeUtils.getKeyboardBottomOffset():432 inch: 0.000000 ydpi: 420.000000 adjustKeyboardBottomByDisplaySize: false currentDensityDpi: 420 defaultDensityDpi: 420 keyboardBottomToScreenPx: 0 keyboardBottomToNavBarPx: -126 navBarHeight: 126
05-01 18:05:11.383  3342  3342 I BaseKeyboardSizeHelper: BaseKeyboardSizeHelper.calculateMaxKeyboardBodyHeight():73 leave 281 height for app when ime window height:2211, header height:116 and isFullscreenMode:false, so the max keyboard body height is:1814
05-01 18:05:11.384  3342  3342 I BaseKeyboardSizeHelper: BaseKeyboardSizeHelper.calculateMaxKeyboardBodyHeight():73 leave 281 height for app when ime window height:2211, header height:116 and isFullscreenMode:false, so the max keyboard body height is:1814
05-01 18:05:11.466  3342  4024 I HWUI    : Davey! duration=901ms; Flags=0, FrameTimelineVsyncId=108503, IntendedVsync=5493038208792, Vsync=5493804875428, InputEventId=0, HandleInputStart=5493832520451, AnimationStart=5493832521576, PerformTraversalsStart=5493835393785, DrawStart=5493838727285, FrameDeadline=5493788197659, FrameStartTime=5493819210868, FrameInterval=16666666, WorkloadTarget=16666666, SyncQueued=5493843270826, SyncStart=5493843499201, IssueDrawCommandsStart=5493843880868, SwapBuffers=5493917009993, FrameCompleted=5493939865493, DequeueBufferDuration=6334, QueueBufferDuration=1285500, GpuCompleted=5493939865493, SwapBuffersCompleted=5493921209368, DisplayPresentTime=0, CommandSubmissionCompleted=5493917009993, 
05-01 18:05:11.700  3342  3342 I KeyboardModeUtils: KeyboardModeUtils.getKeyboardBottomOffset():432 inch: 0.000000 ydpi: 420.000000 adjustKeyboardBottomByDisplaySize: false currentDensityDpi: 420 defaultDensityDpi: 420 keyboardBottomToScreenPx: 0 keyboardBottomToNavBarPx: -126 navBarHeight: 126
05-01 18:05:11.700  3342  3342 I BaseKeyboardSizeHelper: BaseKeyboardSizeHelper.calculateMaxKeyboardBodyHeight():73 leave 281 height for app when ime window height:2211, header height:116 and isFullscreenMode:false, so the max keyboard body height is:1814
05-01 18:05:11.700  3342  3342 I BaseKeyboardSizeHelper: BaseKeyboardSizeHelper.calculateMaxKeyboardBodyHeight():73 leave 281 height for app when ime window height:2211, header height:116 and isFullscreenMode:false, so the max keyboard body height is:1814
05-01 18:05:12.386  2599  3707 W InputDispatcher: Excessive delay in interceptKeyBeforeQueueing; took 255 ms
05-01 18:05:12.560  2599  2751 W InputDispatcher: Excessive delay in interceptKeyBeforeDispatching; took 99 ms
05-01 18:05:12.680  3342  3846 I SP      : Sync for bundled_emoji succeeded in 2850 ms: {added: [2b8bc459159046c494d928dec1c678ff], metadata: false
05-01 18:05:12.682  3342  3342 I StylusModule: StylusModule.onUpdateToolType():774 Update tool type = 0
05-01 18:05:12.704  3342  3342 I KeyboardModeUtils: KeyboardModeUtils.getKeyboardBottomOffset():432 inch: 0.000000 ydpi: 420.000000 adjustKeyboardBottomByDisplaySize: false currentDensityDpi: 420 defaultDensityDpi: 420 keyboardBottomToScreenPx: 0 keyboardBottomToNavBarPx: -126 navBarHeight: 126
05-01 18:05:12.704  3342  3342 I BaseKeyboardSizeHelper: BaseKeyboardSizeHelper.calculateMaxKeyboardBodyHeight():73 leave 281 height for app when ime window height:2211, header height:116 and isFullscreenMode:false, so the max keyboard body height is:1814
05-01 18:05:12.704  3342  3342 I BaseKeyboardSizeHelper: BaseKeyboardSizeHelper.calculateMaxKeyboardBodyHeight():73 leave 281 height for app when ime window height:2211, header height:116 and isFullscreenMode:false, so the max keyboard body height is:1814
05-01 18:05:12.780  3342  3342 I Delight5Decoder: Delight5DecoderWrapper.setKeyboardLayout():549 setKeyboardLayout()
05-01 18:05:12.818  3342  4001 I Delight5Decoder: Delight5DecoderWrapper.setKeyboardLayout():549 setKeyboardLayout()
05-01 18:05:12.861  3342  3353 W SP      : File ref is being finalized but wasn't closed, file: main_en_us_2025121900_2[2]
05-01 18:05:12.877  3342  3342 W LatinPrimeKeyboard: LatinPrimeKeyboard.consumeEvent():390 consumeEvent() : UPDATE_DYNAMIC_KEYS, no dynamic layout
05-01 18:05:12.898  3342  3342 I KeyboardModeUtils: KeyboardModeUtils.getKeyboardBottomOffset():432 inch: 0.000000 ydpi: 420.000000 adjustKeyboardBottomByDisplaySize: false currentDensityDpi: 420 defaultDensityDpi: 420 keyboardBottomToScreenPx: 0 keyboardBottomToNavBarPx: -126 navBarHeight: 126
05-01 18:05:12.898  3342  3342 I BaseKeyboardSizeHelper: BaseKeyboardSizeHelper.calculateMaxKeyboardBodyHeight():73 leave 281 height for app when ime window height:2211, header height:116 and isFullscreenMode:false, so the max keyboard body height is:1814
05-01 18:05:12.898  3342  3342 I BaseKeyboardSizeHelper: BaseKeyboardSizeHelper.calculateMaxKeyboardBodyHeight():73 leave 281 height for app when ime window height:2211, header height:116 and isFullscreenMode:false, so the max keyboard body height is:1814
05-01 18:05:12.914  3342  3846 I SP      : GC for 'bundled_emoji' (10) with ttl of 0 ms took 0 ms (0/0/0)
05-01 18:05:12.916  3342 13378 I EmojiSuperpacksManager: EmojiSuperpacksManager.processPackSet():566 processPackSet() : isBundled = true
05-01 18:05:12.923  3342  4002 I EmojiShortcutsLoader: EmojiShortcutsLoader.getEmojiShortcuts():135 Reading en_US emoji shortcuts
05-01 18:05:12.933  3342  4002 I EmojiShortcutsLoader: EmojiShortcutsLoader.getEmojiShortcuts():156 Read en_US emoji shortcuts successfully.
05-01 18:05:12.942  3342  4002 I EmojiShortcutsLoader: EmojiShortcutsLoader.call():71 1 emoji shortcut maps loaded.
05-01 18:05:12.958  3342  4002 I EmojiShortcutsLoader: EmojiShortcutsLoader.call():82 Finished loading emoji shortcuts
05-01 18:05:13.154  2599  2720 W AppOps  : Noting op not finished: uid 10155 pkg com.google.android.gms code 113 startTime of in progress event=1777650170020
05-01 18:05:13.199  2599  3697 W AppOps  : Noting op not finished: uid 10155 pkg com.google.android.gms code 79 startTime of in progress event=1777650170020
05-01 18:05:13.276  4139  4447 I ActivityScheduler: nextTriggerTime: 5733874, in 238100ms, detectorType: 39, FULL_TYPE alarmWindowMillis: 80000
05-01 18:05:13.451  3342  3342 W InputContextProxy: InputContextProxy.waitForDecoderResponse():1638 Timed out while waiting for suggestion fetch request.
05-01 18:05:13.608 13250 13255 I com.signbridge: Background concurrent mark compact GC freed 1828KB AllocSpace bytes, 0(0B) LOS objects, 49% free, 4692KB/9384KB, paused 1.576ms,4.786ms total 103.615ms
05-01 18:05:13.612  2599  2796 I HalDevMgr: bestIfaceCreationProposal is null, requestIface=STA, existingIface=[name=wlan0 type=STA]
05-01 18:05:13.669  4139  5088 I libbinder.IPCThreadState: oneway function results for code 1 on binder at 0xb400007c21081680 will be dropped but finished with status UNKNOWN_TRANSACTION and reply parcel size 80
05-01 18:05:13.867  3342  4001 I native  : I0000 00:00:1777655113.867847    4001 input-context-store.cc:340] Ignoring stale client request for FetchSuggestions
05-01 18:05:13.871  3342  3342 W InputContextProxy: InputContextProxy.applyClientDiffInternal():933 Ignore [FetchSuggestions] diff due to stale request: 7<22, inputStateId=12, lastInputStateId=12
05-01 18:05:14.057  3342  3342 W InputContextProxy: InputContextProxy.waitForDecoderResponse():1638 Timed out while waiting for suggestion fetch request.
05-01 18:05:14.195  2599  2952 W AppOps  : Noting op not finished: uid 10155 pkg com.google.android.gms code 113 startTime of in progress event=1777650170020
05-01 18:05:14.247  3342  4001 I native  : I0000 00:00:1777655114.247758    4001 input-context-store.cc:340] Ignoring stale client request for FetchSuggestions
05-01 18:05:14.345  3342  4001 I native  : I0000 00:00:1777655114.345516    4001 input-context-store.cc:262] Ignoring stale client request for OverrideDecodedCandidates
05-01 18:05:14.371  3342  3342 W InputContextProxy: InputContextProxy.waitForDecoderResponse():1638 Timed out while waiting for suggestion fetch request.
05-01 18:05:14.373  3342  3342 W InputContextProxy: InputContextProxy.applyClientDiffInternal():933 Ignore [FetchSuggestions] diff due to stale request: 25<34, inputStateId=0, lastInputStateId=18
05-01 18:05:14.531  3342  4001 I native  : I0000 00:00:1777655114.531609    4001 input-context-store.cc:340] Ignoring stale client request for FetchSuggestions
05-01 18:05:14.542  3342  3342 W InputContextProxy: InputContextProxy.applyClientDiffInternal():933 Ignore [FetchSuggestions] diff due to stale request: 33<39, inputStateId=20, lastInputStateId=20
05-01 18:05:14.662  3342  4001 I native  : I0000 00:00:1777655114.659762    4001 input-context-store.cc:340] Ignoring stale client request for FetchSuggestions
05-01 18:05:14.668  3342  3342 W InputContextProxy: InputContextProxy.applyClientDiffInternal():933 Ignore [FetchSuggestions] diff due to stale request: 39<41, inputStateId=21, lastInputStateId=21
05-01 18:05:14.772  3342  3342 W TooltipLifecycleManager: TooltipLifecycleManager.dismissTooltips():153 Tooltip with id access_points_menu_hint_ripple not found in tooltipManager.
05-01 18:05:14.809  3342  3342 I KeyboardModeUtils: KeyboardModeUtils.getKeyboardBottomOffset():432 inch: 0.000000 ydpi: 420.000000 adjustKeyboardBottomByDisplaySize: false currentDensityDpi: 420 defaultDensityDpi: 420 keyboardBottomToScreenPx: 0 keyboardBottomToNavBarPx: -126 navBarHeight: 126
05-01 18:05:14.809  3342  3342 I BaseKeyboardSizeHelper: BaseKeyboardSizeHelper.calculateMaxKeyboardBodyHeight():73 leave 281 height for app when ime window height:2211, header height:116 and isFullscreenMode:false, so the max keyboard body height is:1814
05-01 18:05:14.810  3342  3342 I BaseKeyboardSizeHelper: BaseKeyboardSizeHelper.calculateMaxKeyboardBodyHeight():73 leave 281 height for app when ime window height:2211, header height:116 and isFullscreenMode:false, so the max keyboard body height is:1814
05-01 18:05:14.971  3342  3342 I KeyboardModeUtils: KeyboardModeUtils.getKeyboardBottomOffset():432 inch: 0.000000 ydpi: 420.000000 adjustKeyboardBottomByDisplaySize: false currentDensityDpi: 420 defaultDensityDpi: 420 keyboardBottomToScreenPx: 0 keyboardBottomToNavBarPx: -126 navBarHeight: 126
05-01 18:05:14.982  3342  3342 I BaseKeyboardSizeHelper: BaseKeyboardSizeHelper.calculateMaxKeyboardBodyHeight():73 leave 281 height for app when ime window height:2211, header height:116 and isFullscreenMode:false, so the max keyboard body height is:1814
05-01 18:05:14.982  3342  3342 I BaseKeyboardSizeHelper: BaseKeyboardSizeHelper.calculateMaxKeyboardBodyHeight():73 leave 281 height for app when ime window height:2211, header height:116 and isFullscreenMode:false, so the max keyboard body height is:1814
05-01 18:05:15.146  3342  4001 I native  : I0000 00:00:1777655115.146089    4001 input-context-store.cc:340] Ignoring stale client request for FetchSuggestions
05-01 18:05:15.149  3342  3342 W InputContextProxy: InputContextProxy.applyClientDiffInternal():933 Ignore [FetchSuggestions] diff due to stale request: 45<46, inputStateId=26, lastInputStateId=26
05-01 18:05:15.254  3342  4001 I native  : I0000 00:00:1777655115.254916    4001 input-context-store.cc:340] Ignoring stale client request for FetchSuggestions
05-01 18:05:15.258  3342  3342 W InputContextProxy: InputContextProxy.applyClientDiffInternal():933 Ignore [FetchSuggestions] diff due to stale request: 47<49, inputStateId=27, lastInputStateId=27
05-01 18:05:15.310  3342  4001 I native  : I0000 00:00:1777655115.310828    4001 input-context-store.cc:340] Ignoring stale client request for FetchSuggestions
05-01 18:05:15.311  3342  3342 W InputContextProxy: InputContextProxy.applyClientDiffInternal():933 Ignore [FetchSuggestions] diff due to stale request: 49<50, inputStateId=28, lastInputStateId=28
05-01 18:05:15.418  3342  3342 I KeyboardModeUtils: KeyboardModeUtils.getKeyboardBottomOffset():432 inch: 0.000000 ydpi: 420.000000 adjustKeyboardBottomByDisplaySize: false currentDensityDpi: 420 defaultDensityDpi: 420 keyboardBottomToScreenPx: 0 keyboardBottomToNavBarPx: -126 navBarHeight: 126
05-01 18:05:15.418  3342  3342 I BaseKeyboardSizeHelper: BaseKeyboardSizeHelper.calculateMaxKeyboardBodyHeight():73 leave 281 height for app when ime window height:2211, header height:116 and isFullscreenMode:false, so the max keyboard body height is:1814
05-01 18:05:15.419  3342  3342 I BaseKeyboardSizeHelper: BaseKeyboardSizeHelper.calculateMaxKeyboardBodyHeight():73 leave 281 height for app when ime window height:2211, header height:116 and isFullscreenMode:false, so the max keyboard body height is:1814
05-01 18:05:15.563  3342  3342 I KeyboardModeUtils: KeyboardModeUtils.getKeyboardBottomOffset():432 inch: 0.000000 ydpi: 420.000000 adjustKeyboardBottomByDisplaySize: false currentDensityDpi: 420 defaultDensityDpi: 420 keyboardBottomToScreenPx: 0 keyboardBottomToNavBarPx: -126 navBarHeight: 126
05-01 18:05:15.564  3342  3342 I BaseKeyboardSizeHelper: BaseKeyboardSizeHelper.calculateMaxKeyboardBodyHeight():73 leave 281 height for app when ime window height:2211, header height:116 and isFullscreenMode:false, so the max keyboard body height is:1814
05-01 18:05:15.564  3342  3342 I BaseKeyboardSizeHelper: BaseKeyboardSizeHelper.calculateMaxKeyboardBodyHeight():73 leave 281 height for app when ime window height:2211, header height:116 and isFullscreenMode:false, so the max keyboard body height is:1814
05-01 18:05:15.824  3342  3342 I KeyboardModeUtils: KeyboardModeUtils.getKeyboardBottomOffset():432 inch: 0.000000 ydpi: 420.000000 adjustKeyboardBottomByDisplaySize: false currentDensityDpi: 420 defaultDensityDpi: 420 keyboardBottomToScreenPx: 0 keyboardBottomToNavBarPx: -126 navBarHeight: 126
05-01 18:05:15.824  3342  3342 I BaseKeyboardSizeHelper: BaseKeyboardSizeHelper.calculateMaxKeyboardBodyHeight():73 leave 281 height for app when ime window height:2211, header height:116 and isFullscreenMode:false, so the max keyboard body height is:1814
05-01 18:05:15.825  3342  3342 I BaseKeyboardSizeHelper: BaseKeyboardSizeHelper.calculateMaxKeyboardBodyHeight():73 leave 281 height for app when ime window height:2211, header height:116 and isFullscreenMode:false, so the max keyboard body height is:1814
05-01 18:05:15.882  3342  3342 I KeyboardModeUtils: KeyboardModeUtils.getKeyboardBottomOffset():432 inch: 0.000000 ydpi: 420.000000 adjustKeyboardBottomByDisplaySize: false currentDensityDpi: 420 defaultDensityDpi: 420 keyboardBottomToScreenPx: 0 keyboardBottomToNavBarPx: -126 navBarHeight: 126
05-01 18:05:15.904  3342  3342 I BaseKeyboardSizeHelper: BaseKeyboardSizeHelper.calculateMaxKeyboardBodyHeight():73 leave 281 height for app when ime window height:2211, header height:116 and isFullscreenMode:false, so the max keyboard body height is:1814
05-01 18:05:15.906  3342  3342 I BaseKeyboardSizeHelper: BaseKeyboardSizeHelper.calculateMaxKeyboardBodyHeight():73 leave 281 height for app when ime window height:2211, header height:116 and isFullscreenMode:false, so the max keyboard body height is:1814
05-01 18:05:16.119  3342  3342 I KeyboardModeUtils: KeyboardModeUtils.getKeyboardBottomOffset():432 inch: 0.000000 ydpi: 420.000000 adjustKeyboardBottomByDisplaySize: false currentDensityDpi: 420 defaultDensityDpi: 420 keyboardBottomToScreenPx: 0 keyboardBottomToNavBarPx: -126 navBarHeight: 126
05-01 18:05:16.119  3342  3342 I BaseKeyboardSizeHelper: BaseKeyboardSizeHelper.calculateMaxKeyboardBodyHeight():73 leave 281 height for app when ime window height:2211, header height:116 and isFullscreenMode:false, so the max keyboard body height is:1814
05-01 18:05:16.119  3342  3342 I BaseKeyboardSizeHelper: BaseKeyboardSizeHelper.calculateMaxKeyboardBodyHeight():73 leave 281 height for app when ime window height:2211, header height:116 and isFullscreenMode:false, so the max keyboard body height is:1814
05-01 18:05:16.418  3342  3342 I KeyboardModeUtils: KeyboardModeUtils.getKeyboardBottomOffset():432 inch: 0.000000 ydpi: 420.000000 adjustKeyboardBottomByDisplaySize: false currentDensityDpi: 420 defaultDensityDpi: 420 keyboardBottomToScreenPx: 0 keyboardBottomToNavBarPx: -126 navBarHeight: 126
05-01 18:05:16.418  3342  3342 I BaseKeyboardSizeHelper: BaseKeyboardSizeHelper.calculateMaxKeyboardBodyHeight():73 leave 281 height for app when ime window height:2211, header height:116 and isFullscreenMode:false, so the max keyboard body height is:1814
05-01 18:05:16.418  3342  3342 I BaseKeyboardSizeHelper: BaseKeyboardSizeHelper.calculateMaxKeyboardBodyHeight():73 leave 281 height for app when ime window height:2211, header height:116 and isFullscreenMode:false, so the max keyboard body height is:1814
05-01 18:05:16.463  2599  3707 W libbinder.Binder: Binder transaction to android.hardware.input.IInputManager code 1598246212 took 4438ms. Data bytes: 220 Reply bytes: 4 Flags: 16
05-01 18:05:16.468  3342  3342 I KeyboardModeUtils: KeyboardModeUtils.getKeyboardBottomOffset():432 inch: 0.000000 ydpi: 420.000000 adjustKeyboardBottomByDisplaySize: false currentDensityDpi: 420 defaultDensityDpi: 420 keyboardBottomToScreenPx: 0 keyboardBottomToNavBarPx: -126 navBarHeight: 126
05-01 18:05:16.469  3342  3342 I BaseKeyboardSizeHelper: BaseKeyboardSizeHelper.calculateMaxKeyboardBodyHeight():73 leave 281 height for app when ime window height:2211, header height:116 and isFullscreenMode:false, so the max keyboard body height is:1814
05-01 18:05:16.469  3342  3342 I BaseKeyboardSizeHelper: BaseKeyboardSizeHelper.calculateMaxKeyboardBodyHeight():73 leave 281 height for app when ime window height:2211, header height:116 and isFullscreenMode:false, so the max keyboard body height is:1814
05-01 18:05:16.629  2599  2796 I HalDevMgr: bestIfaceCreationProposal is null, requestIface=STA, existingIface=[name=wlan0 type=STA]
05-01 18:05:16.750 13419 13419 W libbinder.BackendUnifiedServiceManager: Thread Pool max thread count is 0. Cannot cache binder as linkToDeath cannot be implemented. serviceName: package
05-01 18:05:16.967  3046  3052 I artd    : GetBestInfo: odex next to the dex file (/data/app/~~9zdI27-KZDEvVC_7GO9BLQ==/com.google.android.gms-zDijJikcKxb1i4ibdVh7KA==/oat/arm64/base.odex) is kOatUpToDate with filter 'speed-profile' executable 'false'
05-01 18:05:16.986  3046  3052 I artd    : GetBestInfo: odex next to the dex file (/data/app/~~9zdI27-KZDEvVC_7GO9BLQ==/com.google.android.gms-zDijJikcKxb1i4ibdVh7KA==/oat/arm64/split_AdsDynamite_installtime.odex) is kOatUpToDate with filter 'speed' executable 'false'
05-01 18:05:17.016  3046  3052 I artd    : GetBestInfo: odex next to the dex file (/data/app/~~9zdI27-KZDEvVC_7GO9BLQ==/com.google.android.gms-zDijJikcKxb1i4ibdVh7KA==/oat/arm64/split_CronetDynamite_installtime.odex) is kOatUpToDate with filter 'speed' executable 'false'
05-01 18:05:17.029  3046  3052 I artd    : GetBestInfo: odex next to the dex file (/data/app/~~9zdI27-KZDEvVC_7GO9BLQ==/com.google.android.gms-zDijJikcKxb1i4ibdVh7KA==/oat/arm64/split_DynamiteLoader_installtime.odex) is kOatUpToDate with filter 'speed' executable 'false'
05-01 18:05:17.049  3046  3052 I artd    : GetBestInfo: odex next to the dex file (/data/app/~~9zdI27-KZDEvVC_7GO9BLQ==/com.google.android.gms-zDijJikcKxb1i4ibdVh7KA==/oat/arm64/split_DynamiteModulesA_installtime.odex) is kOatUpToDate with filter 'speed' executable 'false'
05-01 18:05:17.086  3046  3052 I artd    : GetBestInfo: odex next to the dex file (/data/app/~~9zdI27-KZDEvVC_7GO9BLQ==/com.google.android.gms-zDijJikcKxb1i4ibdVh7KA==/oat/arm64/split_DynamiteModulesC_installtime.odex) is kOatUpToDate with filter 'speed' executable 'false'
05-01 18:05:17.115  3046  3052 I artd    : GetBestInfo: odex next to the dex file (/data/app/~~9zdI27-KZDEvVC_7GO9BLQ==/com.google.android.gms-zDijJikcKxb1i4ibdVh7KA==/oat/arm64/split_GoogleCertificates_installtime.odex) is kOatUpToDate with filter 'speed' executable 'false'
05-01 18:05:17.144  3046  3052 I artd    : GetBestInfo: odex next to the dex file (/data/app/~~9zdI27-KZDEvVC_7GO9BLQ==/com.google.android.gms-zDijJikcKxb1i4ibdVh7KA==/oat/arm64/split_MapsDynamite_installtime.odex) is kOatUpToDate with filter 'speed' executable 'false'
05-01 18:05:17.163  3046  3052 I artd    : GetBestInfo: odex next to the dex file (/data/app/~~9zdI27-KZDEvVC_7GO9BLQ==/com.google.android.gms-zDijJikcKxb1i4ibdVh7KA==/oat/arm64/split_MeasurementDynamite_installtime.odex) is kOatUpToDate with filter 'speed' executable 'false'
05-01 18:05:17.193  3046  3052 I artd    : GetBestInfo: /data/user_de/0/com.google.android.gms/app_chimera/m/00000024/dl-MlkitOcrCommon.optional_261332100400.apk has no usable artifacts
05-01 18:05:17.195  3046  3052 I artd    : GetBestInfo: /data/user_de/0/com.google.android.gms/app_chimera/m/00000001/CronetDynamite.apk has no usable artifacts
05-01 18:05:17.196  3046  3052 I artd    : GetBestInfo: /data/user_de/0/com.google.android.gms/app_chimera/m/00000002/DynamiteLoader.apk has no usable artifacts
05-01 18:05:17.198  3046  3052 W artd    : Could not get dex checksums for location /data/app/~~3fBXho8HaymPEUVbuDbDyw==/com.google.android.gms-lP3FhbDqyEae3o3ITSwEOg==/base.apk, fd=-1
05-01 18:05:17.206  3046  3052 W artd    : Could not get dex checksums for location /data/app/~~3fBXho8HaymPEUVbuDbDyw==/com.google.android.gms-lP3FhbDqyEae3o3ITSwEOg==/base.apk, fd=-1
05-01 18:05:17.215  3046  3052 I artd    : GetBestInfo: /data/user_de/0/com.google.android.gms/app_chimera/m/00000005/GoogleCertificates.apk has no usable artifacts
05-01 18:05:17.215  3046  3052 W artd    : Could not get dex checksums for location /data/app/~~3fBXho8HaymPEUVbuDbDyw==/com.google.android.gms-lP3FhbDqyEae3o3ITSwEOg==/base.apk, fd=-1
05-01 18:05:17.242  3046  3052 I artd    : GetBestInfo: /data/user_de/0/com.google.android.gms/app_chimera/m/0000000c/dl-PlayCloudSearch.optional_253434100000.apk has no usable artifacts
05-01 18:05:17.242  3046  3052 W artd    : Could not get dex checksums for location /data/app/~~3fBXho8HaymPEUVbuDbDyw==/com.google.android.gms-lP3FhbDqyEae3o3ITSwEOg==/base.apk, fd=-1
05-01 18:05:17.252  3046  3052 W artd    : Could not get dex checksums for location /data/app/~~3fBXho8HaymPEUVbuDbDyw==/com.google.android.gms-lP3FhbDqyEae3o3ITSwEOg==/base.apk, fd=-1
05-01 18:05:17.274  3046  3052 W artd    : Could not get dex checksums for location /data/app/~~3fBXho8HaymPEUVbuDbDyw==/com.google.android.gms-lP3FhbDqyEae3o3ITSwEOg==/base.apk, fd=-1
05-01 18:05:17.293  3046  3052 I artd    : GetBestInfo: /data/user_de/0/com.google.android.gms/app_chimera/m/00000009/dl-Appsearch.optional_253434100400.apk has no usable artifacts
05-01 18:05:17.310  3046  3052 I artd    : GetBestInfo: /data/user_de/0/com.google.android.gms/app_chimera/m/0000001f/dl-MlkitBarcodeUi.optional_261332100400.apk has no usable artifacts
05-01 18:05:17.323  3046  3052 I artd    : GetBestInfo: vdex next to the dex file (/data/user/0/com.google.android.gms/app_dg_cache/C979021594972B0BA2D39F27BF33D93C4B1302BC/oat/arm64/the.vdex) is kOatUpToDate with filter 'verify' executable 'false'
05-01 18:05:17.324  3046  3052 W artd    : Could not get dex checksums for location /data/app/~~3fBXho8HaymPEUVbuDbDyw==/com.google.android.gms-lP3FhbDqyEae3o3ITSwEOg==/base.apk, fd=-1
05-01 18:05:17.332  3046  3052 W artd    : Could not get dex checksums for location /data/app/~~3fBXho8HaymPEUVbuDbDyw==/com.google.android.gms-lP3FhbDqyEae3o3ITSwEOg==/base.apk, fd=-1
05-01 18:05:17.360  3046  3052 I artd    : GetBestInfo: /data/user_de/0/com.google.android.gms/app_chimera/m/0000001e/dl-VisionOcr.optional_261332100000.apk has no usable artifacts
05-01 18:05:17.367  3046  3052 I artd    : GetBestInfo: /data/user_de/0/com.google.android.gms/app_chimera/m/00000020/dl-PlayCloudSearch.optional_261332100000.apk has no usable artifacts
05-01 18:05:17.386  3046  3052 I artd    : GetBestInfo: vdex next to the dex file (/data/user/0/com.google.android.gms/app_dg_cache/707FFD883BF2A7896692338F9625CA52336E933B/oat/arm64/the.vdex) is kOatUpToDate with filter 'verify' executable 'false'
05-01 18:05:17.395  3046  3052 I artd    : GetBestInfo: /data/user_de/0/com.google.android.gms/app_chimera/m/00000019/dl-TfliteDynamiteDynamite.integ_252130102100400.apk has no usable artifacts
05-01 18:05:17.407  3046  3052 W artd    : Could not get dex checksums for location /data/app/~~3fBXho8HaymPEUVbuDbDyw==/com.google.android.gms-lP3FhbDqyEae3o3ITSwEOg==/base.apk, fd=-1
05-01 18:05:17.411  3046  3052 W artd    : Could not get dex checksums for location /data/app/~~dKAWhbpuAhXMPrgX8_uNaA==/com.android.vending-VlQnPVZ5qb-G_00QsqpjnQ==/base.apk, fd=-1
05-01 18:05:17.416  3046  3052 I artd    : GetBestInfo: /data/user_de/0/com.google.android.gms/app_chimera/m/00000021/dl-Appsearch.optional_261332100400.apk has no usable artifacts
05-01 18:05:17.420  3046  3052 I artd    : GetBestInfo: /data/user_de/0/com.google.android.gms/app_chimera/m/0000000b/dl-MlkitBarcodeUi.optional_253434100400.apk has no usable artifacts
05-01 18:05:18.099  3054  3142 D SatelliteController: iisInCarrierRoamingNbIotNtn: satellite is disabled
05-01 18:05:18.101  3054  3142 D SatelliteController: getCarrierRoamingNtnConnectType: Falling back to global carrier config connect type: 0
05-01 18:05:18.106  2599  3707 W libbinder.IPCThreadState: Sending oneway calls to frozen process.
05-01 18:05:19.651  2599  2796 I HalDevMgr: bestIfaceCreationProposal is null, requestIface=STA, existingIface=[name=wlan0 type=STA]
05-01 18:05:20.294  2599  3707 W ProcessStats: Tracking association SourceState{e379c1f com.google.android.inputmethod.latin/10166 BFgs #62087} whose proc state 4 is better than process ProcessState{707893e com.google.android.gms/10155 pkg=com.google.android.gms} proc state 14 (155 skipped)
05-01 18:05:20.412  3342  3342 I StylusModule: StylusModule.onUpdateToolType():774 Update tool type = 0
05-01 18:05:20.425 13250 13250 I ImeTracker: com.signbridge:eae3c452: onRequestHide at ORIGIN_CLIENT reason HIDE_SOFT_INPUT_REQUEST_HIDE_WITH_CONTROL fromUser true
05-01 18:05:20.426 13250 13250 D InsetsController: hide(ime())
05-01 18:05:20.427 13250 13250 D WindowOnBackDispatcher: setTopOnBackInvokedCallback (unwrapped): android.app.Activity$$ExternalSyntheticLambda0@4987e23
05-01 18:05:20.428 13250 13250 D InsetsController: Setting requestedVisibleTypes to 503 (was 511)
05-01 18:05:20.430  2599  3695 D CoreBackPreview: Window{a7d7b4f u0 com.signbridge/com.signbridge.MainActivity}: Setting back callback OnBackInvokedCallbackInfo{mCallback=android.window.IOnBackInvokedCallback$Stub$Proxy@9528258, mPriority=-1, mIsAnimationCallback=false, mOverrideBehavior=0}
05-01 18:05:20.441  2599  2952 I ImeTracker: system_server:6a303d3d: onRequestShow at ORIGIN_SERVER reason IME_REQUESTED_CHANGED_LISTENER fromUser false
05-01 18:05:20.443 13250 13250 D VRI[MainActivity]: WindowInsets changed: ime:null 
05-01 18:05:20.446  2896  2967 D Bubbles : BubbleController.BubblesImeListener.onImeVisibilityChanged visible=falserunnable=null stackView=null
05-01 18:05:20.454  2599  2621 I ImeTracker: system_server:6a303d3d: onCancelled at PHASE_SERVER_ALREADY_VISIBLE
05-01 18:05:20.666  2599  2622 I ImeTracker: system_server:4c3c319c: onRequestShow at ORIGIN_SERVER reason CONTROLS_CHANGED fromUser false
05-01 18:05:20.708 13250 13250 I ImeTracker: system_server:4c3c319c: onCancelled at PHASE_CLIENT_ON_CONTROLS_CHANGED
05-01 18:05:20.876  2599  3707 I ImeTracker: com.signbridge:eae3c452: onFailed at PHASE_WM_NOTIFY_HIDE_ANIMATION_FINISHED
05-01 18:05:20.902  3342  3342 I GoogleInputMethodService: GoogleInputMethodService.onFinishInputView():1660 onFinishInputView(false)
05-01 18:05:20.902  3342  3342 I GlobeKeyExtension: GlobeKeyExtension.onDeactivate():153 
05-01 18:05:21.001  3342  3342 W TooltipLifecycleManager: TooltipLifecycleManager.dismissTooltips():153 Tooltip with id spell_check_add_to_dictionary not found in tooltipManager.
05-01 18:05:21.002  3342  3342 I VoiceInputManagerWrapper: VoiceInputManagerWrapper.shutdown():131 shutdown()
05-01 18:05:21.002  3342  3342 I InputBundle: InputBundle.consumeEvent():1041 Skip consuming an event as keyboard status is INACTIVE
05-01 18:05:21.003  3342  3342 E native  : E0000 00:00:1777655121.003415    3342 key-correction-manager.cc:360] User feature cache is not ready for key correction!
05-01 18:05:21.003  3342  3342 I AndroidIME: AbstractIme.onDeactivate():213 LatinIme.onDeactivate()
05-01 18:05:21.114  3342  3832 W ModuleManager: ModuleManager.loadModule():634 Module pws is not available
05-01 18:05:21.114  3342  3832 I NebulaeTrainingCacheMetricsProcessor: NebulaeTrainingCacheMetricsProcessor.processEndSession():659 End training cache session: /
05-01 18:05:21.135  3342  3832 I NebulaeTrainingCacheMetricsProcessor: NebulaeTrainingCacheMetricsProcessor.processEndSession():770 Generate fake conversation id: com.signbridge
05-01 18:05:21.154  3342  3342 W NotificationCenter: NotificationCenter$NotificationQueue.notifyPendingNotificationsOnExecutor():877 Heavy notify work detected on UI thread: [nkd->huu, nkd->kzi, nkd->nje, nkd->gsj, nkd->muk, nkd->kzi, nkd->kzi, nkd->kzi, nkd->mjd, nkd->kzi, nkd->kzi, nkd->lcb, nkd->niv, nkd->pcd, nkd->kzi, nkd->kwp, nkd->imj, nkd->kzi, nkd->kzi, nkd->prl, nkd->kzi, nkd->kzi, nkd->kzi, nkd->gvh, nkd->kzi, nkd->kzi] takes 96ms
05-01 18:05:21.157  3342  3342 I PrimesLoggerHolder: FrameMetricServiceImpl.stopAsFuture():213 Measurement not found: OnConfigurationChanged
05-01 18:05:21.157  3342  3342 W TooltipLifecycleManager: TooltipLifecycleManager.dismissTooltips():153 Tooltip with id undo_access_point_promotion_banner not found in tooltipManager.
05-01 18:05:21.158  3342  3342 D ImeBackCallbackSender: Unregister OnBackInvokedCallback at app window (packageName=com.signbridge)
05-01 18:05:21.158  3342  3342 I ImeTracker: com.signbridge:eae3c452: onHidden
05-01 18:05:21.162  2599  3697 I ImeTracker: com.signbridge:eae3c452: onFinished on previously finished token at PHASE_NOT_SET with STATUS_SUCCESS
05-01 18:05:21.228  3342  3832 I OnDeviceWmrCalculator: OnDeviceWmrCalculator.calculateWmr():94 WMR: 0.0000 (0 / 5)
05-01 18:05:21.674  3342  3342 W TooltipLifecycleManager: TooltipLifecycleManager.dismissTooltips():153 Tooltip with id undo_access_point_promotion_banner not found in tooltipManager.
05-01 18:05:21.694  2599  3697 I ImeTracker: system_server:f2def17c: onRequestHide at ORIGIN_SERVER reason IME_REQUESTED_CHANGED_LISTENER fromUser false
05-01 18:05:21.699  2599  2621 I ImeTracker: system_server:f2def17c: onCancelled at PHASE_SERVER_SHOULD_HIDE
05-01 18:05:22.667  2599  2796 I HalDevMgr: bestIfaceCreationProposal is null, requestIface=STA, existingIface=[name=wlan0 type=STA]
05-01 18:05:22.816  3593  3593 D BoundBrokerSvc: onUnbind: Intent { act=com.google.android.gms.chromesync.service.zeroparty.START dat=chimera-action:/... xflg=0x4 cmp=com.google.android.gms/.chimera.GmsApiService }
05-01 18:05:23.306  4139  4139 D BoundBrokerSvc: onUnbind: Intent { act=com.google.android.gms.auth.aang.events.services.START dat=chimera-action:/... xflg=0x4 cmp=com.google.android.gms/.chimera.PersistentApiService }
05-01 18:05:23.382  3593  3593 D BoundBrokerSvc: onUnbind: Intent { act=com.google.android.gms.wallet.service.BIND xflg=0x4 pkg=com.google.android.gms }
05-01 18:05:23.409  3593  3593 D BoundBrokerSvc: onUnbind: Intent { act=com.google.android.gms.credential.manager.service.firstparty.START dat=chimera-action:/... xflg=0x4 cmp=com.google.android.gms/.chimera.GmsApiService }
05-01 18:05:23.768  3593  3593 D BoundBrokerSvc: onUnbind: Intent { act=com.google.android.mdd.service.START dat=chimera-action:/... xflg=0x4 cmp=com.google.android.gms/.chimera.GmsBoundBrokerService }
05-01 18:05:24.859  3593  3593 D BoundBrokerSvc: onUnbind: Intent { act=com.google.firebase.dynamiclinks.service.START xflg=0x4 pkg=com.google.android.gms }
05-01 18:05:24.885  4139  4139 D BoundBrokerSvc: onUnbind: Intent { act=com.google.android.gms.libs.gmscorelogger.service.START dat=chimera-action:/... xflg=0x4 cmp=com.google.android.gms/.chimera.PersistentDirectBootAwareApiService }
05-01 18:05:25.318  3593  3593 D BoundBrokerSvc: onUnbind: Intent { act=com.google.android.gms.chimera.container.moduleinstall.ModuleInstallService.START dat=chimera-action:/... xflg=0x4 cmp=com.google.android.gms/.chimera.GmsApiService }
05-01 18:05:25.722  2599  2796 I HalDevMgr: bestIfaceCreationProposal is null, requestIface=STA, existingIface=[name=wlan0 type=STA]
05-01 18:05:26.748 13440 13440 W libbinder.BackendUnifiedServiceManager: Thread Pool max thread count is 0. Cannot cache binder as linkToDeath cannot be implemented. serviceName: package
05-01 18:05:27.195  3046  3052 I artd    : GetBestInfo: odex next to the dex file (/data/app/~~9zdI27-KZDEvVC_7GO9BLQ==/com.google.android.gms-zDijJikcKxb1i4ibdVh7KA==/oat/arm64/base.odex) is kOatUpToDate with filter 'speed-profile' executable 'false'
05-01 18:05:27.215  3046  3052 I artd    : GetBestInfo: odex next to the dex file (/data/app/~~9zdI27-KZDEvVC_7GO9BLQ==/com.google.android.gms-zDijJikcKxb1i4ibdVh7KA==/oat/arm64/split_AdsDynamite_installtime.odex) is kOatUpToDate with filter 'speed' executable 'false'
05-01 18:05:27.225  3046  3052 I artd    : GetBestInfo: odex next to the dex file (/data/app/~~9zdI27-KZDEvVC_7GO9BLQ==/com.google.android.gms-zDijJikcKxb1i4ibdVh7KA==/oat/arm64/split_CronetDynamite_installtime.odex) is kOatUpToDate with filter 'speed' executable 'false'
05-01 18:05:27.243  3046  3052 I artd    : GetBestInfo: odex next to the dex file (/data/app/~~9zdI27-KZDEvVC_7GO9BLQ==/com.google.android.gms-zDijJikcKxb1i4ibdVh7KA==/oat/arm64/split_DynamiteLoader_installtime.odex) is kOatUpToDate with filter 'speed' executable 'false'
05-01 18:05:27.250  3046  3052 I artd    : GetBestInfo: odex next to the dex file (/data/app/~~9zdI27-KZDEvVC_7GO9BLQ==/com.google.android.gms-zDijJikcKxb1i4ibdVh7KA==/oat/arm64/split_DynamiteModulesA_installtime.odex) is kOatUpToDate with filter 'speed' executable 'false'
05-01 18:05:27.278  3046  3052 I artd    : GetBestInfo: odex next to the dex file (/data/app/~~9zdI27-KZDEvVC_7GO9BLQ==/com.google.android.gms-zDijJikcKxb1i4ibdVh7KA==/oat/arm64/split_DynamiteModulesC_installtime.odex) is kOatUpToDate with filter 'speed' executable 'false'
05-01 18:05:27.317  3046  3052 I artd    : GetBestInfo: odex next to the dex file (/data/app/~~9zdI27-KZDEvVC_7GO9BLQ==/com.google.android.gms-zDijJikcKxb1i4ibdVh7KA==/oat/arm64/split_GoogleCertificates_installtime.odex) is kOatUpToDate with filter 'speed' executable 'false'
05-01 18:05:27.338  3593  5874 I cn_CronetUrlRequestContext: destroyNativeStreamLocked org.chromium.net.impl.CronetBidirectionalStream@75e028d
05-01 18:05:27.346  3046  3052 I artd    : GetBestInfo: odex next to the dex file (/data/app/~~9zdI27-KZDEvVC_7GO9BLQ==/com.google.android.gms-zDijJikcKxb1i4ibdVh7KA==/oat/arm64/split_MapsDynamite_installtime.odex) is kOatUpToDate with filter 'speed' executable 'false'
05-01 18:05:27.417  3046  3052 I artd    : GetBestInfo: odex next to the dex file (/data/app/~~9zdI27-KZDEvVC_7GO9BLQ==/com.google.android.gms-zDijJikcKxb1i4ibdVh7KA==/oat/arm64/split_MeasurementDynamite_installtime.odex) is kOatUpToDate with filter 'speed' executable 'false'
05-01 18:05:27.442  3046  3052 I artd    : GetBestInfo: /data/user_de/0/com.google.android.gms/app_chimera/m/00000024/dl-MlkitOcrCommon.optional_261332100400.apk has no usable artifacts
05-01 18:05:27.444  3046  3052 I artd    : GetBestInfo: /data/user_de/0/com.google.android.gms/app_chimera/m/00000001/CronetDynamite.apk has no usable artifacts
05-01 18:05:27.447  3046  3052 I artd    : GetBestInfo: /data/user_de/0/com.google.android.gms/app_chimera/m/00000002/DynamiteLoader.apk has no usable artifacts
