05-01 17:52:01.592  4522  4522 I native  : I0000 00:00:1777654321.592801    4522 data_source.cc:99] ... Opened data source "/data/user_de/0/com.google.android.tts/files/superpacks/en-us/en-us-x-multi-seanet-r83/engine_config_en_us_x_embedded_havoc.pb" of size 54
05-01 17:52:01.597  4522  4522 I native  : I0000 00:00:1777654321.597787    4522 android_resource_loader.cc:100] Built resource engine_config
05-01 17:52:01.597  4522  4522 I native  : I0000 00:00:1777654321.597931    4522 android_resource_loader.cc:116] Loaded resource:engine_config
05-01 17:52:01.606  4522  4522 I native  : I0000 00:00:1777654321.606306    4522 android_resource_loader.cc:100] Built resource guided_synthesis
05-01 17:52:01.607  4522  4522 I native  : I0000 00:00:1777654321.607929    4522 android_resource_loader.cc:116] Loaded resource:guided_synthesis
05-01 17:52:01.608  4522  4522 I native  : I0000 00:00:1777654321.607997    4522 data_source.cc:95] Opening data source "/data/user_de/0/com.google.android.tts/files/superpacks/en-us/en-us-x-multi-seanet-r83/../en-us-x-multi-r83/mapping_grammar_en.far" (as: FILE) ...
05-01 17:52:01.608  4522  4522 I native  : I0000 00:00:1777654321.608071    4522 data_source.cc:99] ... Opened data source "/data/user_de/0/com.google.android.tts/files/superpacks/en-us/en-us-x-multi-seanet-r83/../en-us-x-multi-r83/mapping_grammar_en.far" of size 863
05-01 17:52:01.608  4522  4522 I native  : I0000 00:00:1777654321.608544    4522 android_resource_loader.cc:100] Built resource homograph_mapping_grammar
05-01 17:52:01.608  4522  4522 I native  : I0000 00:00:1777654321.608558    4522 android_resource_loader.cc:116] Loaded resource:homograph_mapping_grammar
05-01 17:52:01.608  4522  4522 I native  : I0000 00:00:1777654321.608927    4522 data_source.cc:95] Opening data source "/data/user_de/0/com.google.android.tts/files/superpacks/en-us/en-us-x-multi-seanet-r83/../en-us-x-multi-r83/lettuce_model.fb" (as: MEMORY) ...
05-01 17:52:01.609  4522  4522 I native  : I0000 00:00:1777654321.609018    4522 data_source.cc:99] ... Opened data source "/data/user_de/0/com.google.android.tts/files/superpacks/en-us/en-us-x-multi-seanet-r83/../en-us-x-multi-r83/lettuce_model.fb" of size 2100680
05-01 17:52:01.617  3066  4180 I WellbeingModel: Retrying; attempt 1
05-01 17:52:01.617  3066  4180 I WellbeingModel: updateActionsWithRetry(); retryCount: 1, package: com.signbridge
05-01 17:52:01.618  3066  4180 D WellbeingModel: retrieveActions() called with: packageNames = [com.signbridge]
05-01 17:52:01.624  4522  4522 I native  : I0000 00:00:1777654321.624516    4522 android_resource_loader.cc:100] Built resource lettuce_model_resource
05-01 17:52:01.624  4522  4522 I native  : I0000 00:00:1777654321.624668    4522 android_resource_loader.cc:116] Loaded resource:lettuce_model_resource
05-01 17:52:01.624  4522  4522 I native  : I0000 00:00:1777654321.624782    4522 android_resource_loader.cc:100] Built resource lettuce_model_scorer
05-01 17:52:01.624  4522  4522 I native  : I0000 00:00:1777654321.624811    4522 android_resource_loader.cc:116] Loaded resource:lettuce_model_scorer
05-01 17:52:01.624  4522  4522 I native  : I0000 00:00:1777654321.624859    4522 data_source.cc:95] Opening data source "/data/user_de/0/com.google.android.tts/files/superpacks/en-us/en-us-x-multi-seanet-r83/../en-us-x-multi-r83/lettuce_classify_embedded_us_generated_android.far" (as: FILE) ...
05-01 17:52:01.624  4522  4522 I native  : I0000 00:00:1777654321.624953    4522 data_source.cc:99] ... Opened data source "/data/user_de/0/com.google.android.tts/files/superpacks/en-us/en-us-x-multi-seanet-r83/../en-us-x-multi-r83/lettuce_classify_embedded_us_generated_android.far" of size 4439801
05-01 17:52:01.996  2599  2802 D InetDiagMessage: Destroyed 0 sockets, proto=IPPROTO_TCP, family=AF_INET, states=14
05-01 17:52:01.997  2599  2802 D InetDiagMessage: Destroyed 0 sockets, proto=IPPROTO_TCP, family=AF_INET6, states=14
05-01 17:52:01.997  2599  2802 D InetDiagMessage: Destroyed live tcp sockets for uids={10170} in 5ms
05-01 17:52:02.001  2599  2802 D InetDiagMessage: Destroyed 0 sockets, proto=IPPROTO_TCP, family=AF_INET, states=14
05-01 17:52:02.069  2599  2802 D InetDiagMessage: Destroyed 0 sockets, proto=IPPROTO_TCP, family=AF_INET6, states=14
05-01 17:52:02.073  2599  2802 D InetDiagMessage: Destroyed live tcp sockets for uids={20170} in 75ms
05-01 17:52:02.490 12242 12242 D AndroidRuntime: >>>>>> START com.android.internal.os.RuntimeInit uid 2000 <<<<<<
05-01 17:52:02.549  3066  4180 D WellbeingModel: ....actionId: pause, packages: com.signbridge
05-01 17:52:02.549  3066  4180 I WellbeingModel: retrieveActions(): finished
05-01 17:52:02.795 12242 12242 I AndroidRuntime: Using default boot image
05-01 17:52:02.795 12242 12242 I AndroidRuntime: Leaving lock profiling enabled
05-01 17:52:02.827 12242 12242 I app_process: Using CollectorTypeCMC GC.
05-01 17:52:02.843  4139  4240 W Auth    : [TokenResponseCallback] TokenResponse failed with exception [CONTEXT service_id=343 ]
05-01 17:52:02.843  4139  4240 W Auth    : cycd: Failed to process request
05-01 17:52:02.843  4139  4240 W Auth    : 	at cyck.a(:com.google.android.gms@261332035@26.13.32 (260400-895912391):23)
05-01 17:52:02.843  4139  4240 W Auth    : 	at cygh.b(:com.google.android.gms@261332035@26.13.32 (260400-895912391):15)
05-01 17:52:02.843  4139  4240 W Auth    : 	at cyfg.a(:com.google.android.gms@261332035@26.13.32 (260400-895912391):82)
05-01 17:52:02.843  4139  4240 W Auth    : 	at lcm.a(:com.google.android.gms@261332035@26.13.32 (260400-895912391):19)
05-01 17:52:02.843  4139  4240 W Auth    : 	at cyfn.a(:com.google.android.gms@261332035@26.13.32 (260400-895912391):6)
05-01 17:52:02.843  4139  4240 W Auth    : 	at cakc.a(:com.google.android.gms@261332035@26.13.32 (260400-895912391):9)
05-01 17:52:02.843  4139  4240 W Auth    : 	at agrr.b(:com.google.android.gms@261332035@26.13.32 (260400-895912391):13)
05-01 17:52:02.843  4139  4240 W Auth    : 	at agrr.a(:com.google.android.gms@261332035@26.13.32 (260400-895912391):130)
05-01 17:52:02.843  4139  4240 W Auth    : 	at aoyt.b(:com.google.android.gms@261332035@26.13.32 (260400-895912391):28)
05-01 17:52:02.843  4139  4240 W Auth    : 	at ahnf.d(:com.google.android.gms@261332035@26.13.32 (260400-895912391):170)
05-01 17:52:02.843  4139  4240 W Auth    : 	at ahnf.b(:com.google.android.gms@261332035@26.13.32 (260400-895912391):48)
05-01 17:52:02.843  4139  4240 W Auth    : 	at ahnd.a(:com.google.android.gms@261332035@26.13.32 (260400-895912391):738)
05-01 17:52:02.843  4139  4240 W Auth    : 	at ahnc.b(:com.google.android.gms@261332035@26.13.32 (260400-895912391):153)
05-01 17:52:02.843  4139  4240 W Auth    : 	at aapu.d(:com.google.android.gms@261332035@26.13.32 (260400-895912391):107)
05-01 17:52:02.843  4139  4240 W Auth    : 	at ahgp.getAuthToken(:com.google.android.gms@261332035@26.13.32 (260400-895912391):411)
05-01 17:52:02.843  4139  4240 W Auth    : 	at android.accounts.AbstractAccountAuthenticator$Transport.getAuthToken(AbstractAccountAuthenticator.java:248)
05-01 17:52:02.843  4139  4240 W Auth    : 	at android.accounts.IAccountAuthenticator$Stub.onTransact(IAccountAuthenticator.java:254)
05-01 17:52:02.843  4139  4240 W Auth    : 	at android.os.Binder.transact(Binder.java:1325)
05-01 17:52:02.843  4139  4240 W Auth    : 	at cnuy.onTransact(:com.google.android.gms@261332035@26.13.32 (260400-895912391):10)
05-01 17:52:02.843  4139  4240 W Auth    : 	at android.os.Binder.transact(Binder.java:1325)
05-01 17:52:02.843  4139  4240 W Auth    : 	at canx.onTransact(:com.google.android.gms@261332035@26.13.32 (260400-895912391):161)
05-01 17:52:02.843  4139  4240 W Auth    : 	at android.os.Binder.execTransactInternal(Binder.java:1478)
05-01 17:52:02.843  4139  4240 W Auth    : 	at android.os.Binder.execTransact(Binder.java:1418)
05-01 17:52:02.843  4139  4240 W Auth    : Caused by: cyfj: Connectivity error
05-01 17:52:02.843  4139  4240 W Auth    : 	at cyfg.a(:com.google.android.gms@261332035@26.13.32 (260400-895912391):76)
05-01 17:52:02.843  4139  4240 W Auth    : 	... 20 more
05-01 17:52:02.843  4139  4240 W Auth    : Caused by: java.io.IOException
05-01 17:52:02.843  4139  4240 W Auth    : 	at cyfg.a(:com.google.android.gms@261332035@26.13.32 (260400-895912391):73)
05-01 17:52:02.843  4139  4240 W Auth    : 	... 20 more
05-01 17:52:02.876  4139  4240 E AuthPII : [RequestTokenManager] getToken() -> NETWORK_ERROR. App: com.android.vending, Service: oauth2:https://www.googleapis.com/auth/googleplay
05-01 17:52:02.876  4139  4240 E AuthPII : bifm: Error when calling server using GmsNetworkStack.
05-01 17:52:02.876  4139  4240 E AuthPII : 	at ahnf.b(:com.google.android.gms@261332035@26.13.32 (260400-895912391):1606)
05-01 17:52:02.876  4139  4240 E AuthPII : 	at ahnd.a(:com.google.android.gms@261332035@26.13.32 (260400-895912391):738)
05-01 17:52:02.876  4139  4240 E AuthPII : 	at ahnc.b(:com.google.android.gms@261332035@26.13.32 (260400-895912391):153)
05-01 17:52:02.876  4139  4240 E AuthPII : 	at aapu.d(:com.google.android.gms@261332035@26.13.32 (260400-895912391):107)
05-01 17:52:02.876  4139  4240 E AuthPII : 	at ahgp.getAuthToken(:com.google.android.gms@261332035@26.13.32 (260400-895912391):411)
05-01 17:52:02.876  4139  4240 E AuthPII : 	at android.accounts.AbstractAccountAuthenticator$Transport.getAuthToken(AbstractAccountAuthenticator.java:248)
05-01 17:52:02.876  4139  4240 E AuthPII : 	at android.accounts.IAccountAuthenticator$Stub.onTransact(IAccountAuthenticator.java:254)
05-01 17:52:02.876  4139  4240 E AuthPII : 	at android.os.Binder.transact(Binder.java:1325)
05-01 17:52:02.876  4139  4240 E AuthPII : 	at cnuy.onTransact(:com.google.android.gms@261332035@26.13.32 (260400-895912391):10)
05-01 17:52:02.876  4139  4240 E AuthPII : 	at android.os.Binder.transact(Binder.java:1325)
05-01 17:52:02.876  4139  4240 E AuthPII : 	at canx.onTransact(:com.google.android.gms@261332035@26.13.32 (260400-895912391):161)
05-01 17:52:02.876  4139  4240 E AuthPII : 	at android.os.Binder.execTransactInternal(Binder.java:1478)
05-01 17:52:02.876  4139  4240 E AuthPII : 	at android.os.Binder.execTransact(Binder.java:1418)
05-01 17:52:02.876  4139  4240 E AuthPII : Caused by: bifm: Error requesting token.
05-01 17:52:02.876  4139  4240 E AuthPII : 	at ahnf.d(:com.google.android.gms@261332035@26.13.32 (260400-895912391):212)
05-01 17:52:02.876  4139  4240 E AuthPII : 	at ahnf.b(:com.google.android.gms@261332035@26.13.32 (260400-895912391):48)
05-01 17:52:02.876  4139  4240 E AuthPII : 	... 12 more
05-01 17:52:02.876  4139  4240 E AuthPII : Caused by: java.util.concurrent.ExecutionException: cycd: Failed to process request
05-01 17:52:02.876  4139  4240 E AuthPII : 	at hipf.j(:com.google.android.gms@261332035@26.13.32 (260400-895912391):21)
05-01 17:52:02.876  4139  4240 E AuthPII : 	at hipo.v(:com.google.android.gms@261332035@26.13.32 (260400-895912391):31)
05-01 17:52:02.876  4139  4240 E AuthPII : 	at ahnf.d(:com.google.android.gms@261332035@26.13.32 (260400-895912391):197)
05-01 17:52:02.876  4139  4240 E AuthPII : 	... 13 more
05-01 17:52:02.876  4139  4240 E AuthPII : Caused by: cycd: Failed to process request
05-01 17:52:02.876  4139  4240 E AuthPII : 	at cyck.a(:com.google.android.gms@261332035@26.13.32 (260400-895912391):23)
05-01 17:52:02.876  4139  4240 E AuthPII : 	at cygh.b(:com.google.android.gms@261332035@26.13.32 (260400-895912391):15)
05-01 17:52:02.876  4139  4240 E AuthPII : 	at cyfg.a(:com.google.android.gms@261332035@26.13.32 (260400-895912391):82)
05-01 17:52:02.876  4139  4240 E AuthPII : 	at lcm.a(:com.google.android.gms@261332035@26.13.32 (260400-895912391):19)
05-01 17:52:02.876  4139  4240 E AuthPII : 	at cyfn.a(:com.google.android.gms@261332035@26.13.32 (260400-895912391):6)
05-01 17:52:02.876  4139  4240 E AuthPII : 	at cakc.a(:com.google.android.gms@261332035@26.13.32 (260400-895912391):9)
05-01 17:52:02.876  4139  4240 E AuthPII : 	at agrr.b(:com.google.android.gms@261332035@26.13.32 (260400-895912391):13)
05-01 17:52:02.876  4139  4240 E AuthPII : 	at agrr.a(:com.google.android.gms@261332035@26.13.32 (260400-895912391):130)
05-01 17:52:02.876  4139  4240 E AuthPII : 	at aoyt.b(:com.google.android.gms@261332035@26.13.32 (260400-895912391):28)
05-01 17:52:02.876  4139  4240 E AuthPII : 	at ahnf.d(:com.google.android.gms@261332035@26.13.32 (260400-895912391):170)
05-01 17:52:02.876  4139  4240 E AuthPII : 	... 13 more
05-01 17:52:02.876  4139  4240 E AuthPII : Caused by: cyfj: Connectivity error
05-01 17:52:02.876  4139  4240 E AuthPII : 	at cyfg.a(:com.google.android.gms@261332035@26.13.32 (260400-895912391):76)
05-01 17:52:02.876  4139  4240 E AuthPII : 	... 20 more
05-01 17:52:02.876  4139  4240 E AuthPII : Caused by: java.io.IOException
05-01 17:52:02.876  4139  4240 E AuthPII : 	at cyfg.a(:com.google.android.gms@261332035@26.13.32 (260400-895912391):73)
05-01 17:52:02.876  4139  4240 E AuthPII : 	... 20 more
05-01 17:52:02.902  2599  2796 I HalDevMgr: bestIfaceCreationProposal is null, requestIface=STA, existingIface=[name=wlan0 type=STA]
05-01 17:52:02.917  4139  4240 E AuthPII : Message is Error when calling server using GmsNetworkStack.
05-01 17:52:02.917  4139  4240 E AuthPII : bifm: Error when calling server using GmsNetworkStack.
05-01 17:52:02.917  4139  4240 E AuthPII : 	at ahnf.b(:com.google.android.gms@261332035@26.13.32 (260400-895912391):1606)
05-01 17:52:02.917  4139  4240 E AuthPII : 	at ahnd.a(:com.google.android.gms@261332035@26.13.32 (260400-895912391):738)
05-01 17:52:02.917  4139  4240 E AuthPII : 	at ahnc.b(:com.google.android.gms@261332035@26.13.32 (260400-895912391):153)
05-01 17:52:02.917  4139  4240 E AuthPII : 	at aapu.d(:com.google.android.gms@261332035@26.13.32 (260400-895912391):107)
05-01 17:52:02.917  4139  4240 E AuthPII : 	at ahgp.getAuthToken(:com.google.android.gms@261332035@26.13.32 (260400-895912391):411)
05-01 17:52:02.917  4139  4240 E AuthPII : 	at android.accounts.AbstractAccountAuthenticator$Transport.getAuthToken(AbstractAccountAuthenticator.java:248)
05-01 17:52:02.917  4139  4240 E AuthPII : 	at android.accounts.IAccountAuthenticator$Stub.onTransact(IAccountAuthenticator.java:254)
05-01 17:52:02.917  4139  4240 E AuthPII : 	at android.os.Binder.transact(Binder.java:1325)
05-01 17:52:02.917  4139  4240 E AuthPII : 	at cnuy.onTransact(:com.google.android.gms@261332035@26.13.32 (260400-895912391):10)
05-01 17:52:02.917  4139  4240 E AuthPII : 	at android.os.Binder.transact(Binder.java:1325)
05-01 17:52:02.917  4139  4240 E AuthPII : 	at canx.onTransact(:com.google.android.gms@261332035@26.13.32 (260400-895912391):161)
05-01 17:52:02.917  4139  4240 E AuthPII : 	at android.os.Binder.execTransactInternal(Binder.java:1478)
05-01 17:52:02.917  4139  4240 E AuthPII : 	at android.os.Binder.execTransact(Binder.java:1418)
05-01 17:52:02.917  4139  4240 E AuthPII : Caused by: bifm: Error requesting token.
05-01 17:52:02.917  4139  4240 E AuthPII : 	at ahnf.d(:com.google.android.gms@261332035@26.13.32 (260400-895912391):212)
05-01 17:52:02.917  4139  4240 E AuthPII : 	at ahnf.b(:com.google.android.gms@261332035@26.13.32 (260400-895912391):48)
05-01 17:52:02.917  4139  4240 E AuthPII : 	... 12 more
05-01 17:52:02.917  4139  4240 E AuthPII : Caused by: java.util.concurrent.ExecutionException: cycd: Failed to process request
05-01 17:52:02.917  4139  4240 E AuthPII : 	at hipf.j(:com.google.android.gms@261332035@26.13.32 (260400-895912391):21)
05-01 17:52:02.917  4139  4240 E AuthPII : 	at hipo.v(:com.google.android.gms@261332035@26.13.32 (260400-895912391):31)
05-01 17:52:02.917  4139  4240 E AuthPII : 	at ahnf.d(:com.google.android.gms@261332035@26.13.32 (260400-895912391):197)
05-01 17:52:02.917  4139  4240 E AuthPII : 	... 13 more
05-01 17:52:02.917  4139  4240 E AuthPII : Caused by: cycd: Failed to process request
05-01 17:52:02.917  4139  4240 E AuthPII : 	at cyck.a(:com.google.android.gms@261332035@26.13.32 (260400-895912391):23)
05-01 17:52:02.917  4139  4240 E AuthPII : 	at cygh.b(:com.google.android.gms@261332035@26.13.32 (260400-895912391):15)
05-01 17:52:02.917  4139  4240 E AuthPII : 	at cyfg.a(:com.google.android.gms@261332035@26.13.32 (260400-895912391):82)
05-01 17:52:02.917  4139  4240 E AuthPII : 	at lcm.a(:com.google.android.gms@261332035@26.13.32 (260400-895912391):19)
05-01 17:52:02.917  4139  4240 E AuthPII : 	at cyfn.a(:com.google.android.gms@261332035@26.13.32 (260400-895912391):6)
05-01 17:52:02.917  4139  4240 E AuthPII : 	at cakc.a(:com.google.android.gms@261332035@26.13.32 (260400-895912391):9)
05-01 17:52:02.917  4139  4240 E AuthPII : 	at agrr.b(:com.google.android.gms@261332035@26.13.32 (260400-895912391):13)
05-01 17:52:02.917  4139  4240 E AuthPII : 	at agrr.a(:com.google.android.gms@261332035@26.13.32 (260400-895912391):130)
05-01 17:52:02.917  4139  4240 E AuthPII : 	at aoyt.b(:com.google.android.gms@261332035@26.13.32 (260400-895912391):28)
05-01 17:52:02.917  4139  4240 E AuthPII : 	at ahnf.d(:com.google.android.gms@261332035@26.13.32 (260400-895912391):170)
05-01 17:52:02.917  4139  4240 E AuthPII : 	... 13 more
05-01 17:52:02.917  4139  4240 E AuthPII : Caused by: cyfj: Connectivity error
05-01 17:52:02.917  4139  4240 E AuthPII : 	at cyfg.a(:com.google.android.gms@261332035@26.13.32 (260400-895912391):76)
05-01 17:52:02.917  4139  4240 E AuthPII : 	... 20 more
05-01 17:52:02.917  4139  4240 E AuthPII : Caused by: java.io.IOException
05-01 17:52:02.917  4139  4240 E AuthPII : 	at cyfg.a(:com.google.android.gms@261332035@26.13.32 (260400-895912391):73)
05-01 17:52:02.917  4139  4240 E AuthPII : 	... 20 more
05-01 17:52:02.920  4139  4240 I Auth    : (REDACTED) [GetToken] GetToken failed for app=%s with non recoverable status code: %s 
05-01 17:52:02.943  4139  4240 W Auth    : [ChimeraGetToken] exception while trying to fetch auth tokens for app=com.google.android.gms, scope=oauth2:https://www.googleapis.com/auth/googleplay [CONTEXT service_id=153 ]
05-01 17:52:02.943  4139  4240 W Auth    : ahmx: GetToken failed with status code: NetworkError
05-01 17:52:02.943  4139  4240 W Auth    : 	at ahnc.b(:com.google.android.gms@261332035@26.13.32 (260400-895912391):356)
05-01 17:52:02.943  4139  4240 W Auth    : 	at aapu.d(:com.google.android.gms@261332035@26.13.32 (260400-895912391):107)
05-01 17:52:02.943  4139  4240 W Auth    : 	at ahgp.getAuthToken(:com.google.android.gms@261332035@26.13.32 (260400-895912391):411)
05-01 17:52:02.943  4139  4240 W Auth    : 	at android.accounts.AbstractAccountAuthenticator$Transport.getAuthToken(AbstractAccountAuthenticator.java:248)
05-01 17:52:02.943  4139  4240 W Auth    : 	at android.accounts.IAccountAuthenticator$Stub.onTransact(IAccountAuthenticator.java:254)
05-01 17:52:02.943  4139  4240 W Auth    : 	at android.os.Binder.transact(Binder.java:1325)
05-01 17:52:02.943  4139  4240 W Auth    : 	at cnuy.onTransact(:com.google.android.gms@261332035@26.13.32 (260400-895912391):10)
05-01 17:52:02.943  4139  4240 W Auth    : 	at android.os.Binder.transact(Binder.java:1325)
05-01 17:52:02.943  4139  4240 W Auth    : 	at canx.onTransact(:com.google.android.gms@261332035@26.13.32 (260400-895912391):161)
05-01 17:52:02.943  4139  4240 W Auth    : 	at android.os.Binder.execTransactInternal(Binder.java:1478)
05-01 17:52:02.943  4139  4240 W Auth    : 	at android.os.Binder.execTransact(Binder.java:1418)
05-01 17:52:02.943  4139  4240 W GLSActivity: [GmsAccountAuthenticatorImpl] error status while fetching token:NetworkError
05-01 17:52:02.945  5567  5935 E PlayCommon: [82] Failed to get auth token: java.io.IOException: NetworkError
05-01 17:52:02.945  5567  5935 W PlayCommon: [82] Deferring log upload because couldn't retrieve auth token
05-01 17:52:02.949  4139  4240 W libbinder.Binder: Binder transaction to android.accounts.IAccountAuthenticator code 3 took 1425ms. Data bytes: 568 Reply bytes: 0 Flags: 17
05-01 17:52:02.970  4139  4240 W Auth    : [TokenResponseCallback] TokenResponse failed with exception [CONTEXT service_id=343 ]
05-01 17:52:02.970  4139  4240 W Auth    : cycd: Failed to process request
05-01 17:52:02.970  4139  4240 W Auth    : 	at cyck.a(:com.google.android.gms@261332035@26.13.32 (260400-895912391):23)
05-01 17:52:02.970  4139  4240 W Auth    : 	at cygh.b(:com.google.android.gms@261332035@26.13.32 (260400-895912391):15)
05-01 17:52:02.970  4139  4240 W Auth    : 	at cyfg.a(:com.google.android.gms@261332035@26.13.32 (260400-895912391):82)
05-01 17:52:02.970  4139  4240 W Auth    : 	at lcm.a(:com.google.android.gms@261332035@26.13.32 (260400-895912391):19)
05-01 17:52:02.970  4139  4240 W Auth    : 	at cyfn.a(:com.google.android.gms@261332035@26.13.32 (260400-895912391):6)
05-01 17:52:02.970  4139  4240 W Auth    : 	at cakc.a(:com.google.android.gms@261332035@26.13.32 (260400-895912391):9)
05-01 17:52:02.970  4139  4240 W Auth    : 	at agrr.b(:com.google.android.gms@261332035@26.13.32 (260400-895912391):13)
05-01 17:52:02.970  4139  4240 W Auth    : 	at agrr.a(:com.google.android.gms@261332035@26.13.32 (260400-895912391):130)
05-01 17:52:02.970  4139  4240 W Auth    : 	at aoyt.b(:com.google.android.gms@261332035@26.13.32 (260400-895912391):28)
05-01 17:52:02.970  4139  4240 W Auth    : 	at ahnf.d(:com.google.android.gms@261332035@26.13.32 (260400-895912391):170)
05-01 17:52:02.970  4139  4240 W Auth    : 	at ahnf.b(:com.google.android.gms@261332035@26.13.32 (260400-895912391):48)
05-01 17:52:02.970  4139  4240 W Auth    : 	at ahnd.a(:com.google.android.gms@261332035@26.13.32 (260400-895912391):738)
05-01 17:52:02.970  4139  4240 W Auth    : 	at ahnc.b(:com.google.android.gms@261332035@26.13.32 (260400-895912391):153)
05-01 17:52:02.970  4139  4240 W Auth    : 	at aapu.d(:com.google.android.gms@261332035@26.13.32 (260400-895912391):107)
05-01 17:52:02.970  4139  4240 W Auth    : 	at ahgp.getAuthToken(:com.google.android.gms@261332035@26.13.32 (260400-895912391):411)
05-01 17:52:02.970  4139  4240 W Auth    : 	at android.accounts.AbstractAccountAuthenticator$Transport.getAuthToken(AbstractAccountAuthenticator.java:248)
05-01 17:52:02.970  4139  4240 W Auth    : 	at android.accounts.IAccountAuthenticator$Stub.onTransact(IAccountAuthenticator.java:254)
05-01 17:52:02.970  4139  4240 W Auth    : 	at android.os.Binder.transact(Binder.java:1325)
05-01 17:52:02.970  4139  4240 W Auth    : 	at cnuy.onTransact(:com.google.android.gms@261332035@26.13.32 (260400-895912391):10)
05-01 17:52:02.970  4139  4240 W Auth    : 	at android.os.Binder.transact(Binder.java:1325)
05-01 17:52:02.970  4139  4240 W Auth    : 	at canx.onTransact(:com.google.android.gms@261332035@26.13.32 (260400-895912391):161)
05-01 17:52:02.970  4139  4240 W Auth    : 	at android.os.Binder.execTransactInternal(Binder.java:1478)
05-01 17:52:02.970  4139  4240 W Auth    : 	at android.os.Binder.execTransact(Binder.java:1418)
05-01 17:52:02.970  4139  4240 W Auth    : Caused by: cyfj: Connectivity error
05-01 17:52:02.970  4139  4240 W Auth    : 	at cyfg.a(:com.google.android.gms@261332035@26.13.32 (260400-895912391):76)
05-01 17:52:02.970  4139  4240 W Auth    : 	... 20 more
05-01 17:52:02.970  4139  4240 W Auth    : Caused by: java.io.IOException
05-01 17:52:02.970  4139  4240 W Auth    : 	at cyfg.a(:com.google.android.gms@261332035@26.13.32 (260400-895912391):73)
05-01 17:52:02.970  4139  4240 W Auth    : 	... 20 more
05-01 17:52:02.978  4139  4240 E AuthPII : [RequestTokenManager] getToken() -> NETWORK_ERROR. App: com.android.vending, Service: oauth2:https://www.googleapis.com/auth/googleplay
05-01 17:52:02.978  4139  4240 E AuthPII : bifm: Error when calling server using GmsNetworkStack.
05-01 17:52:02.978  4139  4240 E AuthPII : 	at ahnf.b(:com.google.android.gms@261332035@26.13.32 (260400-895912391):1606)
05-01 17:52:02.978  4139  4240 E AuthPII : 	at ahnd.a(:com.google.android.gms@261332035@26.13.32 (260400-895912391):738)
05-01 17:52:02.978  4139  4240 E AuthPII : 	at ahnc.b(:com.google.android.gms@261332035@26.13.32 (260400-895912391):153)
05-01 17:52:02.978  4139  4240 E AuthPII : 	at aapu.d(:com.google.android.gms@261332035@26.13.32 (260400-895912391):107)
05-01 17:52:02.978  4139  4240 E AuthPII : 	at ahgp.getAuthToken(:com.google.android.gms@261332035@26.13.32 (260400-895912391):411)
05-01 17:52:02.978  4139  4240 E AuthPII : 	at android.accounts.AbstractAccountAuthenticator$Transport.getAuthToken(AbstractAccountAuthenticator.java:248)
05-01 17:52:02.978  4139  4240 E AuthPII : 	at android.accounts.IAccountAuthenticator$Stub.onTransact(IAccountAuthenticator.java:254)
05-01 17:52:02.978  4139  4240 E AuthPII : 	at android.os.Binder.transact(Binder.java:1325)
05-01 17:52:02.978  4139  4240 E AuthPII : 	at cnuy.onTransact(:com.google.android.gms@261332035@26.13.32 (260400-895912391):10)
05-01 17:52:02.978  4139  4240 E AuthPII : 	at android.os.Binder.transact(Binder.java:1325)
05-01 17:52:02.978  4139  4240 E AuthPII : 	at canx.onTransact(:com.google.android.gms@261332035@26.13.32 (260400-895912391):161)
05-01 17:52:02.978  4139  4240 E AuthPII : 	at android.os.Binder.execTransactInternal(Binder.java:1478)
05-01 17:52:02.978  4139  4240 E AuthPII : 	at android.os.Binder.execTransact(Binder.java:1418)
05-01 17:52:02.978  4139  4240 E AuthPII : Caused by: bifm: Error requesting token.
05-01 17:52:02.978  4139  4240 E AuthPII : 	at ahnf.d(:com.google.android.gms@261332035@26.13.32 (260400-895912391):212)
05-01 17:52:02.978  4139  4240 E AuthPII : 	at ahnf.b(:com.google.android.gms@261332035@26.13.32 (260400-895912391):48)
05-01 17:52:02.978  4139  4240 E AuthPII : 	... 12 more
05-01 17:52:02.978  4139  4240 E AuthPII : Caused by: java.util.concurrent.ExecutionException: cycd: Failed to process request
05-01 17:52:02.978  4139  4240 E AuthPII : 	at hipf.j(:com.google.android.gms@261332035@26.13.32 (260400-895912391):21)
05-01 17:52:02.978  4139  4240 E AuthPII : 	at hipo.v(:com.google.android.gms@261332035@26.13.32 (260400-895912391):107)
05-01 17:52:02.978  4139  4240 E AuthPII : 	at ahnf.d(:com.google.android.gms@261332035@26.13.32 (260400-895912391):197)
05-01 17:52:02.978  4139  4240 E AuthPII : 	... 13 more
05-01 17:52:02.978  4139  4240 E AuthPII : Caused by: cycd: Failed to process request
05-01 17:52:02.978  4139  4240 E AuthPII : 	at cyck.a(:com.google.android.gms@261332035@26.13.32 (260400-895912391):23)
05-01 17:52:02.978  4139  4240 E AuthPII : 	at cygh.b(:com.google.android.gms@261332035@26.13.32 (260400-895912391):15)
05-01 17:52:02.978  4139  4240 E AuthPII : 	at cyfg.a(:com.google.android.gms@261332035@26.13.32 (260400-895912391):82)
05-01 17:52:02.978  4139  4240 E AuthPII : 	at lcm.a(:com.google.android.gms@261332035@26.13.32 (260400-895912391):19)
05-01 17:52:02.978  4139  4240 E AuthPII : 	at cyfn.a(:com.google.android.gms@261332035@26.13.32 (260400-895912391):6)
05-01 17:52:02.978  4139  4240 E AuthPII : 	at cakc.a(:com.google.android.gms@261332035@26.13.32 (260400-895912391):9)
05-01 17:52:02.978  4139  4240 E AuthPII : 	at agrr.b(:com.google.android.gms@261332035@26.13.32 (260400-895912391):13)
05-01 17:52:02.978  4139  4240 E AuthPII : 	at agrr.a(:com.google.android.gms@261332035@26.13.32 (260400-895912391):130)
05-01 17:52:02.978  4139  4240 E AuthPII : 	at aoyt.b(:com.google.android.gms@261332035@26.13.32 (260400-895912391):28)
05-01 17:52:02.978  4139  4240 E AuthPII : 	at ahnf.d(:com.google.android.gms@261332035@26.13.32 (260400-895912391):170)
05-01 17:52:02.978  4139  4240 E AuthPII : 	... 13 more
05-01 17:52:02.978  4139  4240 E AuthPII : Caused by: cyfj: Connectivity error
05-01 17:52:02.978  4139  4240 E AuthPII : 	at cyfg.a(:com.google.android.gms@261332035@26.13.32 (260400-895912391):76)
05-01 17:52:02.978  4139  4240 E AuthPII : 	... 20 more
05-01 17:52:02.978  4139  4240 E AuthPII : Caused by: java.io.IOException
05-01 17:52:02.978  4139  4240 E AuthPII : 	at cyfg.a(:com.google.android.gms@261332035@26.13.32 (260400-895912391):73)
05-01 17:52:02.978  4139  4240 E AuthPII : 	... 20 more
05-01 17:52:02.983  4139  4240 E AuthPII : Message is Error when calling server using GmsNetworkStack.
05-01 17:52:02.983  4139  4240 E AuthPII : bifm: Error when calling server using GmsNetworkStack.
05-01 17:52:02.983  4139  4240 E AuthPII : 	at ahnf.b(:com.google.android.gms@261332035@26.13.32 (260400-895912391):1606)
05-01 17:52:02.983  4139  4240 E AuthPII : 	at ahnd.a(:com.google.android.gms@261332035@26.13.32 (260400-895912391):738)
05-01 17:52:02.983  4139  4240 E AuthPII : 	at ahnc.b(:com.google.android.gms@261332035@26.13.32 (260400-895912391):153)
05-01 17:52:02.983  4139  4240 E AuthPII : 	at aapu.d(:com.google.android.gms@261332035@26.13.32 (260400-895912391):107)
05-01 17:52:02.983  4139  4240 E AuthPII : 	at ahgp.getAuthToken(:com.google.android.gms@261332035@26.13.32 (260400-895912391):411)
05-01 17:52:02.983  4139  4240 E AuthPII : 	at android.accounts.AbstractAccountAuthenticator$Transport.getAuthToken(AbstractAccountAuthenticator.java:248)
05-01 17:52:02.983  4139  4240 E AuthPII : 	at android.accounts.IAccountAuthenticator$Stub.onTransact(IAccountAuthenticator.java:254)
05-01 17:52:02.983  4139  4240 E AuthPII : 	at android.os.Binder.transact(Binder.java:1325)
05-01 17:52:02.983  4139  4240 E AuthPII : 	at cnuy.onTransact(:com.google.android.gms@261332035@26.13.32 (260400-895912391):10)
05-01 17:52:02.983  4139  4240 E AuthPII : 	at android.os.Binder.transact(Binder.java:1325)
05-01 17:52:02.983  4139  4240 E AuthPII : 	at canx.onTransact(:com.google.android.gms@261332035@26.13.32 (260400-895912391):161)
05-01 17:52:02.983  4139  4240 E AuthPII : 	at android.os.Binder.execTransactInternal(Binder.java:1478)
05-01 17:52:02.983  4139  4240 E AuthPII : 	at android.os.Binder.execTransact(Binder.java:1418)
05-01 17:52:02.983  4139  4240 E AuthPII : Caused by: bifm: Error requesting token.
05-01 17:52:02.983  4139  4240 E AuthPII : 	at ahnf.d(:com.google.android.gms@261332035@26.13.32 (260400-895912391):212)
05-01 17:52:02.983  4139  4240 E AuthPII : 	at ahnf.b(:com.google.android.gms@261332035@26.13.32 (260400-895912391):48)
05-01 17:52:02.983  4139  4240 E AuthPII : 	... 12 more
05-01 17:52:02.983  4139  4240 E AuthPII : Caused by: java.util.concurrent.ExecutionException: cycd: Failed to process request
05-01 17:52:02.983  4139  4240 E AuthPII : 	at hipf.j(:com.google.android.gms@261332035@26.13.32 (260400-895912391):21)
05-01 17:52:02.983  4139  4240 E AuthPII : 	at hipo.v(:com.google.android.gms@261332035@26.13.32 (260400-895912391):107)
05-01 17:52:02.983  4139  4240 E AuthPII : 	at ahnf.d(:com.google.android.gms@261332035@26.13.32 (260400-895912391):197)
05-01 17:52:02.983  4139  4240 E AuthPII : 	... 13 more
05-01 17:52:02.983  4139  4240 E AuthPII : Caused by: cycd: Failed to process request
05-01 17:52:02.983  4139  4240 E AuthPII : 	at cyck.a(:com.google.android.gms@261332035@26.13.32 (260400-895912391):23)
05-01 17:52:02.983  4139  4240 E AuthPII : 	at cygh.b(:com.google.android.gms@261332035@26.13.32 (260400-895912391):15)
05-01 17:52:02.983  4139  4240 E AuthPII : 	at cyfg.a(:com.google.android.gms@261332035@26.13.32 (260400-895912391):82)
05-01 17:52:02.983  4139  4240 E AuthPII : 	at lcm.a(:com.google.android.gms@261332035@26.13.32 (260400-895912391):19)
05-01 17:52:02.983  4139  4240 E AuthPII : 	at cyfn.a(:com.google.android.gms@261332035@26.13.32 (260400-895912391):6)
05-01 17:52:02.983  4139  4240 E AuthPII : 	at cakc.a(:com.google.android.gms@261332035@26.13.32 (260400-895912391):9)
05-01 17:52:02.983  4139  4240 E AuthPII : 	at agrr.b(:com.google.android.gms@261332035@26.13.32 (260400-895912391):13)
05-01 17:52:02.983  4139  4240 E AuthPII : 	at agrr.a(:com.google.android.gms@261332035@26.13.32 (260400-895912391):130)
05-01 17:52:02.983  4139  4240 E AuthPII : 	at aoyt.b(:com.google.android.gms@261332035@26.13.32 (260400-895912391):28)
05-01 17:52:02.983  4139  4240 E AuthPII : 	at ahnf.d(:com.google.android.gms@261332035@26.13.32 (260400-895912391):170)
05-01 17:52:02.983  4139  4240 E AuthPII : 	... 13 more
05-01 17:52:02.983  4139  4240 E AuthPII : Caused by: cyfj: Connectivity error
05-01 17:52:02.983  4139  4240 E AuthPII : 	at cyfg.a(:com.google.android.gms@261332035@26.13.32 (260400-895912391):76)
05-01 17:52:02.983  4139  4240 E AuthPII : 	... 20 more
05-01 17:52:02.983  4139  4240 E AuthPII : Caused by: java.io.IOException
05-01 17:52:02.983  4139  4240 E AuthPII : 	at cyfg.a(:com.google.android.gms@261332035@26.13.32 (260400-895912391):73)
05-01 17:52:02.983  4139  4240 E AuthPII : 	... 20 more
05-01 17:52:02.991  4139  4240 I Auth    : (REDACTED) [GetToken] GetToken failed for app=%s with non recoverable status code: %s 
05-01 17:52:02.991  4139  4240 W Auth    : [ChimeraGetToken] exception while trying to fetch auth tokens for app=com.google.android.gms, scope=oauth2:https://www.googleapis.com/auth/googleplay [CONTEXT service_id=153 ]
05-01 17:52:02.991  4139  4240 W Auth    : ahmx: GetToken failed with status code: NetworkError
05-01 17:52:02.991  4139  4240 W Auth    : 	at ahnc.b(:com.google.android.gms@261332035@26.13.32 (260400-895912391):356)
05-01 17:52:02.991  4139  4240 W Auth    : 	at aapu.d(:com.google.android.gms@261332035@26.13.32 (260400-895912391):107)
05-01 17:52:02.991  4139  4240 W Auth    : 	at ahgp.getAuthToken(:com.google.android.gms@261332035@26.13.32 (260400-895912391):411)
05-01 17:52:02.991  4139  4240 W Auth    : 	at android.accounts.AbstractAccountAuthenticator$Transport.getAuthToken(AbstractAccountAuthenticator.java:248)
05-01 17:52:02.991  4139  4240 W Auth    : 	at android.accounts.IAccountAuthenticator$Stub.onTransact(IAccountAuthenticator.java:254)
05-01 17:52:02.991  4139  4240 W Auth    : 	at android.os.Binder.transact(Binder.java:1325)
05-01 17:52:02.991  4139  4240 W Auth    : 	at cnuy.onTransact(:com.google.android.gms@261332035@26.13.32 (260400-895912391):10)
05-01 17:52:02.991  4139  4240 W Auth    : 	at android.os.Binder.transact(Binder.java:1325)
05-01 17:52:02.991  4139  4240 W Auth    : 	at canx.onTransact(:com.google.android.gms@261332035@26.13.32 (260400-895912391):161)
05-01 17:52:02.991  4139  4240 W Auth    : 	at android.os.Binder.execTransactInternal(Binder.java:1478)
05-01 17:52:02.991  4139  4240 W Auth    : 	at android.os.Binder.execTransact(Binder.java:1418)
05-01 17:52:02.991  4139  4240 W GLSActivity: [GmsAccountAuthenticatorImpl] error status while fetching token:NetworkError
05-01 17:52:03.000  5567  5934 E PlayCommon: [81] Failed to get auth token: java.io.IOException: NetworkError
05-01 17:52:03.001  5567  5934 W PlayCommon: [81] Deferring log upload because couldn't retrieve auth token
05-01 17:52:03.109  3301  3307 W ssioncontroller: Reducing the number of considered missed Gc histogram windows from 136 to 100
05-01 17:52:03.145  4522  4522 I native  : I0000 00:00:1777654323.145605    4522 android_resource_loader.cc:100] Built resource lettuce_node_generator_grm
05-01 17:52:03.145  4522  4522 I native  : I0000 00:00:1777654323.145724    4522 android_resource_loader.cc:116] Loaded resource:lettuce_node_generator_grm
05-01 17:52:03.145  4522  4522 I native  : I0000 00:00:1777654323.145755    4522 data_source.cc:95] Opening data source "/data/user_de/0/com.google.android.tts/files/superpacks/en-us/en-us-x-multi-seanet-r83/../en-us-x-multi-r83/lucid_collection_android.far" (as: FILE) ...
05-01 17:52:03.145  4522  4522 I native  : I0000 00:00:1777654323.145835    4522 data_source.cc:99] ... Opened data source "/data/user_de/0/com.google.android.tts/files/superpacks/en-us/en-us-x-multi-seanet-r83/../en-us-x-multi-r83/lucid_collection_android.far" of size 306120
05-01 17:52:03.154  4522  4522 I native  : I0000 00:00:1777654323.154347    4522 android_resource_loader.cc:100] Built resource lucid_parser_grm_fst
05-01 17:52:03.154  4522  4522 I native  : I0000 00:00:1777654323.154461    4522 android_resource_loader.cc:116] Loaded resource:lucid_parser_grm_fst
05-01 17:52:03.154  4522  4522 I native  : I0000 00:00:1777654323.154569    4522 data_source.cc:95] Opening data source "/data/user_de/0/com.google.android.tts/files/superpacks/en-us/en-us-x-multi-seanet-r83/../en-us-x-multi-r83/markup_triggers.pb" (as: FILE) ...
05-01 17:52:03.154  4522  4522 I native  : I0000 00:00:1777654323.154622    4522 data_source.cc:99] ... Opened data source "/data/user_de/0/com.google.android.tts/files/superpacks/en-us/en-us-x-multi-seanet-r83/../en-us-x-multi-r83/markup_triggers.pb" of size 930
05-01 17:52:03.154  4522  4522 I native  : I0000 00:00:1777654323.154897    4522 android_resource_loader.cc:100] Built resource markup_triggers
05-01 17:52:03.154  4522  4522 I native  : I0000 00:00:1777654323.154923    4522 android_resource_loader.cc:116] Loaded resource:markup_triggers
05-01 17:52:03.154  4522  4522 I native  : I0000 00:00:1777654323.154971    4522 data_source.cc:95] Opening data source "/data/user_de/0/com.google.android.tts/files/superpacks/en-us/en-us-x-multi-seanet-r83/../en-us-x-multi-r83/morphosyntactic_mapping.pb" (as: FILE) ...
05-01 17:52:03.155  4522  4522 I native  : I0000 00:00:1777654323.155001    4522 data_source.cc:99] ... Opened data source "/data/user_de/0/com.google.android.tts/files/superpacks/en-us/en-us-x-multi-seanet-r83/../en-us-x-multi-r83/morphosyntactic_mapping.pb" of size 6
05-01 17:52:03.156  4522  4522 I native  : I0000 00:00:1777654323.155099    4522 android_resource_loader.cc:100] Built resource morph_analyzer_attribute_map
05-01 17:52:03.156  4522  4522 I native  : I0000 00:00:1777654323.156056    4522 android_resource_loader.cc:116] Loaded resource:morph_analyzer_attribute_map
05-01 17:52:03.156  4522  4522 I native  : I0000 00:00:1777654323.156186    4522 android_resource_loader.cc:100] Built resource multilingual_capabilities
05-01 17:52:03.156  4522  4522 I native  : I0000 00:00:1777654323.156210    4522 android_resource_loader.cc:116] Loaded resource:multilingual_capabilities
05-01 17:52:03.156  4522  4522 I native  : I0000 00:00:1777654323.156272    4522 data_source.cc:95] Opening data source "/data/user_de/0/com.google.android.tts/files/superpacks/en-us/en-us-x-multi-seanet-r83/../en-us-x-multi-r83/en_us_phonology.pb" (as: FILE) ...
05-01 17:52:03.156  4522  4522 I native  : I0000 00:00:1777654323.156311    4522 data_source.cc:99] ... Opened data source "/data/user_de/0/com.google.android.tts/files/superpacks/en-us/en-us-x-multi-seanet-r83/../en-us-x-multi-r83/en_us_phonology.pb" of size 2196
05-01 17:52:03.157  4522  4522 W native  : W0000 00:00:1777654323.157077    4522 phonology.cc:80] Phonemes l, r\ have non-distinctive features. See b/111971558.
05-01 17:52:03.157  4522  4522 W native  : W0000 00:00:1777654323.157137    4522 phonology.cc:80] Phonemes @, @` have non-distinctive features. See b/111971558.
05-01 17:52:03.161  4522  4522 I native  : I0000 00:00:1777654323.161744    4522 android_resource_loader.cc:100] Built resource phonology
05-01 17:52:03.162  4522  4522 I native  : I0000 00:00:1777654323.162035    4522 android_resource_loader.cc:116] Loaded resource:phonology
05-01 17:52:03.162  4522  4522 I native  : I0000 00:00:1777654323.162228    4522 data_source.cc:95] Opening data source "/data/user_de/0/com.google.android.tts/files/superpacks/en-us/en-us-x-multi-seanet-r83/../en-us-x-multi-r83/en_morphology" (as: FILE) ...
05-01 17:52:03.162  4522  4522 I native  : I0000 00:00:1777654323.162284    4522 data_source.cc:99] ... Opened data source "/data/user_de/0/com.google.android.tts/files/superpacks/en-us/en-us-x-multi-seanet-r83/../en-us-x-multi-r83/en_morphology" of size 2753822
05-01 17:52:03.209  4522  4522 I native  : I0000 00:00:1777654323.208994    4522 model-api.cc:46] Registered model under key morphology
05-01 17:52:03.415 12157 12180 W com.signbridge: userfaultfd: MOVE ioctl seems unsupported: Connection timed out
05-01 17:52:03.433  4522  4522 I native  : I0000 00:00:1777654323.433781    4522 android_resource_loader.cc:100] Built resource analyze_morphology_saft_portable_algo
05-01 17:52:03.434  4522  4522 I native  : I0000 00:00:1777654323.434005    4522 android_resource_loader.cc:116] Loaded resource:analyze_morphology_saft_portable_algo
05-01 17:52:03.434  4522  4522 I native  : I0000 00:00:1777654323.434291    4522 data_source.cc:95] Opening data source "/data/user_de/0/com.google.android.tts/files/superpacks/en-us/en-us-x-multi-seanet-r83/../en-us-x-multi-r83/ipa_to_tts_to-en_us.far" (as: FILE) ...
05-01 17:52:03.435  4522  4522 I native  : I0000 00:00:1777654323.435898    4522 data_source.cc:99] ... Opened data source "/data/user_de/0/com.google.android.tts/files/superpacks/en-us/en-us-x-multi-seanet-r83/../en-us-x-multi-r83/ipa_to_tts_to-en_us.far" of size 465858
05-01 17:52:03.493  4522  4522 I native  : I0000 00:00:1777654323.493464    4522 android_resource_loader.cc:100] Built resource ipa_to_tts_phoneme_mapper
05-01 17:52:03.493  4522  4522 I native  : I0000 00:00:1777654323.493946    4522 android_resource_loader.cc:116] Loaded resource:ipa_to_tts_phoneme_mapper
05-01 17:52:03.494  4522  4522 I native  : I0000 00:00:1777654323.494020    4522 data_source.cc:95] Opening data source "/data/user_de/0/com.google.android.tts/files/superpacks/en-us/en-us-x-multi-seanet-r83/../en-us-x-multi-r83/en_us.hlex.bin" (as: MEMORY) ...
05-01 17:52:03.494  4522  4522 I native  : I0000 00:00:1777654323.494169    4522 data_source.cc:99] ... Opened data source "/data/user_de/0/com.google.android.tts/files/superpacks/en-us/en-us-x-multi-seanet-r83/../en-us-x-multi-r83/en_us.hlex.bin" of size 5117760
05-01 17:52:03.495  4522  4522 I native  : I0000 00:00:1777654323.495539    4522 android_resource_loader.cc:100] Built resource lexicon
05-01 17:52:03.495  4522  4522 I native  : I0000 00:00:1777654323.495591    4522 android_resource_loader.cc:116] Loaded resource:lexicon
05-01 17:52:03.495  4522  4522 I native  : I0000 00:00:1777654323.495902    4522 data_source.cc:95] Opening data source "/data/user_de/0/com.google.android.tts/files/superpacks/en-us/en-us-x-multi-seanet-r83/../en-us-x-multi-r83/homographs_model_en_us_embedded.bin" (as: MEMORY) ...
05-01 17:52:03.496  4522  4522 I native  : I0000 00:00:1777654323.495997    4522 data_source.cc:99] ... Opened data source "/data/user_de/0/com.google.android.tts/files/superpacks/en-us/en-us-x-multi-seanet-r83/../en-us-x-multi-r83/homographs_model_en_us_embedded.bin" of size 399120
05-01 17:52:03.555 12157 12180 I com.signbridge: Background concurrent mark compact GC freed 2569KB AllocSpace bytes, 0(0B) LOS objects, 49% free, 3827KB/7655KB, paused 5.707ms,7.651ms total 491.872ms
05-01 17:52:03.676  4199  4384 E TraceManagerImpl: Trace Broadcast to com.google.android.apps.wellbeing.common.receiver.coalescedreceivers.PackageFullyRemovedCoalescedBroadcast_Receiver android.intent.action.PACKAGE_FULLY_REMOVED timed out after 1340214 ms. Complete trace: # npv@d0db0094
05-01 17:52:03.676  4199  4384 E TraceManagerImpl: nqa: 
05-01 17:52:03.676  4199  4384 E TraceManagerImpl: 	at tk_trace.Update PackageSuspensionHandlerPreferences(Started After:1)
05-01 17:52:03.676  4199  4384 E TraceManagerImpl: 	at tk_trace.Processing on the broadcast queue workerId PACKAGE_FULLY_REMOVED_COALESCED_BROADCAST_WORKER_ID(Started After:0)
05-01 17:52:03.676  4199  4384 E TraceManagerImpl: 	at tk_trace.handleBroadcast(Started After:0)
05-01 17:52:03.676  4199  4384 E TraceManagerImpl: 	at tk_trace.Broadcast to com.google.android.apps.wellbeing.common.receiver.coalescedreceivers.PackageFullyRemovedCoalescedBroadcast_Receiver android.intent.action.PACKAGE_FULLY_REMOVED(Started After:0)
05-01 17:52:03.693  4522  4522 I native  : I0000 00:00:1777654323.693765    4522 android_resource_loader.cc:100] Built resource homograph_classifier_model_resource
05-01 17:52:03.693  4522  4522 I native  : I0000 00:00:1777654323.693986    4522 android_resource_loader.cc:116] Loaded resource:homograph_classifier_model_resource
05-01 17:52:03.695  4522  4522 I native  : I0000 00:00:1777654323.695109    4522 data_source.cc:95] Opening data source "/data/user_de/0/com.google.android.tts/files/superpacks/en-us/en-us-x-multi-seanet-r83/lettuce_node_generator_params_embedded_us_runtime.pb" (as: FILE) ...
05-01 17:52:03.695  4522  4522 I native  : I0000 00:00:1777654323.695253    4522 data_source.cc:99] ... Opened data source "/data/user_de/0/com.google.android.tts/files/superpacks/en-us/en-us-x-multi-seanet-r83/lettuce_node_generator_params_embedded_us_runtime.pb" of size 2599
05-01 17:52:04.075 12242 12242 D nativeloader: InitDefaultPublicLibraries for_preload=1: libandroid.so:libaaudio.so:libamidi.so:libbinder_ndk.so:libc.so:libcamera2ndk.so:libdl.so:libEGL.so:libGLESv1_CM.so:libGLESv2.so:libGLESv3.so:libicu.so:libicui18n.so:libicuuc.so:libjnigraphics.so:liblog.so:libmediandk.so:libm.so:libnativehelper.so:libnativewindow.so:libOpenMAXAL.so:libOpenSLES.so:libRS.so:libstdc++.so:libsync.so:libvulkan.so:libwebviewchromium_plat_support.so:libz.so
05-01 17:52:04.287 12242 12242 D nativeloader: Load libicu_jni.so using APEX ns com_android_art for caller /apex/com.android.art/javalib/core-oj.jar: ok
05-01 17:52:04.287 12242 12242 D app_process: u_setTimeZoneFilesDirectory("/apex/com.android.tzdata/etc/tz/versioned/9/icu") succeeded. 
05-01 17:52:04.287 12242 12242 D app_process: I18n APEX ICU file found: /apex/com.android.i18n/etc/icu/icudt76l.dat
05-01 17:52:04.289 12242 12242 D nativeloader: Load libjavacore.so using APEX ns com_android_art for caller /apex/com.android.art/javalib/core-oj.jar: ok
05-01 17:52:04.293 12242 12242 D nativeloader: Load libopenjdk.so using APEX ns com_android_art for caller /apex/com.android.art/javalib/core-oj.jar: ok
05-01 17:52:04.300 12242 12242 I app_process: Priority-to-niceness mapping: 19, 16, 13, 10, 0, -2, -4, -5, -6, -8
05-01 17:52:04.306 12242 12242 W app_process: ClassLoaderContext shared library size mismatch. Expected=2, found=0 (PCL[]{PCL[/system/framework/android.test.base.jar*1947731759]#PCL[/system/framework/android.test.mock.jar*3673435773]} | PCL[])
05-01 17:52:04.308 12242 12242 W app_process: ClassLoaderContext classpath size mismatch. expected=0, found=1 (PCL[]{PCL[/system/framework/android.test.runner.jar*3527284906]{PCL[/system/framework/android.test.base.jar*1947731759]#PCL[/system/framework/android.test.mock.jar*3673435773]}#PCL[/system/framework/android.test.base.jar*1947731759]} | PCL[/system/framework/android.test.runner.jar*3527284906])
05-01 17:52:04.429 12242 12242 D nativeloader: Load libframework-connectivity-tiramisu-jni.so using APEX ns com_android_tethering for caller /apex/com.android.tethering/javalib/framework-connectivity-t.jar: ok
05-01 17:52:04.430 12242 12242 D AndroidRuntime: Calling main entry com.android.commands.uiautomator.Launcher
05-01 17:52:04.462 12242 12242 I AconfigPackage: android.media.swcodec.flags is mapped to com.android.media.swcodec
05-01 17:52:04.462 12242 12242 I AconfigPackage: com.android.permission.flags is mapped to com.android.permission
05-01 17:52:04.462 12242 12242 I AconfigPackage: com.android.permissioncontroller.flags is mapped to com.android.permission
05-01 17:52:04.463 12242 12242 I AconfigPackage: com.android.icu is mapped to com.android.i18n
05-01 17:52:04.463 12242 12242 I AconfigPackage: com.android.appsearch.flags is mapped to com.android.appsearch
05-01 17:52:04.466 12242 12242 I AconfigPackage: android.uprobestats.mainline.flags is mapped to com.android.uprobestats
05-01 17:52:04.466 12242 12242 I AconfigPackage: com.android.crashrecovery.flags is mapped to com.android.crashrecovery
05-01 17:52:04.466 12242 12242 I AconfigPackage: android.provider.flags is mapped to com.android.configinfrastructure
05-01 17:52:04.466 12242 12242 I AconfigPackage: com.android.server.deviceconfig is mapped to com.android.configinfrastructure
05-01 17:52:04.466 12242 12242 I AconfigPackage: com.android.art.flags is mapped to com.android.art
05-01 17:52:04.466 12242 12242 I AconfigPackage: com.android.art.rw.flags is mapped to com.android.art
05-01 17:52:04.466 12242 12242 I AconfigPackage: com.android.libcore is mapped to com.android.art
05-01 17:52:04.467 12242 12242 I AconfigPackage: com.android.telephony.flags is mapped to com.android.telephonycore
05-01 17:52:04.467 12242 12242 I AconfigPackage: com.android.media.extractor.flags is mapped to com.android.media
05-01 17:52:04.467 12242 12242 I AconfigPackage: com.android.media.mainline.flags is mapped to com.android.media
05-01 17:52:04.467 12242 12242 I AconfigPackage: com.android.wifi.flags is mapped to com.android.wifi
05-01 17:52:04.467 12242 12242 I AconfigPackage: com.android.org.conscrypt.flags is mapped to com.android.conscrypt
05-01 17:52:04.467 12242 12242 I AconfigPackage: com.android.org.conscrypt.net.flags is mapped to com.android.conscrypt
05-01 17:52:04.471 12242 12242 I AconfigPackage: com.android.healthfitness.flags is mapped to com.android.healthfitness
05-01 17:52:04.471 12242 12242 I AconfigPackage: com.android.ipsec.flags is mapped to com.android.ipsec
05-01 17:52:04.471 12242 12242 I AconfigPackage: com.android.nfc.module.flags is mapped to com.android.nfcservices
05-01 17:52:04.471 12242 12242 I AconfigPackage: com.android.adservices.ondevicepersonalization.flags is mapped to com.android.ondevicepersonalization
05-01 17:52:04.472 12242 12242 I AconfigPackage: com.android.adbd.flags is mapped to com.android.adbd
05-01 17:52:04.472 12242 12242 I AconfigPackage: com.android.bluetooth.flags is mapped to com.android.bt
05-01 17:52:04.472 12242 12242 I AconfigPackage: com.android.devicelock.flags is mapped to com.android.devicelock
05-01 17:52:04.473 12242 12242 I AconfigPackage: android.os.profiling is mapped to com.android.profiling
05-01 17:52:04.473 12242 12242 I AconfigPackage: android.os.profiling.anomaly.flags is mapped to com.android.profiling
05-01 17:52:04.474 12242 12242 I AconfigPackage: com.android.os.statsd.flags is mapped to com.android.os.statsd
05-01 17:52:04.474 12242 12242 I AconfigPackage: com.android.rkpd.flags is mapped to com.android.rkpd
