05-01 18:24:13.528  4522  4522 I native  : I0000 00:00:1777656253.528628    4522 android_resource_loader.cc:100] Built resource lucid_parser_grm_fst
05-01 18:24:13.528  4522  4522 I native  : I0000 00:00:1777656253.528660    4522 android_resource_loader.cc:116] Loaded resource:lucid_parser_grm_fst
05-01 18:24:13.528  4522  4522 I native  : I0000 00:00:1777656253.528713    4522 data_source.cc:95] Opening data source "/data/user_de/0/com.google.android.tts/files/superpacks/en-us/en-us-x-multi-seanet-r83/../en-us-x-multi-r83/markup_triggers.pb" (as: FILE) ...
05-01 18:24:13.528  4522  4522 I native  : I0000 00:00:1777656253.528730    4522 data_source.cc:99] ... Opened data source "/data/user_de/0/com.google.android.tts/files/superpacks/en-us/en-us-x-multi-seanet-r83/../en-us-x-multi-r83/markup_triggers.pb" of size 930
05-01 18:24:13.528  4522  4522 I native  : I0000 00:00:1777656253.528880    4522 android_resource_loader.cc:100] Built resource markup_triggers
05-01 18:24:13.528  4522  4522 I native  : I0000 00:00:1777656253.528891    4522 android_resource_loader.cc:116] Loaded resource:markup_triggers
05-01 18:24:13.528  4522  4522 I native  : I0000 00:00:1777656253.528915    4522 data_source.cc:95] Opening data source "/data/user_de/0/com.google.android.tts/files/superpacks/en-us/en-us-x-multi-seanet-r83/../en-us-x-multi-r83/morphosyntactic_mapping.pb" (as: FILE) ...
05-01 18:24:13.528  4522  4522 I native  : I0000 00:00:1777656253.528927    4522 data_source.cc:99] ... Opened data source "/data/user_de/0/com.google.android.tts/files/superpacks/en-us/en-us-x-multi-seanet-r83/../en-us-x-multi-r83/morphosyntactic_mapping.pb" of size 6
05-01 18:24:13.528  4522  4522 I native  : I0000 00:00:1777656253.528968    4522 android_resource_loader.cc:100] Built resource morph_analyzer_attribute_map
05-01 18:24:13.528  4522  4522 I native  : I0000 00:00:1777656253.528976    4522 android_resource_loader.cc:116] Loaded resource:morph_analyzer_attribute_map
05-01 18:24:13.529  4522  4522 I native  : I0000 00:00:1777656253.529041    4522 android_resource_loader.cc:100] Built resource multilingual_capabilities
05-01 18:24:13.529  4522  4522 I native  : I0000 00:00:1777656253.529049    4522 android_resource_loader.cc:116] Loaded resource:multilingual_capabilities
05-01 18:24:13.529  4522  4522 I native  : I0000 00:00:1777656253.529090    4522 data_source.cc:95] Opening data source "/data/user_de/0/com.google.android.tts/files/superpacks/en-us/en-us-x-multi-seanet-r83/../en-us-x-multi-r83/en_us_phonology.pb" (as: FILE) ...
05-01 18:24:13.529  4522  4522 I native  : I0000 00:00:1777656253.529102    4522 data_source.cc:99] ... Opened data source "/data/user_de/0/com.google.android.tts/files/superpacks/en-us/en-us-x-multi-seanet-r83/../en-us-x-multi-r83/en_us_phonology.pb" of size 2196
05-01 18:24:13.529  4522  4522 W native  : W0000 00:00:1777656253.529543    4522 phonology.cc:80] Phonemes l, r\ have non-distinctive features. See b/111971558.
05-01 18:24:13.529  4522  4522 W native  : W0000 00:00:1777656253.529577    4522 phonology.cc:80] Phonemes @, @` have non-distinctive features. See b/111971558.
05-01 18:24:13.529  4522  4522 I native  : I0000 00:00:1777656253.529817    4522 android_resource_loader.cc:100] Built resource phonology
05-01 18:24:13.529  4522  4522 I native  : I0000 00:00:1777656253.529828    4522 android_resource_loader.cc:116] Loaded resource:phonology
05-01 18:24:13.529  4522  4522 I native  : I0000 00:00:1777656253.529905    4522 data_source.cc:95] Opening data source "/data/user_de/0/com.google.android.tts/files/superpacks/en-us/en-us-x-multi-seanet-r83/../en-us-x-multi-r83/en_morphology" (as: FILE) ...
05-01 18:24:13.529  4522  4522 I native  : I0000 00:00:1777656253.529920    4522 data_source.cc:99] ... Opened data source "/data/user_de/0/com.google.android.tts/files/superpacks/en-us/en-us-x-multi-seanet-r83/../en-us-x-multi-r83/en_morphology" of size 2753822
05-01 18:24:13.544  4522  4522 I native  : I0000 00:00:1777656253.544094    4522 model-api.cc:46] Registered model under key morphology
05-01 18:24:13.550  4522  4522 I native  : I0000 00:00:1777656253.549990    4522 android_resource_loader.cc:100] Built resource analyze_morphology_saft_portable_algo
05-01 18:24:13.550  4522  4522 I native  : I0000 00:00:1777656253.550049    4522 android_resource_loader.cc:116] Loaded resource:analyze_morphology_saft_portable_algo
05-01 18:24:13.550  4522  4522 I native  : I0000 00:00:1777656253.550117    4522 data_source.cc:95] Opening data source "/data/user_de/0/com.google.android.tts/files/superpacks/en-us/en-us-x-multi-seanet-r83/../en-us-x-multi-r83/ipa_to_tts_to-en_us.far" (as: FILE) ...
05-01 18:24:13.550  4522  4522 I native  : I0000 00:00:1777656253.550157    4522 data_source.cc:99] ... Opened data source "/data/user_de/0/com.google.android.tts/files/superpacks/en-us/en-us-x-multi-seanet-r83/../en-us-x-multi-r83/ipa_to_tts_to-en_us.far" of size 465858
05-01 18:24:13.552  4522  4522 I native  : I0000 00:00:1777656253.552031    4522 android_resource_loader.cc:100] Built resource ipa_to_tts_phoneme_mapper
05-01 18:24:13.552  4522  4522 I native  : I0000 00:00:1777656253.552104    4522 android_resource_loader.cc:116] Loaded resource:ipa_to_tts_phoneme_mapper
05-01 18:24:13.552  4522  4522 I native  : I0000 00:00:1777656253.552114    4522 data_source.cc:95] Opening data source "/data/user_de/0/com.google.android.tts/files/superpacks/en-us/en-us-x-multi-seanet-r83/../en-us-x-multi-r83/en_us.hlex.bin" (as: MEMORY) ...
05-01 18:24:13.552  4522  4522 I native  : I0000 00:00:1777656253.552134    4522 data_source.cc:99] ... Opened data source "/data/user_de/0/com.google.android.tts/files/superpacks/en-us/en-us-x-multi-seanet-r83/../en-us-x-multi-r83/en_us.hlex.bin" of size 5117760
05-01 18:24:13.552  4522  4522 I native  : I0000 00:00:1777656253.552446    4522 android_resource_loader.cc:100] Built resource lexicon
05-01 18:24:13.552  4522  4522 I native  : I0000 00:00:1777656253.552480    4522 android_resource_loader.cc:116] Loaded resource:lexicon
05-01 18:24:13.552  4522  4522 I native  : I0000 00:00:1777656253.552503    4522 data_source.cc:95] Opening data source "/data/user_de/0/com.google.android.tts/files/superpacks/en-us/en-us-x-multi-seanet-r83/../en-us-x-multi-r83/homographs_model_en_us_embedded.bin" (as: MEMORY) ...
05-01 18:24:13.552  4522  4522 I native  : I0000 00:00:1777656253.552518    4522 data_source.cc:99] ... Opened data source "/data/user_de/0/com.google.android.tts/files/superpacks/en-us/en-us-x-multi-seanet-r83/../en-us-x-multi-r83/homographs_model_en_us_embedded.bin" of size 399120
05-01 18:24:13.560  4522  4522 I native  : I0000 00:00:1777656253.560507    4522 android_resource_loader.cc:100] Built resource homograph_classifier_model_resource
05-01 18:24:13.560  4522  4522 I native  : I0000 00:00:1777656253.560570    4522 android_resource_loader.cc:116] Loaded resource:homograph_classifier_model_resource
05-01 18:24:13.560  4522  4522 I native  : I0000 00:00:1777656253.560597    4522 data_source.cc:95] Opening data source "/data/user_de/0/com.google.android.tts/files/superpacks/en-us/en-us-x-multi-seanet-r83/lettuce_node_generator_params_embedded_us_runtime.pb" (as: FILE) ...
05-01 18:24:13.560  4522  4522 I native  : I0000 00:00:1777656253.560634    4522 data_source.cc:99] ... Opened data source "/data/user_de/0/com.google.android.tts/files/superpacks/en-us/en-us-x-multi-seanet-r83/lettuce_node_generator_params_embedded_us_runtime.pb" of size 2599
05-01 18:24:13.809  2528 10476 W libbinder.IPCThreadState: Sending oneway calls to frozen process.
05-01 18:24:13.860  4522  4522 I native  : I0000 00:00:1777656253.860940    4522 exl_node_generator.cc:58] Setting legal word grammar as macro_only: true
05-01 18:24:13.861  4522  4522 I native  : I0000 00:00:1777656253.861175    4522 android_resource_loader.cc:100] Built resource lettuce_node_generator
05-01 18:24:13.861  4522  4522 I native  : I0000 00:00:1777656253.861183    4522 android_resource_loader.cc:116] Loaded resource:lettuce_node_generator
05-01 18:24:13.861  4522  4522 I native  : I0000 00:00:1777656253.861531    4522 data_source.cc:95] Opening data source "/data/user_de/0/com.google.android.tts/files/superpacks/en-us/en-us-x-multi-seanet-r83/../en-us-x-multi-r83/burdock_model.params.pb" (as: FILE) ...
05-01 18:24:13.861  4522  4522 I native  : I0000 00:00:1777656253.861573    4522 data_source.cc:99] ... Opened data source "/data/user_de/0/com.google.android.tts/files/superpacks/en-us/en-us-x-multi-seanet-r83/../en-us-x-multi-r83/burdock_model.params.pb" of size 8875
05-01 18:24:13.862  4522  4522 I native  : I0000 00:00:1777656253.862329    4522 android_resource_loader.cc:100] Built resource lstm_add_specification_resource
05-01 18:24:13.862  4522  4522 I native  : I0000 00:00:1777656253.862366    4522 android_resource_loader.cc:116] Loaded resource:lstm_add_specification_resource
05-01 18:24:13.862  4522  4522 I native  : I0000 00:00:1777656253.862402    4522 data_source.cc:95] Opening data source "/data/user_de/0/com.google.android.tts/files/superpacks/en-us/en-us-x-multi-seanet-r83/chive_model_fused.pb" (as: FILE) ...
05-01 18:24:13.862  4522  4522 I native  : I0000 00:00:1777656253.862413    4522 data_source.cc:99] ... Opened data source "/data/user_de/0/com.google.android.tts/files/superpacks/en-us/en-us-x-multi-seanet-r83/chive_model_fused.pb" of size 1281
05-01 18:24:13.862  4522  4522 I native  : I0000 00:00:1777656253.862493    4522 data_source.cc:95] Opening data source "/data/user_de/0/com.google.android.tts/files/superpacks/en-us/en-us-x-multi-seanet-r83/burdock_valerian_model.tflite" (as: MEMORY) ...
05-01 18:24:13.862  4522  4522 I native  : I0000 00:00:1777656253.862533    4522 data_source.cc:99] ... Opened data source "/data/user_de/0/com.google.android.tts/files/superpacks/en-us/en-us-x-multi-seanet-r83/burdock_valerian_model.tflite" of size 1790608
05-01 18:24:13.863  4522  4522 E tflite  : third_party/tensorflow/lite/core/subgraph.cc:1084 tensor.data.raw != nullptr was not true.
05-01 18:24:13.863  4522  4522 I native  : I0000 00:00:1777656253.863357    4522 chive_inference_resource.cc:234] Creating new CHiVE model [model graph]: 
05-01 18:24:13.863  4522  4522 I native  : I0000 00:00:1777656253.863363    4522 chive_model.cc:179] Creating a single pass CHiVE model
05-01 18:24:13.863  4522  4522 I native  : I0000 00:00:1777656253.863977    4522 android_resource_loader.cc:100] Built resource chive_inference_config
05-01 18:24:13.864  4522  4522 I native  : I0000 00:00:1777656253.864006    4522 android_resource_loader.cc:116] Loaded resource:chive_inference_config
05-01 18:24:13.864  4522  4522 I native  : I0000 00:00:1777656253.864015    4522 data_source.cc:95] Opening data source "/data/user_de/0/com.google.android.tts/files/superpacks/en-us/en-us-x-multi-seanet-r83/../en-us-x-multi-r83/converter_en_us_android.far" (as: FILE) ...
05-01 18:24:13.864  4522  4522 I native  : I0000 00:00:1777656253.864025    4522 data_source.cc:99] ... Opened data source "/data/user_de/0/com.google.android.tts/files/superpacks/en-us/en-us-x-multi-seanet-r83/../en-us-x-multi-r83/converter_en_us_android.far" of size 1473
05-01 18:24:13.864  4522  4522 I native  : I0000 00:00:1777656253.864124    4522 android_resource_loader.cc:100] Built resource pron_buffet_to_tts_converter
05-01 18:24:13.864  4522  4522 I native  : I0000 00:00:1777656253.864145    4522 android_resource_loader.cc:116] Loaded resource:pron_buffet_to_tts_converter
05-01 18:24:13.864  4522  4522 I native  : I0000 00:00:1777656253.864155    4522 data_source.cc:95] Opening data source "/data/user_de/0/com.google.android.tts/files/superpacks/en-us/en-us-x-multi-seanet-r83/../en-us-x-multi-r83/regexp_rewrite_embedded.pb" (as: FILE) ...
05-01 18:24:13.864  4522  4522 I native  : I0000 00:00:1777656253.864162    4522 data_source.cc:99] ... Opened data source "/data/user_de/0/com.google.android.tts/files/superpacks/en-us/en-us-x-multi-seanet-r83/../en-us-x-multi-r83/regexp_rewrite_embedded.pb" of size 6025
05-01 18:24:13.864  4522  4522 I native  : I0000 00:00:1777656253.864271    4522 data_source.cc:95] Opening data source "/data/user_de/0/com.google.android.tts/files/superpacks/en-us/en-us-x-multi-seanet-r83/../en-us-x-multi-r83/punctuation.pb" (as: FILE) ...
05-01 18:24:13.864  4522  4522 I native  : I0000 00:00:1777656253.864297    4522 data_source.cc:99] ... Opened data source "/data/user_de/0/com.google.android.tts/files/superpacks/en-us/en-us-x-multi-seanet-r83/../en-us-x-multi-r83/punctuation.pb" of size 452
05-01 18:24:13.897  4522  4522 E native  : E0000 00:00:1777656253.897573    4522 re2.cc:250] Error parsing '^|[^\p{Letter}\\]': invalid character class range: \p{Letter}
05-01 18:24:13.897  4522  4522 E native  : E0000 00:00:1777656253.897646    4522 replacement_rule.cc:40] Invalid context regexp: invalid character class range: \p{Letter}
05-01 18:24:13.897  4522  4522 E native  : E0000 00:00:1777656253.897651    4522 replacement_rule.cc:151] Error creating replacement rule.
05-01 18:24:13.897  4522  4522 E native  : E0000 00:00:1777656253.897655    4522 regexp_rewriter.cc:35] Error creating rule MessageLite at 0xb400007af104baf0.
05-01 18:24:13.897  4522  4522 I native  : I0000 00:00:1777656253.897886    4522 android_resource_loader.cc:100] Built resource rewrite_algo
05-01 18:24:13.897  4522  4522 I native  : I0000 00:00:1777656253.897911    4522 android_resource_loader.cc:116] Loaded resource:rewrite_algo
05-01 18:24:13.897  4522  4522 I native  : I0000 00:00:1777656253.897938    4522 data_source.cc:95] Opening data source "/data/user_de/0/com.google.android.tts/files/superpacks/en-us/en-us-x-multi-seanet-r83/../en-us-x-multi-r83/roman_numeral_contexts.pb" (as: FILE) ...
05-01 18:24:13.897  4522  4522 I native  : I0000 00:00:1777656253.897969    4522 data_source.cc:99] ... Opened data source "/data/user_de/0/com.google.android.tts/files/superpacks/en-us/en-us-x-multi-seanet-r83/../en-us-x-multi-r83/roman_numeral_contexts.pb" of size 9114
05-01 18:24:13.898  4522  4522 I native  : I0000 00:00:1777656253.898088    4522 android_resource_loader.cc:100] Built resource roman_numeral_context_words
05-01 18:24:13.898  4522  4522 I native  : I0000 00:00:1777656253.898110    4522 android_resource_loader.cc:116] Loaded resource:roman_numeral_context_words
05-01 18:24:13.898  4522  4522 I native  : I0000 00:00:1777656253.898255    4522 android_resource_loader.cc:100] Built resource classify_roman_numerals_grm_algo
05-01 18:24:13.898  4522  4522 I native  : I0000 00:00:1777656253.898276    4522 android_resource_loader.cc:116] Loaded resource:classify_roman_numerals_grm_algo
05-01 18:24:13.898  4522  4522 I native  : I0000 00:00:1777656253.898302    4522 android_resource_loader.cc:100] Built resource runtime_override
05-01 18:24:13.898  4522  4522 I native  : I0000 00:00:1777656253.898305    4522 android_resource_loader.cc:116] Loaded resource:runtime_override
05-01 18:24:13.898  4522  4522 I native  : I0000 00:00:1777656253.898311    4522 data_source.cc:95] Opening data source "/data/user_de/0/com.google.android.tts/files/superpacks/en-us/en-us-x-multi-seanet-r83/seanet_model_options.pb" (as: FILE) ...
05-01 18:24:13.898  4522  4522 I native  : I0000 00:00:1777656253.898318    4522 data_source.cc:99] ... Opened data source "/data/user_de/0/com.google.android.tts/files/superpacks/en-us/en-us-x-multi-seanet-r83/seanet_model_options.pb" of size 32
05-01 18:24:13.898  4522  4522 I native  : I0000 00:00:1777656253.898329    4522 data_source.cc:95] Opening data source "/data/user_de/0/com.google.android.tts/files/superpacks/en-us/en-us-x-multi-seanet-r83/seanet_model.tflite" (as: FILE) ...
05-01 18:24:13.898  4522  4522 I native  : I0000 00:00:1777656253.898334    4522 data_source.cc:99] ... Opened data source "/data/user_de/0/com.google.android.tts/files/superpacks/en-us/en-us-x-multi-seanet-r83/seanet_model.tflite" of size 2786320
05-01 18:24:13.914  4522  4522 I native  : I0000 00:00:1777656253.914688    4522 android_resource_loader.cc:100] Built resource seanet_enhancer
05-01 18:24:13.914  4522  4522 I native  : I0000 00:00:1777656253.914748    4522 android_resource_loader.cc:116] Loaded resource:seanet_enhancer
05-01 18:24:13.914  4522  4522 I native  : I0000 00:00:1777656253.914777    4522 data_source.cc:95] Opening data source "/data/user_de/0/com.google.android.tts/files/superpacks/en-us/en-us-x-multi-seanet-r83/../en-us-x-multi-r83/sb_model.bin" (as: MEMORY) ...
05-01 18:24:13.914  4522  4522 I native  : I0000 00:00:1777656253.914826    4522 data_source.cc:99] ... Opened data source "/data/user_de/0/com.google.android.tts/files/superpacks/en-us/en-us-x-multi-seanet-r83/../en-us-x-multi-r83/sb_model.bin" of size 48272
05-01 18:24:13.914  4522  4522 I native  : I0000 00:00:1777656253.914871    4522 android_resource_loader.cc:100] Built resource sentence_boundary_model_resource
05-01 18:24:13.914  4522  4522 I native  : I0000 00:00:1777656253.914896    4522 android_resource_loader.cc:116] Loaded resource:sentence_boundary_model_resource
05-01 18:24:13.914  4522  4522 I native  : I0000 00:00:1777656253.914933    4522 data_source.cc:95] Opening data source "/data/user_de/0/com.google.android.tts/files/superpacks/en-us/en-us-x-multi-seanet-r83/../en-us-x-multi-r83/en_verbalize_spec.pb" (as: FILE) ...
05-01 18:24:13.914  4522  4522 I native  : I0000 00:00:1777656253.914942    4522 data_source.cc:99] ... Opened data source "/data/user_de/0/com.google.android.tts/files/superpacks/en-us/en-us-x-multi-seanet-r83/../en-us-x-multi-r83/en_verbalize_spec.pb" of size 3984
05-01 18:24:13.915  4522  4522 I native  : I0000 00:00:1777656253.915065    4522 android_resource_loader.cc:100] Built resource serialization_spec
05-01 18:24:13.915  4522  4522 I native  : I0000 00:00:1777656253.915089    4522 android_resource_loader.cc:116] Loaded resource:serialization_spec
05-01 18:24:13.915  4522  4522 I native  : I0000 00:00:1777656253.915125    4522 data_source.cc:95] Opening data source "/data/user_de/0/com.google.android.tts/files/superpacks/en-us/en-us-x-multi-seanet-r83/../en-us-x-multi-r83/textnorm_params_embedded_en_us.pb" (as: FILE) ...
05-01 18:24:13.915  4522  4522 I native  : I0000 00:00:1777656253.915138    4522 data_source.cc:99] ... Opened data source "/data/user_de/0/com.google.android.tts/files/superpacks/en-us/en-us-x-multi-seanet-r83/../en-us-x-multi-r83/textnorm_params_embedded_en_us.pb" of size 321
05-01 18:24:13.915  4522  4522 I native  : I0000 00:00:1777656253.915783    4522 android_resource_loader.cc:100] Built resource textnorm_params
05-01 18:24:13.915  4522  4522 I native  : I0000 00:00:1777656253.915814    4522 android_resource_loader.cc:116] Loaded resource:textnorm_params
05-01 18:24:13.919  4522  4522 I native  : I0000 00:00:1777656253.919623    4522 android_resource_loader.cc:100] Built resource icu_transliterator_to_latin
05-01 18:24:13.919  4522  4522 I native  : I0000 00:00:1777656253.919688    4522 android_resource_loader.cc:116] Loaded resource:icu_transliterator_to_latin
05-01 18:24:13.919  4522  4522 I native  : I0000 00:00:1777656253.919711    4522 data_source.cc:95] Opening data source "/data/user_de/0/com.google.android.tts/files/superpacks/en-us/en-us-x-multi-seanet-r83/../en-us-x-multi-r83/g2p_m3_syls0_stress0_en-US.fst" (as: FILE) ...
05-01 18:24:13.919  4522  4522 I native  : I0000 00:00:1777656253.919739    4522 data_source.cc:99] ... Opened data source "/data/user_de/0/com.google.android.tts/files/superpacks/en-us/en-us-x-multi-seanet-r83/../en-us-x-multi-r83/g2p_m3_syls0_stress0_en-US.fst" of size 696736
05-01 18:24:13.919  4522  4522 I native  : I0000 00:00:1777656253.919757    4522 compact_fst.cc:20] Loading FST from "/data/user_de/0/com.google.android.tts/files/superpacks/en-us/en-us-x-multi-seanet-r83/../en-us-x-multi-r83/g2p_m3_syls0_stress0_en-US.fst" ...
05-01 18:24:13.992  4522  4522 I native  : I0000 00:00:1777656253.991980    4522 decoder.cc:51] G2P FST loaded (56 graphemes and 41 phonemes).
05-01 18:24:13.995  4522  4522 I native  : I0000 00:00:1777656253.995200    4522 android_resource_loader.cc:100] Built resource learned_fst_g2p_mapper
05-01 18:24:13.995  4522  4522 I native  : I0000 00:00:1777656253.995486    4522 android_resource_loader.cc:116] Loaded resource:learned_fst_g2p_mapper
05-01 18:24:13.995  4522  4522 I native  : I0000 00:00:1777656253.995549    4522 android_resource_loader.cc:100] Built resource spelling_normalizer
05-01 18:24:13.995  4522  4522 I native  : I0000 00:00:1777656253.995554    4522 android_resource_loader.cc:116] Loaded resource:spelling_normalizer
05-01 18:24:14.001  4522  4522 I native  : I0000 00:00:1777656254.001559    4522 android_resource_loader.cc:100] Built resource token_resolver_algo
05-01 18:24:14.001  4522  4522 I native  : I0000 00:00:1777656254.001634    4522 android_resource_loader.cc:116] Loaded resource:token_resolver_algo
05-01 18:24:14.001  4522  4522 I native  : I0000 00:00:1777656254.001650    4522 android_resource_loader.cc:100] Built resource utf8_utils
05-01 18:24:14.001  4522  4522 I native  : I0000 00:00:1777656254.001653    4522 android_resource_loader.cc:116] Loaded resource:utf8_utils
05-01 18:24:14.001  4522  4522 I native  : I0000 00:00:1777656254.001681    4522 android_resource_loader.cc:100] Built resource lexical_classifier
05-01 18:24:14.001  4522  4522 I native  : I0000 00:00:1777656254.001685    4522 android_resource_loader.cc:116] Loaded resource:lexical_classifier
05-01 18:24:14.001  4522  4522 I native  : I0000 00:00:1777656254.001728    4522 data_source.cc:95] Opening data source "/data/user_de/0/com.google.android.tts/files/superpacks/en-us/en-us-x-multi-seanet-r83/universal_carrier_pigeon_config.binarypb" (as: FILE) ...
05-01 18:24:14.001  4522  4522 I native  : I0000 00:00:1777656254.001758    4522 data_source.cc:99] ... Opened data source "/data/user_de/0/com.google.android.tts/files/superpacks/en-us/en-us-x-multi-seanet-r83/universal_carrier_pigeon_config.binarypb" of size 52
05-01 18:24:14.001  4522  4522 I native  : I0000 00:00:1777656254.001951    4522 data_source.cc:95] Opening data source "/data/user_de/0/com.google.android.tts/files/superpacks/en-us/en-us-x-multi-seanet-r83/universal_carrier_pigeon_model.tflite" (as: FILE) ...
05-01 18:24:14.001  4522  4522 I native  : I0000 00:00:1777656254.001983    4522 data_source.cc:99] ... Opened data source "/data/user_de/0/com.google.android.tts/files/superpacks/en-us/en-us-x-multi-seanet-r83/universal_carrier_pigeon_model.tflite" of size 638952
05-01 18:24:14.003  4522  4522 I native  : I0000 00:00:1777656254.003286    4522 android_resource_loader.cc:100] Built resource carrier_pigeon_algo
05-01 18:24:14.003  4522  4522 I native  : I0000 00:00:1777656254.003334    4522 android_resource_loader.cc:116] Loaded resource:carrier_pigeon_algo
05-01 18:24:14.003  4522  4522 I native  : I0000 00:00:1777656254.003349    4522 android_resource_loader.cc:100] Built resource icu_transliterator
05-01 18:24:14.003  4522  4522 I native  : I0000 00:00:1777656254.003352    4522 android_resource_loader.cc:116] Loaded resource:icu_transliterator
05-01 18:24:14.003  4522  4522 I native  : I0000 00:00:1777656254.003358    4522 data_source.cc:95] Opening data source "/data/user_de/0/com.google.android.tts/files/superpacks/en-us/en-us-x-multi-seanet-r83/../en-us-x-multi-r83/variant_overrides_en_us.pb" (as: FILE) ...
05-01 18:24:14.003  4522  4522 I native  : I0000 00:00:1777656254.003373    4522 data_source.cc:99] ... Opened data source "/data/user_de/0/com.google.android.tts/files/superpacks/en-us/en-us-x-multi-seanet-r83/../en-us-x-multi-r83/variant_overrides_en_us.pb" of size 1525
05-01 18:24:14.003  4522  4522 I native  : I0000 00:00:1777656254.003479    4522 android_resource_loader.cc:100] Built resource variant_overrides
05-01 18:24:14.003  4522  4522 I native  : I0000 00:00:1777656254.003502    4522 android_resource_loader.cc:116] Loaded resource:variant_overrides
05-01 18:24:14.003  4522  4522 I native  : I0000 00:00:1777656254.003508    4522 data_source.cc:95] Opening data source "/data/user_de/0/com.google.android.tts/files/superpacks/en-us/en-us-x-multi-seanet-r83/../en-us-x-multi-r83/variant_selection_model_en_us_embedded.bin" (as: MEMORY) ...
05-01 18:24:14.003  4522  4522 I native  : I0000 00:00:1777656254.003524    4522 data_source.cc:99] ... Opened data source "/data/user_de/0/com.google.android.tts/files/superpacks/en-us/en-us-x-multi-seanet-r83/../en-us-x-multi-r83/variant_selection_model_en_us_embedded.bin" of size 221608
05-01 18:24:14.003  4522  4522 I native  : I0000 00:00:1777656254.003537    4522 android_resource_loader.cc:100] Built resource variant_selection_model_data_resource
05-01 18:24:14.003  4522  4522 I native  : I0000 00:00:1777656254.003539    4522 android_resource_loader.cc:116] Loaded resource:variant_selection_model_data_resource
05-01 18:24:14.005  4522  4522 I native  : I0000 00:00:1777656254.005596    4522 select_variants.cc:128] Word with override has only one variant: her
05-01 18:24:14.005  4522  4522 I native  : I0000 00:00:1777656254.005701    4522 android_resource_loader.cc:100] Built resource select_variants_algo
05-01 18:24:14.005  4522  4522 I native  : I0000 00:00:1777656254.005706    4522 android_resource_loader.cc:116] Loaded resource:select_variants_algo
05-01 18:24:14.005  4522  4522 I native  : I0000 00:00:1777656254.005718    4522 data_source.cc:95] Opening data source "/data/user_de/0/com.google.android.tts/files/superpacks/en-us/en-us-x-multi-seanet-r83/../en-us-x-multi-r83/us_verbalization_capabilities.pb" (as: FILE) ...
05-01 18:24:14.005  4522  4522 I native  : I0000 00:00:1777656254.005736    4522 data_source.cc:99] ... Opened data source "/data/user_de/0/com.google.android.tts/files/superpacks/en-us/en-us-x-multi-seanet-r83/../en-us-x-multi-r83/us_verbalization_capabilities.pb" of size 5224
05-01 18:24:14.006  4522  4522 I native  : I0000 00:00:1777656254.006012    4522 android_resource_loader.cc:100] Built resource verbalization_capabilities
05-01 18:24:14.006  4522  4522 I native  : I0000 00:00:1777656254.006042    4522 android_resource_loader.cc:116] Loaded resource:verbalization_capabilities
05-01 18:24:14.006  4522  4522 I native  : I0000 00:00:1777656254.006051    4522 data_source.cc:95] Opening data source "/data/user_de/0/com.google.android.tts/files/superpacks/en-us/en-us-x-multi-seanet-r83/../en-us-x-multi-r83/verbalize_embedded_android.far" (as: FILE) ...
05-01 18:24:14.006  4522  4522 I native  : I0000 00:00:1777656254.006057    4522 data_source.cc:99] ... Opened data source "/data/user_de/0/com.google.android.tts/files/superpacks/en-us/en-us-x-multi-seanet-r83/../en-us-x-multi-r83/verbalize_embedded_android.far" of size 2342559
05-01 18:24:14.009  4522  4522 I native  : I0000 00:00:1777656254.009869    4522 android_resource_loader.cc:100] Built resource verbalize_grm_fst
05-01 18:24:14.009  4522  4522 I native  : I0000 00:00:1777656254.009926    4522 android_resource_loader.cc:116] Loaded resource:verbalize_grm_fst
05-01 18:24:14.009  4522  4522 I native  : I0000 00:00:1777656254.009946    4522 android_resource_loader.cc:100] Built resource speller_algo
05-01 18:24:14.009  4522  4522 I native  : I0000 00:00:1777656254.009949    4522 android_resource_loader.cc:116] Loaded resource:speller_algo
05-01 18:24:14.012  4522  4522 I native  : I0000 00:00:1777656254.011995    4522 android_resource_loader.cc:100] Built resource verbalize_grm_algo
05-01 18:24:14.012  4522  4522 I native  : I0000 00:00:1777656254.012036    4522 android_resource_loader.cc:116] Loaded resource:verbalize_grm_algo
05-01 18:24:14.012  4522  4522 I native  : I0000 00:00:1777656254.012179    4522 voice_params_resource.cc:33] Voice information: MessageLite at 0xb400007b11482110
05-01 18:24:14.012  4522  4522 I native  : I0000 00:00:1777656254.012212    4522 android_resource_loader.cc:100] Built resource voice_params
05-01 18:24:14.012  4522  4522 I native  : I0000 00:00:1777656254.012215    4522 android_resource_loader.cc:116] Loaded resource:voice_params
05-01 18:24:14.020  4522  4522 I native  : I0000 00:00:1777656254.020932    4522 android_resource_loader.cc:100] Built resource word_resolver_algo
05-01 18:24:14.021  4522  4522 I native  : I0000 00:00:1777656254.021020    4522 android_resource_loader.cc:116] Loaded resource:word_resolver_algo
05-01 18:24:14.021  4522  4522 I native  : I0000 00:00:1777656254.021048    4522 data_source.cc:95] Opening data source "/data/user_de/0/com.google.android.tts/files/superpacks/en-us/en-us-x-multi-seanet-r83/../en-us-x-multi-r83/xsampa_to_tts_to-en_us.far" (as: FILE) ...
05-01 18:24:14.021  4522  4522 I native  : I0000 00:00:1777656254.021084    4522 data_source.cc:99] ... Opened data source "/data/user_de/0/com.google.android.tts/files/superpacks/en-us/en-us-x-multi-seanet-r83/../en-us-x-multi-r83/xsampa_to_tts_to-en_us.far" of size 22132
05-01 18:24:14.021  4522  4522 I native  : I0000 00:00:1777656254.021328    4522 android_resource_loader.cc:100] Built resource xsampa_to_tts_phoneme_mapper
05-01 18:24:14.021  4522  4522 I native  : I0000 00:00:1777656254.021352    4522 android_resource_loader.cc:116] Loaded resource:xsampa_to_tts_phoneme_mapper
05-01 18:24:14.021  4522  4522 I native  : I0000 00:00:1777656254.021364    4522 local_pipeline_runner.cc:49] Done loading all resources from: {/data/user_de/0/com.google.android.tts/files/superpacks/en-us/en-us-x-multi-seanet-r83}
05-01 18:24:14.026  4522  4522 I ComposerWrapperImpl: Done initializing en-us-x-iog-seanet-embedded
05-01 18:24:14.028  2599  2599 D TextToSpeechManagerPerUserService: Connected successfully to TTS engine: com.google.android.tts
05-01 18:24:14.029 14906 14917 I TextToSpeech: Connected to TTS engine
05-01 18:24:14.111  4522 13878 I GoogleTTSServiceImpl: currentLocale = en-US
05-01 18:24:14.192  4522 13878 I GoogleTTSServiceImpl: For default lang en-us is name en-US-language (en-us-x-iog-server)
05-01 18:24:14.192 14906 14938 I TextToSpeech: Setting up the connection to TTS engine...
05-01 18:24:14.249  4522 13878 I GoogleTTSServiceImpl: currentLocale = en-NG
05-01 18:24:14.250  4522 13878 I GoogleTTSServiceImpl: currentLocale = en-NG
05-01 18:24:14.250  4522 13878 I GoogleTTSServiceImpl: For default lang en-ng is name en-NG-language (en-ng-x-tfn-server)
05-01 18:24:14.251  4522 13878 I GoogleTTSServiceImpl: currentLocale = en-NG
05-01 18:24:14.261  4522  4548 I gle.android.tts: Waiting for a blocking GC ProfileSaver
05-01 18:24:14.337  4522 14930 I VoiceDataManager: Already downloading en-ng, ignoring async download request...
05-01 18:24:14.337  4522 14930 I LocalSynthesizer: Attempting to load synthesizer for voice: en-us-x-hol-seanet-embedded
05-01 18:24:14.337  4522 14930 I LocalSynthesizer: Voice en-us-x-hol-seanet-embedded is already supported by loaded synthesizer en-us-x-multi.
05-01 18:24:14.337  4522 14930 I ComposerWrapperImpl: Skipping initialization, can already run voice en-us-x-hol-seanet-embedded.
05-01 18:24:14.570  2599  2796 I HalDevMgr: bestIfaceCreationProposal is null, requestIface=STA, existingIface=[name=wlan0 type=STA]
05-01 18:24:14.579  3593  3593 D BoundBrokerSvc: onUnbind: Intent { act=com.google.android.gms.feedback.internal.IFeedbackService dat=chimera-action:/... xflg=0x4 cmp=com.google.android.gms/.chimera.GmsBoundBrokerService }
05-01 18:24:14.635  2599  2848 D BackgroundInstallControlService: Package event received: 0
05-01 18:24:14.641  2599 10705 V Configuration: Updating configuration, locales updated from [] to [en_US]
05-01 18:24:14.641  2599 10705 V Configuration: Updating configuration, locales updated from [] to [en_US]
05-01 18:24:14.641  2599 10705 V Configuration: Updating configuration, locales updated from [] to [en_US]
05-01 18:24:14.641  2599 10705 V Configuration: Updating configuration, locales updated from [] to [en_US]
05-01 18:24:14.641  2599 10705 V Configuration: Updating configuration, locales updated from [] to [en_US]
05-01 18:24:14.641  2599 10705 V Configuration: Updating configuration, locales updated from [] to [en_US]
05-01 18:24:14.643  2599 10705 V Configuration: Updating configuration, locales updated from [] to [en_US]
05-01 18:24:14.643  2599 10705 V Configuration: Updating configuration, locales updated from [] to [en_US]
05-01 18:24:14.643  2599 10705 V Configuration: Updating configuration, locales updated from [] to [en_US]
05-01 18:24:14.643  2599 10705 V Configuration: Updating configuration, locales updated from [] to [en_US]
05-01 18:24:14.643  2599 10705 V Configuration: Updating configuration, locales updated from [] to [en_US]
05-01 18:24:15.870  2599  3491 E TaskPersister: File error accessing recents directory (directory doesn't exist?).
05-01 18:24:16.721 14939 14939 W libbinder.BackendUnifiedServiceManager: Thread Pool max thread count is 0. Cannot cache binder as linkToDeath cannot be implemented. serviceName: package
05-01 18:24:16.760  3046  3046 I artd    : GetBestInfo: odex next to the dex file (/data/app/~~9zdI27-KZDEvVC_7GO9BLQ==/com.google.android.gms-zDijJikcKxb1i4ibdVh7KA==/oat/arm64/base.odex) is kOatUpToDate with filter 'speed-profile' executable 'false'
05-01 18:24:16.762  3046  3046 I artd    : GetBestInfo: odex next to the dex file (/data/app/~~9zdI27-KZDEvVC_7GO9BLQ==/com.google.android.gms-zDijJikcKxb1i4ibdVh7KA==/oat/arm64/split_AdsDynamite_installtime.odex) is kOatUpToDate with filter 'speed' executable 'false'
05-01 18:24:16.763  3046  3046 I artd    : GetBestInfo: odex next to the dex file (/data/app/~~9zdI27-KZDEvVC_7GO9BLQ==/com.google.android.gms-zDijJikcKxb1i4ibdVh7KA==/oat/arm64/split_CronetDynamite_installtime.odex) is kOatUpToDate with filter 'speed' executable 'false'
05-01 18:24:16.764  3046  3046 I artd    : GetBestInfo: odex next to the dex file (/data/app/~~9zdI27-KZDEvVC_7GO9BLQ==/com.google.android.gms-zDijJikcKxb1i4ibdVh7KA==/oat/arm64/split_DynamiteLoader_installtime.odex) is kOatUpToDate with filter 'speed' executable 'false'
05-01 18:24:16.765  3046  3046 I artd    : GetBestInfo: odex next to the dex file (/data/app/~~9zdI27-KZDEvVC_7GO9BLQ==/com.google.android.gms-zDijJikcKxb1i4ibdVh7KA==/oat/arm64/split_DynamiteModulesA_installtime.odex) is kOatUpToDate with filter 'speed' executable 'false'
05-01 18:24:16.767  3046  3046 I artd    : GetBestInfo: odex next to the dex file (/data/app/~~9zdI27-KZDEvVC_7GO9BLQ==/com.google.android.gms-zDijJikcKxb1i4ibdVh7KA==/oat/arm64/split_DynamiteModulesC_installtime.odex) is kOatUpToDate with filter 'speed' executable 'false'
05-01 18:24:16.768  3046  3046 I artd    : GetBestInfo: odex next to the dex file (/data/app/~~9zdI27-KZDEvVC_7GO9BLQ==/com.google.android.gms-zDijJikcKxb1i4ibdVh7KA==/oat/arm64/split_GoogleCertificates_installtime.odex) is kOatUpToDate with filter 'speed' executable 'false'
05-01 18:24:16.769  3046  3046 I artd    : GetBestInfo: odex next to the dex file (/data/app/~~9zdI27-KZDEvVC_7GO9BLQ==/com.google.android.gms-zDijJikcKxb1i4ibdVh7KA==/oat/arm64/split_MapsDynamite_installtime.odex) is kOatUpToDate with filter 'speed' executable 'false'
05-01 18:24:16.770  3046  3046 I artd    : GetBestInfo: odex next to the dex file (/data/app/~~9zdI27-KZDEvVC_7GO9BLQ==/com.google.android.gms-zDijJikcKxb1i4ibdVh7KA==/oat/arm64/split_MeasurementDynamite_installtime.odex) is kOatUpToDate with filter 'speed' executable 'false'
05-01 18:24:16.771  3046  3046 I artd    : GetBestInfo: /data/user_de/0/com.google.android.gms/app_chimera/m/00000024/dl-MlkitOcrCommon.optional_261332100400.apk has no usable artifacts
05-01 18:24:16.772  3046  3046 I artd    : GetBestInfo: /data/user_de/0/com.google.android.gms/app_chimera/m/00000001/CronetDynamite.apk has no usable artifacts
05-01 18:24:16.772  3046  3046 I artd    : GetBestInfo: /data/user_de/0/com.google.android.gms/app_chimera/m/00000002/DynamiteLoader.apk has no usable artifacts
05-01 18:24:16.772  3046  3046 W artd    : Could not get dex checksums for location /data/app/~~3fBXho8HaymPEUVbuDbDyw==/com.google.android.gms-lP3FhbDqyEae3o3ITSwEOg==/base.apk, fd=-1
05-01 18:24:16.773  3046  3046 W artd    : Could not get dex checksums for location /data/app/~~3fBXho8HaymPEUVbuDbDyw==/com.google.android.gms-lP3FhbDqyEae3o3ITSwEOg==/base.apk, fd=-1
05-01 18:24:16.774  3046  3046 I artd    : GetBestInfo: /data/user_de/0/com.google.android.gms/app_chimera/m/00000005/GoogleCertificates.apk has no usable artifacts
05-01 18:24:16.774  3046  3046 W artd    : Could not get dex checksums for location /data/app/~~3fBXho8HaymPEUVbuDbDyw==/com.google.android.gms-lP3FhbDqyEae3o3ITSwEOg==/base.apk, fd=-1
05-01 18:24:16.775  3046  3046 I artd    : GetBestInfo: /data/user_de/0/com.google.android.gms/app_chimera/m/0000000c/dl-PlayCloudSearch.optional_253434100000.apk has no usable artifacts
05-01 18:24:16.775  3046  3046 W artd    : Could not get dex checksums for location /data/app/~~3fBXho8HaymPEUVbuDbDyw==/com.google.android.gms-lP3FhbDqyEae3o3ITSwEOg==/base.apk, fd=-1
05-01 18:24:16.776  3046  3046 W artd    : Could not get dex checksums for location /data/app/~~3fBXho8HaymPEUVbuDbDyw==/com.google.android.gms-lP3FhbDqyEae3o3ITSwEOg==/base.apk, fd=-1
05-01 18:24:16.776  3046  3046 W artd    : Could not get dex checksums for location /data/app/~~3fBXho8HaymPEUVbuDbDyw==/com.google.android.gms-lP3FhbDqyEae3o3ITSwEOg==/base.apk, fd=-1
05-01 18:24:16.777  3046  3046 I artd    : GetBestInfo: /data/user_de/0/com.google.android.gms/app_chimera/m/00000009/dl-Appsearch.optional_253434100400.apk has no usable artifacts
05-01 18:24:16.778  3046  3046 I artd    : GetBestInfo: /data/user_de/0/com.google.android.gms/app_chimera/m/0000001f/dl-MlkitBarcodeUi.optional_261332100400.apk has no usable artifacts
05-01 18:24:16.779  3046  3046 I artd    : GetBestInfo: vdex next to the dex file (/data/user/0/com.google.android.gms/app_dg_cache/C979021594972B0BA2D39F27BF33D93C4B1302BC/oat/arm64/the.vdex) is kOatUpToDate with filter 'verify' executable 'false'
05-01 18:24:16.779  3046  3046 W artd    : Could not get dex checksums for location /data/app/~~3fBXho8HaymPEUVbuDbDyw==/com.google.android.gms-lP3FhbDqyEae3o3ITSwEOg==/base.apk, fd=-1
05-01 18:24:16.780  3046  3046 W artd    : Could not get dex checksums for location /data/app/~~3fBXho8HaymPEUVbuDbDyw==/com.google.android.gms-lP3FhbDqyEae3o3ITSwEOg==/base.apk, fd=-1
05-01 18:24:16.781  3046  3046 I artd    : GetBestInfo: /data/user_de/0/com.google.android.gms/app_chimera/m/0000001e/dl-VisionOcr.optional_261332100000.apk has no usable artifacts
05-01 18:24:16.782  3046  3046 I artd    : GetBestInfo: /data/user_de/0/com.google.android.gms/app_chimera/m/00000020/dl-PlayCloudSearch.optional_261332100000.apk has no usable artifacts
05-01 18:24:16.784  3046  3046 I artd    : GetBestInfo: vdex next to the dex file (/data/user/0/com.google.android.gms/app_dg_cache/707FFD883BF2A7896692338F9625CA52336E933B/oat/arm64/the.vdex) is kOatUpToDate with filter 'verify' executable 'false'
05-01 18:24:16.786  3046  3046 I artd    : GetBestInfo: /data/user_de/0/com.google.android.gms/app_chimera/m/00000019/dl-TfliteDynamiteDynamite.integ_252130102100400.apk has no usable artifacts
05-01 18:24:16.787  3046  3046 W artd    : Could not get dex checksums for location /data/app/~~3fBXho8HaymPEUVbuDbDyw==/com.google.android.gms-lP3FhbDqyEae3o3ITSwEOg==/base.apk, fd=-1
05-01 18:24:16.788  3046  3046 W artd    : Could not get dex checksums for location /data/app/~~dKAWhbpuAhXMPrgX8_uNaA==/com.android.vending-VlQnPVZ5qb-G_00QsqpjnQ==/base.apk, fd=-1
05-01 18:24:16.790  3046  3046 I artd    : GetBestInfo: /data/user_de/0/com.google.android.gms/app_chimera/m/00000021/dl-Appsearch.optional_261332100400.apk has no usable artifacts
05-01 18:24:16.791  3046  3046 I artd    : GetBestInfo: /data/user_de/0/com.google.android.gms/app_chimera/m/0000000b/dl-MlkitBarcodeUi.optional_253434100400.apk has no usable artifacts
05-01 18:24:17.577  2599  2796 I HalDevMgr: bestIfaceCreationProposal is null, requestIface=STA, existingIface=[name=wlan0 type=STA]
05-01 18:24:18.342 14906 14950 D ProfileInstaller: Installing profile for com.signbridge
05-01 18:24:19.247  2599  2742 D ActivityManager: freezing 3301 com.google.android.permissioncontroller
05-01 18:24:19.252  2599  2802 D InetDiagMessage: Destroyed 0 sockets, proto=IPPROTO_TCP, family=AF_INET, states=14
05-01 18:24:19.252  2599  2802 D InetDiagMessage: Destroyed 0 sockets, proto=IPPROTO_TCP, family=AF_INET6, states=14
05-01 18:24:19.252  2599  2802 D InetDiagMessage: Destroyed live tcp sockets for uids={10212} in 2ms
05-01 18:24:19.389  3593  5874 I cn_CronetUrlRequestContext: destroyNativeStreamLocked org.chromium.net.impl.CronetBidirectionalStream@481ef66
05-01 18:24:19.604  2599  2802 D InetDiagMessage: Destroyed 0 sockets, proto=IPPROTO_TCP, family=AF_INET, states=14
05-01 18:24:19.604  2599  2802 D InetDiagMessage: Destroyed 0 sockets, proto=IPPROTO_TCP, family=AF_INET6, states=14
05-01 18:24:19.604  2599  2802 D InetDiagMessage: Destroyed live tcp sockets for uids={10202} in 1ms
05-01 18:24:19.604  2599  2802 D InetDiagMessage: Destroyed 0 sockets, proto=IPPROTO_TCP, family=AF_INET, states=14
05-01 18:24:19.605  2599  2802 D InetDiagMessage: Destroyed 0 sockets, proto=IPPROTO_TCP, family=AF_INET6, states=14
05-01 18:24:19.605  2599  2802 D InetDiagMessage: Destroyed live tcp sockets for uids={20202} in 1ms
05-01 18:24:20.585  2599  2796 I HalDevMgr: bestIfaceCreationProposal is null, requestIface=STA, existingIface=[name=wlan0 type=STA]
05-01 18:24:21.370  3054  3142 D SatelliteController: iisInCarrierRoamingNbIotNtn: satellite is disabled
05-01 18:24:21.370  2599  2991 W libbinder.IPCThreadState: Sending oneway calls to frozen process.
05-01 18:24:21.371  3054  3142 D SatelliteController: getCarrierRoamingNtnConnectType: Falling back to global carrier config connect type: 0
05-01 18:24:22.204 14906 14906 D QuirkSettingsLoader: QuirkSettings$MetadataHolderService is not found.
05-01 18:24:22.204 14906 14906 D CameraX : QuirkSettings from app metadata: null
05-01 18:24:22.205 14906 14906 D CameraX : QuirkSettings by default: QuirkSettings{enabledWhenDeviceHasQuirk=true, forceEnabledQuirks=[], forceDisabledQuirks=[]}
05-01 18:24:22.215 14906 14960 D DeviceQuirks: camera2 DeviceQuirks = CaptureSessionShouldUseMrirQuirk
05-01 18:24:22.215 14906 14960 I CameraManagerGlobal: Connecting to camera service
05-01 18:24:22.242 14906 14960 D CameraRepository: Added camera: 1
05-01 18:24:22.249 14906 14960 D CameraQuirks: camera2 CameraQuirks = 
05-01 18:24:22.264 14906 14960 I Camera2CameraInfo: Device Level: INFO_SUPPORTED_HARDWARE_LEVEL_FULL
05-01 18:24:22.267 14906 14960 D CameraRepository: Added camera: 10
05-01 18:24:22.268 14906 14960 D CameraQuirks: camera2 CameraQuirks = 
05-01 18:24:22.268 14906 14960 I Camera2CameraInfo: Device Level: INFO_SUPPORTED_HARDWARE_LEVEL_LIMITED
05-01 18:24:22.270 14906 14960 D CameraValidator: Verifying camera lens facing on emu64a, lensFacingInteger: null
05-01 18:24:22.296 14906 14906 D DynamicRangeResolver: Resolved dynamic range for use case androidx.camera.core.Preview-f821b87d-398b-4908-8268-15cd52c63e94 to no compatible HDR dynamic ranges.
05-01 18:24:22.296 14906 14906 D DynamicRangeResolver: DynamicRange@70aafe4{encoding=UNSPECIFIED, bitDepth=0}
05-01 18:24:22.296 14906 14906 D DynamicRangeResolver: ->
05-01 18:24:22.296 14906 14906 D DynamicRangeResolver: DynamicRange@6e95777{encoding=SDR, bitDepth=8}
05-01 18:24:22.298 14906 14906 D CameraQuirks: camera2 CameraQuirks = 
05-01 18:24:22.298 14906 14906 D CameraQuirks: camera2 CameraQuirks = 
05-01 18:24:22.304 14906 14906 D DeferrableSurface: Surface created[total_surfaces=1, used_surfaces=0](androidx.camera.core.processing.SurfaceEdge$SettableSurface@2b4e650}
05-01 18:24:22.306 14906 14906 D DeferrableSurface: Surface created[total_surfaces=2, used_surfaces=0](androidx.camera.core.SurfaceRequest$2@88a177c}
05-01 18:24:22.307 14906 14906 D DeferrableSurface: New surface in use[total_surfaces=2, used_surfaces=1](androidx.camera.core.SurfaceRequest$2@88a177c}
05-01 18:24:22.307 14906 14906 D DeferrableSurface: use count+1, useCount=1 androidx.camera.core.SurfaceRequest$2@88a177c
05-01 18:24:22.313 14906 14906 D DeferrableSurface: Surface created[total_surfaces=3, used_surfaces=1](androidx.camera.core.impl.ImmediateSurface@6290f81}
05-01 18:24:22.316 14906 14962 D Camera2CameraImpl: {Camera@e2a14bb[id=1]} Use case androidx.camera.core.Preview-f821b87d-398b-4908-8268-15cd52c63e9460329115 ACTIVE
05-01 18:24:22.316 14906 14906 D PreviewView: Surface requested by Preview.
05-01 18:24:22.317 14906 14962 D DeviceQuirks: core DeviceQuirks = SurfaceOrderQuirk
05-01 18:24:22.317 14906 14962 D UseCaseAttachState: Active and attached use case: [] for camera: 1
05-01 18:24:22.317 14906 14906 D DeviceQuirks: view DeviceQuirks = 
05-01 18:24:22.318 14906 14962 D Camera2CameraImpl: {Camera@e2a14bb[id=1]} Use case androidx.camera.core.ImageAnalysis-9689e0ba-429e-4ee6-b8de-426c07b608fd229460024 ACTIVE
05-01 18:24:22.318 14906 14962 D UseCaseAttachState: Active and attached use case: [] for camera: 1
05-01 18:24:22.319 14906 14962 D Camera2CameraImpl: {Camera@e2a14bb[id=1]} Use cases [androidx.camera.core.Preview-f821b87d-398b-4908-8268-15cd52c63e9460329115, androidx.camera.core.ImageAnalysis-9689e0ba-429e-4ee6-b8de-426c07b608fd229460024] now ATTACHED
05-01 18:24:22.319 14906 14962 D Camera2CameraControlImp: setActive: isActive = true
05-01 18:24:22.320 14906 14962 D UseCaseAttachState: All use case: [androidx.camera.core.Preview-f821b87d-398b-4908-8268-15cd52c63e9460329115, androidx.camera.core.ImageAnalysis-9689e0ba-429e-4ee6-b8de-426c07b608fd229460024] for camera: 1
05-01 18:24:22.320 14906 14962 D UseCaseAttachState: Active and attached use case: [androidx.camera.core.Preview-f821b87d-398b-4908-8268-15cd52c63e9460329115, androidx.camera.core.ImageAnalysis-9689e0ba-429e-4ee6-b8de-426c07b608fd229460024] for camera: 1
05-01 18:24:22.321 14906 14962 D Camera2CameraImpl: {Camera@e2a14bb[id=1]} Resetting Capture Session
05-01 18:24:22.321 14906 14962 D Camera2CameraImpl: {Camera@e2a14bb[id=1]} Skipping Capture Session state check due to current camera state: INITIALIZED and previous session status: false
05-01 18:24:22.321 14906 14962 D Camera2CameraImpl: {Camera@e2a14bb[id=1]} Releasing session in state INITIALIZED
05-01 18:24:22.322 14906 14906 D PreviewView: Preview transformation info updated. TransformationInfo{getCropRect=Rect(0, 0 - 1600, 1200), getRotationDegrees=270, getTargetRotation=-1, hasCameraTransform=true, getSensorToBufferTransform=Matrix{[0.8333333, 0.0, -0.0][0.0, 0.8333333, -0.0][0.0, 0.0, 1.0]}, isMirroring=true}
05-01 18:24:22.322 14906 14962 D Camera2CameraImpl: {Camera@e2a14bb[id=1]} Attempting to force open the camera.
05-01 18:24:22.322 14906 14906 D PreviewTransform: Transformation info set: TransformationInfo{getCropRect=Rect(0, 0 - 1600, 1200), getRotationDegrees=270, getTargetRotation=-1, hasCameraTransform=true, getSensorToBufferTransform=Matrix{[0.8333333, 0.0, -0.0][0.0, 0.8333333, -0.0][0.0, 0.0, 1.0]}, isMirroring=true} 1600x1200 true
05-01 18:24:22.322 14906 14962 D CameraStateRegistry: tryOpenCamera(Camera@e2a14bb[id=1]) [Available Cameras: 1, Already Open: false (Previous state: null)] --> SUCCESS
05-01 18:24:22.322 14906 14962 D CameraStateRegistry: Recalculating open cameras:
05-01 18:24:22.322 14906 14962 D CameraStateRegistry: Camera                                       State                 
05-01 18:24:22.322 14906 14962 D CameraStateRegistry: -------------------------------------------------------------------
05-01 18:24:22.322 14906 14962 D CameraStateRegistry: Camera@e2a14bb[id=1]                         OPENING               
05-01 18:24:22.322 14906 14962 D CameraStateRegistry: Camera@def6ba2[id=10]                        UNKNOWN               
05-01 18:24:22.322 14906 14962 D CameraStateRegistry: -------------------------------------------------------------------
05-01 18:24:22.322 14906 14962 D CameraStateRegistry: Open count: 1 (Max allowed: 1)
05-01 18:24:22.323 14906 14962 D Camera2CameraImpl: {Camera@e2a14bb[id=1]} Opening camera.
05-01 18:24:22.323 14906 14962 D Camera2CameraImpl: {Camera@e2a14bb[id=1]} Transitioning camera internal state: INITIALIZED --> OPENING
05-01 18:24:22.323 14906 14962 D CameraStateMachine: New public camera state CameraState{type=OPENING, error=null} from OPENING and null
05-01 18:24:22.323 14906 14962 D CameraStateMachine: Publishing new public camera state CameraState{type=OPENING, error=null}
05-01 18:24:22.324 14906 14962 D UseCaseAttachState: All use case: [androidx.camera.core.Preview-f821b87d-398b-4908-8268-15cd52c63e9460329115, androidx.camera.core.ImageAnalysis-9689e0ba-429e-4ee6-b8de-426c07b608fd229460024] for camera: 1
05-01 18:24:22.330 14906 14906 D SurfaceViewImpl: Wait for new Surface creation.
05-01 18:24:22.339  2528 10476 I CameraService: CameraService::connect call (PID 14906 "com.signbridge", camera ID 1) and Camera API version 2
05-01 18:24:22.342 14906 14906 D SurfaceViewImpl: Surface created.
05-01 18:24:22.342 14906 14906 D SurfaceViewImpl: Surface changed. Size: 1600x1200
05-01 18:24:22.342 14906 14906 D SurfaceViewImpl: Surface set on Preview.
05-01 18:24:22.344  2528 10476 I CameraService: onTorchStatusChangedLocked: Torch status changed for cameraId=1, newStatus=0
05-01 18:24:22.344  2528 10476 W libbinder.IPCThreadState: Sending oneway calls to frozen process.
05-01 18:24:22.344  2528 10476 W libbinder.IPCThreadState: Sending oneway calls to frozen process.
05-01 18:24:22.346   521 12347 W EmulatedCameraDeviceInfo: InitializeControlDefaults: No available post RAW boost! Setting default!
05-01 18:24:22.351   521 10419 E EmulatedRequestProcessor: onEvent: unexpected event received type: 33
05-01 18:24:22.351   521 10419 E EmulatedRequestProcessor: onEvent: unexpected event received type: 33
