--------- beginning of main
05-01 18:04:05.276  8138  8138 I Finsky  : [2] AIM: AppInfoCacheUpdater -> invalidating apps: [com.signbridge]
05-01 18:04:05.278  8138  8138 I Finsky  : [2] AIM: AppInfoManager-Perf > getApps > called for 1 apps
05-01 18:04:05.279  8138  8269 I Finsky  : [60] AIM: AppInfoManager-Perf > OnDeviceAppInfo > cacheHitCount=0, cacheMissCount=1. Missed  in cache (limit 10) : [com.signbridge]
05-01 18:04:05.280  8138  8269 I Finsky  : [60] AIM: Got app ownership map. App counts: . Unique apps: 0
05-01 18:04:05.280  8138  8269 E Finsky  : [60] [Counters] attempted to use a non-positive increment for: 4752
05-01 18:04:05.280  8138  8269 E Finsky  : [60] [Counters] attempted to use a non-positive increment for: 4753
05-01 18:04:05.297  8138  8253 I Finsky  : [48] RECEIVER_PACKAGE_MONITOR#logWorkEndAndFinishGoAsync: SUCCESS
05-01 18:04:05.322  8138  8270 I Finsky  : [61] AIM: AppInfoManager-Perf > OnDeviceAppInfo > cacheHitCount=1, cacheMissCount=0. Missed  in cache (limit 10) : []
05-01 18:04:05.322  8138  8270 I Finsky  : [61] AIM: Got app ownership map. App counts: . Unique apps: 0
05-01 18:04:05.323  8138  8270 E Finsky  : [61] [Counters] attempted to use a non-positive increment for: 4752
05-01 18:04:05.324  8138  8270 E Finsky  : [61] [Counters] attempted to use a non-positive increment for: 4753
05-01 18:04:05.325  3593  3824 I Icing   : IndexChimeraService.getServiceInterface callingPackage=com.google.android.gms componentName=AppsCorpus serviceId=36
05-01 18:04:05.334  2599  2975 W ParceledListSlice: Element #27 is 20400 bytes.
05-01 18:04:05.334  2599  2975 W ParceledListSlice: Element #28 is 20580 bytes.
05-01 18:04:05.334  2599  2975 W ParceledListSlice: Overly large reply size: 81964
05-01 18:04:05.335  2599  2975 W ParceledListSlice: Element #29 is 20792 bytes.
05-01 18:04:05.335  2599  2975 W ParceledListSlice: Element #30 is 20304 bytes.
05-01 18:04:05.355  8138  8267 I Finsky  : [59] AIM: AppInfoManager-Perf > getApps > data collection finished
05-01 18:04:05.358  8138  8267 I Finsky  : [59] AIM: AppInfoManager-Perf > maybeDestroyAppInfoManager is called. actives = 1
05-01 18:04:05.400  8138  8271 I Finsky  : [62] AIM: AppInfoManager-Perf > ItemModel > CacheSize=35, cacheHitCount=0, cacheMissCount=0, total appsWithNoServerDataCount=2. Missed  in cache (limit 10) : []
05-01 18:04:05.401  8138  8271 I Finsky  : [62] AIM: AppInfoManager-Perf > ItemModel > CacheSize=35, cacheHitCount=0, cacheMissCount=0, total appsWithNoServerDataCount=2. Missed  in cache (limit 10) : []
05-01 18:04:05.401  3593  3593 D BoundBrokerSvc: onBind: Intent { act=com.google.android.gms.feedback.internal.IFeedbackService dat=chimera-action:/... xflg=0x4 cmp=com.google.android.gms/.chimera.GmsBoundBrokerService }
05-01 18:04:05.401  3593  3593 D BoundBrokerSvc: Loading bound service for intent: Intent { act=com.google.android.gms.feedback.internal.IFeedbackService dat=chimera-action:/... xflg=0x4 cmp=com.google.android.gms/.chimera.GmsBoundBrokerService }
05-01 18:04:05.484  5567  5567 I Finsky:background: [2] Memory trim requested to level 40
05-01 18:04:05.491  8138  8270 I Finsky  : [61] AIM: AppInfoManager-Perf > getApps > data collection finished
05-01 18:04:05.491  8138  8270 I Finsky  : [61] AIM: AppInfoManager-Perf > maybeDestroyAppInfoManager is called. actives = 0
05-01 18:04:05.529  8138  8138 I Finsky  : [2] Memory trim requested to level 40
05-01 18:04:05.558  8138  8138 I Finsky  : [2] Flushing in-memory image cache
05-01 18:04:05.749  3593 13189 I Icing   : Usage reports ok 0, Failed Usage reports 0, indexed 0, rejected 0
--------- beginning of system
05-01 18:04:05.848  2599  2848 D BackgroundInstallControlService: Package event received: 0
05-01 18:04:05.851  2599  2848 D BackgroundInstallControlService: Package event received: 0
05-01 18:04:05.862  2599  2613 V SafetySourceDataValidat: Package: com.android.vending has expected signature
05-01 18:04:05.862  2599  2613 V SafetySourceDataValidat: Package: com.android.vending has expected signature
05-01 18:04:05.901  8138  8145 W android.vending: Suspending all threads took: 14.974ms
05-01 18:04:05.912  3593  3824 I Icing   : IndexChimeraService.getServiceInterface callingPackage=com.google.android.gms componentName=null serviceId=30
05-01 18:04:06.055  3482  3921 I AiAiEcho: EchoSearch: WidgetFetcherImpl is initialized with [34] widgets [reason=package added for userId: 0]
05-01 18:04:06.066  3593 13189 I Icing   : Usage reports ok 0, Failed Usage reports 0, indexed 0, rejected 0
05-01 18:04:06.191  8138  8144 W android.vending: Missing inline cache for java.lang.Object osn.apply(java.lang.Object)
05-01 18:04:06.191  8138  8144 W android.vending: Missing inline cache for java.lang.Object osn.apply(java.lang.Object)
05-01 18:04:06.409  2599  2848 D BackgroundInstallControlService: Package event received: 0
05-01 18:04:06.415  3593 13189 I Icing   : Indexing com.google.android.gms-apps from com.google.android.gms
05-01 18:04:06.424  4199  4518 W WellbeingSettingsProvid: <DWB> Call failed: get_actions
05-01 18:04:06.424  4199  4518 W WellbeingSettingsProvid: java.util.concurrent.TimeoutException: Waited 5000 milliseconds (plus 1 milliseconds, 502044 nanoseconds delay) for ojm@7bad166[status=PENDING, info=[inputFuture=[ojl@13c6ca7[status=PENDING, setFuture=[ois@fff5554[status=PENDING, info=[inputFuture=[ojm@eaf1cfd[status=PENDING, info=[inputFuture=[ojm@4129df2[status=PENDING, info=[inputFuture=[okg@3392c43[status=PENDING, info=[futures=[ojm@9a672c0[status=PENDING, info=[inputFuture=[ojm@3558bf9[status=PENDING, info=[inputFuture=[olg@7a8a73e[status=PENDING, info=[delegate=[omm@db8499f[status=PENDING, setFuture=[ojm@ddffaec[status=PENDING, info=[inputFuture=[ojl@559eeb5[status=PENDING, info=[inputFuture=[olg@303f94a[status=PENDING, info=[delegate=[omm@7e1e0bb[status=PENDING, setFuture=[ojl@947d9d8[status=PENDING, setFuture=[ojm@d07c131[status=PENDING, info=[function=[propagating=[ekt@6106016]]]]]]]]]]]], function=[propagating=[eck@943cd97]]]]], function=[propagating=[ecm@44cbb84]]]]]]]]]], function=[propagating=[ebx@1e63f6d]]]]], function=[propagating=[fis@1aa67a2]]]]]]]], function=[propagating=[fej@a6dac33]]]]], function=[propagating=[dzn@d9c0bf0]]]]], exceptionType=[class java.lang.Throwable], fallback=[propagating=[ecm@2b46569]]]]]]], function=[propagating=[dzn@5eb5bee]]]]
05-01 18:04:06.424  4199  4518 W WellbeingSettingsProvid: 	at ojj.t(PG:370)
05-01 18:04:06.424  4199  4518 W WellbeingSettingsProvid: 	at ojb.get(PG:6)
05-01 18:04:06.424  4199  4518 W WellbeingSettingsProvid: 	at oky.get(PG:10)
05-01 18:04:06.424  4199  4518 W WellbeingSettingsProvid: 	at com.google.android.apps.wellbeing.api.impl.WellbeingSettingsProvider.i(PG:9)
05-01 18:04:06.424  4199  4518 W WellbeingSettingsProvid: 	at com.google.android.apps.wellbeing.api.impl.WellbeingSettingsProvider.call(PG:150)
05-01 18:04:06.424  4199  4518 W WellbeingSettingsProvid: 	at android.content.ContentProvider.call(ContentProvider.java:2746)
05-01 18:04:06.424  4199  4518 W WellbeingSettingsProvid: 	at android.content.ContentProvider$Transport.call(ContentProvider.java:640)
05-01 18:04:06.424  4199  4518 W WellbeingSettingsProvid: 	at android.content.ContentProviderNative.onTransact(ContentProviderNative.java:307)
05-01 18:04:06.424  4199  4518 W WellbeingSettingsProvid: 	at android.os.Binder.execTransactInternal(Binder.java:1473)
05-01 18:04:06.424  4199  4518 W WellbeingSettingsProvid: 	at android.os.Binder.execTransact(Binder.java:1418)
05-01 18:04:06.424  4199  4518 W libbinder.Binder: Binder transaction to android.content.IContentProvider code 21 took 7653ms. Data bytes: 472 Reply bytes: 116 Flags: 18
05-01 18:04:06.428  2599 10705 V Configuration: Updating configuration, locales updated from [] to [en_US]
05-01 18:04:06.429  2599 10705 V Configuration: Updating configuration, locales updated from [] to [en_US]
05-01 18:04:06.429  2599 10705 V Configuration: Updating configuration, locales updated from [] to [en_US]
05-01 18:04:06.429  2599 10705 V Configuration: Updating configuration, locales updated from [] to [en_US]
05-01 18:04:06.429  2599 10705 V Configuration: Updating configuration, locales updated from [] to [en_US]
05-01 18:04:06.429  2599 10705 V Configuration: Updating configuration, locales updated from [] to [en_US]
05-01 18:04:06.446  2599 10705 V Configuration: Updating configuration, locales updated from [] to [en_US]
05-01 18:04:06.446  2599 10705 V Configuration: Updating configuration, locales updated from [] to [en_US]
05-01 18:04:06.446  2599 10705 V Configuration: Updating configuration, locales updated from [] to [en_US]
05-01 18:04:06.446  2599 10705 V Configuration: Updating configuration, locales updated from [] to [en_US]
05-01 18:04:06.446  2599 10705 V Configuration: Updating configuration, locales updated from [] to [en_US]
05-01 18:04:06.628  2599  2848 D BackgroundInstallControlService: Package event received: 0
05-01 18:04:06.714  3593 13189 I Icing   : Indexing done com.google.android.gms-apps
05-01 18:04:06.757  3593 12569 I Icing   : Indexing com.google.android.gms-apps from com.google.android.gms
05-01 18:04:06.759  3593 12569 I Icing   : Indexing done com.google.android.gms-apps
05-01 18:04:06.842 13225 13225 W libbinder.BackendUnifiedServiceManager: Thread Pool max thread count is 0. Cannot cache binder as linkToDeath cannot be implemented. serviceName: package
05-01 18:04:07.086  2599  2796 I HalDevMgr: bestIfaceCreationProposal is null, requestIface=STA, existingIface=[name=wlan0 type=STA]
05-01 18:04:07.166  3046  3046 I artd    : GetBestInfo: odex next to the dex file (/data/app/~~9zdI27-KZDEvVC_7GO9BLQ==/com.google.android.gms-zDijJikcKxb1i4ibdVh7KA==/oat/arm64/base.odex) is kOatUpToDate with filter 'speed-profile' executable 'false'
05-01 18:04:07.171  3046  3046 I artd    : GetBestInfo: odex next to the dex file (/data/app/~~9zdI27-KZDEvVC_7GO9BLQ==/com.google.android.gms-zDijJikcKxb1i4ibdVh7KA==/oat/arm64/split_AdsDynamite_installtime.odex) is kOatUpToDate with filter 'speed' executable 'false'
05-01 18:04:07.176  3046  3052 I artd    : GetBestInfo: odex next to the dex file (/data/app/~~9zdI27-KZDEvVC_7GO9BLQ==/com.google.android.gms-zDijJikcKxb1i4ibdVh7KA==/oat/arm64/split_CronetDynamite_installtime.odex) is kOatUpToDate with filter 'speed' executable 'false'
05-01 18:04:07.185  3046  3052 I artd    : GetBestInfo: odex next to the dex file (/data/app/~~9zdI27-KZDEvVC_7GO9BLQ==/com.google.android.gms-zDijJikcKxb1i4ibdVh7KA==/oat/arm64/split_DynamiteLoader_installtime.odex) is kOatUpToDate with filter 'speed' executable 'false'
05-01 18:04:07.206  3046  3052 I artd    : GetBestInfo: odex next to the dex file (/data/app/~~9zdI27-KZDEvVC_7GO9BLQ==/com.google.android.gms-zDijJikcKxb1i4ibdVh7KA==/oat/arm64/split_DynamiteModulesA_installtime.odex) is kOatUpToDate with filter 'speed' executable 'false'
05-01 18:04:07.211  3046  3052 I artd    : GetBestInfo: odex next to the dex file (/data/app/~~9zdI27-KZDEvVC_7GO9BLQ==/com.google.android.gms-zDijJikcKxb1i4ibdVh7KA==/oat/arm64/split_DynamiteModulesC_installtime.odex) is kOatUpToDate with filter 'speed' executable 'false'
05-01 18:04:07.216  3046  3052 I artd    : GetBestInfo: odex next to the dex file (/data/app/~~9zdI27-KZDEvVC_7GO9BLQ==/com.google.android.gms-zDijJikcKxb1i4ibdVh7KA==/oat/arm64/split_GoogleCertificates_installtime.odex) is kOatUpToDate with filter 'speed' executable 'false'
05-01 18:04:07.237  3046  3052 I artd    : GetBestInfo: odex next to the dex file (/data/app/~~9zdI27-KZDEvVC_7GO9BLQ==/com.google.android.gms-zDijJikcKxb1i4ibdVh7KA==/oat/arm64/split_MapsDynamite_installtime.odex) is kOatUpToDate with filter 'speed' executable 'false'
05-01 18:04:07.243  3046  3052 I artd    : GetBestInfo: odex next to the dex file (/data/app/~~9zdI27-KZDEvVC_7GO9BLQ==/com.google.android.gms-zDijJikcKxb1i4ibdVh7KA==/oat/arm64/split_MeasurementDynamite_installtime.odex) is kOatUpToDate with filter 'speed' executable 'false'
05-01 18:04:07.247  3046  3052 I artd    : GetBestInfo: /data/user_de/0/com.google.android.gms/app_chimera/m/00000024/dl-MlkitOcrCommon.optional_261332100400.apk has no usable artifacts
05-01 18:04:07.249  3046  3052 I artd    : GetBestInfo: /data/user_de/0/com.google.android.gms/app_chimera/m/00000001/CronetDynamite.apk has no usable artifacts
05-01 18:04:07.251  3046  3052 I artd    : GetBestInfo: /data/user_de/0/com.google.android.gms/app_chimera/m/00000002/DynamiteLoader.apk has no usable artifacts
05-01 18:04:07.253  3046  3052 W artd    : Could not get dex checksums for location /data/app/~~3fBXho8HaymPEUVbuDbDyw==/com.google.android.gms-lP3FhbDqyEae3o3ITSwEOg==/base.apk, fd=-1
05-01 18:04:07.258  3046  3052 W artd    : Could not get dex checksums for location /data/app/~~3fBXho8HaymPEUVbuDbDyw==/com.google.android.gms-lP3FhbDqyEae3o3ITSwEOg==/base.apk, fd=-1
05-01 18:04:07.260  3046  3052 I artd    : GetBestInfo: /data/user_de/0/com.google.android.gms/app_chimera/m/00000005/GoogleCertificates.apk has no usable artifacts
05-01 18:04:07.262  3046  3052 W artd    : Could not get dex checksums for location /data/app/~~3fBXho8HaymPEUVbuDbDyw==/com.google.android.gms-lP3FhbDqyEae3o3ITSwEOg==/base.apk, fd=-1
05-01 18:04:07.271  3046  3052 I artd    : GetBestInfo: /data/user_de/0/com.google.android.gms/app_chimera/m/0000000c/dl-PlayCloudSearch.optional_253434100000.apk has no usable artifacts
05-01 18:04:07.272  3046  3052 W artd    : Could not get dex checksums for location /data/app/~~3fBXho8HaymPEUVbuDbDyw==/com.google.android.gms-lP3FhbDqyEae3o3ITSwEOg==/base.apk, fd=-1
05-01 18:04:07.274  3046  3052 W artd    : Could not get dex checksums for location /data/app/~~3fBXho8HaymPEUVbuDbDyw==/com.google.android.gms-lP3FhbDqyEae3o3ITSwEOg==/base.apk, fd=-1
05-01 18:04:07.286  3046  3052 W artd    : Could not get dex checksums for location /data/app/~~3fBXho8HaymPEUVbuDbDyw==/com.google.android.gms-lP3FhbDqyEae3o3ITSwEOg==/base.apk, fd=-1
05-01 18:04:07.291  3046  3052 I artd    : GetBestInfo: /data/user_de/0/com.google.android.gms/app_chimera/m/00000009/dl-Appsearch.optional_253434100400.apk has no usable artifacts
05-01 18:04:07.299  3046  3052 I artd    : GetBestInfo: /data/user_de/0/com.google.android.gms/app_chimera/m/0000001f/dl-MlkitBarcodeUi.optional_261332100400.apk has no usable artifacts
05-01 18:04:07.304  3046  3046 I artd    : GetBestInfo: vdex next to the dex file (/data/user/0/com.google.android.gms/app_dg_cache/C979021594972B0BA2D39F27BF33D93C4B1302BC/oat/arm64/the.vdex) is kOatUpToDate with filter 'verify' executable 'false'
05-01 18:04:07.309  3046  3052 W artd    : Could not get dex checksums for location /data/app/~~3fBXho8HaymPEUVbuDbDyw==/com.google.android.gms-lP3FhbDqyEae3o3ITSwEOg==/base.apk, fd=-1
05-01 18:04:07.317  3046  7501 W artd    : Could not get dex checksums for location /data/app/~~3fBXho8HaymPEUVbuDbDyw==/com.google.android.gms-lP3FhbDqyEae3o3ITSwEOg==/base.apk, fd=-1
05-01 18:04:07.323  3046  3052 I artd    : GetBestInfo: /data/user_de/0/com.google.android.gms/app_chimera/m/0000001e/dl-VisionOcr.optional_261332100000.apk has no usable artifacts
05-01 18:04:07.346  3046  3052 I artd    : GetBestInfo: /data/user_de/0/com.google.android.gms/app_chimera/m/00000020/dl-PlayCloudSearch.optional_261332100000.apk has no usable artifacts
05-01 18:04:07.371  3046  3052 I artd    : GetBestInfo: vdex next to the dex file (/data/user/0/com.google.android.gms/app_dg_cache/707FFD883BF2A7896692338F9625CA52336E933B/oat/arm64/the.vdex) is kOatUpToDate with filter 'verify' executable 'false'
05-01 18:04:07.400  3046  7501 I artd    : GetBestInfo: /data/user_de/0/com.google.android.gms/app_chimera/m/00000019/dl-TfliteDynamiteDynamite.integ_252130102100400.apk has no usable artifacts
05-01 18:04:07.402  3046  7501 W artd    : Could not get dex checksums for location /data/app/~~3fBXho8HaymPEUVbuDbDyw==/com.google.android.gms-lP3FhbDqyEae3o3ITSwEOg==/base.apk, fd=-1
05-01 18:04:07.406  3046  7501 W artd    : Could not get dex checksums for location /data/app/~~dKAWhbpuAhXMPrgX8_uNaA==/com.android.vending-VlQnPVZ5qb-G_00QsqpjnQ==/base.apk, fd=-1
05-01 18:04:07.416  3046  3052 I artd    : GetBestInfo: /data/user_de/0/com.google.android.gms/app_chimera/m/00000021/dl-Appsearch.optional_261332100400.apk has no usable artifacts
05-01 18:04:07.425  3046  3052 I artd    : GetBestInfo: /data/user_de/0/com.google.android.gms/app_chimera/m/0000000b/dl-MlkitBarcodeUi.optional_253434100400.apk has no usable artifacts
05-01 18:04:08.101  3054  3142 D SatelliteController: iisInCarrierRoamingNbIotNtn: satellite is disabled
05-01 18:04:08.104  2599  2614 W libbinder.IPCThreadState: Sending oneway calls to frozen process.
05-01 18:04:08.108  3054  3142 D SatelliteController: getCarrierRoamingNtnConnectType: Falling back to global carrier config connect type: 0
05-01 18:04:08.947   253 13146 I keystore2: system/security/keystore2/watchdog/src/lib.rs:371 - Watchdog thread idle -> terminating. Have a great day.
05-01 18:04:09.487  2599  2720 I ActivityManager: Force stopping com.signbridge appid=10238 user=0: from pid 13230
05-01 18:04:09.492  2599  2720 W ProcessStats: Tracking association SourceState{12049f3 com.google.android.apps.nexuslauncher/10191 BTop #62010} whose proc state 2 is better than process ProcessState{c701379 com.google.android.apps.wellbeing/10159 pkg=com.google.android.apps.wellbeing} proc state 14 (23 skipped)
05-01 18:04:09.511  2599  2720 I AppsFilter: interaction: PackageSetting{ac9ed3 com.cleancontacts.app/10225} -> PackageSetting{c161a10 com.signbridge/10238} BLOCKED
05-01 18:04:09.511  2599  2720 I AppsFilter: interaction: PackageSetting{9ba2909 com.ogabassey.contactscleaner.debug/10226} -> PackageSetting{c161a10 com.signbridge/10238} BLOCKED
05-01 18:04:09.512  2599  2720 I AppsFilter: interaction: PackageSetting{2ba670e com.ogabassey.store/10230} -> PackageSetting{c161a10 com.signbridge/10238} BLOCKED
05-01 18:04:09.512  2599  2720 I AppsFilter: interaction: PackageSetting{798552f com.ogabassey.baci/10224} -> PackageSetting{c161a10 com.signbridge/10238} BLOCKED
05-01 18:04:09.537  3054  3054 D CarrierSvcBindHelper: onHandleForceStop: [com.signbridge]
05-01 18:04:09.538  3054  3054 D CarrierSvcBindHelper: No carrier app for: 0
05-01 18:04:09.966  2599  2742 D ActivityManager: freezing 5842 com.google.android.packageinstaller
05-01 18:04:09.974  2599  2802 D InetDiagMessage: Destroyed 0 sockets, proto=IPPROTO_TCP, family=AF_INET, states=14
05-01 18:04:09.975  2599  2802 D InetDiagMessage: Destroyed 0 sockets, proto=IPPROTO_TCP, family=AF_INET6, states=14
05-01 18:04:09.975  2599  2802 D InetDiagMessage: Destroyed live tcp sockets for uids={10113} in 1ms
05-01 18:04:10.095  2599  2796 I HalDevMgr: bestIfaceCreationProposal is null, requestIface=STA, existingIface=[name=wlan0 type=STA]
05-01 18:04:10.562  8138  8406 E PlayCommon: [115] Failed to connect to server for server timestamp: java.net.UnknownHostException: Unable to resolve host "play.googleapis.com": No address associated with hostname
05-01 18:04:10.563  8138  8334 I PlayCommon: [81] Connecting to server for timestamp: https://play.googleapis.com/play/log/timestamp
05-01 18:04:10.563  8138  8334 E PlayCommon: [81] Failed to connect to server for server timestamp: java.net.UnknownHostException: Unable to resolve host "play.googleapis.com": No address associated with hostname
05-01 18:04:10.564  8138  8406 W PlayCommon: [115] No account for auth token provided
05-01 18:04:10.565  8138  8406 I PlayCommon: [115] Connecting to server: https://play.googleapis.com/play/log?format=raw&proto_v2=true
05-01 18:04:10.565  8138  8406 E PlayCommon: [115] Failed to connect to server for log upload.
05-01 18:04:10.567  2599  2848 D BackgroundInstallControlService: Package event received: 0
05-01 18:04:10.625  4139  4162 W Auth    : [TokenResponseCallback] TokenResponse failed with exception [CONTEXT service_id=343 ]
05-01 18:04:10.625  4139  4162 W Auth    : cycd: Failed to process request
05-01 18:04:10.625  4139  4162 W Auth    : 	at cyck.a(:com.google.android.gms@261332035@26.13.32 (260400-895912391):23)
05-01 18:04:10.625  4139  4162 W Auth    : 	at cygh.b(:com.google.android.gms@261332035@26.13.32 (260400-895912391):15)
05-01 18:04:10.625  4139  4162 W Auth    : 	at cyfg.a(:com.google.android.gms@261332035@26.13.32 (260400-895912391):82)
05-01 18:04:10.625  4139  4162 W Auth    : 	at lcm.a(:com.google.android.gms@261332035@26.13.32 (260400-895912391):19)
05-01 18:04:10.625  4139  4162 W Auth    : 	at cyfn.a(:com.google.android.gms@261332035@26.13.32 (260400-895912391):6)
05-01 18:04:10.625  4139  4162 W Auth    : 	at cakc.a(:com.google.android.gms@261332035@26.13.32 (260400-895912391):9)
05-01 18:04:10.625  4139  4162 W Auth    : 	at agrr.b(:com.google.android.gms@261332035@26.13.32 (260400-895912391):13)
05-01 18:04:10.625  4139  4162 W Auth    : 	at agrr.a(:com.google.android.gms@261332035@26.13.32 (260400-895912391):130)
05-01 18:04:10.625  4139  4162 W Auth    : 	at aoyt.b(:com.google.android.gms@261332035@26.13.32 (260400-895912391):28)
05-01 18:04:10.625  4139  4162 W Auth    : 	at ahnf.d(:com.google.android.gms@261332035@26.13.32 (260400-895912391):170)
05-01 18:04:10.625  4139  4162 W Auth    : 	at ahnf.b(:com.google.android.gms@261332035@26.13.32 (260400-895912391):48)
05-01 18:04:10.625  4139  4162 W Auth    : 	at ahnd.a(:com.google.android.gms@261332035@26.13.32 (260400-895912391):738)
05-01 18:04:10.625  4139  4162 W Auth    : 	at ahnc.b(:com.google.android.gms@261332035@26.13.32 (260400-895912391):153)
05-01 18:04:10.625  4139  4162 W Auth    : 	at aapu.d(:com.google.android.gms@261332035@26.13.32 (260400-895912391):107)
05-01 18:04:10.625  4139  4162 W Auth    : 	at ahgp.getAuthToken(:com.google.android.gms@261332035@26.13.32 (260400-895912391):411)
05-01 18:04:10.625  4139  4162 W Auth    : 	at android.accounts.AbstractAccountAuthenticator$Transport.getAuthToken(AbstractAccountAuthenticator.java:248)
05-01 18:04:10.625  4139  4162 W Auth    : 	at android.accounts.IAccountAuthenticator$Stub.onTransact(IAccountAuthenticator.java:254)
05-01 18:04:10.625  4139  4162 W Auth    : 	at android.os.Binder.transact(Binder.java:1325)
05-01 18:04:10.625  4139  4162 W Auth    : 	at cnuy.onTransact(:com.google.android.gms@261332035@26.13.32 (260400-895912391):10)
05-01 18:04:10.625  4139  4162 W Auth    : 	at android.os.Binder.transact(Binder.java:1325)
05-01 18:04:10.625  4139  4162 W Auth    : 	at canx.onTransact(:com.google.android.gms@261332035@26.13.32 (260400-895912391):161)
05-01 18:04:10.625  4139  4162 W Auth    : 	at android.os.Binder.execTransactInternal(Binder.java:1478)
05-01 18:04:10.625  4139  4162 W Auth    : 	at android.os.Binder.execTransact(Binder.java:1418)
05-01 18:04:10.625  4139  4162 W Auth    : Caused by: cyfj: Connectivity error
05-01 18:04:10.625  4139  4162 W Auth    : 	at cyfg.a(:com.google.android.gms@261332035@26.13.32 (260400-895912391):76)
05-01 18:04:10.625  4139  4162 W Auth    : 	... 20 more
05-01 18:04:10.625  4139  4162 W Auth    : Caused by: java.io.IOException
05-01 18:04:10.625  4139  4162 W Auth    : 	at cyfg.a(:com.google.android.gms@261332035@26.13.32 (260400-895912391):73)
05-01 18:04:10.625  4139  4162 W Auth    : 	... 20 more
05-01 18:04:10.632  4139  4162 E AuthPII : [RequestTokenManager] getToken() -> NETWORK_ERROR. App: com.android.vending, Service: oauth2:https://www.googleapis.com/auth/googleplay
05-01 18:04:10.632  4139  4162 E AuthPII : bifm: Error when calling server using GmsNetworkStack.
05-01 18:04:10.632  4139  4162 E AuthPII : 	at ahnf.b(:com.google.android.gms@261332035@26.13.32 (260400-895912391):1606)
05-01 18:04:10.632  4139  4162 E AuthPII : 	at ahnd.a(:com.google.android.gms@261332035@26.13.32 (260400-895912391):738)
05-01 18:04:10.632  4139  4162 E AuthPII : 	at ahnc.b(:com.google.android.gms@261332035@26.13.32 (260400-895912391):153)
05-01 18:04:10.632  4139  4162 E AuthPII : 	at aapu.d(:com.google.android.gms@261332035@26.13.32 (260400-895912391):107)
05-01 18:04:10.632  4139  4162 E AuthPII : 	at ahgp.getAuthToken(:com.google.android.gms@261332035@26.13.32 (260400-895912391):411)
05-01 18:04:10.632  4139  4162 E AuthPII : 	at android.accounts.AbstractAccountAuthenticator$Transport.getAuthToken(AbstractAccountAuthenticator.java:248)
05-01 18:04:10.632  4139  4162 E AuthPII : 	at android.accounts.IAccountAuthenticator$Stub.onTransact(IAccountAuthenticator.java:254)
05-01 18:04:10.632  4139  4162 E AuthPII : 	at android.os.Binder.transact(Binder.java:1325)
05-01 18:04:10.632  4139  4162 E AuthPII : 	at cnuy.onTransact(:com.google.android.gms@261332035@26.13.32 (260400-895912391):10)
05-01 18:04:10.632  4139  4162 E AuthPII : 	at android.os.Binder.transact(Binder.java:1325)
05-01 18:04:10.632  4139  4162 E AuthPII : 	at canx.onTransact(:com.google.android.gms@261332035@26.13.32 (260400-895912391):161)
05-01 18:04:10.632  4139  4162 E AuthPII : 	at android.os.Binder.execTransactInternal(Binder.java:1478)
05-01 18:04:10.632  4139  4162 E AuthPII : 	at android.os.Binder.execTransact(Binder.java:1418)
05-01 18:04:10.632  4139  4162 E AuthPII : Caused by: bifm: Error requesting token.
05-01 18:04:10.632  4139  4162 E AuthPII : 	at ahnf.d(:com.google.android.gms@261332035@26.13.32 (260400-895912391):212)
05-01 18:04:10.632  4139  4162 E AuthPII : 	at ahnf.b(:com.google.android.gms@261332035@26.13.32 (260400-895912391):48)
05-01 18:04:10.632  4139  4162 E AuthPII : 	... 12 more
05-01 18:04:10.632  4139  4162 E AuthPII : Caused by: java.util.concurrent.ExecutionException: cycd: Failed to process request
05-01 18:04:10.632  4139  4162 E AuthPII : 	at hipf.j(:com.google.android.gms@261332035@26.13.32 (260400-895912391):21)
05-01 18:04:10.632  4139  4162 E AuthPII : 	at hipo.v(:com.google.android.gms@261332035@26.13.32 (260400-895912391):107)
05-01 18:04:10.632  4139  4162 E AuthPII : 	at ahnf.d(:com.google.android.gms@261332035@26.13.32 (260400-895912391):197)
05-01 18:04:10.632  4139  4162 E AuthPII : 	... 13 more
05-01 18:04:10.632  4139  4162 E AuthPII : Caused by: cycd: Failed to process request
05-01 18:04:10.632  4139  4162 E AuthPII : 	at cyck.a(:com.google.android.gms@261332035@26.13.32 (260400-895912391):23)
05-01 18:04:10.632  4139  4162 E AuthPII : 	at cygh.b(:com.google.android.gms@261332035@26.13.32 (260400-895912391):15)
05-01 18:04:10.632  4139  4162 E AuthPII : 	at cyfg.a(:com.google.android.gms@261332035@26.13.32 (260400-895912391):82)
05-01 18:04:10.632  4139  4162 E AuthPII : 	at lcm.a(:com.google.android.gms@261332035@26.13.32 (260400-895912391):19)
05-01 18:04:10.632  4139  4162 E AuthPII : 	at cyfn.a(:com.google.android.gms@261332035@26.13.32 (260400-895912391):6)
05-01 18:04:10.632  4139  4162 E AuthPII : 	at cakc.a(:com.google.android.gms@261332035@26.13.32 (260400-895912391):9)
05-01 18:04:10.632  4139  4162 E AuthPII : 	at agrr.b(:com.google.android.gms@261332035@26.13.32 (260400-895912391):13)
05-01 18:04:10.632  4139  4162 E AuthPII : 	at agrr.a(:com.google.android.gms@261332035@26.13.32 (260400-895912391):130)
05-01 18:04:10.632  4139  4162 E AuthPII : 	at aoyt.b(:com.google.android.gms@261332035@26.13.32 (260400-895912391):28)
05-01 18:04:10.632  4139  4162 E AuthPII : 	at ahnf.d(:com.google.android.gms@261332035@26.13.32 (260400-895912391):170)
05-01 18:04:10.632  4139  4162 E AuthPII : 	... 13 more
05-01 18:04:10.632  4139  4162 E AuthPII : Caused by: cyfj: Connectivity error
05-01 18:04:10.632  4139  4162 E AuthPII : 	at cyfg.a(:com.google.android.gms@261332035@26.13.32 (260400-895912391):76)
05-01 18:04:10.632  4139  4162 E AuthPII : 	... 20 more
05-01 18:04:10.632  4139  4162 E AuthPII : Caused by: java.io.IOException
05-01 18:04:10.632  4139  4162 E AuthPII : 	at cyfg.a(:com.google.android.gms@261332035@26.13.32 (260400-895912391):73)
05-01 18:04:10.632  4139  4162 E AuthPII : 	... 20 more
05-01 18:04:10.633  4139  4162 E AuthPII : Message is Error when calling server using GmsNetworkStack.
05-01 18:04:10.633  4139  4162 E AuthPII : bifm: Error when calling server using GmsNetworkStack.
05-01 18:04:10.633  4139  4162 E AuthPII : 	at ahnf.b(:com.google.android.gms@261332035@26.13.32 (260400-895912391):1606)
05-01 18:04:10.633  4139  4162 E AuthPII : 	at ahnd.a(:com.google.android.gms@261332035@26.13.32 (260400-895912391):738)
05-01 18:04:10.633  4139  4162 E AuthPII : 	at ahnc.b(:com.google.android.gms@261332035@26.13.32 (260400-895912391):153)
05-01 18:04:10.633  4139  4162 E AuthPII : 	at aapu.d(:com.google.android.gms@261332035@26.13.32 (260400-895912391):107)
05-01 18:04:10.633  4139  4162 E AuthPII : 	at ahgp.getAuthToken(:com.google.android.gms@261332035@26.13.32 (260400-895912391):411)
05-01 18:04:10.633  4139  4162 E AuthPII : 	at android.accounts.AbstractAccountAuthenticator$Transport.getAuthToken(AbstractAccountAuthenticator.java:248)
05-01 18:04:10.633  4139  4162 E AuthPII : 	at android.accounts.IAccountAuthenticator$Stub.onTransact(IAccountAuthenticator.java:254)
05-01 18:04:10.633  4139  4162 E AuthPII : 	at android.os.Binder.transact(Binder.java:1325)
05-01 18:04:10.633  4139  4162 E AuthPII : 	at cnuy.onTransact(:com.google.android.gms@261332035@26.13.32 (260400-895912391):10)
05-01 18:04:10.633  4139  4162 E AuthPII : 	at android.os.Binder.transact(Binder.java:1325)
05-01 18:04:10.633  4139  4162 E AuthPII : 	at canx.onTransact(:com.google.android.gms@261332035@26.13.32 (260400-895912391):161)
05-01 18:04:10.633  4139  4162 E AuthPII : 	at android.os.Binder.execTransactInternal(Binder.java:1478)
05-01 18:04:10.633  4139  4162 E AuthPII : 	at android.os.Binder.execTransact(Binder.java:1418)
05-01 18:04:10.633  4139  4162 E AuthPII : Caused by: bifm: Error requesting token.
05-01 18:04:10.633  4139  4162 E AuthPII : 	at ahnf.d(:com.google.android.gms@261332035@26.13.32 (260400-895912391):212)
05-01 18:04:10.633  4139  4162 E AuthPII : 	at ahnf.b(:com.google.android.gms@261332035@26.13.32 (260400-895912391):48)
05-01 18:04:10.633  4139  4162 E AuthPII : 	... 12 more
05-01 18:04:10.633  4139  4162 E AuthPII : Caused by: java.util.concurrent.ExecutionException: cycd: Failed to process request
05-01 18:04:10.633  4139  4162 E AuthPII : 	at hipf.j(:com.google.android.gms@261332035@26.13.32 (260400-895912391):21)
05-01 18:04:10.633  4139  4162 E AuthPII : 	at hipo.v(:com.google.android.gms@261332035@26.13.32 (260400-895912391):107)
05-01 18:04:10.633  4139  4162 E AuthPII : 	at ahnf.d(:com.google.android.gms@261332035@26.13.32 (260400-895912391):197)
05-01 18:04:10.633  4139  4162 E AuthPII : 	... 13 more
05-01 18:04:10.633  4139  4162 E AuthPII : Caused by: cycd: Failed to process request
05-01 18:04:10.633  4139  4162 E AuthPII : 	at cyck.a(:com.google.android.gms@261332035@26.13.32 (260400-895912391):23)
05-01 18:04:10.633  4139  4162 E AuthPII : 	at cygh.b(:com.google.android.gms@261332035@26.13.32 (260400-895912391):15)
05-01 18:04:10.633  4139  4162 E AuthPII : 	at cyfg.a(:com.google.android.gms@261332035@26.13.32 (260400-895912391):82)
05-01 18:04:10.633  4139  4162 E AuthPII : 	at lcm.a(:com.google.android.gms@261332035@26.13.32 (260400-895912391):19)
05-01 18:04:10.633  4139  4162 E AuthPII : 	at cyfn.a(:com.google.android.gms@261332035@26.13.32 (260400-895912391):6)
05-01 18:04:10.633  4139  4162 E AuthPII : 	at cakc.a(:com.google.android.gms@261332035@26.13.32 (260400-895912391):9)
05-01 18:04:10.633  4139  4162 E AuthPII : 	at agrr.b(:com.google.android.gms@261332035@26.13.32 (260400-895912391):13)
05-01 18:04:10.633  4139  4162 E AuthPII : 	at agrr.a(:com.google.android.gms@261332035@26.13.32 (260400-895912391):130)
05-01 18:04:10.633  4139  4162 E AuthPII : 	at aoyt.b(:com.google.android.gms@261332035@26.13.32 (260400-895912391):28)
05-01 18:04:10.633  4139  4162 E AuthPII : 	at ahnf.d(:com.google.android.gms@261332035@26.13.32 (260400-895912391):170)
05-01 18:04:10.633  4139  4162 E AuthPII : 	... 13 more
05-01 18:04:10.633  4139  4162 E AuthPII : Caused by: cyfj: Connectivity error
05-01 18:04:10.633  4139  4162 E AuthPII : 	at cyfg.a(:com.google.android.gms@261332035@26.13.32 (260400-895912391):76)
05-01 18:04:10.633  4139  4162 E AuthPII : 	... 20 more
05-01 18:04:10.633  4139  4162 E AuthPII : Caused by: java.io.IOException
05-01 18:04:10.633  4139  4162 E AuthPII : 	at cyfg.a(:com.google.android.gms@261332035@26.13.32 (260400-895912391):73)
05-01 18:04:10.633  4139  4162 E AuthPII : 	... 20 more
05-01 18:04:10.633  4139  4162 I Auth    : (REDACTED) [GetToken] GetToken failed for app=%s with non recoverable status code: %s 
05-01 18:04:10.634  4139  4162 W Auth    : [ChimeraGetToken] exception while trying to fetch auth tokens for app=com.google.android.gms, scope=oauth2:https://www.googleapis.com/auth/googleplay [CONTEXT service_id=153 ]
05-01 18:04:10.634  4139  4162 W Auth    : ahmx: GetToken failed with status code: NetworkError
05-01 18:04:10.634  4139  4162 W Auth    : 	at ahnc.b(:com.google.android.gms@261332035@26.13.32 (260400-895912391):356)
05-01 18:04:10.634  4139  4162 W Auth    : 	at aapu.d(:com.google.android.gms@261332035@26.13.32 (260400-895912391):107)
05-01 18:04:10.634  4139  4162 W Auth    : 	at ahgp.getAuthToken(:com.google.android.gms@261332035@26.13.32 (260400-895912391):411)
05-01 18:04:10.634  4139  4162 W Auth    : 	at android.accounts.AbstractAccountAuthenticator$Transport.getAuthToken(AbstractAccountAuthenticator.java:248)
05-01 18:04:10.634  4139  4162 W Auth    : 	at android.accounts.IAccountAuthenticator$Stub.onTransact(IAccountAuthenticator.java:254)
05-01 18:04:10.634  4139  4162 W Auth    : 	at android.os.Binder.transact(Binder.java:1325)
05-01 18:04:10.634  4139  4162 W Auth    : 	at cnuy.onTransact(:com.google.android.gms@261332035@26.13.32 (260400-895912391):10)
05-01 18:04:10.634  4139  4162 W Auth    : 	at android.os.Binder.transact(Binder.java:1325)
05-01 18:04:10.634  4139  4162 W Auth    : 	at canx.onTransact(:com.google.android.gms@261332035@26.13.32 (260400-895912391):161)
05-01 18:04:10.634  4139  4162 W Auth    : 	at android.os.Binder.execTransactInternal(Binder.java:1478)
05-01 18:04:10.634  4139  4162 W Auth    : 	at android.os.Binder.execTransact(Binder.java:1418)
05-01 18:04:10.638  4139  4162 W GLSActivity: [GmsAccountAuthenticatorImpl] error status while fetching token:NetworkError
05-01 18:04:10.648  8138  8334 E PlayCommon: [81] Failed to get auth token: java.io.IOException: NetworkError
05-01 18:04:10.649  8138  8334 W PlayCommon: [81] Deferring log upload because couldn't retrieve auth token
05-01 18:04:11.429  3066  4180 I WellbeingModel: Retrying; attempt 1
05-01 18:04:11.429  3066  4180 I WellbeingModel: updateActionsWithRetry(); retryCount: 1, package: com.signbridge
05-01 18:04:11.429  3066  4180 D WellbeingModel: retrieveActions() called with: packageNames = [com.signbridge]
05-01 18:04:12.243  3066  4180 D WellbeingModel: ....actionId: pause, packages: com.signbridge
05-01 18:04:12.243  3066  4180 I WellbeingModel: retrieveActions(): finished
05-01 18:04:12.626  2970  2970 W DnsResolver: resNetworkResult:android.system.ErrnoException: resNetworkResult failed: ETIMEDOUT (Connection timed out)
05-01 18:04:12.634  2970  2970 W DnsResolver: resNetworkResult:android.system.ErrnoException: resNetworkResult failed: ETIMEDOUT (Connection timed out)
05-01 18:04:12.634  2970 13178 D NetworkMonitor/101: PROBE_DNS www.google.com 10172ms FAIL in type ADDRCONFIG android.net.DnsResolver$DnsException: android.system.ErrnoException: resNetworkResult failed: ETIMEDOUT (Connection timed out)
05-01 18:04:12.782  2970  2970 W DnsResolver: resNetworkResult:android.system.ErrnoException: resNetworkResult failed: ETIMEDOUT (Connection timed out)
05-01 18:04:12.798  2970  2970 W DnsResolver: resNetworkResult:android.system.ErrnoException: resNetworkResult failed: ETIMEDOUT (Connection timed out)
05-01 18:04:12.804  2970 13179 D NetworkMonitor/101: PROBE_DNS connectivitycheck.gstatic.com 10393ms FAIL in type ADDRCONFIG android.net.DnsResolver$DnsException: android.system.ErrnoException: resNetworkResult failed: ETIMEDOUT (Connection timed out)
05-01 18:04:13.117  2599  2796 I HalDevMgr: bestIfaceCreationProposal is null, requestIface=STA, existingIface=[name=wlan0 type=STA]
05-01 18:04:13.694  2599  3228 W ActivityTaskManager: callingPackage for (uid=2000, pid=13245) has no WPC
05-01 18:04:13.698  2599  3228 V WindowManager: DesktopModeLaunchParamsModifier: phase= 0 task=null activity=null display-area-from-current-params=null display-area-from-default-fallback=DefaultTaskDisplayArea@257994866 display-id=0 task-display-area-windowing-mode=1 suggested-display-area=DefaultTaskDisplayArea@257994866 task null, skipping
05-01 18:04:13.698  2599  3228 V WindowManager: TaskLaunchParamsModifier:phase=0 task=null activity=null display-area-from-current-params=null display-area-from-default-fallback=DefaultTaskDisplayArea@257994866 display-id=0 task-display-area-windowing-mode=1 suggested-display-area=DefaultTaskDisplayArea@257994866
05-01 18:04:13.702  2599  3228 V GrammaticalInflectionUtils: AttributionSource: android.content.AttributionSource@33257688 does not have READ_SYSTEM_GRAMMATICAL_GENDER permission.
05-01 18:04:13.706  2599  3228 V WindowManager: DesktopModeLaunchParamsModifier: phase= 0 task=null activity=ActivityRecord{25460271 u0 com.signbridge/.MainActivity display-area-from-current-params=null display-area-from-default-fallback=DefaultTaskDisplayArea@257994866 display-id=0 task-display-area-windowing-mode=1 suggested-display-area=DefaultTaskDisplayArea@257994866 task null, skipping
05-01 18:04:13.706  2599  3228 V WindowManager: TaskLaunchParamsModifier:phase=0 task=null activity=ActivityRecord{25460271 u0 com.signbridge/.MainActivity t-1} display-area-from-current-params=null display-area-from-default-fallback=DefaultTaskDisplayArea@257994866 display-id=0 task-display-area-windowing-mode=1 suggested-display-area=DefaultTaskDisplayArea@257994866
05-01 18:04:13.706  2599  3228 V WindowManager: DesktopModeLaunchParamsModifier: phase= 3 task=null activity=ActivityRecord{25460271 u0 com.signbridge/.MainActivity t-1} display-area-from-current-params=null display-area-from-default-fallback=DefaultTaskDisplayArea@257994866 display-id=0 task-display-area-windowing-mode=1 suggested-display-area=DefaultTaskDisplayArea@257994866 task null, skipping
05-01 18:04:13.707  2599  3228 V WindowManager: TaskLaunchParamsModifier:phase=3 task=null activity=ActivityRecord{25460271 u0 com.signbridge/.MainActivity t-1} display-area-from-current-params=null display-area-from-default-fallback=DefaultTaskDisplayArea@257994866 display-id=0 task-display-area-windowing-mode=1 suggested-display-area=DefaultTaskDisplayArea@257994866 non-freeform-task-display-area display-area=DefaultTaskDisplayArea@257994866 skip-bounds-fullscreen
05-01 18:04:13.723  2599  3228 V WindowManager: DesktopModeLaunchParamsModifier: phase= 3 task=Task{b363c3c #69 type=standard A=10238:com.signbridge} activity=ActivityRecord{25460271 u0 com.signbridge/.MainActivity t-1} display-from-task=0 display-id=0 task-display-area-windowing-mode=1 suggested-display-area=DefaultTaskDisplayArea@257994866 not entering desktop mode, skipping
05-01 18:04:13.723  2599  3228 V WindowManager: TaskLaunchParamsModifier:phase=3 task=Task{b363c3c #69 type=standard A=10238:com.signbridge} activity=ActivityRecord{25460271 u0 com.signbridge/.MainActivity t-1} display-from-task=0 display-id=0 task-display-area-windowing-mode=1 suggested-display-area=DefaultTaskDisplayArea@257994866 inherit-from-task=fullscreen non-freeform-task-display-area display-area=DefaultTaskDisplayArea@257994866 skip-bounds-fullscreen
05-01 18:04:13.738  2599  3228 I ActivityTaskManager: START u0 {flg=0x10000000 xflg=0x5 cmp=com.signbridge/.MainActivity} with LAUNCH_MULTIPLE from uid 2000 (com.android.shell) (BAL_ALLOW_PERMISSION) result code=0
05-01 18:04:13.806  2599  2621 V GrammaticalInflectionUtils: AttributionSource: android.content.AttributionSource@33257688 does not have READ_SYSTEM_GRAMMATICAL_GENDER permission.
05-01 18:04:13.848  2599  3228 D CompatChangeReporter: Compat change id reported: 377864165; UID 10238; state: ENABLED
05-01 18:04:13.867  2599  2621 W ActivityManager: Slow operation: 91ms so far, now at startProcess: done starting proc!
05-01 18:04:13.868  3066  3066 D BaseActivity: Launcher flags updated: [state_started|state_resumed|state_deferred_resumed|state_window_focused] -[state_user_active]
05-01 18:04:13.871  2599  2684 W ActivityManager: Slow operation: 65ms so far, now at startProcess: asking zygote to start proc
05-01 18:04:13.901  3066  3066 D BaseActivity: Launcher flags updated: [state_started|state_window_focused] -[state_resumed|state_deferred_resumed]
05-01 18:04:13.905  3066  3066 W SplitSelectStateCtor: Missing session instanceIds
05-01 18:04:13.905  3066  3066 D StatsLog: LAUNCHER_SPLIT_SELECTION_EXIT_INTERRUPTED
05-01 18:04:13.922  2599  2614 I AppsFilter: interaction: PackageSetting{ac9ed3 com.cleancontacts.app/10225} -> PackageSetting{7028cb1 com.signbridge/10238} BLOCKED
05-01 18:04:13.922  2599  2614 I AppsFilter: interaction: PackageSetting{9ba2909 com.ogabassey.contactscleaner.debug/10226} -> PackageSetting{7028cb1 com.signbridge/10238} BLOCKED
05-01 18:04:13.923  2599  2614 I AppsFilter: interaction: PackageSetting{2ba670e com.ogabassey.store/10230} -> PackageSetting{7028cb1 com.signbridge/10238} BLOCKED
05-01 18:04:13.923  2599  2614 I AppsFilter: interaction: PackageSetting{798552f com.ogabassey.baci/10224} -> PackageSetting{7028cb1 com.signbridge/10238} BLOCKED
05-01 18:04:13.937  2599  2614 V WindowManager: Defer transition id=49 for TaskFragmentTransaction=android.os.Binder@fc8570
05-01 18:04:13.942  2599  2614 V WindowManager: deferTransitionReady deferReadyDepth=1 stack=com.android.server.wm.TransitionController.deferTransitionReady:1061 com.android.server.wm.TaskFragmentOrganizerController$TaskFragmentOrganizerState.dispatchTransaction:517 com.android.server.wm.TaskFragmentOrganizerController.dispatchPendingEvents:1259 com.android.server.wm.TaskFragmentOrganizerController.dispatchPendingEvents:1228 com.android.server.wm.RootWindowContainer.performSurfacePlacement:777 
05-01 18:04:13.943  3066  3066 D RecentsView: onTaskDisplayChanged: 69, new displayId = 0
05-01 18:04:13.946  3066  3066 D b/417220811: invalidateLoadedTasks - previous requestLoadId: -1
05-01 18:04:13.956   561   702 I libbinder.BpBinder: onLastStrongRef automatically unlinking death recipients for descriptor: '(not cached)'
05-01 18:04:13.962  2599  2848 D BackgroundInstallControlService: Package event received: 0
05-01 18:04:13.966  2896  2967 D WindowManagerShell: setLauncherKeepClearAreaHeight: visible=false, height=495
05-01 18:04:13.966  2599  2614 V WindowManager: Continue transition id=49 for TaskFragmentTransaction=android.os.Binder@fc8570
05-01 18:04:13.968  2599  2614 V WindowManager: continueTransitionReady deferReadyDepth=0 stack=com.android.server.wm.TransitionController.continueTransitionReady:1071 com.android.server.wm.TaskFragmentOrganizerController$TaskFragmentOrganizerState.onTransactionFinished:546 com.android.server.wm.TaskFragmentOrganizerController.onTransactionHandled:740 android.window.ITaskFragmentOrganizerController$Stub.onTransact:225 android.os.Binder.execTransactInternal:1473 
05-01 18:04:14.057  2896  2967 V WindowManagerShell: Transition requested (#49): android.os.BinderProxy@9679ed9 TransitionRequestInfo { type = OPEN, triggerTask = TaskInfo{userId=0 taskId=69 effectiveUid=10238 displayId=0 isRunning=true baseIntent=Intent { flg=0x10000000 cmp=com.signbridge/.MainActivity } baseActivity=ComponentInfo{com.signbridge/com.signbridge.MainActivity} topActivity=ComponentInfo{com.signbridge/com.signbridge.MainActivity} origActivity=null realActivity=ComponentInfo{com.signbridge/com.signbridge.MainActivity} numActivities=1 lastActiveTime=5436234 supportsMultiWindow=true resizeMode=1 isResizeable=true minWidth=-1 minHeight=-1 defaultMinSize=220 token=WCT{android.os.BinderProxy@85af09e} topActivityType=1 pictureInPictureParams=null shouldDockBigOverlays=false launchIntoPipHostTaskId=-1 lastParentTaskIdBeforePip=-1 displayCutoutSafeInsets=Rect(0, 0 - 0, 0) topActivityInfo=ActivityInfo{c3cc77f com.signbridge.MainActivity} launchCookies=[] positionInParent=Point(0, 0) parentTaskId=-1 isFocused=false isVisible=false isVisibleRequested=false isTopActivityNoDisplay=false isSleeping=false locusId=null displayAreaFeatureId=1 isTopActivityTransparent=false isActivityStackTransparent=false lastNonFullscreenBounds=null capturedLink=null capturedLinkTimestamp=0 requestedVisibleTypes=503 topActivityRequestOpenInBrowserEducationTimestamp=0 appCompatTaskInfo=AppCompatTaskInfo { topActivityInSizeCompat=false isLeafTask= true eligibleForLetterboxEducation= false isLetterboxEducationEnabled= true isLetterboxDoubleTapEnabled= false eligibleForUserAspectRatioButton= false topActivityBoundsLetterboxed= false isFromLetterboxDoubleTap= false topActivityLetterboxVerticalPosition= -1 topActivityLetterboxHorizontalPosition= -1 topActivityLetterboxWidth=-1 topActivityLetterboxHeight=-1 topActivityAppBounds=Rect(0, 0 - 1080, 2400) isUserFullscreenOverrideEnabled=false isSystemFullscreenOverrideEnabled=false hasMinAspectRatioOverride=false topActivityLetterboxBounds=null cameraCompatTaskInfo=CameraCompatTaskInfo { cameraCompatMode=undefinedundefined} topNonResizableActivityAspectRatio=-1.0} topActivityMainWindowFrame=null isAppBubble=false}, pipChange = null, remoteTransition = null, displayChange = null, requestedLocation = null, userChange = null, windowingLayerChange = null, flags = 0, debugId = 49 }
05-01 18:04:14.346  3066  3066 D BaseActivity: Launcher flags updated: [state_started] -[state_window_focused]
05-01 18:04:14.582  2599  2619 W Looper  : Slow dispatch took 354ms android.ui app=system_server main=false group=TOP_APP h=com.android.server.am.ActivityManagerService$UiHandler c=com.android.server.am.UidObserverController$$ExternalSyntheticLambda0@57d0042 m=0
05-01 18:04:14.673  2528  2528 W libbinder.IPCThreadState: Sending oneway calls to frozen process.
05-01 18:04:14.686  2896  2967 D ShellSplitScreen: logExit: no-op, mLoggerSessionId is null
05-01 18:04:14.701  2896  2967 V ShellDesktopMode: DesktopTasksController: handleRequest request=TransitionRequestInfo { type = OPEN, triggerTask = TaskInfo{userId=0 taskId=69 effectiveUid=10238 displayId=0 isRunning=true baseIntent=Intent { flg=0x10000000 cmp=com.signbridge/.MainActivity } baseActivity=ComponentInfo{com.signbridge/com.signbridge.MainActivity} topActivity=ComponentInfo{com.signbridge/com.signbridge.MainActivity} origActivity=null realActivity=ComponentInfo{com.signbridge/com.signbridge.MainActivity} numActivities=1 lastActiveTime=5436234 supportsMultiWindow=true resizeMode=1 isResizeable=true minWidth=-1 minHeight=-1 defaultMinSize=220 token=WCT{android.os.BinderProxy@85af09e} topActivityType=1 pictureInPictureParams=null shouldDockBigOverlays=false launchIntoPipHostTaskId=-1 lastParentTaskIdBeforePip=-1 displayCutoutSafeInsets=Rect(0, 0 - 0, 0) topActivityInfo=ActivityInfo{c3cc77f com.signbridge.MainActivity} launchCookies=[] positionInParent=Point(0, 0) parentTaskId=-1 isFocused=false isVisible=false isVisibleRequested=false isTopActivityNoDisplay=false isSleeping=false locusId=null displayAreaFeatureId=1 isTopActivityTransparent=false isActivityStackTransparent=false lastNonFullscreenBounds=null capturedLink=null capturedLinkTimestamp=0 requestedVisibleTypes=503 topActivityRequestOpenInBrowserEducationTimestamp=0 appCompatTaskInfo=AppCompatTaskInfo { topActivityInSizeCompat=false isLeafTask= true eligibleForLetterboxEducation= false isLetterboxEducationEnabled= true isLetterboxDoubleTapEnabled= false eligibleForUserAspectRatioButton= false topActivityBoundsLetterboxed= false isFromLetterboxDoubleTap= false topActivityLetterboxVerticalPosition= -1 topActivityLetterboxHorizontalPosition= -1 topActivityLetterboxWidth=-1 topActivityLetterboxHeight=-1 topActivityAppBounds=Rect(0, 0 - 1080, 2400) isUserFullscreenOverrideEnabled=false isSystemFullscreenOverrideEnabled=false hasMinAspectRatioOverride=false topActivityLetterboxBounds=null cameraCompatTaskInfo=CameraCompatTaskInfo { cameraCompatMode=undefinedundefined} topNonResizableActivityAspectRatio=-1.0} topActivityMainWindowFrame=null isAppBubble=false}, pipChange = null, remoteTransition = null, displayChange = null, requestedLocation = null, userChange = null, windowingLayerChange = null, flags = 0, debugId = 49 }
05-01 18:04:14.701  2896  2967 V ShellDesktopMode: DesktopTasksController: skipping handleRequest reason=triggerTask's display doesn't support desktop mode
05-01 18:04:15.081  3066  3066 D b/417220811: invalidateLoadedTasks - previous requestLoadId: -1
05-01 18:04:15.360  2599  7317 I GFXSTREAM: [eglDisplay.cpp(297)] Opening libGLESv1_CM_emulation.so
05-01 18:04:15.375  2896  9217 I HWUI    : Davey! duration=1364ms; Flags=1, FrameTimelineVsyncId=107141, IntendedVsync=5436488199951, Vsync=5436838199937, InputEventId=0, HandleInputStart=5436847225257, AnimationStart=5436847225924, PerformTraversalsStart=5436847284632, DrawStart=5437803139133, FrameDeadline=5436504866617, FrameStartTime=5436847066216, FrameInterval=16666666, WorkloadTarget=16666666, SyncQueued=5437803372383, SyncStart=5437804296091, IssueDrawCommandsStart=5437824468758, SwapBuffers=5437844331716, FrameCompleted=5437853325716, DequeueBufferDuration=6458, QueueBufferDuration=1849000, GpuCompleted=5437853251841, SwapBuffersCompleted=5437853325716, DisplayPresentTime=0, CommandSubmissionCompleted=5437844331716, 
