05-01 17:52:04.474 12242 12242 I AconfigPackage: com.android.cellbroadcastreceiver.flags is mapped to com.android.cellbroadcast
05-01 17:52:04.474 12242 12242 I AconfigPackage: com.android.adservices.flags is mapped to com.android.adservices
05-01 17:52:04.474 12242 12242 I AconfigPackage: com.android.sdksandbox.flags is mapped to com.android.adservices
05-01 17:52:04.475 12242 12242 I AconfigPackage: com.android.uwb.flags is mapped to com.android.uwb
05-01 17:52:04.475 12242 12242 I AconfigPackage: com.android.ranging.flags is mapped to com.android.uwb
05-01 17:52:04.475 12242 12242 I AconfigPackage: android.graphics.pdf.flags is mapped to com.android.mediaprovider
05-01 17:52:04.475 12242 12242 I AconfigPackage: com.android.providers.media.flags is mapped to com.android.mediaprovider
05-01 17:52:04.475 12242 12242 I AconfigPackage: android.graphics.pdf.flags.readonly is mapped to com.android.mediaprovider
05-01 17:52:04.475 12242 12242 I AconfigPackage: com.android.tethering.mainline.beta is mapped to com.android.tethering
05-01 17:52:04.475 12242 12242 I AconfigPackage: android.net.http is mapped to com.android.tethering
05-01 17:52:04.475 12242 12242 I AconfigPackage: com.android.tethering.readonly.flags is mapped to com.android.tethering
05-01 17:52:04.475 12242 12242 I AconfigPackage: android.net.vcn is mapped to com.android.tethering
05-01 17:52:04.475 12242 12242 I AconfigPackage: com.android.net.flags is mapped to com.android.tethering
05-01 17:52:04.475 12242 12242 I AconfigPackage: com.android.tethering.beta.test is mapped to com.android.tethering
05-01 17:52:04.475 12242 12242 I AconfigPackage: com.android.nearby.flags is mapped to com.android.tethering
05-01 17:52:04.475 12242 12242 I AconfigPackage: com.android.net.ct.flags is mapped to com.android.tethering
05-01 17:52:04.475 12242 12242 I AconfigPackage: com.android.net.thread.flags is mapped to com.android.tethering
05-01 17:52:04.475 12242 12242 I AconfigPackage: com.android.system.virtualmachine.flags is mapped to com.android.virt
05-01 17:52:04.475 12242 12242 E FeatureFlagsImplExport: android.os.flagging.AconfigStorageReadException: ERROR_PACKAGE_NOT_FOUND: package android.xr cannot be found on the device
05-01 17:52:04.494 12242 12242 D UiAutomationConnection: Created on user UserHandle{0}
05-01 17:52:04.494 12242 12242 I UiAutomation: Initialized for user 0 on display 0
05-01 17:52:04.494 12242 12242 W UiAutomation: Created with deprecatead constructor, assumes DEFAULT_DISPLAY
05-01 17:52:04.497  2599  3706 D AccessibilityManagerService: changeCurrentUserForTestAutomationIfNeededLocked(0): ignoring because device doesn't support visible background users
05-01 17:52:04.497  2599  3706 I UiAutomationManager: Registering UiTestAutomationService (id=com.android.server.accessibility/UiAutomation, flags=0x0) when called by user 0
05-01 17:52:04.498  2599  3706 V AccessibilityManagerService: onUserStateChangedLocked for userId: 0, forceUpdate: false
05-01 17:52:04.498  2599  3706 V AccessibilityUserState: updateShortcutTargets: type:accessibility_shortcut_target_service, current:{}, new:{}
05-01 17:52:04.499  2599  3706 V AccessibilityUserState: updateShortcutTargets: type:accessibility_button_targets, current:{}, new:{}
05-01 17:52:04.499  2599  3706 V AccessibilityUserState: updateShortcutTargets: type:accessibility_gesture_targets, current:{}, new:{}
05-01 17:52:04.499  2599  3706 V AccessibilityUserState: updateShortcutTargets: type:accessibility_qs_targets, current:{}, new:{}
05-01 17:52:04.499  2599  3706 V AccessibilityUserState: updateShortcutTargets: type:accessibility_key_gesture_targets, current:{}, new:{}
05-01 17:52:04.499  2599  3706 W MagnificationConnectionManager: requestConnection duplicated request: connect=false, mConnectionState=DISCONNECTED
05-01 17:52:04.517  3482  6830 I AiAiEcho: Settings changed for uri: content://settings/secure/accessibility_enabled
05-01 17:52:04.518  3482  3713 I AiAiEcho: Predicting[0]:  [CONTEXT sampling_count=5 ]
05-01 17:52:04.518  3482  3713 I AiAiEcho: EchoTargets: 
05-01 17:52:04.518  3482  3713 I AiAiEcho: Filtered by AiAi flag check: 
05-01 17:52:04.518  3482  3713 I AiAiEcho: [CONTEXT ratelimit_period="10 SECONDS" ]
05-01 17:52:04.519  3482  3713 I AiAiEcho: #remoteViewsTwiddler: feature disabled.
05-01 17:52:04.519  3482  3713 I AiAiEcho: #postPredictionTargets: Sending updates to UISurface ambientcue with targets# 0 (types=[])
05-01 17:52:04.520  2896  3022 I AmbientCueRepository: Receiving SmartSpace targets # 0
05-01 17:52:04.520  3482  3713 I AiAiEcho: Predicting[0]:  [CONTEXT sampling_count=5 ]
05-01 17:52:04.520  3482  3713 I AiAiEcho: EchoTargets: 
05-01 17:52:04.520  3482  3713 I AiAiEcho: Filtered by AiAi flag check: 
05-01 17:52:04.520  3482  3713 I AiAiEcho: [CONTEXT ratelimit_period="10 SECONDS" ]
05-01 17:52:04.520  3482  3713 I AiAiEcho: #remoteViewsTwiddler: feature disabled.
05-01 17:52:04.520  3482  3713 I AiAiEcho: Predicting[0]:  [CONTEXT sampling_count=5 ]
05-01 17:52:04.520  3482  3713 I AiAiEcho: EchoTargets: 
05-01 17:52:04.520  3482  3713 I AiAiEcho: Filtered by AiAi flag check: 
05-01 17:52:04.520  3482  3713 I AiAiEcho: [CONTEXT ratelimit_period="10 SECONDS" ]
05-01 17:52:04.521  3482  3713 I AiAiEcho: #remoteViewsTwiddler: feature disabled.
05-01 17:52:04.524  3482  3713 I AiAiEcho: #postPredictionTargets: Sending updates to UISurface home with targets# 0 (types=[])
05-01 17:52:04.524  3482  3713 I AiAiEcho: #postPredictionTargets: Sending updates to UISurface lockscreen with targets# 0 (types=[])
05-01 17:52:04.525  2896  2896 W SsPagerDots: Total number of pages invalid: 0. Assuming 1 page.
05-01 17:52:04.536  2599  2599 W libbinder.IPCThreadState: Sending oneway calls to frozen process.
05-01 17:52:04.536  2599  2599 W libbinder.IPCThreadState: Sending oneway calls to frozen process.
05-01 17:52:04.547  2599  2599 W libbinder.IPCThreadState: Sending oneway calls to frozen process.
05-01 17:52:04.572  2599  3707 V AccessibilityManagerService: onUserStateChangedLocked for userId: 0, forceUpdate: false
05-01 17:52:04.573  2599  3707 V AccessibilityUserState: updateShortcutTargets: type:accessibility_shortcut_target_service, current:{}, new:{}
05-01 17:52:04.573  2599  3707 V AccessibilityUserState: updateShortcutTargets: type:accessibility_button_targets, current:{}, new:{}
05-01 17:52:04.574  2599  3707 V AccessibilityUserState: updateShortcutTargets: type:accessibility_gesture_targets, current:{}, new:{}
05-01 17:52:04.574  2599  3707 V AccessibilityUserState: updateShortcutTargets: type:accessibility_qs_targets, current:{}, new:{}
05-01 17:52:04.574  2599  3707 V AccessibilityUserState: updateShortcutTargets: type:accessibility_key_gesture_targets, current:{}, new:{}
05-01 17:52:04.574  2599  3707 W MagnificationConnectionManager: requestConnection duplicated request: connect=false, mConnectionState=DISCONNECTED
05-01 17:52:04.584  2599  2599 W libbinder.IPCThreadState: Sending oneway calls to frozen process.
05-01 17:52:04.599  2599  2599 W libbinder.IPCThreadState: Sending oneway calls to frozen process.
05-01 17:52:04.599  2599  2599 W libbinder.IPCThreadState: Sending oneway calls to frozen process.
05-01 17:52:04.599  2599  2599 W libbinder.IPCThreadState: Sending oneway calls to frozen process.
05-01 17:52:04.599  2599  2599 W libbinder.IPCThreadState: Sending oneway calls to frozen process.
05-01 17:52:04.599  2599  2599 W libbinder.IPCThreadState: Sending oneway calls to frozen process.
05-01 17:52:04.599  2599  2599 W libbinder.IPCThreadState: Sending oneway calls to frozen process.
05-01 17:52:04.599  2599  2599 D BatterySaverPolicy: accessibility changed to true, updating policy.
05-01 17:52:04.610  3301  3441 D AccessibilitySourceService: enabled a11y services count 0
05-01 17:52:04.610  3301  3441 D AccessibilitySourceService: a11y source sending 0 issue to sc
05-01 17:52:04.611  2599  2884 D SafetySourceDataValidat: No cert check requested for package com.google.android.permissioncontroller
05-01 17:52:04.615  2599  3707 D AccessibilityManagerService: .getAccessibilityShortcutTargets {shortcutType=32, userId=0}
05-01 17:52:04.624  3482  6830 I AiAiEcho: Settings changed for uri: content://settings/secure/accessibility_enabled
05-01 17:52:04.625  3482  3713 I AiAiEcho: Predicting[0]:  [CONTEXT sampling_count=5 ]
05-01 17:52:04.625  3482  3713 I AiAiEcho: EchoTargets: 
05-01 17:52:04.625  3482  3713 I AiAiEcho: Filtered by AiAi flag check: 
05-01 17:52:04.625  3482  3713 I AiAiEcho: [CONTEXT ratelimit_period="10 SECONDS" ]
05-01 17:52:04.625  3482  3713 I AiAiEcho: #remoteViewsTwiddler: feature disabled.
05-01 17:52:04.626  3482  3713 I AiAiEcho: Predicting[0]:  [CONTEXT sampling_count=5 ]
05-01 17:52:04.626  3482  3713 I AiAiEcho: EchoTargets: 
05-01 17:52:04.626  3482  3713 I AiAiEcho: Filtered by AiAi flag check: 
05-01 17:52:04.626  3482  3713 I AiAiEcho: [CONTEXT ratelimit_period="10 SECONDS" ]
05-01 17:52:04.626  3482  3713 I AiAiEcho: #remoteViewsTwiddler: feature disabled.
05-01 17:52:04.626  3482  3713 I AiAiEcho: Predicting[0]:  [CONTEXT sampling_count=5 ]
05-01 17:52:04.626  3482  3713 I AiAiEcho: EchoTargets: 
05-01 17:52:04.626  3482  3713 I AiAiEcho: Filtered by AiAi flag check: 
05-01 17:52:04.626  3482  3713 I AiAiEcho: [CONTEXT ratelimit_period="10 SECONDS" ]
05-01 17:52:04.626  3482  3713 I AiAiEcho: #remoteViewsTwiddler: feature disabled.
05-01 17:52:04.629  3482  3713 I AiAiEcho: #postPredictionTargets: Sending updates to UISurface ambientcue with targets# 0 (types=[])
05-01 17:52:04.630  3482  3713 I AiAiEcho: #postPredictionTargets: Sending updates to UISurface home with targets# 0 (types=[])
05-01 17:52:04.631  2896  3022 I AmbientCueRepository: Receiving SmartSpace targets # 0
05-01 17:52:04.636  3482  3713 I AiAiEcho: #postPredictionTargets: Sending updates to UISurface lockscreen with targets# 0 (types=[])
05-01 17:52:04.640  2896  2896 W SsPagerDots: Total number of pages invalid: 0. Assuming 1 page.
05-01 17:52:04.642  4139  7086 E WakeLock: GCM_CONN_ALARM ** IS FORCE-RELEASED ON TIMEOUT ** [CONTEXT service_id=259 ]
05-01 17:52:04.889 12157 12179 I com.signbridge: Compiler allocated 5145KB to compile void android.view.ViewRootImpl.performTraversals()
05-01 17:52:04.961  2599  2742 D ActivityManager: freezing 5567 com.android.vending:background
05-01 17:52:05.952  2599  2796 I HalDevMgr: bestIfaceCreationProposal is null, requestIface=STA, existingIface=[name=wlan0 type=STA]
05-01 17:52:06.042  4522  4522 I native  : I0000 00:00:1777654326.038428    4522 exl_node_generator.cc:58] Setting legal word grammar as macro_only: true
05-01 17:52:06.043  4522  4522 I native  : I0000 00:00:1777654326.043561    4522 android_resource_loader.cc:100] Built resource lettuce_node_generator
05-01 17:52:06.043  4522  4522 I native  : I0000 00:00:1777654326.043633    4522 android_resource_loader.cc:116] Loaded resource:lettuce_node_generator
05-01 17:52:06.043  4522  4522 I native  : I0000 00:00:1777654326.043739    4522 data_source.cc:95] Opening data source "/data/user_de/0/com.google.android.tts/files/superpacks/en-us/en-us-x-multi-seanet-r83/../en-us-x-multi-r83/burdock_model.params.pb" (as: FILE) ...
05-01 17:52:06.043  4522  4522 I native  : I0000 00:00:1777654326.043858    4522 data_source.cc:99] ... Opened data source "/data/user_de/0/com.google.android.tts/files/superpacks/en-us/en-us-x-multi-seanet-r83/../en-us-x-multi-r83/burdock_model.params.pb" of size 8875
05-01 17:52:06.050 12242 12242 W AccessibilityNodeInfoDumper: Fetch time: 350ms
05-01 17:52:06.058  2599  2867 V AccessibilityManagerService: onUserStateChangedLocked for userId: 0, forceUpdate: false
05-01 17:52:06.065  2599  2867 V AccessibilityUserState: updateShortcutTargets: type:accessibility_shortcut_target_service, current:{}, new:{}
05-01 17:52:06.067  2599  2867 V AccessibilityUserState: updateShortcutTargets: type:accessibility_button_targets, current:{}, new:{}
05-01 17:52:06.067  2599  2867 V AccessibilityUserState: updateShortcutTargets: type:accessibility_gesture_targets, current:{}, new:{}
05-01 17:52:06.067  2599  2867 V AccessibilityUserState: updateShortcutTargets: type:accessibility_qs_targets, current:{}, new:{}
05-01 17:52:06.067  2599  2867 V AccessibilityUserState: updateShortcutTargets: type:accessibility_key_gesture_targets, current:{}, new:{}
05-01 17:52:06.068  4522  4522 I native  : I0000 00:00:1777654326.068642    4522 android_resource_loader.cc:100] Built resource lstm_add_specification_resource
05-01 17:52:06.068  4522  4522 I native  : I0000 00:00:1777654326.068787    4522 android_resource_loader.cc:116] Loaded resource:lstm_add_specification_resource
05-01 17:52:06.068  4522  4522 I native  : I0000 00:00:1777654326.068966    4522 data_source.cc:95] Opening data source "/data/user_de/0/com.google.android.tts/files/superpacks/en-us/en-us-x-multi-seanet-r83/chive_model_fused.pb" (as: FILE) ...
05-01 17:52:06.069  4522  4522 I native  : I0000 00:00:1777654326.069072    4522 data_source.cc:99] ... Opened data source "/data/user_de/0/com.google.android.tts/files/superpacks/en-us/en-us-x-multi-seanet-r83/chive_model_fused.pb" of size 1281
05-01 17:52:06.069  3482  4183 I AiAiEcho: Settings changed for uri: content://settings/secure/accessibility_enabled
05-01 17:52:06.069  2599  2867 W MagnificationConnectionManager: requestConnection duplicated request: connect=false, mConnectionState=DISCONNECTED
05-01 17:52:06.069  2599  2867 D AccessibilityManagerService: restoreCurrentUserForTestAutomationIfNeededLocked(): ignoring because device doesn't support visible background users
05-01 17:52:06.074  2599  2599 W libbinder.IPCThreadState: Sending oneway calls to frozen process.
05-01 17:52:06.074  2599  2599 W libbinder.IPCThreadState: Sending oneway calls to frozen process.
05-01 17:52:06.088  2599  2599 W libbinder.IPCThreadState: Sending oneway calls to frozen process.
05-01 17:52:06.088  2599  2599 W libbinder.IPCThreadState: Sending oneway calls to frozen process.
05-01 17:52:06.091  2599  2599 W libbinder.IPCThreadState: Sending oneway calls to frozen process.
05-01 17:52:06.092  2599  2599 W libbinder.IPCThreadState: Sending oneway calls to frozen process.
05-01 17:52:06.092  2599  2599 D BatterySaverPolicy: accessibility changed to false, updating policy.
05-01 17:52:06.098 12242 12254 W libbinder.IPCThreadState: call to talkWithDriver in joinThreadPool returned error: -9 (Bad file descriptor), FD: -1
05-01 17:52:06.099 12242 12242 D AndroidRuntime: Shutting down VM
05-01 17:52:06.099 12242 12255 W libbinder.IPCThreadState: call to talkWithDriver in joinThreadPool returned error: -9 (Bad file descriptor), FD: -1
05-01 17:52:06.108  4522  4522 I native  : I0000 00:00:1777654326.107722    4522 data_source.cc:95] Opening data source "/data/user_de/0/com.google.android.tts/files/superpacks/en-us/en-us-x-multi-seanet-r83/burdock_valerian_model.tflite" (as: MEMORY) ...
05-01 17:52:06.108  4522  4522 I native  : I0000 00:00:1777654326.108222    4522 data_source.cc:99] ... Opened data source "/data/user_de/0/com.google.android.tts/files/superpacks/en-us/en-us-x-multi-seanet-r83/burdock_valerian_model.tflite" of size 1790608
05-01 17:52:06.123 12242 12259 W libbinder.IPCThreadState: call to talkWithDriver in joinThreadPool returned error: -9 (Bad file descriptor), FD: -1
05-01 17:52:06.128  3482  3713 I AiAiEcho: Predicting[0]:  [CONTEXT sampling_count=5 ]
05-01 17:52:06.163  3482  3713 I AiAiEcho: EchoTargets: 
05-01 17:52:06.163  3482  3713 I AiAiEcho: Filtered by AiAi flag check: 
05-01 17:52:06.163  3482  3713 I AiAiEcho: [CONTEXT ratelimit_period="10 SECONDS" ]
05-01 17:52:06.163  3482  3713 I AiAiEcho: #remoteViewsTwiddler: feature disabled.
05-01 17:52:06.164  3482  3713 I AiAiEcho: Predicting[0]:  [CONTEXT sampling_count=5 ]
05-01 17:52:06.164  3482  3713 I AiAiEcho: EchoTargets: 
05-01 17:52:06.164  3482  3713 I AiAiEcho: Filtered by AiAi flag check: 
05-01 17:52:06.164  3482  3713 I AiAiEcho: [CONTEXT ratelimit_period="10 SECONDS" ]
05-01 17:52:06.164  3482  3713 I AiAiEcho: #remoteViewsTwiddler: feature disabled.
05-01 17:52:06.180  3482  3713 I AiAiEcho: Predicting[0]:  [CONTEXT sampling_count=5 ]
05-01 17:52:06.180  3482  3713 I AiAiEcho: EchoTargets: 
05-01 17:52:06.180  3482  3713 I AiAiEcho: Filtered by AiAi flag check: 
05-01 17:52:06.180  3482  3713 I AiAiEcho: [CONTEXT ratelimit_period="10 SECONDS" ]
05-01 17:52:06.180  3482  3713 I AiAiEcho: #remoteViewsTwiddler: feature disabled.
05-01 17:52:06.185  3482  3713 I AiAiEcho: #postPredictionTargets: Sending updates to UISurface ambientcue with targets# 0 (types=[])
05-01 17:52:06.186  3482  3713 I AiAiEcho: #postPredictionTargets: Sending updates to UISurface home with targets# 0 (types=[])
05-01 17:52:06.186  3482  3713 I AiAiEcho: #postPredictionTargets: Sending updates to UISurface lockscreen with targets# 0 (types=[])
05-01 17:52:06.188  2896  3022 I AmbientCueRepository: Receiving SmartSpace targets # 0
05-01 17:52:06.193  2896  2896 W SsPagerDots: Total number of pages invalid: 0. Assuming 1 page.
05-01 17:52:06.194  4522  4522 E tflite  : third_party/tensorflow/lite/core/subgraph.cc:1084 tensor.data.raw != nullptr was not true.
05-01 17:52:06.195  4522  4522 I native  : I0000 00:00:1777654326.194984    4522 chive_inference_resource.cc:234] Creating new CHiVE model [model graph]: 
05-01 17:52:06.195  4522  4522 I native  : I0000 00:00:1777654326.195032    4522 chive_model.cc:179] Creating a single pass CHiVE model
05-01 17:52:06.204  4522  4522 I native  : I0000 00:00:1777654326.204581    4522 android_resource_loader.cc:100] Built resource chive_inference_config
05-01 17:52:06.204  4522  4522 I native  : I0000 00:00:1777654326.204659    4522 android_resource_loader.cc:116] Loaded resource:chive_inference_config
05-01 17:52:06.204  4522  4522 I native  : I0000 00:00:1777654326.204705    4522 data_source.cc:95] Opening data source "/data/user_de/0/com.google.android.tts/files/superpacks/en-us/en-us-x-multi-seanet-r83/../en-us-x-multi-r83/converter_en_us_android.far" (as: FILE) ...
05-01 17:52:06.204  4522  4522 I native  : I0000 00:00:1777654326.204785    4522 data_source.cc:99] ... Opened data source "/data/user_de/0/com.google.android.tts/files/superpacks/en-us/en-us-x-multi-seanet-r83/../en-us-x-multi-r83/converter_en_us_android.far" of size 1473
05-01 17:52:06.205  4522  4522 I native  : I0000 00:00:1777654326.205066    4522 android_resource_loader.cc:100] Built resource pron_buffet_to_tts_converter
05-01 17:52:06.205  4522  4522 I native  : I0000 00:00:1777654326.205091    4522 android_resource_loader.cc:116] Loaded resource:pron_buffet_to_tts_converter
05-01 17:52:06.206  4522  4522 I native  : I0000 00:00:1777654326.206045    4522 data_source.cc:95] Opening data source "/data/user_de/0/com.google.android.tts/files/superpacks/en-us/en-us-x-multi-seanet-r83/../en-us-x-multi-r83/regexp_rewrite_embedded.pb" (as: FILE) ...
05-01 17:52:06.206  4522  4522 I native  : I0000 00:00:1777654326.206096    4522 data_source.cc:99] ... Opened data source "/data/user_de/0/com.google.android.tts/files/superpacks/en-us/en-us-x-multi-seanet-r83/../en-us-x-multi-r83/regexp_rewrite_embedded.pb" of size 6025
05-01 17:52:06.208  4522  4522 I native  : I0000 00:00:1777654326.208848    4522 data_source.cc:95] Opening data source "/data/user_de/0/com.google.android.tts/files/superpacks/en-us/en-us-x-multi-seanet-r83/../en-us-x-multi-r83/punctuation.pb" (as: FILE) ...
05-01 17:52:06.209  4522  4522 I native  : I0000 00:00:1777654326.209110    4522 data_source.cc:99] ... Opened data source "/data/user_de/0/com.google.android.tts/files/superpacks/en-us/en-us-x-multi-seanet-r83/../en-us-x-multi-r83/punctuation.pb" of size 452
05-01 17:52:06.412  4522  4522 E native  : E0000 00:00:1777654326.411865    4522 re2.cc:250] Error parsing '^|[^\p{Letter}\\]': invalid character class range: \p{Letter}
05-01 17:52:06.412  4522  4522 E native  : E0000 00:00:1777654326.412258    4522 replacement_rule.cc:40] Invalid context regexp: invalid character class range: \p{Letter}
05-01 17:52:06.412  4522  4522 E native  : E0000 00:00:1777654326.412282    4522 replacement_rule.cc:151] Error creating replacement rule.
05-01 17:52:06.412  4522  4522 E native  : E0000 00:00:1777654326.412301    4522 regexp_rewriter.cc:35] Error creating rule MessageLite at 0xb400007af104bb50.
05-01 17:52:06.414  4522  4522 I native  : I0000 00:00:1777654326.414361    4522 android_resource_loader.cc:100] Built resource rewrite_algo
05-01 17:52:06.414  4522  4522 I native  : I0000 00:00:1777654326.414551    4522 android_resource_loader.cc:116] Loaded resource:rewrite_algo
05-01 17:52:06.414  4522  4522 I native  : I0000 00:00:1777654326.414800    4522 data_source.cc:95] Opening data source "/data/user_de/0/com.google.android.tts/files/superpacks/en-us/en-us-x-multi-seanet-r83/../en-us-x-multi-r83/roman_numeral_contexts.pb" (as: FILE) ...
05-01 17:52:06.415  4522  4522 I native  : I0000 00:00:1777654326.415092    4522 data_source.cc:99] ... Opened data source "/data/user_de/0/com.google.android.tts/files/superpacks/en-us/en-us-x-multi-seanet-r83/../en-us-x-multi-r83/roman_numeral_contexts.pb" of size 9114
05-01 17:52:06.416  4522  4522 I native  : I0000 00:00:1777654326.416974    4522 android_resource_loader.cc:100] Built resource roman_numeral_context_words
05-01 17:52:06.417  4522  4522 I native  : I0000 00:00:1777654326.417074    4522 android_resource_loader.cc:116] Loaded resource:roman_numeral_context_words
05-01 17:52:06.419  4522  4522 I native  : I0000 00:00:1777654326.419074    4522 android_resource_loader.cc:100] Built resource classify_roman_numerals_grm_algo
05-01 17:52:06.419  4522  4522 I native  : I0000 00:00:1777654326.419195    4522 android_resource_loader.cc:116] Loaded resource:classify_roman_numerals_grm_algo
05-01 17:52:06.419  4522  4522 I native  : I0000 00:00:1777654326.419329    4522 android_resource_loader.cc:100] Built resource runtime_override
05-01 17:52:06.419  4522  4522 I native  : I0000 00:00:1777654326.419357    4522 android_resource_loader.cc:116] Loaded resource:runtime_override
05-01 17:52:06.419  4522  4522 I native  : I0000 00:00:1777654326.419401    4522 data_source.cc:95] Opening data source "/data/user_de/0/com.google.android.tts/files/superpacks/en-us/en-us-x-multi-seanet-r83/seanet_model_options.pb" (as: FILE) ...
05-01 17:52:06.419  4522  4522 I native  : I0000 00:00:1777654326.419472    4522 data_source.cc:99] ... Opened data source "/data/user_de/0/com.google.android.tts/files/superpacks/en-us/en-us-x-multi-seanet-r83/seanet_model_options.pb" of size 32
05-01 17:52:06.419  4522  4522 I native  : I0000 00:00:1777654326.419618    4522 data_source.cc:95] Opening data source "/data/user_de/0/com.google.android.tts/files/superpacks/en-us/en-us-x-multi-seanet-r83/seanet_model.tflite" (as: FILE) ...
05-01 17:52:06.419  4522  4522 I native  : I0000 00:00:1777654326.419695    4522 data_source.cc:99] ... Opened data source "/data/user_de/0/com.google.android.tts/files/superpacks/en-us/en-us-x-multi-seanet-r83/seanet_model.tflite" of size 2786320
05-01 17:52:06.547  4522  4522 I native  : I0000 00:00:1777654326.547361    4522 android_resource_loader.cc:100] Built resource seanet_enhancer
05-01 17:52:06.547  4522  4522 I native  : I0000 00:00:1777654326.547677    4522 android_resource_loader.cc:116] Loaded resource:seanet_enhancer
05-01 17:52:06.547  4522  4522 I native  : I0000 00:00:1777654326.547839    4522 data_source.cc:95] Opening data source "/data/user_de/0/com.google.android.tts/files/superpacks/en-us/en-us-x-multi-seanet-r83/../en-us-x-multi-r83/sb_model.bin" (as: MEMORY) ...
05-01 17:52:06.549  4522  4522 I native  : I0000 00:00:1777654326.548855    4522 data_source.cc:99] ... Opened data source "/data/user_de/0/com.google.android.tts/files/superpacks/en-us/en-us-x-multi-seanet-r83/../en-us-x-multi-r83/sb_model.bin" of size 48272
05-01 17:52:06.550  4522  4522 I native  : I0000 00:00:1777654326.550183    4522 android_resource_loader.cc:100] Built resource sentence_boundary_model_resource
05-01 17:52:06.550  4522  4522 I native  : I0000 00:00:1777654326.550286    4522 android_resource_loader.cc:116] Loaded resource:sentence_boundary_model_resource
05-01 17:52:06.551  4522  4522 I native  : I0000 00:00:1777654326.551039    4522 data_source.cc:95] Opening data source "/data/user_de/0/com.google.android.tts/files/superpacks/en-us/en-us-x-multi-seanet-r83/../en-us-x-multi-r83/en_verbalize_spec.pb" (as: FILE) ...
05-01 17:52:06.551  4522  4522 I native  : I0000 00:00:1777654326.551195    4522 data_source.cc:99] ... Opened data source "/data/user_de/0/com.google.android.tts/files/superpacks/en-us/en-us-x-multi-seanet-r83/../en-us-x-multi-r83/en_verbalize_spec.pb" of size 3984
05-01 17:52:06.552  4522  4522 I native  : I0000 00:00:1777654326.552219    4522 android_resource_loader.cc:100] Built resource serialization_spec
05-01 17:52:06.552  4522  4522 I native  : I0000 00:00:1777654326.552320    4522 android_resource_loader.cc:116] Loaded resource:serialization_spec
05-01 17:52:06.552  4522  4522 I native  : I0000 00:00:1777654326.552773    4522 data_source.cc:95] Opening data source "/data/user_de/0/com.google.android.tts/files/superpacks/en-us/en-us-x-multi-seanet-r83/../en-us-x-multi-r83/textnorm_params_embedded_en_us.pb" (as: FILE) ...
05-01 17:52:06.552  4522  4522 I native  : I0000 00:00:1777654326.552903    4522 data_source.cc:99] ... Opened data source "/data/user_de/0/com.google.android.tts/files/superpacks/en-us/en-us-x-multi-seanet-r83/../en-us-x-multi-r83/textnorm_params_embedded_en_us.pb" of size 321
05-01 17:52:06.554  4522  4522 I native  : I0000 00:00:1777654326.554094    4522 android_resource_loader.cc:100] Built resource textnorm_params
05-01 17:52:06.554  4522  4522 I native  : I0000 00:00:1777654326.554189    4522 android_resource_loader.cc:116] Loaded resource:textnorm_params
05-01 17:52:06.575  4522  4522 I native  : I0000 00:00:1777654326.575573    4522 android_resource_loader.cc:100] Built resource icu_transliterator_to_latin
05-01 17:52:06.575  4522  4522 I native  : I0000 00:00:1777654326.575815    4522 android_resource_loader.cc:116] Loaded resource:icu_transliterator_to_latin
05-01 17:52:06.577  4522  4522 I native  : I0000 00:00:1777654326.576987    4522 data_source.cc:95] Opening data source "/data/user_de/0/com.google.android.tts/files/superpacks/en-us/en-us-x-multi-seanet-r83/../en-us-x-multi-r83/g2p_m3_syls0_stress0_en-US.fst" (as: FILE) ...
05-01 17:52:06.577  4522  4522 I native  : I0000 00:00:1777654326.577194    4522 data_source.cc:99] ... Opened data source "/data/user_de/0/com.google.android.tts/files/superpacks/en-us/en-us-x-multi-seanet-r83/../en-us-x-multi-r83/g2p_m3_syls0_stress0_en-US.fst" of size 696736
05-01 17:52:06.577  4522  4522 I native  : I0000 00:00:1777654326.577893    4522 compact_fst.cc:20] Loading FST from "/data/user_de/0/com.google.android.tts/files/superpacks/en-us/en-us-x-multi-seanet-r83/../en-us-x-multi-r83/g2p_m3_syls0_stress0_en-US.fst" ...
05-01 17:52:06.652  2599  2682 W libbinder.IPCThreadState: Sending oneway calls to frozen process.
05-01 17:52:06.722  2599  2742 D ActivityManager: freezing 3658 com.google.android.apps.photos
05-01 17:52:06.746  2599  2802 D InetDiagMessage: Destroyed 0 sockets, proto=IPPROTO_TCP, family=AF_INET, states=14
05-01 17:52:06.747  2599  2802 D InetDiagMessage: Destroyed 0 sockets, proto=IPPROTO_TCP, family=AF_INET6, states=14
05-01 17:52:06.747  2599  2802 D InetDiagMessage: Destroyed live tcp sockets for uids={10170} in 3ms
05-01 17:52:06.829 12260 12260 W libbinder.BackendUnifiedServiceManager: Thread Pool max thread count is 0. Cannot cache binder as linkToDeath cannot be implemented. serviceName: package
05-01 17:52:06.953  2599  2742 D ActivityManager: freezing 8138 com.android.vending
05-01 17:52:06.956  2599  2802 D InetDiagMessage: Destroyed 0 sockets, proto=IPPROTO_TCP, family=AF_INET, states=14
05-01 17:52:06.956  2599  2802 D InetDiagMessage: Destroyed 0 sockets, proto=IPPROTO_TCP, family=AF_INET6, states=14
05-01 17:52:06.957  2599  2802 D InetDiagMessage: Destroyed live tcp sockets for uids={10153} in 2ms
05-01 17:52:07.021  4522  4522 I native  : I0000 00:00:1777654327.021778    4522 decoder.cc:51] G2P FST loaded (56 graphemes and 41 phonemes).
05-01 17:52:07.045  4522  4522 I native  : I0000 00:00:1777654327.045471    4522 android_resource_loader.cc:100] Built resource learned_fst_g2p_mapper
05-01 17:52:07.045  4522  4522 I native  : I0000 00:00:1777654327.045533    4522 android_resource_loader.cc:116] Loaded resource:learned_fst_g2p_mapper
05-01 17:52:07.045  4522  4522 I native  : I0000 00:00:1777654327.045594    4522 android_resource_loader.cc:100] Built resource spelling_normalizer
05-01 17:52:07.045  4522  4522 I native  : I0000 00:00:1777654327.045603    4522 android_resource_loader.cc:116] Loaded resource:spelling_normalizer
05-01 17:52:07.109  4522  4522 I native  : I0000 00:00:1777654327.109507    4522 android_resource_loader.cc:100] Built resource token_resolver_algo
05-01 17:52:07.109  4522  4522 I native  : I0000 00:00:1777654327.109613    4522 android_resource_loader.cc:116] Loaded resource:token_resolver_algo
05-01 17:52:07.109  4522  4522 I native  : I0000 00:00:1777654327.109648    4522 android_resource_loader.cc:100] Built resource utf8_utils
05-01 17:52:07.109  4522  4522 I native  : I0000 00:00:1777654327.109664    4522 android_resource_loader.cc:116] Loaded resource:utf8_utils
05-01 17:52:07.116  4522  4522 I native  : I0000 00:00:1777654327.116792    4522 android_resource_loader.cc:100] Built resource lexical_classifier
05-01 17:52:07.116  4522  4522 I native  : I0000 00:00:1777654327.116880    4522 android_resource_loader.cc:116] Loaded resource:lexical_classifier
05-01 17:52:07.117  4522  4522 I native  : I0000 00:00:1777654327.116995    4522 data_source.cc:95] Opening data source "/data/user_de/0/com.google.android.tts/files/superpacks/en-us/en-us-x-multi-seanet-r83/universal_carrier_pigeon_config.binarypb" (as: FILE) ...
05-01 17:52:07.117  4522  4522 I native  : I0000 00:00:1777654327.117086    4522 data_source.cc:99] ... Opened data source "/data/user_de/0/com.google.android.tts/files/superpacks/en-us/en-us-x-multi-seanet-r83/universal_carrier_pigeon_config.binarypb" of size 52
05-01 17:52:07.117  4522  4522 I native  : I0000 00:00:1777654327.117768    4522 data_source.cc:95] Opening data source "/data/user_de/0/com.google.android.tts/files/superpacks/en-us/en-us-x-multi-seanet-r83/universal_carrier_pigeon_model.tflite" (as: FILE) ...
05-01 17:52:07.117  4522  4522 I native  : I0000 00:00:1777654327.117813    4522 data_source.cc:99] ... Opened data source "/data/user_de/0/com.google.android.tts/files/superpacks/en-us/en-us-x-multi-seanet-r83/universal_carrier_pigeon_model.tflite" of size 638952
05-01 17:52:07.239  4522  4522 I native  : I0000 00:00:1777654327.239320    4522 android_resource_loader.cc:100] Built resource carrier_pigeon_algo
05-01 17:52:07.240  4522  4522 I native  : I0000 00:00:1777654327.240271    4522 android_resource_loader.cc:116] Loaded resource:carrier_pigeon_algo
05-01 17:52:07.240  4522  4522 I native  : I0000 00:00:1777654327.240344    4522 android_resource_loader.cc:100] Built resource icu_transliterator
05-01 17:52:07.240  4522  4522 I native  : I0000 00:00:1777654327.240361    4522 android_resource_loader.cc:116] Loaded resource:icu_transliterator
05-01 17:52:07.240  4522  4522 I native  : I0000 00:00:1777654327.240386    4522 data_source.cc:95] Opening data source "/data/user_de/0/com.google.android.tts/files/superpacks/en-us/en-us-x-multi-seanet-r83/../en-us-x-multi-r83/variant_overrides_en_us.pb" (as: FILE) ...
05-01 17:52:07.240  4522  4522 I native  : I0000 00:00:1777654327.240586    4522 data_source.cc:99] ... Opened data source "/data/user_de/0/com.google.android.tts/files/superpacks/en-us/en-us-x-multi-seanet-r83/../en-us-x-multi-r83/variant_overrides_en_us.pb" of size 1525
05-01 17:52:07.246  4522  4522 I native  : I0000 00:00:1777654327.246227    4522 android_resource_loader.cc:100] Built resource variant_overrides
05-01 17:52:07.246  4522  4522 I native  : I0000 00:00:1777654327.246321    4522 android_resource_loader.cc:116] Loaded resource:variant_overrides
05-01 17:52:07.246  4522  4522 I native  : I0000 00:00:1777654327.246354    4522 data_source.cc:95] Opening data source "/data/user_de/0/com.google.android.tts/files/superpacks/en-us/en-us-x-multi-seanet-r83/../en-us-x-multi-r83/variant_selection_model_en_us_embedded.bin" (as: MEMORY) ...
05-01 17:52:07.246  4522  4522 I native  : I0000 00:00:1777654327.246560    4522 data_source.cc:99] ... Opened data source "/data/user_de/0/com.google.android.tts/files/superpacks/en-us/en-us-x-multi-seanet-r83/../en-us-x-multi-r83/variant_selection_model_en_us_embedded.bin" of size 221608
05-01 17:52:07.246  4522  4522 I native  : I0000 00:00:1777654327.246606    4522 android_resource_loader.cc:100] Built resource variant_selection_model_data_resource
05-01 17:52:07.246  4522  4522 I native  : I0000 00:00:1777654327.246623    4522 android_resource_loader.cc:116] Loaded resource:variant_selection_model_data_resource
05-01 17:52:07.375  3046  3052 I artd    : GetBestInfo: odex next to the dex file (/data/app/~~9zdI27-KZDEvVC_7GO9BLQ==/com.google.android.gms-zDijJikcKxb1i4ibdVh7KA==/oat/arm64/base.odex) is kOatUpToDate with filter 'speed-profile' executable 'false'
05-01 17:52:07.383  3046  3046 I artd    : GetBestInfo: odex next to the dex file (/data/app/~~9zdI27-KZDEvVC_7GO9BLQ==/com.google.android.gms-zDijJikcKxb1i4ibdVh7KA==/oat/arm64/split_AdsDynamite_installtime.odex) is kOatUpToDate with filter 'speed' executable 'false'
05-01 17:52:07.389  3046  3052 I artd    : GetBestInfo: odex next to the dex file (/data/app/~~9zdI27-KZDEvVC_7GO9BLQ==/com.google.android.gms-zDijJikcKxb1i4ibdVh7KA==/oat/arm64/split_CronetDynamite_installtime.odex) is kOatUpToDate with filter 'speed' executable 'false'
05-01 17:52:07.391  3046  3046 I artd    : GetBestInfo: odex next to the dex file (/data/app/~~9zdI27-KZDEvVC_7GO9BLQ==/com.google.android.gms-zDijJikcKxb1i4ibdVh7KA==/oat/arm64/split_DynamiteLoader_installtime.odex) is kOatUpToDate with filter 'speed' executable 'false'
05-01 17:52:07.399  3046  3052 I artd    : GetBestInfo: odex next to the dex file (/data/app/~~9zdI27-KZDEvVC_7GO9BLQ==/com.google.android.gms-zDijJikcKxb1i4ibdVh7KA==/oat/arm64/split_DynamiteModulesA_installtime.odex) is kOatUpToDate with filter 'speed' executable 'false'
05-01 17:52:07.412  3046  3046 I artd    : GetBestInfo: odex next to the dex file (/data/app/~~9zdI27-KZDEvVC_7GO9BLQ==/com.google.android.gms-zDijJikcKxb1i4ibdVh7KA==/oat/arm64/split_DynamiteModulesC_installtime.odex) is kOatUpToDate with filter 'speed' executable 'false'
05-01 17:52:07.427  3046  3052 I artd    : GetBestInfo: odex next to the dex file (/data/app/~~9zdI27-KZDEvVC_7GO9BLQ==/com.google.android.gms-zDijJikcKxb1i4ibdVh7KA==/oat/arm64/split_GoogleCertificates_installtime.odex) is kOatUpToDate with filter 'speed' executable 'false'
05-01 17:52:07.431  2599  2609 I system_server: Background young concurrent mark compact GC freed 18MB AllocSpace bytes, 17(860KB) LOS objects, 38% free, 37MB/61MB, paused 8.164ms,16.044ms total 301.447ms
05-01 17:52:07.432  3046  3046 I artd    : GetBestInfo: odex next to the dex file (/data/app/~~9zdI27-KZDEvVC_7GO9BLQ==/com.google.android.gms-zDijJikcKxb1i4ibdVh7KA==/oat/arm64/split_MapsDynamite_installtime.odex) is kOatUpToDate with filter 'speed' executable 'false'
05-01 17:52:07.437  4522  4522 I native  : I0000 00:00:1777654327.436986    4522 select_variants.cc:128] Word with override has only one variant: her
05-01 17:52:07.437  4522  4522 I native  : I0000 00:00:1777654327.437458    4522 android_resource_loader.cc:100] Built resource select_variants_algo
05-01 17:52:07.437  4522  4522 I native  : I0000 00:00:1777654327.437475    4522 android_resource_loader.cc:116] Loaded resource:select_variants_algo
05-01 17:52:07.438  4522  4522 I native  : I0000 00:00:1777654327.438572    4522 data_source.cc:95] Opening data source "/data/user_de/0/com.google.android.tts/files/superpacks/en-us/en-us-x-multi-seanet-r83/../en-us-x-multi-r83/us_verbalization_capabilities.pb" (as: FILE) ...
05-01 17:52:07.438  4522  4522 I native  : I0000 00:00:1777654327.438634    4522 data_source.cc:99] ... Opened data source "/data/user_de/0/com.google.android.tts/files/superpacks/en-us/en-us-x-multi-seanet-r83/../en-us-x-multi-r83/us_verbalization_capabilities.pb" of size 5224
05-01 17:52:07.439  4522  4522 I native  : I0000 00:00:1777654327.439222    4522 android_resource_loader.cc:100] Built resource verbalization_capabilities
05-01 17:52:07.439  4522  4522 I native  : I0000 00:00:1777654327.439236    4522 android_resource_loader.cc:116] Loaded resource:verbalization_capabilities
05-01 17:52:07.439  4522  4522 I native  : I0000 00:00:1777654327.439252    4522 data_source.cc:95] Opening data source "/data/user_de/0/com.google.android.tts/files/superpacks/en-us/en-us-x-multi-seanet-r83/../en-us-x-multi-r83/verbalize_embedded_android.far" (as: FILE) ...
05-01 17:52:07.439  4522  4522 I native  : I0000 00:00:1777654327.439269    4522 data_source.cc:99] ... Opened data source "/data/user_de/0/com.google.android.tts/files/superpacks/en-us/en-us-x-multi-seanet-r83/../en-us-x-multi-r83/verbalize_embedded_android.far" of size 2342559
05-01 17:52:07.440  3046  3052 I artd    : GetBestInfo: odex next to the dex file (/data/app/~~9zdI27-KZDEvVC_7GO9BLQ==/com.google.android.gms-zDijJikcKxb1i4ibdVh7KA==/oat/arm64/split_MeasurementDynamite_installtime.odex) is kOatUpToDate with filter 'speed' executable 'false'
05-01 17:52:07.443  3046  3052 I artd    : GetBestInfo: /data/user_de/0/com.google.android.gms/app_chimera/m/00000024/dl-MlkitOcrCommon.optional_261332100400.apk has no usable artifacts
05-01 17:52:07.443  3046  3052 I artd    : GetBestInfo: /data/user_de/0/com.google.android.gms/app_chimera/m/00000001/CronetDynamite.apk has no usable artifacts
05-01 17:52:07.443  3046  3046 I artd    : GetBestInfo: /data/user_de/0/com.google.android.gms/app_chimera/m/00000002/DynamiteLoader.apk has no usable artifacts
05-01 17:52:07.444  3046  7501 W artd    : Could not get dex checksums for location /data/app/~~3fBXho8HaymPEUVbuDbDyw==/com.google.android.gms-lP3FhbDqyEae3o3ITSwEOg==/base.apk, fd=-1
05-01 17:52:07.444  3046  7501 W artd    : Could not get dex checksums for location /data/app/~~3fBXho8HaymPEUVbuDbDyw==/com.google.android.gms-lP3FhbDqyEae3o3ITSwEOg==/base.apk, fd=-1
05-01 17:52:07.445  3046  7501 I artd    : GetBestInfo: /data/user_de/0/com.google.android.gms/app_chimera/m/00000005/GoogleCertificates.apk has no usable artifacts
05-01 17:52:07.445  3046  3052 W artd    : Could not get dex checksums for location /data/app/~~3fBXho8HaymPEUVbuDbDyw==/com.google.android.gms-lP3FhbDqyEae3o3ITSwEOg==/base.apk, fd=-1
05-01 17:52:07.450  3046  3052 I artd    : GetBestInfo: /data/user_de/0/com.google.android.gms/app_chimera/m/0000000c/dl-PlayCloudSearch.optional_253434100000.apk has no usable artifacts
05-01 17:52:07.450  3046  3052 W artd    : Could not get dex checksums for location /data/app/~~3fBXho8HaymPEUVbuDbDyw==/com.google.android.gms-lP3FhbDqyEae3o3ITSwEOg==/base.apk, fd=-1
05-01 17:52:07.451  3046  3052 W artd    : Could not get dex checksums for location /data/app/~~3fBXho8HaymPEUVbuDbDyw==/com.google.android.gms-lP3FhbDqyEae3o3ITSwEOg==/base.apk, fd=-1
05-01 17:52:07.453  3046  3052 W artd    : Could not get dex checksums for location /data/app/~~3fBXho8HaymPEUVbuDbDyw==/com.google.android.gms-lP3FhbDqyEae3o3ITSwEOg==/base.apk, fd=-1
05-01 17:52:07.460  3046  3052 I artd    : GetBestInfo: /data/user_de/0/com.google.android.gms/app_chimera/m/00000009/dl-Appsearch.optional_253434100400.apk has no usable artifacts
05-01 17:52:07.462  3046  7501 I artd    : GetBestInfo: /data/user_de/0/com.google.android.gms/app_chimera/m/0000001f/dl-MlkitBarcodeUi.optional_261332100400.apk has no usable artifacts
05-01 17:52:07.466  3046  7501 I artd    : GetBestInfo: vdex next to the dex file (/data/user/0/com.google.android.gms/app_dg_cache/C979021594972B0BA2D39F27BF33D93C4B1302BC/oat/arm64/the.vdex) is kOatUpToDate with filter 'verify' executable 'false'
05-01 17:52:07.466  3046  7501 W artd    : Could not get dex checksums for location /data/app/~~3fBXho8HaymPEUVbuDbDyw==/com.google.android.gms-lP3FhbDqyEae3o3ITSwEOg==/base.apk, fd=-1
05-01 17:52:07.466  3046  7501 W artd    : Could not get dex checksums for location /data/app/~~3fBXho8HaymPEUVbuDbDyw==/com.google.android.gms-lP3FhbDqyEae3o3ITSwEOg==/base.apk, fd=-1
05-01 17:52:07.471  3046  7501 I artd    : GetBestInfo: /data/user_de/0/com.google.android.gms/app_chimera/m/0000001e/dl-VisionOcr.optional_261332100000.apk has no usable artifacts
05-01 17:52:07.474  3046  3052 I artd    : GetBestInfo: /data/user_de/0/com.google.android.gms/app_chimera/m/00000020/dl-PlayCloudSearch.optional_261332100000.apk has no usable artifacts
05-01 17:52:07.478  3046  3052 I artd    : GetBestInfo: vdex next to the dex file (/data/user/0/com.google.android.gms/app_dg_cache/707FFD883BF2A7896692338F9625CA52336E933B/oat/arm64/the.vdex) is kOatUpToDate with filter 'verify' executable 'false'
05-01 17:52:07.486  3046  3052 I artd    : GetBestInfo: /data/user_de/0/com.google.android.gms/app_chimera/m/00000019/dl-TfliteDynamiteDynamite.integ_252130102100400.apk has no usable artifacts
05-01 17:52:07.487  3046  3052 W artd    : Could not get dex checksums for location /data/app/~~3fBXho8HaymPEUVbuDbDyw==/com.google.android.gms-lP3FhbDqyEae3o3ITSwEOg==/base.apk, fd=-1
05-01 17:52:07.489  3046  3052 W artd    : Could not get dex checksums for location /data/app/~~dKAWhbpuAhXMPrgX8_uNaA==/com.android.vending-VlQnPVZ5qb-G_00QsqpjnQ==/base.apk, fd=-1
05-01 17:52:07.492  3046  3052 I artd    : GetBestInfo: /data/user_de/0/com.google.android.gms/app_chimera/m/00000021/dl-Appsearch.optional_261332100400.apk has no usable artifacts
05-01 17:52:07.499  3046  7501 I artd    : GetBestInfo: /data/user_de/0/com.google.android.gms/app_chimera/m/0000000b/dl-MlkitBarcodeUi.optional_253434100400.apk has no usable artifacts
05-01 17:52:07.501  4522  4522 I native  : I0000 00:00:1777654327.501586    4522 android_resource_loader.cc:100] Built resource verbalize_grm_fst
05-01 17:52:07.501  4522  4522 I native  : I0000 00:00:1777654327.501672    4522 android_resource_loader.cc:116] Loaded resource:verbalize_grm_fst
05-01 17:52:07.501  4522  4522 I native  : I0000 00:00:1777654327.501713    4522 android_resource_loader.cc:100] Built resource speller_algo
05-01 17:52:07.501  4522  4522 I native  : I0000 00:00:1777654327.501730    4522 android_resource_loader.cc:116] Loaded resource:speller_algo
05-01 17:52:07.510  4522  4522 I native  : I0000 00:00:1777654327.510672    4522 android_resource_loader.cc:100] Built resource verbalize_grm_algo
05-01 17:52:07.510  4522  4522 I native  : I0000 00:00:1777654327.510868    4522 android_resource_loader.cc:116] Loaded resource:verbalize_grm_algo
05-01 17:52:07.511  4522  4522 I native  : I0000 00:00:1777654327.511428    4522 voice_params_resource.cc:33] Voice information: MessageLite at 0xb400007b11494980
05-01 17:52:07.511  4522  4522 I native  : I0000 00:00:1777654327.511463    4522 android_resource_loader.cc:100] Built resource voice_params
05-01 17:52:07.511  4522  4522 I native  : I0000 00:00:1777654327.511469    4522 android_resource_loader.cc:116] Loaded resource:voice_params
05-01 17:52:07.538  4522  4522 I native  : I0000 00:00:1777654327.538834    4522 android_resource_loader.cc:100] Built resource word_resolver_algo
05-01 17:52:07.538  4522  4522 I native  : I0000 00:00:1777654327.538990    4522 android_resource_loader.cc:116] Loaded resource:word_resolver_algo
05-01 17:52:07.539  4522  4522 I native  : I0000 00:00:1777654327.539040    4522 data_source.cc:95] Opening data source "/data/user_de/0/com.google.android.tts/files/superpacks/en-us/en-us-x-multi-seanet-r83/../en-us-x-multi-r83/xsampa_to_tts_to-en_us.far" (as: FILE) ...
05-01 17:52:07.539  4522  4522 I native  : I0000 00:00:1777654327.539103    4522 data_source.cc:99] ... Opened data source "/data/user_de/0/com.google.android.tts/files/superpacks/en-us/en-us-x-multi-seanet-r83/../en-us-x-multi-r83/xsampa_to_tts_to-en_us.far" of size 22132
05-01 17:52:07.539  4522  4522 I native  : I0000 00:00:1777654327.539427    4522 android_resource_loader.cc:100] Built resource xsampa_to_tts_phoneme_mapper
05-01 17:52:07.539  4522  4522 I native  : I0000 00:00:1777654327.539483    4522 android_resource_loader.cc:116] Loaded resource:xsampa_to_tts_phoneme_mapper
05-01 17:52:07.539  4522  4522 I native  : I0000 00:00:1777654327.539494    4522 local_pipeline_runner.cc:49] Done loading all resources from: {/data/user_de/0/com.google.android.tts/files/superpacks/en-us/en-us-x-multi-seanet-r83}
05-01 17:52:07.563  4522  4522 I ComposerWrapperImpl: Done initializing en-us-x-iog-seanet-embedded
05-01 17:52:07.574  2599  2599 D TextToSpeechManagerPerUserService: Connected successfully to TTS engine: com.google.android.tts
05-01 17:52:07.576 12157 12228 I TextToSpeech: Connected to TTS engine
05-01 17:52:07.888  3054  3142 D SatelliteController: iisInCarrierRoamingNbIotNtn: satellite is disabled
05-01 17:52:07.894  2599  2867 W libbinder.IPCThreadState: Sending oneway calls to frozen process.
05-01 17:52:07.903  3054  3142 D SatelliteController: getCarrierRoamingNtnConnectType: Falling back to global carrier config connect type: 0
05-01 17:52:08.020  4522  7818 I GoogleTTSServiceImpl: currentLocale = en-US
05-01 17:52:08.340  4522  7818 I GoogleTTSServiceImpl: For default lang en-us is name en-US-language (en-us-x-iog-server)
05-01 17:52:08.342 12157 12264 I TextToSpeech: Setting up the connection to TTS engine...
05-01 17:52:08.630  4522  7818 I GoogleTTSServiceImpl: currentLocale = en-NG
05-01 17:52:08.636  4522  7818 I GoogleTTSServiceImpl: currentLocale = en-NG
05-01 17:52:08.640  4522  7818 I GoogleTTSServiceImpl: For default lang en-ng is name en-NG-language (en-ng-x-tfn-server)
05-01 17:52:08.645  4522  7818 I GoogleTTSServiceImpl: currentLocale = en-NG
05-01 17:52:08.926 12157 12180 I com.signbridge: Background young concurrent mark compact GC freed 4208KB AllocSpace bytes, 0(0B) LOS objects, 38% free, 4675KB/7655KB, paused 914us,14.403ms total 142.944ms
05-01 17:52:08.991  2599  2796 I HalDevMgr: bestIfaceCreationProposal is null, requestIface=STA, existingIface=[name=wlan0 type=STA]
05-01 17:52:09.138  4522 12226 I VoiceDataManager: Already downloading en-ng, ignoring async download request...
05-01 17:52:09.142  4522 12226 I LocalSynthesizer: Attempting to load synthesizer for voice: en-us-x-hol-seanet-embedded
05-01 17:52:09.142  4522 12226 I LocalSynthesizer: Voice en-us-x-hol-seanet-embedded is already supported by loaded synthesizer en-us-x-multi.
05-01 17:52:09.142  4522 12226 I ComposerWrapperImpl: Skipping initialization, can already run voice en-us-x-hol-seanet-embedded.
05-01 17:52:09.704  4139 12212 W WakeLock: GCM_HB_ALARM release without a matched acquire! [CONTEXT service_id=259 ]
05-01 17:52:09.705  4139 12212 W WakeLock: GCM_HB_ALARM counter does not exist
05-01 17:52:11.074  2599  2742 D ActivityManager: freezing 3301 com.google.android.permissioncontroller
05-01 17:52:11.079  2599  2802 D InetDiagMessage: Destroyed 0 sockets, proto=IPPROTO_TCP, family=AF_INET, states=14
05-01 17:52:11.080  2599  2802 D InetDiagMessage: Destroyed 0 sockets, proto=IPPROTO_TCP, family=AF_INET6, states=14
05-01 17:52:11.080  2599  2802 D InetDiagMessage: Destroyed live tcp sockets for uids={10212} in 2ms
05-01 17:52:11.672  3593  3593 D BoundBrokerSvc: onUnbind: Intent { act=com.google.android.gms.feedback.internal.IFeedbackService dat=chimera-action:/... xflg=0x4 cmp=com.google.android.gms/.chimera.GmsBoundBrokerService }
05-01 17:52:12.018  2599  2796 I HalDevMgr: bestIfaceCreationProposal is null, requestIface=STA, existingIface=[name=wlan0 type=STA]
05-01 17:52:13.638  2599  2802 D InetDiagMessage: Destroyed 0 sockets, proto=IPPROTO_TCP, family=AF_INET, states=14
05-01 17:52:13.644  2599  2802 D InetDiagMessage: Destroyed 0 sockets, proto=IPPROTO_TCP, family=AF_INET6, states=14
05-01 17:52:13.644  2599  2802 D InetDiagMessage: Destroyed live tcp sockets for uids={10159} in 8ms
05-01 17:52:13.646  2599  2802 D InetDiagMessage: Destroyed 0 sockets, proto=IPPROTO_TCP, family=AF_INET, states=14
05-01 17:52:13.647  2599  2802 D InetDiagMessage: Destroyed 0 sockets, proto=IPPROTO_TCP, family=AF_INET6, states=14
05-01 17:52:13.647  2599  2802 D InetDiagMessage: Destroyed live tcp sockets for uids={20159} in 3ms
05-01 17:52:14.320  3593  5874 I cn_CronetUrlRequestContext: destroyNativeStreamLocked org.chromium.net.impl.CronetBidirectionalStream@f5b8612
05-01 17:52:14.529  2599  2682 W libbinder.IPCThreadState: Sending oneway calls to frozen process.
05-01 17:52:14.602  2599  2682 W libbinder.IPCThreadState: Sending oneway calls to frozen process.
05-01 17:52:14.720  4139  7086 E WakeLock: GCM_CONN_ALARM ** IS FORCE-RELEASED ON TIMEOUT ** [CONTEXT service_id=259 ]
05-01 17:52:15.048  2599  2796 I HalDevMgr: bestIfaceCreationProposal is null, requestIface=STA, existingIface=[name=wlan0 type=STA]
05-01 17:52:15.874  2599  2867 D WifiNl80211Manager: Scan result ready event
05-01 17:52:15.874  2599  2867 D WifiNative: Scan result ready event
05-01 17:52:15.877  4139  5088 I WifiScanner: onFullResults
05-01 17:52:15.878  4139  4240 I WifiScanner: onFullResults
05-01 17:52:15.891  2599  2796 I HalDevMgr: bestIfaceCreationProposal is null, requestIface=STA, existingIface=[name=wlan0 type=STA]
05-01 17:52:16.075  2599  2682 W libbinder.IPCThreadState: Sending oneway calls to frozen process.
05-01 17:52:16.775 12280 12280 W libbinder.BackendUnifiedServiceManager: Thread Pool max thread count is 0. Cannot cache binder as linkToDeath cannot be implemented. serviceName: package
